###############################################################################
#                                                                             #
# IAR ELF Linker V6.30.1.53127/W32 for ARM              01/Mar/2013  08:44:30 #
# Copyright 2007-2011 IAR Systems AB.                                         #
#                                                                             #
#    Output file  =  E:\ABLE\YTJ\程序\一体机V3.05（标准)\bp\EvalBoards\NXP\MC #
#                    B2300\IAR\LSZHV20\Release\Exe\LSZH_V20_FLASH.out.tmp     #
#    Map file     =  E:\ABLE\YTJ\程序\一体机V3.05（标准)\bp\EvalBoards\NXP\MC #
#                    B2300\IAR\LSZHV20\Release\List\LSZH_V20_FLASH.map        #
#    Command line =  "E:\ABLE\YTJ\程序\一体机V3.05（标准)\bp\EvalBoards\NXP\M #
#                    CB2300\IAR\LSZHV20\Release\Obj\ARP.o"                    #
#                    "E:\ABLE\YTJ\程序\一体机V3.05（标准)\bp\EvalBoards\NXP\M #
#                    CB2300\IAR\LSZHV20\Release\Obj\CD22M3494.o"              #
#                    "E:\ABLE\YTJ\程序\一体机V3.05（标准)\bp\EvalBoards\NXP\M #
#                    CB2300\IAR\LSZHV20\Release\Obj\Ethernet.o"               #
#                    "E:\ABLE\YTJ\程序\一体机V3.05（标准)\bp\EvalBoards\NXP\M #
#                    CB2300\IAR\LSZHV20\Release\Obj\Hardware_int.o"           #
#                    "E:\ABLE\YTJ\程序\一体机V3.05（标准)\bp\EvalBoards\NXP\M #
#                    CB2300\IAR\LSZHV20\Release\Obj\I2C0INT.o"                #
#                    "E:\ABLE\YTJ\程序\一体机V3.05（标准)\bp\EvalBoards\NXP\M #
#                    CB2300\IAR\LSZHV20\Release\Obj\I2C1INT.o"                #
#                    "E:\ABLE\YTJ\程序\一体机V3.05（标准)\bp\EvalBoards\NXP\M #
#                    CB2300\IAR\LSZHV20\Release\Obj\ICMP.o"                   #
#                    "E:\ABLE\YTJ\程序\一体机V3.05（标准)\bp\EvalBoards\NXP\M #
#                    CB2300\IAR\LSZHV20\Release\Obj\IP.o"                     #
#                    "E:\ABLE\YTJ\程序\一体机V3.05（标准)\bp\EvalBoards\NXP\M #
#                    CB2300\IAR\LSZHV20\Release\Obj\LP2368_FLASH.o"           #
#                    "E:\ABLE\YTJ\程序\一体机V3.05（标准)\bp\EvalBoards\NXP\M #
#                    CB2300\IAR\LSZHV20\Release\Obj\PT2258.o"                 #
#                    "E:\ABLE\YTJ\程序\一体机V3.05（标准)\bp\EvalBoards\NXP\M #
#                    CB2300\IAR\LSZHV20\Release\Obj\PelcoD.o"                 #
#                    "E:\ABLE\YTJ\程序\一体机V3.05（标准)\bp\EvalBoards\NXP\M #
#                    CB2300\IAR\LSZHV20\Release\Obj\RealTime.o"               #
#                    "E:\ABLE\YTJ\程序\一体机V3.05（标准)\bp\EvalBoards\NXP\M #
#                    CB2300\IAR\LSZHV20\Release\Obj\SC16IS752.o"              #
#                    "E:\ABLE\YTJ\程序\一体机V3.05（标准)\bp\EvalBoards\NXP\M #
#                    CB2300\IAR\LSZHV20\Release\Obj\TMS320AIC23.o"            #
#                    "E:\ABLE\YTJ\程序\一体机V3.05（标准)\bp\EvalBoards\NXP\M #
#                    CB2300\IAR\LSZHV20\Release\Obj\Udp.o"                    #
#                    "E:\ABLE\YTJ\程序\一体机V3.05（标准)\bp\EvalBoards\NXP\M #
#                    CB2300\IAR\LSZHV20\Release\Obj\Use_Sound.o"              #
#                    "E:\ABLE\YTJ\程序\一体机V3.05（标准)\bp\EvalBoards\NXP\M #
#                    CB2300\IAR\LSZHV20\Release\Obj\Use_key.o"                #
#                    "E:\ABLE\YTJ\程序\一体机V3.05（标准)\bp\EvalBoards\NXP\M #
#                    CB2300\IAR\LSZHV20\Release\Obj\User_DW.o"                #
#                    "E:\ABLE\YTJ\程序\一体机V3.05（标准)\bp\EvalBoards\NXP\M #
#                    CB2300\IAR\LSZHV20\Release\Obj\User_Run.o"               #
#                    "E:\ABLE\YTJ\程序\一体机V3.05（标准)\bp\EvalBoards\NXP\M #
#                    CB2300\IAR\LSZHV20\Release\Obj\User_TB.o"                #
#                    "E:\ABLE\YTJ\程序\一体机V3.05（标准)\bp\EvalBoards\NXP\M #
#                    CB2300\IAR\LSZHV20\Release\Obj\User_XCOM.o"              #
#                    "E:\ABLE\YTJ\程序\一体机V3.05（标准)\bp\EvalBoards\NXP\M #
#                    CB2300\IAR\LSZHV20\Release\Obj\User_on_msg.o"            #
#                    "E:\ABLE\YTJ\程序\一体机V3.05（标准)\bp\EvalBoards\NXP\M #
#                    CB2300\IAR\LSZHV20\Release\Obj\User_option.o"            #
#                    "E:\ABLE\YTJ\程序\一体机V3.05（标准)\bp\EvalBoards\NXP\M #
#                    CB2300\IAR\LSZHV20\Release\Obj\User_power.o"             #
#                    "E:\ABLE\YTJ\程序\一体机V3.05（标准)\bp\EvalBoards\NXP\M #
#                    CB2300\IAR\LSZHV20\Release\Obj\User_table.o"             #
#                    "E:\ABLE\YTJ\程序\一体机V3.05（标准)\bp\EvalBoards\NXP\M #
#                    CB2300\IAR\LSZHV20\Release\Obj\User_udp.o"               #
#                    "E:\ABLE\YTJ\程序\一体机V3.05（标准)\bp\EvalBoards\NXP\M #
#                    CB2300\IAR\LSZHV20\Release\Obj\cpu_a.o"                  #
#                    "E:\ABLE\YTJ\程序\一体机V3.05（标准)\bp\EvalBoards\NXP\M #
#                    CB2300\IAR\LSZHV20\Release\Obj\cstartup.o"               #
#                    "E:\ABLE\YTJ\程序\一体机V3.05（标准)\bp\EvalBoards\NXP\M #
#                    CB2300\IAR\LSZHV20\Release\Obj\dma.o"                    #
#                    "E:\ABLE\YTJ\程序\一体机V3.05（标准)\bp\EvalBoards\NXP\M #
#                    CB2300\IAR\LSZHV20\Release\Obj\hw.o"                     #
#                    "E:\ABLE\YTJ\程序\一体机V3.05（标准)\bp\EvalBoards\NXP\M #
#                    CB2300\IAR\LSZHV20\Release\Obj\i2s.o"                    #
#                    "E:\ABLE\YTJ\程序\一体机V3.05（标准)\bp\EvalBoards\NXP\M #
#                    CB2300\IAR\LSZHV20\Release\Obj\io.o"                     #
#                    "E:\ABLE\YTJ\程序\一体机V3.05（标准)\bp\EvalBoards\NXP\M #
#                    CB2300\IAR\LSZHV20\Release\Obj\lib_mem.o"                #
#                    "E:\ABLE\YTJ\程序\一体机V3.05（标准)\bp\EvalBoards\NXP\M #
#                    CB2300\IAR\LSZHV20\Release\Obj\lib_str.o"                #
#                    "E:\ABLE\YTJ\程序\一体机V3.05（标准)\bp\EvalBoards\NXP\M #
#                    CB2300\IAR\LSZHV20\Release\Obj\main.o"                   #
#                    "E:\ABLE\YTJ\程序\一体机V3.05（标准)\bp\EvalBoards\NXP\M #
#                    CB2300\IAR\LSZHV20\Release\Obj\os_api.o"                 #
#                    "E:\ABLE\YTJ\程序\一体机V3.05（标准)\bp\EvalBoards\NXP\M #
#                    CB2300\IAR\LSZHV20\Release\Obj\os_core.o"                #
#                    "E:\ABLE\YTJ\程序\一体机V3.05（标准)\bp\EvalBoards\NXP\M #
#                    CB2300\IAR\LSZHV20\Release\Obj\os_cpu_a.o"               #
#                    "E:\ABLE\YTJ\程序\一体机V3.05（标准)\bp\EvalBoards\NXP\M #
#                    CB2300\IAR\LSZHV20\Release\Obj\os_cpu_c.o"               #
#                    "E:\ABLE\YTJ\程序\一体机V3.05（标准)\bp\EvalBoards\NXP\M #
#                    CB2300\IAR\LSZHV20\Release\Obj\os_dbg.o"                 #
#                    "E:\ABLE\YTJ\程序\一体机V3.05（标准)\bp\EvalBoards\NXP\M #
#                    CB2300\IAR\LSZHV20\Release\Obj\os_dcc.o"                 #
#                    "E:\ABLE\YTJ\程序\一体机V3.05（标准)\bp\EvalBoards\NXP\M #
#                    CB2300\IAR\LSZHV20\Release\Obj\os_flag.o"                #
#                    "E:\ABLE\YTJ\程序\一体机V3.05（标准)\bp\EvalBoards\NXP\M #
#                    CB2300\IAR\LSZHV20\Release\Obj\os_mbox.o"                #
#                    "E:\ABLE\YTJ\程序\一体机V3.05（标准)\bp\EvalBoards\NXP\M #
#                    CB2300\IAR\LSZHV20\Release\Obj\os_mem.o"                 #
#                    "E:\ABLE\YTJ\程序\一体机V3.05（标准)\bp\EvalBoards\NXP\M #
#                    CB2300\IAR\LSZHV20\Release\Obj\os_mutex.o"               #
#                    "E:\ABLE\YTJ\程序\一体机V3.05（标准)\bp\EvalBoards\NXP\M #
#                    CB2300\IAR\LSZHV20\Release\Obj\os_q.o"                   #
#                    "E:\ABLE\YTJ\程序\一体机V3.05（标准)\bp\EvalBoards\NXP\M #
#                    CB2300\IAR\LSZHV20\Release\Obj\os_sem.o"                 #
#                    "E:\ABLE\YTJ\程序\一体机V3.05（标准)\bp\EvalBoards\NXP\M #
#                    CB2300\IAR\LSZHV20\Release\Obj\os_task.o"                #
#                    "E:\ABLE\YTJ\程序\一体机V3.05（标准)\bp\EvalBoards\NXP\M #
#                    CB2300\IAR\LSZHV20\Release\Obj\os_time.o"                #
#                    "E:\ABLE\YTJ\程序\一体机V3.05（标准)\bp\EvalBoards\NXP\M #
#                    CB2300\IAR\LSZHV20\Release\Obj\os_tmr.o"                 #
#                    "E:\ABLE\YTJ\程序\一体机V3.05（标准)\bp\EvalBoards\NXP\M #
#                    CB2300\IAR\LSZHV20\Release\Obj\target.o"                 #
#                    "E:\ABLE\YTJ\程序\一体机V3.05（标准)\bp\EvalBoards\NXP\M #
#                    CB2300\IAR\LSZHV20\Release\Obj\uart.o"                   #
#                    "E:\ABLE\YTJ\程序\一体机V3.05（标准)\bp\EvalBoards\NXP\M #
#                    CB2300\IAR\LSZHV20\Release\Obj\user_debug.o"             #
#                    "E:\ABLE\YTJ\程序\一体机V3.05（标准)\bp\EvalBoards\NXP\M #
#                    CB2300\IAR\LSZHV20\Release\Obj\user_mem.o" --redirect    #
#                    _Printf=_PrintfFull --redirect _Scanf=_ScanfFull -o      #
#                    "E:\ABLE\YTJ\程序\一体机V3.05（标准)\bp\EvalBoards\NXP\M #
#                    CB2300\IAR\LSZHV20\Release\Exe\LSZH_V20_FLASH.out.tmp"   #
#                    --map "E:\ABLE\YTJ\程序\一体机V3.05（标准)\bp\EvalBoards #
#                    \NXP\MCB2300\IAR\LSZHV20\Release\List\LSZH_V20_FLASH.map #
#                    " --log initialization,modules,sections,veneers          #
#                    --log_file "E:\ABLE\YTJ\程序\一体机V3.05（标准)\bp\EvalB #
#                    oards\NXP\MCB2300\IAR\LSZHV20\Release\List\LSZH_V20_FLAS #
#                    H.log" --config "E:\ABLE\YTJ\程序\一体机V3.05（标准)\bp\ #
#                    EvalBoards\NXP\MCB2300\IAR\LSZHV20\..\BSP\LSZH_V20_Relas #
#                    e.icf" --entry __iar_program_start --inline --vfe        #
#                                                                             #
#                                                                             #
###############################################################################

*******************************************************************************
*** RUNTIME MODEL ATTRIBUTES
***

CppFlavor       = *
__SystemLibrary = DLib


*******************************************************************************
*** PLACEMENT SUMMARY
***

"A1":  place at 0x00010000 { ro section .intvec };
"P1":  place in [from 0x00010044 to 0x0007ffff] { ro };
"P2":  place in [from 0x40000040 to 0x40007fff] {
          rw, block CSTACK, block SVC_STACK, block IRQ_STACK, block FIQ_STACK,
          block UND_STACK, block ABT_STACK, block HEAP };

  Section            Kind        Address     Size  Object
  -------            ----        -------     ----  ------
"A1":                                        0x40
  .intvec            ro code  0x00010000     0x40  cstartup.o [1]
                            - 0x00010040     0x40

"P1":                                     0x1ae18
  .text              ro code  0x00010044   0x4524  User_on_msg.o [1]
  .text              ro code  0x00014568   0x1194  PT2258.o [1]
  .text              ro code  0x000156fc   0x27ec  Use_key.o [1]
  .text              ro code  0x00017ee8    0x150  lib_mem.o [1]
  .text              ro code  0x00018038    0x10c  LP2368_FLASH.o [1]
  .text              ro code  0x00018144     0x18  user_debug.o [1]
  .text              ro code  0x0001815c   0x1e70  User_option.o [1]
  .text              ro code  0x00019fcc    0x7cc  user_debug.o [1]
  .text              ro code  0x0001a798   0x1328  User_power.o [1]
  .text              ro code  0x0001bac0    0x6c0  ARP.o [1]
  .text              ro code  0x0001c180    0x49c  User_udp.o [1]
  .text              ro code  0x0001c61c    0xa5c  User_DW.o [1]
  .text              ro code  0x0001d078    0xa4c  User_table.o [1]
  .text              ro code  0x0001dac4     0x28  user_debug.o [1]
  .text              ro code  0x0001daec    0x890  Use_Sound.o [1]
  .text              ro code  0x0001e37c    0x1e4  TMS320AIC23.o [1]
  .text              ro code  0x0001e560    0x98c  PelcoD.o [1]
  .text              ro code  0x0001eeec   0x14c4  User_XCOM.o [1]
  .text              ro code  0x000203b0    0x104  os_time.o [1]
  .text              ro code  0x000204b4    0x7bc  User_Run.o [1]
  .text              ro code  0x00020c70    0x9a0  io.o [1]
  .text              ro code  0x00021610    0x170  user_mem.o [1]
  CODE               ro code  0x00021780    0x2dc  os_cpu_a.o [1]
  .text              ro code  0x00021a5c    0x314  RealTime.o [1]
  .text              ro code  0x00021d70    0x558  hw.o [1]
  .text              ro code  0x000222c8    0x9f8  CD22M3494.o [1]
  .text              ro code  0x00022cc0    0x3a0  User_TB.o [1]
  .text              ro code  0x00023060      0x8  ABImemclr4.o [5]
  .text              ro code  0x00023068    0x1d4  I32DivMod.o [5]
  .text              ro code  0x0002323c    0x4dc  I2C0INT.o [1]
  .text              ro code  0x00023718    0x388  SC16IS752.o [1]
  .text              ro code  0x00023aa0     0xd4  ABImemcpy.o [5]
  .text              ro code  0x00023b74    0x36c  os_q.o [1]
  .text              ro code  0x00023ee0     0x6c  strcpy.o [5]
  .text              ro code  0x00023f4c    0x668  I2C1INT.o [1]
  .text              ro code  0x000245b4    0x104  lib_str.o [1]
  .text              ro code  0x000246b8    0x720  target.o [1]
  .text              ro code  0x00024dd8    0x2b8  Udp.o [1]
  .text              ro code  0x00025090     0x4c  vsprintf.o [3]
  .text              ro code  0x000250dc     0x54  strlen.o [5]
  .text              ro code  0x00025130     0xdc  Ethernet.o [1]
  .text              ro code  0x0002520c    0x244  os_sem.o [1]
  .text              ro code  0x00025450     0x7c  ABImemset.o [5]
  .text              ro code  0x000254cc    0x250  dma.o [1]
  .text              ro code  0x0002571c     0xe8  i2s.o [1]
  .text              ro code  0x00025804    0xed4  uart.o [1]
  .text              ro code  0x000266d8    0x9a4  os_core.o [1]
  .text              ro code  0x0002707c    0x1bc  os_mem.o [1]
  .text              ro code  0x00027238     0x3c  ABImemset48.o [5]
  .text              ro code  0x00027274      0x4  IntDivZer.o [5]
  CODE               ro code  0x00027278     0x28  cpu_a.o [1]
  .text              ro code  0x000272a0    0x5cc  Hardware_int.o [1]
  .text              ro code  0x0002786c    0x37c  IP.o [1]
  .text              ro code  0x00027be8   0x1642  xprintffull.o [3]
  .rodata            const    0x0002922a      0x2  os_dbg.o [1]
  .text              ro code  0x0002922c     0x70  os_flag.o [1]
  .text              ro code  0x0002929c      0x4  os_dbg.o [1]
  .text              ro code  0x000292a0    0x288  os_task.o [1]
  .text              ro code  0x00029528    0x13c  ICMP.o [1]
  .text              ro code  0x00029664     0x20  strchr.o [5]
  .text              ro code  0x00029684     0x94  memchr.o [5]
  .text              ro code  0x00029718     0xd4  I64DivMod.o [5]
  .text              ro code  0x000297ec     0x7c  xdnorm.o [4]
  .text              ro code  0x00029868     0x38  DblCmpLe.o [4]
  .text              ro code  0x000298a0     0x38  DblCmpGe.o [4]
  .text              ro code  0x000298d8    0x1cc  xdscale.o [4]
  .text              ro code  0x00029aa4     0x60  DblToS32.o [4]
  .text              ro code  0x00029b04     0x60  S32ToDbl.o [4]
  .text              ro code  0x00029b64    0x1f0  DblSub.o [4]
  .text              ro code  0x00029d54    0x1f8  DblMul.o [4]
  .text              ro code  0x00029f4c    0x338  DblDiv.o [4]
  .text              ro code  0x0002a284     0x3c  DblToU32.o [4]
  .text              ro code  0x0002a2c0     0x10  U32ToDbl.o [4]
  .text              ro code  0x0002a2d0     0x38  div.o [3]
  .text              ro code  0x0002a308     0xcc  os_cpu_c.o [1]
  .text              ro code  0x0002a3d4      0x4  I64DivZer.o [5]
  .text              ro code  0x0002a3d8    0x130  DblAdd.o [4]
  .text              ro code  0x0002a508    0x554  main.o [1]
  .rodata            const    0x0002aa5c    0x100  os_core.o [1]
  .text              ro code  0x0002ab5c     0xb4  packbits_init3.o [5]
  text               ro code  0x0002ac10     0x88  cstartup.o [1]
  .text              ro code  0x0002ac98     0x54  data_init3.o [5]
  .text              ro code  0x0002acec     0x28  zero_init3.o [5]
  .text              ro code  0x0002ad14     0x24  cmain.o [5]
  .text              ro code  0x0002ad38      0x4  exit.o [3]
  .text              ro code  0x0002ad3c     0x14  XXexit.o [5]
  .text              ro code  0x0002ad50     0x10  cexit.o [5]
  .iar.init_table    const    0x0002ad60     0x2c  - Linker created -
  .text              ro code  0x0002ad8c     0x14  xsprout.o [3]
  .rodata            const    0x0002ada0     0x10  os_core.o [1]
  .rodata            const    0x0002adb0     0x10  os_core.o [1]
  .rodata            const    0x0002adc0      0x8  User_on_msg.o [1]
  .rodata            const    0x0002adc8      0x4  os_dbg.o [1]
  .rodata            const    0x0002adcc      0x2  os_dbg.o [1]
  .rodata            const    0x0002adce      0x2  os_dbg.o [1]
  .rodata            const    0x0002add0      0x2  os_dbg.o [1]
  .rodata            const    0x0002add2      0x2  os_dbg.o [1]
  .rodata            const    0x0002add4      0x2  os_dbg.o [1]
  .rodata            const    0x0002add6      0x2  os_dbg.o [1]
  .rodata            const    0x0002add8      0x2  os_dbg.o [1]
  .rodata            const    0x0002adda      0x2  os_dbg.o [1]
  .rodata            const    0x0002addc      0x2  os_dbg.o [1]
  .rodata            const    0x0002adde      0x2  os_dbg.o [1]
  .rodata            const    0x0002ade0      0x2  os_dbg.o [1]
  .rodata            const    0x0002ade2      0x2  os_dbg.o [1]
  .rodata            const    0x0002ade4      0x2  os_dbg.o [1]
  .rodata            const    0x0002ade6      0x2  os_dbg.o [1]
  .rodata            const    0x0002ade8      0x2  os_dbg.o [1]
  .rodata            const    0x0002adea      0x2  os_dbg.o [1]
  .rodata            const    0x0002adec      0x2  os_dbg.o [1]
  .rodata            const    0x0002adee      0x2  os_dbg.o [1]
  .rodata            const    0x0002adf0      0x2  os_dbg.o [1]
  .rodata            const    0x0002adf2      0x2  os_dbg.o [1]
  .rodata            const    0x0002adf4      0x2  os_dbg.o [1]
  .rodata            const    0x0002adf6      0x2  os_dbg.o [1]
  .rodata            const    0x0002adf8      0x2  os_dbg.o [1]
  .rodata            const    0x0002adfa      0x2  os_dbg.o [1]
  .rodata            const    0x0002adfc      0x2  os_dbg.o [1]
  .rodata            const    0x0002adfe      0x2  os_dbg.o [1]
  .rodata            const    0x0002ae00      0x2  os_dbg.o [1]
  .rodata            const    0x0002ae02      0x2  os_dbg.o [1]
  .rodata            const    0x0002ae04      0x2  os_dbg.o [1]
  .rodata            const    0x0002ae06      0x2  os_dbg.o [1]
  .rodata            const    0x0002ae08      0x2  os_dbg.o [1]
  .rodata            const    0x0002ae0a      0x2  os_dbg.o [1]
  .rodata            const    0x0002ae0c      0x2  os_dbg.o [1]
  .rodata            const    0x0002ae0e      0x2  os_dbg.o [1]
  .rodata            const    0x0002ae10      0x2  os_dbg.o [1]
  .rodata            const    0x0002ae12      0x2  os_dbg.o [1]
  .rodata            const    0x0002ae14      0x2  os_dbg.o [1]
  .rodata            const    0x0002ae16      0x2  os_dbg.o [1]
  .rodata            const    0x0002ae18      0x2  os_dbg.o [1]
  .rodata            const    0x0002ae1a      0x2  os_dbg.o [1]
  .rodata            const    0x0002ae1c      0x2  os_dbg.o [1]
  .rodata            const    0x0002ae1e      0x2  os_dbg.o [1]
  .rodata            const    0x0002ae20      0x2  os_dbg.o [1]
  .rodata            const    0x0002ae22      0x2  os_dbg.o [1]
  .rodata            const    0x0002ae24      0x2  os_dbg.o [1]
  .rodata            const    0x0002ae26      0x2  os_dbg.o [1]
  .rodata            const    0x0002ae28      0x2  os_dbg.o [1]
  .rodata            const    0x0002ae2a      0x2  os_dbg.o [1]
  .rodata            const    0x0002ae2c      0x2  os_dbg.o [1]
  .rodata            const    0x0002ae2e      0x2  os_dbg.o [1]
  .rodata            const    0x0002ae30      0x2  os_dbg.o [1]
  .rodata            const    0x0002ae32      0x2  os_dbg.o [1]
  .rodata            const    0x0002ae34      0x0  bwt_init3c.o [5]
  Initializer bytes  ro data  0x0002ae34     0x26  <for P2 s0>
                            - 0x0002ae5a  0x1ae16

"P2", part 1 of 3:                          0x3d4
  P2 s0                       0x40000040    0x3d4  <Init block>
    .data            inited   0x40000040    0x238  User_option.o [1]
    .data            inited   0x40000278    0x190  ARP.o [1]
    .data            inited   0x40000408      0x8  PT2258.o [1]
    .data            inited   0x40000410      0x4  user_debug.o [1]
                            - 0x40000414    0x3d4

"P2", part 2 of 3:                         0x5c14
  .bss               zero     0x40000414   0x2b78  user_mem.o [1]
  .bss               zero     0x40002f8c   0x1a40  main.o [1]
  .bss               zero     0x400049cc    0x4d4  os_core.o [1]
  .bss               zero     0x40004ea0    0x3c4  os_core.o [1]
  .bss               zero     0x40005264    0x2f8  User_XCOM.o [1]
  .bss               zero     0x4000555c    0x200  os_core.o [1]
  .bss               zero     0x4000575c    0x200  os_core.o [1]
  .bss               zero     0x4000595c    0x114  RealTime.o [1]
  .bss               zero     0x40005a70     0xf4  User_option.o [1]
  .bss               zero     0x40005b64     0xf0  os_core.o [1]
  .bss               zero     0x40005c54     0xc8  os_core.o [1]
  .bss               zero     0x40005d1c     0x8c  os_core.o [1]
  .bss               zero     0x40005da8     0x78  Use_Sound.o [1]
  .bss               zero     0x40005e20     0x68  User_DW.o [1]
  .bss               zero     0x40005e88     0x48  CD22M3494.o [1]
  .bss               zero     0x40005ed0     0x44  LP2368_FLASH.o [1]
  .bss               zero     0x40005f14     0x34  Use_key.o [1]
  .bss               zero     0x40005f48     0x20  hw.o [1]
  .bss               zero     0x40005f68     0x1c  Use_key.o [1]
  .bss               zero     0x40005f84     0x14  PelcoD.o [1]
  .bss               zero     0x40005f98     0x14  User_Run.o [1]
  .bss               zero     0x40005fac     0x10  I2C0INT.o [1]
  .bss               zero     0x40005fbc     0x10  I2C1INT.o [1]
  .bss               zero     0x40005fcc      0xc  CD22M3494.o [1]
  .bss               zero     0x40005fd8      0xc  User_TB.o [1]
  .bss               zero     0x40005fe4      0xc  io.o [1]
  .bss               zero     0x40005ff0      0x8  User_XCOM.o [1]
  .bss               zero     0x40005ff8      0x8  User_power.o [1]
  .bss               zero     0x40006000      0x8  target.o [1]
  .bss               zero     0x40006008      0x4  io.o [1]
  .bss               zero     0x4000600c      0x4  os_core.o [1]
  .bss               zero     0x40006010      0x4  os_core.o [1]
  .bss               zero     0x40006014      0x4  os_core.o [1]
  .bss               zero     0x40006018      0x4  target.o [1]
  .bss               zero     0x4000601c      0x4  user_debug.o [1]
  .bss               zero     0x40006020      0x2  Hardware_int.o [1]
  .bss               zero     0x40006022      0x1  User_on_msg.o [1]
                            - 0x40006023   0x5c0f

"P2", part 3 of 3:                          0x7c0
  CSTACK                      0x40006028    0x300  <Block>
    CSTACK           uninit   0x40006028    0x300  <Block tail>
  IRQ_STACK                   0x40006328    0x300  <Block>
    IRQ_STACK        uninit   0x40006328    0x300  <Block tail>
  ABT_STACK                   0x40006628    0x180  <Block>
    ABT_STACK        uninit   0x40006628    0x180  <Block tail>
  SVC_STACK                   0x400067a8     0x20  <Block>
    SVC_STACK        uninit   0x400067a8     0x20  <Block tail>
  FIQ_STACK                   0x400067c8     0x10  <Block>
    FIQ_STACK        uninit   0x400067c8     0x10  <Block tail>
  UND_STACK                   0x400067d8     0x10  <Block>
    UND_STACK        uninit   0x400067d8     0x10  <Block tail>
                            - 0x400067e8    0x7c0


*******************************************************************************
*** INIT TABLE
***

          Address     Size
          -------     ----
Zero (__iar_zero_init3)
    1 destination range, total size 0x5c0f:
          0x40000414  0x5c0f

Copy/packbits (__iar_packbits_init3)
    1 source range, total size 0x26 (3% of destination):
          0x0002ae34    0x26
    1 destination range, total size 0x3d4:
          0x40000040   0x3d4



*******************************************************************************
*** MODULE SUMMARY
***

    Module            ro code  ro data  rw data
    ------            -------  -------  -------
E:\ABLE\YTJ\程序\一体机V3.05（标准)\bp\EvalBoards\NXP\MCB2300\IAR\LSZHV20\Release\Obj: [1]
    ARP.o               1 728       15      400
    CD22M3494.o         2 552                84
    Ethernet.o            220
    Hardware_int.o      1 484                 2
    I2C0INT.o           1 244                16
    I2C1INT.o           1 640                16
    ICMP.o                316
    IP.o                  892
    LP2368_FLASH.o        268                68
    PT2258.o            4 500                 8
    PelcoD.o            2 444                20
    RealTime.o            788               276
    SC16IS752.o           904
    TMS320AIC23.o         484
    Udp.o                 696
    Use_Sound.o         2 192               120
    Use_key.o          10 220                80
    User_DW.o           2 652               104
    User_Run.o          1 980                20
    User_TB.o             928                12
    User_XCOM.o         5 316               768
    User_on_msg.o      17 700        8        1
    User_option.o       7 792       22      812
    User_power.o        4 904                 8
    User_table.o        2 636
    User_udp.o          1 180
    cpu_a.o                40
    cstartup.o            200
    dma.o                 592
    hw.o                1 368                32
    i2s.o                 232
    io.o                2 464                16
    lib_mem.o             336
    lib_str.o             260
    main.o              1 364             6 720
    os_core.o           2 468      288    3 816
    os_cpu_a.o            732
    os_cpu_c.o            204
    os_dbg.o                4      110
    os_flag.o             112
    os_mem.o              444
    os_q.o                876
    os_sem.o              580
    os_task.o             648
    os_time.o             260
    target.o            1 824                12
    uart.o              3 796
    user_debug.o        2 060        1        8
    user_mem.o            368            11 128
    -------------------------------------------
    Total:             98 892      444   24 547

command line: [2]
    -------------------------------------------
    Total:

dl4t_aln.a: [3]
    div.o                  56
    exit.o                  4
    vsprintf.o             76
    xprintffull.o       5 698
    xsprout.o              20
    -------------------------------------------
    Total:              5 854

m4t_al.a: [4]
    DblAdd.o              304
    DblCmpGe.o             56
    DblCmpLe.o             56
    DblDiv.o              824
    DblMul.o              504
    DblSub.o              496
    DblToS32.o             96
    DblToU32.o             60
    S32ToDbl.o             96
    U32ToDbl.o             16
    xdnorm.o              124
    xdscale.o             460
    -------------------------------------------
    Total:              3 092

rt4t_al.a: [5]
    ABImemclr4.o            8
    ABImemcpy.o           212
    ABImemset.o           124
    ABImemset48.o          60
    I32DivMod.o           468
    I64DivMod.o           212
    I64DivZer.o             4
    IntDivZer.o             4
    XXexit.o               20
    bwt_init3c.o
    cexit.o                16
    cmain.o                36
    data_init3.o           84
    memchr.o              148
    packbits_init3.o      180
    strchr.o               32
    strcpy.o              108
    strlen.o               84
    zero_init3.o           40
    -------------------------------------------
    Total:              1 840

    Linker created                  44    1 984
-----------------------------------------------
    Grand Total:      109 678      488   26 531


*******************************************************************************
*** ENTRY LIST
***

Entry                      Address    Size  Type      Object
-----                      -------    ----  ----      ------
?main                   0x0002ad14          Code  Gb  cmain.o [5]
ABT_STACK$$Base         0x40006628           --   Gb  - Linker created -
ABT_STACK$$Limit        0x400067a8           --   Gb  - Linker created -
ARP_REP_MAC             0x40000400     0x8  Data  Gb  ARP.o [1]
ARP_Rec_Find            0x0001bc84    0xd0  Code  Gb  ARP.o [1]
ARP_Rec_Save            0x0001bd54    0x80  Code  Gb  ARP.o [1]
ARP_ReceivePacket       0x0001bfc8    0x20  Code  Gb  ARP.o [1]
AT24C16_Read            0x000243c0    0x34  Code  Gb  I2C1INT.o [1]
AT24C16_Write           0x000243f4   0x14c  Code  Gb  I2C1INT.o [1]
AVCD22M3494Reset        0x000222c8    0xec  Code  Gb  CD22M3494.o [1]
AV_IN                   0x00022c98    0x14  Data  Gb  CD22M3494.o [1]
AV_OUT                  0x00022cac    0x14  Data  Gb  CD22M3494.o [1]
AV_Select               0x000224ac    0x44  Code  Gb  CD22M3494.o [1]
Able_CMD_TB             0x00025f08    0x7c  Code  Gb  uart.o [1]
Alarm_Link              0x00018a4c   0x13c  Code  Gb  User_option.o [1]
Alarmdev_id             0x400000c8     0xc  Data  Gb  User_option.o [1]
Arp_Answer              0x0001be58    0xe8  Code  Gb  ARP.o [1]
Arp_Request             0x0001bfe8    0xc8  Code  Gb  ARP.o [1]
BMK_Sound_Select        0x00014ebc    0x30  Code  Gb  PT2258.o [1]
BSP_CPU_ClkFreq         0x00024844    0x8c  Code  Gb  target.o [1]
BSP_CPU_PclkFreq        0x000248d0    0xc0  Code  Gb  target.o [1]
BSP_IntDisAll           0x00024814    0x30  Code  Gb  target.o [1]
BinToChar               0x00018348    0x20  Code  Gb  User_option.o [1]
BlankCHK                0x00018100    0x34  Code  Gb  LP2368_FLASH.o [1]
CPU_SR_Restore          0x00027298          Code  Gb  cpu_a.o [1]
CPU_SR_Save             0x00027278          Code  Gb  cpu_a.o [1]
CSTACK$$Base            0x40006028           --   Gb  - Linker created -
CSTACK$$Limit           0x40006328           --   Gb  - Linker created -
CameraInit              0x0001a880    0x8c  Code  Gb  User_power.o [1]
CameraPowerInit         0x0001941c    0xc4  Code  Gb  User_option.o [1]
Change_Encode_Num       0x00022a54    0x6c  Code  Gb  CD22M3494.o [1]
CheckSum1               0x0001e588    0x34  Code  Gb  PelcoD.o [1]
Check_FunctionMode      0x00018368    0xa4  Code  Gb  User_option.o [1]
Check_UDP_Paket         0x0001c530    0xe4  Code  Gb  User_udp.o [1]
ClassInfo_init          0x000184a4   0x270  Code  Gb  User_option.o [1]
ClassTableWeekInit      0x00021ce4    0x18  Code  Gb  RealTime.o [1]
Class_Table_Check       0x0001d68c   0x12c  Code  Gb  User_table.o [1]
Class_Task_Start        0x00018b88    0xf4  Code  Gb  User_option.o [1]
Config_printf           0x000204b4   0x274  Code  Gb  User_Run.o [1]
CoordinateBuf           0x40005ff0     0x8  Data  Gb  User_XCOM.o [1]
CreateIcmpCrc           0x00029528    0x7c  Code  Gb  ICMP.o [1]
CreateIpHeadCrc         0x0002786c    0x78  Code  Gb  IP.o [1]
DBG_HexToChar           0x0001a070    0xa0  Code  Gb  user_debug.o [1]
DBG_Log_write           0x00019fcc    0x58  Code  Gb  user_debug.o [1]
DBG_Str_printf          0x0001a024    0x4c  Code  Gb  user_debug.o [1]
DBG_XCOM_Printf         0x0001a2dc    0x90  Code  Gb  user_debug.o [1]
DCS_TYPE_Str            0x40000270     0x8  Data  Gb  User_option.o [1]
DEVICE_LINK             0x40005e88    0x48  Data  Gb  CD22M3494.o [1]
DMAHandler              0x00025534    0x54  Code  Gb  dma.o [1]
DMA_Get_MICaddress      0x000254f8    0x3c  Code  Gb  dma.o [1]
DMA_Get_Play_Pointer    0x000254cc    0x2c  Code  Gb  dma.o [1]
DMA_Init                0x00025588   0x174  Code  Gb  dma.o [1]
DWQ_Contrl              0x0001ccf8    0x98  Code  Gb  User_DW.o [1]
DW_CMD_Contrl           0x0001cd90   0x1ec  Code  Gb  User_DW.o [1]
DW_Read_WD              0x0001cbd8    0x3c  Code  Gb  User_DW.o [1]
DW_Wite_CoreIP          0x0001cb84    0x54  Code  Gb  User_DW.o [1]
DW_init                 0x0001cc14    0xe4  Code  Gb  User_DW.o [1]
Debug_SubCastIP         0x40000410     0x4  Data  Gb  user_debug.o [1]
DelPowerDeltimemsg      0x0001aa88    0x2c  Code  Gb  User_power.o [1]
Delay                   0x00014568    0x14  Code  Gb  PT2258.o [1]
Device_DCS_Contrl       0x00018178   0x17c  Code  Gb  User_option.o [1]
Device_DCS_open         0x000215a0    0x30  Code  Gb  io.o [1]
Device_Get_MIX          0x00015248     0xc  Code  Gb  PT2258.o [1]
Device_Get_Vol          0x000151d0    0x78  Code  Gb  PT2258.o [1]
Device_IC_Reset         0x00021538    0x34  Code  Gb  io.o [1]
Device_InVol            0x00014f98   0x148  Code  Gb  PT2258.o [1]
Device_KZ_Reset         0x0002156c    0x34  Code  Gb  io.o [1]
Device_Link_Scan        0x00022c50    0x3c  Code  Gb  CD22M3494.o [1]
Device_OutVol           0x000150e0    0xf0  Code  Gb  PT2258.o [1]
Device_Rec_Find         0x00018908   0x144  Code  Gb  User_option.o [1]
Device_Rec_Scan         0x00018c80   0x4a4  Code  Gb  User_option.o [1]
Device_Set_MIX          0x00015254   0x108  Code  Gb  PT2258.o [1]
Device_Sound_Contrl     0x0001535c    0x30  Code  Gb  PT2258.o [1]
Device_Sound_Select     0x0001538c    0xf0  Code  Gb  PT2258.o [1]
Device_Stat_Option      0x0001d7b8    0xb4  Code  Gb  User_table.o [1]
Device_Stat_Save        0x0001d86c    0x98  Code  Gb  User_table.o [1]
Device_Use_Stat_Read    0x0001d904   0x120  Code  Gb  User_table.o [1]
Device_VGA_Off          0x00022b88    0x4c  Code  Gb  CD22M3494.o [1]
Device_VGA_Select       0x00022bd4    0x7c  Code  Gb  CD22M3494.o [1]
Device_Video_Off        0x00022b3c    0x4c  Code  Gb  CD22M3494.o [1]
Device_Video_Select     0x00022ac0    0x7c  Code  Gb  CD22M3494.o [1]
EINT1_Exception         0x00026400   0x12c  Code  Gb  uart.o [1]
EINT3_Exception         0x00020e64    0xb8  Code  Gb  io.o [1]
EMACHandler             0x000275fc    0x10  Code  Gb  Hardware_int.o [1]
EMACRxDescriptorInit    0x00027424    0x84  Code  Gb  Hardware_int.o [1]
EMACTxDescriptorInit    0x000273a8    0x7c  Code  Gb  Hardware_int.o [1]
EMAC_RxDisable          0x000272ec    0x24  Code  Gb  Hardware_int.o [1]
EMAC_RxEnable           0x000272c8    0x24  Code  Gb  Hardware_int.o [1]
EMAC_TxDisable          0x000272b4    0x14  Code  Gb  Hardware_int.o [1]
EMAC_TxEnable           0x000272a0    0x14  Code  Gb  Hardware_int.o [1]
Encode_TAB              0x0002adc0     0x8  Data  Gb  User_on_msg.o [1]
EraseSector             0x000180c0    0x40  Code  Gb  LP2368_FLASH.o [1]
Ethernet_Exception      0x00027688    0x2c  Code  Gb  Hardware_int.o [1]
Ethernet_ReceivePacket  0x000251d0    0x3c  Code  Gb  Ethernet.o [1]
Ethernet_SendFrame      0x00025130    0xa0  Code  Gb  Ethernet.o [1]
FIQ_STACK$$Base         0x400067c8           --   Gb  - Linker created -
FIQ_STACK$$Limit        0x400067d8           --   Gb  - Linker created -
FRun                    0x40005fa8     0x4  Data  Gb  User_Run.o [1]
File_ClassTable_Read    0x0001d4f4    0x9c  Code  Gb  User_table.o [1]
File_ClassTable_Read_CurDay
                        0x0001d590    0xfc  Code  Gb  User_table.o [1]
File_ClassTable_Write   0x0001d454    0x74  Code  Gb  User_table.o [1]
File_ClassTable_Write_OneDay
                        0x0001d4c8    0x2c  Code  Gb  User_table.o [1]
File_Req                0x0001d078    0x40  Code  Gb  User_table.o [1]
File_Table_Read         0x0001d2dc   0x178  Code  Gb  User_table.o [1]
File_Table_Write        0x0001d0b8   0x224  Code  Gb  User_table.o [1]
File_UserProgram_Write  0x0001da24    0x44  Code  Gb  User_table.o [1]
FocusFarCmd             0x0001ee0c    0x84  Code  Gb  PelcoD.o [1]
FocusNearCmd            0x0001ed84    0x88  Code  Gb  PelcoD.o [1]
Get_ClassID             0x0001bb34     0x8  Code  Gb  ARP.o [1]
Get_ClassInfo_Table     0x00018134     0xc  Code  Gb  LP2368_FLASH.o [1]
Get_Class_Stauts        0x00018168    0x10  Code  Gb  User_option.o [1]
Get_Debug               0x00019e18    0x20  Code  Gb  User_option.o [1]
Get_DesIp               0x0001bb80    0xb4  Code  Gb  ARP.o [1]
Get_Device_Status       0x00019e38     0x8  Code  Gb  User_option.o [1]
Get_KeyData             0x000156fc     0x8  Code  Gb  Use_key.o [1]
Get_NetPort             0x0001bb2c     0x8  Code  Gb  ARP.o [1]
Get_TB_REC_State        0x00022e40     0x8  Code  Gb  User_TB.o [1]
Get_XCOM_Port           0x0001eeec    0x10  Code  Gb  User_XCOM.o [1]
Get_ver                 0x0001815c     0xc  Code  Gb  User_option.o [1]
GotoPrepositionCmd      0x0001ec68    0x90  Code  Gb  PelcoD.o [1]
HW_DEVICE               0x40005f48    0x20  Data  Gb  hw.o [1]
HW_XM_start             0x00021d70   0x2ec  Code  Gb  hw.o [1]
HW_init                 0x00022230    0x30  Code  Gb  hw.o [1]
HW_send                 0x0002205c   0x1d4  Code  Gb  hw.o [1]
I2C0_Exception          0x000233e4   0x2c8  Code  Gb  I2C0INT.o [1]
I2C0_WriteNByte         0x0002323c    0xd0  Code  Gb  I2C0INT.o [1]
I2C0_WriteNByte1        0x0002330c    0xd8  Code  Gb  I2C0INT.o [1]
I2C1_Exception          0x000240f8   0x2c8  Code  Gb  I2C1INT.o [1]
I2C1_ReadNByte          0x00023f4c    0xd4  Code  Gb  I2C1INT.o [1]
I2C1_WriteNByte         0x00024020    0xd8  Code  Gb  I2C1INT.o [1]
I2C1_buf                0x40005fc0     0x4  Data  Gb  I2C1INT.o [1]
I2C1_end                0x40005fca     0x1  Data  Gb  I2C1INT.o [1]
I2C1_num                0x40005fc4     0x4  Data  Gb  I2C1INT.o [1]
I2C1_sla                0x40005fc8     0x1  Data  Gb  I2C1INT.o [1]
I2C1_suba               0x40005fbc     0x4  Data  Gb  I2C1INT.o [1]
I2C1_suba_en            0x40005fcb     0x1  Data  Gb  I2C1INT.o [1]
I2C1_suba_num           0x40005fc9     0x1  Data  Gb  I2C1INT.o [1]
I2C_buf                 0x40005fb0     0x4  Data  Gb  I2C0INT.o [1]
I2C_end                 0x40005fba     0x1  Data  Gb  I2C0INT.o [1]
I2C_num                 0x40005fb4     0x4  Data  Gb  I2C0INT.o [1]
I2C_sla                 0x40005fb8     0x1  Data  Gb  I2C0INT.o [1]
I2C_suba                0x40005fac     0x4  Data  Gb  I2C0INT.o [1]
I2C_suba_en             0x40005fbb     0x1  Data  Gb  I2C0INT.o [1]
I2C_suba_num            0x40005fb9     0x1  Data  Gb  I2C0INT.o [1]
I2SInit                 0x00025768    0x98  Code  Gb  i2s.o [1]
I2SStart                0x0002571c    0x24  Code  Gb  i2s.o [1]
I2SStop                 0x00025740    0x28  Code  Gb  i2s.o [1]
I2c0Init                0x000236ac    0x60  Code  Gb  I2C0INT.o [1]
I2c1Init                0x00024540    0x64  Code  Gb  I2C1INT.o [1]
IAP_Entry               0x40005ef0     0x4  Data  Gb  LP2368_FLASH.o [1]
ICMP_ReceivePacket      0x000295a4    0xc0  Code  Gb  ICMP.o [1]
ICReader_Power          0x000215d0    0x40  Code  Gb  io.o [1]
IO_Contrl               0x00021130    0x80  Code  Gb  io.o [1]
IO_FlagLingt_Flash      0x000210dc    0x54  Code  Gb  io.o [1]
IO_IN_TAB               0x00019fa8    0x24  Data  Gb  User_option.o [1]
IO_Out                  0x00020f1c   0x138  Code  Gb  io.o [1]
IO_PC_Power             0x0001aab4    0x98  Code  Gb  User_power.o [1]
IO_Scan                 0x000211b0   0x35c  Code  Gb  io.o [1]
IO_in                   0x00021054    0x88  Code  Gb  io.o [1]
IPByte_TO_Dword         0x0001bb5c    0x24  Code  Gb  ARP.o [1]
IPDword_TO_Byte         0x0001bb3c    0x20  Code  Gb  ARP.o [1]
IPMASK_Compare          0x0001bdd4    0x84  Code  Gb  ARP.o [1]
IP_Check                0x0001c0b0    0x84  Code  Gb  ARP.o [1]
IP_Compare              0x0001bc34    0x50  Code  Gb  ARP.o [1]
IP_Debug_init           0x0001a16c    0x28  Code  Gb  user_debug.o [1]
IP_ReceivePacket        0x00027b84    0x64  Code  Gb  IP.o [1]
IP_SendFrame            0x000278e4   0x29c  Code  Gb  IP.o [1]
IP_printf               0x0001a214    0xc8  Code  Gb  user_debug.o [1]
IRQ_STACK$$Base         0x40006328           --   Gb  - Linker created -
IRQ_STACK$$Limit        0x40006628           --   Gb  - Linker created -
IS752_Scan              0x000238f8    0xb4  Code  Gb  SC16IS752.o [1]
InitIAP                 0x00018038    0x10  Code  Gb  LP2368_FLASH.o [1]
InitNet                 0x000276b4   0x174  Code  Gb  Hardware_int.o [1]
Initial_arp             0x0001bac0    0x6c  Code  Gb  ARP.o [1]
Io_Init                 0x00020cc0   0x124  Code  Gb  io.o [1]
IsImageRecognition      0x0001ee94    0x54  Code  Gb  PelcoD.o [1]
KEY_CMD                 0x000161d8  0x179c  Code  Gb  Use_key.o [1]
KEY_DATA                0x40005f14    0x34  Data  Gb  Use_key.o [1]
KEY_Set_Vol             0x00015704    0x44  Code  Gb  Use_key.o [1]
Key_TB_state            0x000161a0    0x28  Code  Gb  Use_key.o [1]
LAN_Sound_OUT           0x00014f68    0x30  Code  Gb  PT2258.o [1]
LAN_Sound_Select        0x00014eec    0x7c  Code  Gb  PT2258.o [1]
LAN_Test_Ack            0x0001c180    0x4c  Code  Gb  User_udp.o [1]
LED_Contrl              0x00015748    0xd0  Code  Gb  Use_key.o [1]
LED_DATA                0x40005f68    0x1c  Data  Gb  Use_key.o [1]
LED_SendFLASH           0x00015a68   0x138  Code  Gb  Use_key.o [1]
LED_Set                 0x00015818   0x1b0  Code  Gb  Use_key.o [1]
LED_Time_Flash          0x000159c8    0xa0  Code  Gb  Use_key.o [1]
LED_device_set          0x00015e74   0x32c  Code  Gb  Use_key.o [1]
LMT_Delay_Power         0x00020758    0x1c  Code  Gb  User_Run.o [1]
LMT_Power_Check         0x000207bc   0x1d8  Code  Gb  User_Run.o [1]
LMT_Power_contrl        0x00020774    0x48  Code  Gb  User_Run.o [1]
LMT_init                0x00020728    0x30  Code  Gb  User_Run.o [1]
Lan_TestFlag            0x0001c618     0x4  Data  Gb  User_udp.o [1]
Log_Close               0x0001a668    0x18  Code  Gb  user_debug.o [1]
Log_Create              0x0001a36c    0xd8  Code  Gb  user_debug.o [1]
MAM_Init                0x00024990    0x58  Code  Lc  target.o [1]
MSG_PQ                  0x400000c0     0x4  Data  Gb  User_option.o [1]
MSG_Q                   0x400000d4    0x50  Data  Gb  User_option.o [1]
Mem_Clr                 0x00017ee8     0xc  Code  Gb  lib_mem.o [1]
Mem_Copy                0x00017f88    0xb0  Code  Gb  lib_mem.o [1]
Mem_Set                 0x00017ef4    0x94  Code  Gb  lib_mem.o [1]
Msg_Option_Find         0x00018888    0x80  Code  Gb  User_option.o [1]
Msg_send                0x00019124    0x9c  Code  Gb  User_option.o [1]
NetPort                 0x40000278   0x188  Data  Gb  ARP.o [1]
ON_Change_State         0x000127b8   0x25c  Code  Gb  User_on_msg.o [1]
ON_Device_select        0x000123bc   0x364  Code  Gb  User_on_msg.o [1]
ON_POWER_option         0x0001ab4c   0x80c  Code  Gb  User_power.o [1]
ON_Sound_Mute           0x00010044   0x180  Code  Gb  User_on_msg.o [1]
OSCPUUsage              0x40004a70     0x1  Data  Gb  os_core.o [1]
OSCtxSw                 0x00021830          Code  Gb  os_cpu_a.o [1]
OSCtxSwCtr              0x400049cc     0x4  Data  Gb  os_core.o [1]
OSDataSize              0x0002ae32     0x2  Data  Gb  os_dbg.o [1]
OSDebugEn               0x0002922a     0x2  Data  Gb  os_dbg.o [1]
OSDebugInit             0x0002929c     0x4  Code  Gb  os_dbg.o [1]
OSEndiannessTest        0x0002adc8     0x4  Data  Gb  os_dbg.o [1]
OSEventEn               0x0002add0     0x2  Data  Gb  os_dbg.o [1]
OSEventFreeList         0x40004ea0     0x4  Data  Gb  os_core.o [1]
OSEventMax              0x0002adcc     0x2  Data  Gb  os_dbg.o [1]
OSEventNameSize         0x0002adce     0x2  Data  Gb  os_dbg.o [1]
OSEventSize             0x0002add2     0x2  Data  Gb  os_dbg.o [1]
OSEventTbl              0x40004ea4   0x3c0  Data  Gb  os_core.o [1]
OSEventTblSize          0x0002add4     0x2  Data  Gb  os_dbg.o [1]
OSFlagEn                0x0002add6     0x2  Data  Gb  os_dbg.o [1]
OSFlagFreeList          0x4000600c     0x4  Data  Gb  os_core.o [1]
OSFlagGrpSize           0x0002add8     0x2  Data  Gb  os_dbg.o [1]
OSFlagMax               0x0002adde     0x2  Data  Gb  os_dbg.o [1]
OSFlagNameSize          0x0002ade0     0x2  Data  Gb  os_dbg.o [1]
OSFlagNodeSize          0x0002adda     0x2  Data  Gb  os_dbg.o [1]
OSFlagTbl               0x40005c54    0xc8  Data  Gb  os_core.o [1]
OSFlagWidth             0x0002addc     0x2  Data  Gb  os_dbg.o [1]
OSIdleCtr               0x400049d8     0x4  Data  Gb  os_core.o [1]
OSIdleCtrMax            0x400049d0     0x4  Data  Gb  os_core.o [1]
OSIdleCtrRun            0x400049d4     0x4  Data  Gb  os_core.o [1]
OSInit                  0x000266d8    0x38  Code  Gb  os_core.o [1]
OSIntCtxSw              0x00021894          Code  Gb  os_cpu_a.o [1]
OSIntExit               0x00026710    0x88  Code  Gb  os_core.o [1]
OSIntNesting            0x40004a72     0x1  Data  Gb  os_core.o [1]
OSLockNesting           0x40004a73     0x1  Data  Gb  os_core.o [1]
OSLowestPrio            0x0002ade2     0x2  Data  Gb  os_dbg.o [1]
OSMboxEn                0x0002ade4     0x2  Data  Gb  os_dbg.o [1]
OSMemCreate             0x0002707c    0xa0  Code  Gb  os_mem.o [1]
OSMemEn                 0x0002ade6     0x2  Data  Gb  os_dbg.o [1]
OSMemFreeList           0x40006010     0x4  Data  Gb  os_core.o [1]
OSMemGet                0x0002711c    0x5c  Code  Gb  os_mem.o [1]
OSMemMax                0x0002ade8     0x2  Data  Gb  os_dbg.o [1]
OSMemNameSize           0x0002adea     0x2  Data  Gb  os_dbg.o [1]
OSMemPut                0x00027178    0x50  Code  Gb  os_mem.o [1]
OSMemSize               0x0002adec     0x2  Data  Gb  os_dbg.o [1]
OSMemTbl                0x40005d1c    0x8c  Data  Gb  os_core.o [1]
OSMemTblSize            0x0002adee     0x2  Data  Gb  os_dbg.o [1]
OSMutexEn               0x0002adf0     0x2  Data  Gb  os_dbg.o [1]
OSPrioCur               0x40004a74     0x1  Data  Gb  os_core.o [1]
OSPrioHighRdy           0x40004a75     0x1  Data  Gb  os_core.o [1]
OSPtrSize               0x0002adf2     0x2  Data  Gb  os_dbg.o [1]
OSQCreate               0x00023b74    0xd8  Code  Gb  os_q.o [1]
OSQEn                   0x0002adf4     0x2  Data  Gb  os_dbg.o [1]
OSQFreeList             0x40006014     0x4  Data  Gb  os_core.o [1]
OSQMax                  0x0002adf6     0x2  Data  Gb  os_dbg.o [1]
OSQPend                 0x00023c4c   0x174  Code  Gb  os_q.o [1]
OSQPost                 0x00023dc4    0xc4  Code  Gb  os_q.o [1]
OSQSize                 0x0002adf8     0x2  Data  Gb  os_dbg.o [1]
OSQTbl                  0x40005b64    0xf0  Data  Gb  os_core.o [1]
OSRdyGrp                0x40004a76     0x1  Data  Gb  os_core.o [1]
OSRdyTbl                0x40004a7c     0x4  Data  Gb  os_core.o [1]
OSRdyTblSize            0x0002adfa     0x2  Data  Gb  os_dbg.o [1]
OSRunning               0x40004a77     0x1  Data  Gb  os_core.o [1]
OSSemCreate             0x0002520c    0x78  Code  Gb  os_sem.o [1]
OSSemEn                 0x0002adfc     0x2  Data  Gb  os_dbg.o [1]
OSSemPend               0x00025288   0x130  Code  Gb  os_sem.o [1]
OSSemPost               0x000253bc    0x94  Code  Gb  os_sem.o [1]
OSStart                 0x00026798    0x38  Code  Gb  os_core.o [1]
OSStartHighRdy          0x000217fc          Code  Gb  os_cpu_a.o [1]
OSStatRdy               0x40004a71     0x1  Data  Gb  os_core.o [1]
OSStkWidth              0x0002adfe     0x2  Data  Gb  os_dbg.o [1]
OSTCBCur                0x400049dc     0x4  Data  Gb  os_core.o [1]
OSTCBFreeList           0x400049e0     0x4  Data  Gb  os_core.o [1]
OSTCBHighRdy            0x400049e4     0x4  Data  Gb  os_core.o [1]
OSTCBList               0x400049e8     0x4  Data  Gb  os_core.o [1]
OSTCBPrioTbl            0x400049ec    0x80  Data  Gb  os_core.o [1]
OSTCBPrioTblMax         0x0002ae16     0x2  Data  Gb  os_dbg.o [1]
OSTCBSize               0x0002ae18     0x2  Data  Gb  os_dbg.o [1]
OSTCBTbl                0x40004a80   0x420  Data  Gb  os_core.o [1]
OSTaskCreateEn          0x0002ae00     0x2  Data  Gb  os_dbg.o [1]
OSTaskCreateExt         0x000292a0    0xec  Code  Gb  os_task.o [1]
OSTaskCreateExtEn       0x0002ae02     0x2  Data  Gb  os_dbg.o [1]
OSTaskCtr               0x40004a78     0x1  Data  Gb  os_core.o [1]
OSTaskDelEn             0x0002ae04     0x2  Data  Gb  os_dbg.o [1]
OSTaskIdleStk           0x4000575c   0x200  Data  Gb  os_core.o [1]
OSTaskIdleStkSize       0x0002ae06     0x2  Data  Gb  os_dbg.o [1]
OSTaskMax               0x0002ae0a     0x2  Data  Gb  os_dbg.o [1]
OSTaskNameSet           0x0002938c    0xb8  Code  Gb  os_task.o [1]
OSTaskNameSize          0x0002ae0c     0x2  Data  Gb  os_dbg.o [1]
OSTaskProfileEn         0x0002ae08     0x2  Data  Gb  os_dbg.o [1]
OSTaskStatEn            0x0002ae0e     0x2  Data  Gb  os_dbg.o [1]
OSTaskStatStk           0x4000555c   0x200  Data  Gb  os_core.o [1]
OSTaskStatStkChkEn      0x0002ae12     0x2  Data  Gb  os_dbg.o [1]
OSTaskStatStkSize       0x0002ae10     0x2  Data  Gb  os_dbg.o [1]
OSTaskStkChk            0x0002944c    0xac  Code  Gb  os_task.o [1]
OSTaskStkInit           0x0002a308    0xc8  Code  Gb  os_cpu_c.o [1]
OSTaskSwHook            0x0002a3d0     0x4  Code  Gb  os_cpu_c.o [1]
OSTaskSwHookEn          0x0002ae14     0x2  Data  Gb  os_dbg.o [1]
OSTickStepState         0x40004a79     0x1  Data  Gb  os_core.o [1]
OSTicksPerSec           0x0002ae1a     0x2  Data  Gb  os_dbg.o [1]
OSTime                  0x40004a6c     0x4  Data  Gb  os_core.o [1]
OSTimeDly               0x000203b0    0x70  Code  Gb  os_time.o [1]
OSTimeDlyHMSM           0x00020420    0x88  Code  Gb  os_time.o [1]
OSTimeTick              0x000267d0   0x124  Code  Gb  os_core.o [1]
OSTimeTickHookEn        0x0002ae1c     0x2  Data  Gb  os_dbg.o [1]
OSTmrCfgMax             0x0002ae22     0x2  Data  Gb  os_dbg.o [1]
OSTmrCfgNameSize        0x0002ae24     0x2  Data  Gb  os_dbg.o [1]
OSTmrCfgTicksPerSec     0x0002ae28     0x2  Data  Gb  os_dbg.o [1]
OSTmrCfgWheelSize       0x0002ae26     0x2  Data  Gb  os_dbg.o [1]
OSTmrEn                 0x0002ae20     0x2  Data  Gb  os_dbg.o [1]
OSTmrSize               0x0002ae2a     0x2  Data  Gb  os_dbg.o [1]
OSTmrTblSize            0x0002ae2c     0x2  Data  Gb  os_dbg.o [1]
OSTmrWheelSize          0x0002ae2e     0x2  Data  Gb  os_dbg.o [1]
OSTmrWheelTblSize       0x0002ae30     0x2  Data  Gb  os_dbg.o [1]
OSUnMapTbl              0x0002aa5c   0x100  Data  Gb  os_core.o [1]
OSVersionNbr            0x0002ae1e     0x2  Data  Gb  os_dbg.o [1]
OS_CPU_ARM_ExceptAddrAbortHndlr
                        0x00021928          Code  Gb  os_cpu_a.o [1]
OS_CPU_ARM_ExceptDataAbortHndlr
                        0x00021914          Code  Gb  os_cpu_a.o [1]
OS_CPU_ARM_ExceptFiqHndlr
                        0x00021950          Code  Gb  os_cpu_a.o [1]
OS_CPU_ARM_ExceptIrqHndlr
                        0x0002193c          Code  Gb  os_cpu_a.o [1]
OS_CPU_ARM_ExceptPrefetchAbortHndlr
                        0x00021900          Code  Gb  os_cpu_a.o [1]
OS_CPU_ARM_ExceptResetHndlr
                        0x000218d0          Code  Gb  os_cpu_a.o [1]
OS_CPU_ARM_ExceptSwiHndlr
                        0x000218f0          Code  Gb  os_cpu_a.o [1]
OS_CPU_ARM_ExceptUndefInstrHndlr
                        0x000218e0          Code  Gb  os_cpu_a.o [1]
OS_CPU_ExceptHndlr      0x00024b30   0x130  Code  Gb  target.o [1]
OS_CPU_SR_FIQ_Dis       0x000217dc          Code  Gb  os_cpu_a.o [1]
OS_CPU_SR_FIQ_En        0x000217ec          Code  Gb  os_cpu_a.o [1]
OS_CPU_SR_INT_Dis       0x00021798          Code  Gb  os_cpu_a.o [1]
OS_CPU_SR_INT_En        0x000217a8          Code  Gb  os_cpu_a.o [1]
OS_CPU_SR_IRQ_Dis       0x000217bc          Code  Gb  os_cpu_a.o [1]
OS_CPU_SR_IRQ_En        0x000217cc          Code  Gb  os_cpu_a.o [1]
OS_CPU_SR_Restore       0x00021790          Code  Gb  os_cpu_a.o [1]
OS_CPU_SR_Save          0x00021780          Code  Gb  os_cpu_a.o [1]
OS_EventTOAbort         0x00026a30    0x60  Code  Gb  os_core.o [1]
OS_EventTaskRdy         0x000268f4    0xc4  Code  Gb  os_core.o [1]
OS_EventTaskWait        0x000269b8    0x78  Code  Gb  os_core.o [1]
OS_EventWaitListInit    0x00026a90    0x28  Code  Gb  os_core.o [1]
OS_FlagInit             0x0002922c    0x6c  Code  Gb  os_flag.o [1]
OS_InitEventList        0x00026ab8    0x6c  Code  Lc  os_core.o [1]
OS_InitMisc             0x00026b24    0x30  Code  Lc  os_core.o [1]
OS_InitRdyList          0x00026b54    0x38  Code  Lc  os_core.o [1]
OS_InitTCBList          0x00026c64    0x78  Code  Lc  os_core.o [1]
OS_InitTaskIdle         0x00026b8c    0x6c  Code  Lc  os_core.o [1]
OS_InitTaskStat         0x00026bf8    0x6c  Code  Lc  os_core.o [1]
OS_MemClr               0x00026cdc    0x20  Code  Gb  os_core.o [1]
OS_MemInit              0x000271c8    0x6c  Code  Gb  os_mem.o [1]
OS_QInit                0x00023e88    0x54  Code  Gb  os_q.o [1]
OS_Sched                0x00026cfc    0x68  Code  Gb  os_core.o [1]
OS_SchedNew             0x00026d64    0x28  Code  Lc  os_core.o [1]
OS_StrCopy              0x00026d90    0x34  Code  Gb  os_core.o [1]
OS_StrLen               0x00026dc4    0x28  Code  Gb  os_core.o [1]
OS_TCBInit              0x00026f20   0x158  Code  Gb  os_core.o [1]
OS_TaskIdle             0x00026dec    0x24  Code  Gb  os_core.o [1]
OS_TaskStat             0x00026e10    0xac  Code  Gb  os_core.o [1]
OS_TaskStatStkChk       0x00026ebc    0x64  Code  Gb  os_core.o [1]
OS_TaskStkClr           0x00029500    0x28  Code  Gb  os_task.o [1]
On_MSG_OPTION           0x00012350    0x6c  Code  Gb  User_on_msg.o [1]
On_MSG_OPTION_AUTOTRACK_OFF
                        0x00010ec0    0x18  Code  Gb  User_on_msg.o [1]
On_MSG_OPTION_AUTOTRACK_ON
                        0x00010ea8    0x18  Code  Gb  User_on_msg.o [1]
On_MSG_OPTION_AUTO_OFF  0x00010c1c    0x6c  Code  Gb  User_on_msg.o [1]
On_MSG_OPTION_AUTO_ON   0x00010bac    0x70  Code  Gb  User_on_msg.o [1]
On_MSG_OPTION_CLASS_BEGIN
                        0x00010440   0x208  Code  Gb  User_on_msg.o [1]
On_MSG_OPTION_CLASS_OVER
                        0x00010648   0x1bc  Code  Gb  User_on_msg.o [1]
On_MSG_OPTION_CODE1_SPEED
                        0x00012d98   0x114  Code  Gb  User_on_msg.o [1]
On_MSG_OPTION_COMM      0x0001ef74    0x60  Code  Gb  User_XCOM.o [1]
On_MSG_OPTION_CardContrl
                        0x00013c80   0x284  Code  Gb  User_on_msg.o [1]
On_MSG_OPTION_DEBUG     0x00011a38    0x6c  Code  Gb  User_on_msg.o [1]
On_MSG_OPTION_DEV_REMOTE_OFF
                        0x00010d80    0x94  Code  Gb  User_on_msg.o [1]
On_MSG_OPTION_DEV_REMOTE_ON
                        0x00010c88    0x7c  Code  Gb  User_on_msg.o [1]
On_MSG_OPTION_DEV_RESET
                        0x00011aa8    0x10  Code  Gb  User_on_msg.o [1]
On_MSG_OPTION_FILE_REQ  0x00011ab8    0x44  Code  Gb  User_on_msg.o [1]
On_MSG_OPTION_FILE_SEND
                        0x00011afc    0x68  Code  Gb  User_on_msg.o [1]
On_MSG_OPTION_FRAME     0x00012c80   0x118  Code  Gb  User_on_msg.o [1]
On_MSG_OPTION_HD_OFF    0x00010f20    0x18  Code  Gb  User_on_msg.o [1]
On_MSG_OPTION_HD_ON     0x00010f08    0x18  Code  Gb  User_on_msg.o [1]
On_MSG_OPTION_HELP_BREAK
                        0x00010b1c    0x90  Code  Gb  User_on_msg.o [1]
On_MSG_OPTION_HELP_LINK
                        0x00010aa8    0x74  Code  Gb  User_on_msg.o [1]
On_MSG_OPTION_HELP_OFF  0x0001089c    0x94  Code  Gb  User_on_msg.o [1]
On_MSG_OPTION_HELP_ON   0x00010804    0x98  Code  Gb  User_on_msg.o [1]
On_MSG_OPTION_HELP_TEST
                        0x00010a00    0x2c  Code  Gb  User_on_msg.o [1]
On_MSG_OPTION_IO_TEST   0x000139ac   0x22c  Code  Gb  User_on_msg.o [1]
On_MSG_OPTION_IPPlay    0x00010a2c    0x7c  Code  Gb  User_on_msg.o [1]
On_MSG_OPTION_IP_DPlay  0x00010930    0x78  Code  Gb  User_on_msg.o [1]
On_MSG_OPTION_LEDContrl
                        0x00013bd8    0x3c  Code  Gb  User_on_msg.o [1]
On_MSG_OPTION_LMT_ReqStatus
                        0x000132fc    0xe8  Code  Gb  User_on_msg.o [1]
On_MSG_OPTION_METRIC    0x00012b64   0x118  Code  Gb  User_on_msg.o [1]
On_MSG_OPTION_MSG_RUN   0x000101c4   0x260  Code  Gb  User_on_msg.o [1]
On_MSG_OPTION_PERSONAL_TALL
                        0x00012eb0   0x13c  Code  Gb  User_on_msg.o [1]
On_MSG_OPTION_POWER     0x00010424    0x1c  Code  Gb  User_on_msg.o [1]
On_MSG_OPTION_POWERCARD_ONOFF
                        0x0001b35c   0x4e0  Code  Gb  User_power.o [1]
On_MSG_OPTION_RECORD    0x00012a14   0x14c  Code  Gb  User_on_msg.o [1]
On_MSG_OPTION_REC_Contrl
                        0x00013194   0x168  Code  Gb  User_on_msg.o [1]
On_MSG_OPTION_REC_REMOTE_OFF
                        0x00010e14    0x94  Code  Gb  User_on_msg.o [1]
On_MSG_OPTION_REC_REMOTE_ON
                        0x00010d04    0x7c  Code  Gb  User_on_msg.o [1]
On_MSG_OPTION_SCAMERA   0x000133e8   0x4ac  Code  Gb  User_on_msg.o [1]
On_MSG_OPTION_SCAMERA_CONTRL
                        0x00010f4c   0xaec  Code  Gb  User_on_msg.o [1]
On_MSG_OPTION_SELECT_SCAMERA
                        0x00012fec   0x1a4  Code  Gb  User_on_msg.o [1]
On_MSG_OPTION_SERVER_FILE_SEND
                        0x00011b64   0x168  Code  Gb  User_on_msg.o [1]
On_MSG_OPTION_SEVER_ACK
                        0x00011ccc    0x8c  Code  Gb  User_on_msg.o [1]
On_MSG_OPTION_SOUND_SELECT
                        0x000138a8    0x14  Code  Gb  User_on_msg.o [1]
On_MSG_OPTION_SOUND_VOL
                        0x000138bc    0x40  Code  Gb  User_on_msg.o [1]
On_MSG_OPTION_STATUS_CHANGE
                        0x00011d58   0x188  Code  Gb  User_on_msg.o [1]
On_MSG_OPTION_STRATEGY_OFF
                        0x00010ef0    0x18  Code  Gb  User_on_msg.o [1]
On_MSG_OPTION_STRATEGY_ON
                        0x00010ed8    0x18  Code  Gb  User_on_msg.o [1]
On_MSG_OPTION_SVRLINK_REQ
                        0x00011ee0    0x50  Code  Gb  User_on_msg.o [1]
On_MSG_OPTION_TIMEACTIVE
                        0x00011f30   0x150  Code  Gb  User_on_msg.o [1]
On_MSG_OPTION_TYJ_DIS_VGA
                        0x00013c70    0x10  Code  Gb  User_on_msg.o [1]
On_MSG_OPTION_VGA_SELECT
                        0x00013954    0x58  Code  Gb  User_on_msg.o [1]
On_MSG_OPTION_VIDEO_SELECT
                        0x000138fc    0x58  Code  Gb  User_on_msg.o [1]
On_MSG_OPTION_YY_Teather
                        0x00013c14    0x5c  Code  Gb  User_on_msg.o [1]
On_MSG_Power_OPTION     0x000121d8   0x178  Code  Gb  User_on_msg.o [1]
On_MSG_RepeatPower_OPTION
                        0x00012084   0x154  Code  Gb  User_on_msg.o [1]
Option_init             0x0001840c    0x98  Code  Gb  User_option.o [1]
PHYID                   0x40006020     0x2  Data  Gb  Hardware_int.o [1]
PINInit                 0x00020c70    0x50  Code  Gb  io.o [1]
PLL_Init                0x000249e8   0x10c  Code  Lc  target.o [1]
POWER_FLAG              0x40005ff8     0x4  Data  Gb  User_power.o [1]
POWER_FLAG_STATE        0x40005ffc     0x4  Data  Gb  User_power.o [1]
POWER_Set               0x0001a90c   0x128  Code  Gb  User_power.o [1]
POWER_init              0x0001a798    0xe8  Code  Gb  User_power.o [1]
POWER_msg_rev           0x0001b848    0x2c  Code  Gb  User_power.o [1]
PT2258Init              0x00015480   0x198  Code  Gb  PT2258.o [1]
Power_Beep              0x0001b874    0xb4  Code  Gb  User_power.o [1]
Print_MSG_info          0x0001a450   0x218  Code  Gb  user_debug.o [1]
QXCOM                   0x40005444    0x28  Data  Gb  User_XCOM.o [1]
QXCOM0_Sbuf             0x4000546c    0x28  Data  Gb  User_XCOM.o [1]
QXCOM1_Sbuf             0x40005494    0x28  Data  Gb  User_XCOM.o [1]
QXCOM2_Sbuf             0x400054bc    0x28  Data  Gb  User_XCOM.o [1]
QXCOM3_Sbuf             0x400054e4    0x28  Data  Gb  User_XCOM.o [1]
QXCOM4_Sbuf             0x4000550c    0x28  Data  Gb  User_XCOM.o [1]
QXCOM5_Sbuf             0x40005534    0x28  Data  Gb  User_XCOM.o [1]
QXCOM_rev               0x40005440     0x4  Data  Gb  User_XCOM.o [1]
REC_ARP_REQ             0x0001bf40    0x88  Code  Gb  ARP.o [1]
RFIC_K103_Mode          0x0001c6c8   0x3e0  Code  Gb  User_DW.o [1]
RF_CARD_Check           0x0001caa8    0xdc  Code  Gb  User_DW.o [1]
RF_card_times           0x40005e80     0x4  Data  Lc  User_DW.o [1]
RTime                   0x4000595c     0x8  Data  Gb  RealTime.o [1]
RamToFlash              0x0001807c    0x44  Code  Gb  LP2368_FLASH.o [1]
Random                  0x000182f4    0x54  Code  Gb  User_option.o [1]
Read_PHY                0x00027354    0x54  Code  Gb  Hardware_int.o [1]
RealTime_Get            0x00021a5c    0x64  Code  Gb  RealTime.o [1]
RealTime_Get_Minute     0x00021ac0    0x20  Code  Gb  RealTime.o [1]
RealTime_IRQ            0x00021b58   0x108  Code  Gb  RealTime.o [1]
RealTime_Set            0x00021cfc    0x5c  Code  Gb  RealTime.o [1]
RealTime_init           0x00021c60    0x84  Code  Gb  RealTime.o [1]
Rec_Packet              0x0002760c    0x7c  Code  Gb  Hardware_int.o [1]
Region$$Table$$Base     0x0002ad60           --   Gb  - Linker created -
Region$$Table$$Limit    0x0002ad8c           --   Gb  - Linker created -
Reset                   0x00024704    0x10  Code  Gb  target.o [1]
Reset_BootLoader        0x00024800    0x14  Code  Gb  target.o [1]
Reset_boot              0x40006018     0x4  Data  Gb  target.o [1]
Rev                     0x40005fe4     0x8  Data  Gb  io.o [1]
Rtime_IRQFlag           0x00021ae0    0x78  Code  Gb  RealTime.o [1]
Run_Send_Flag           0x00020994     0xc  Code  Gb  User_Run.o [1]
SEL                     0x40000408     0x8  Data  Gb  PT2258.o [1]
SOUND_DEVICE_Mute       0x00014be8   0x1e0  Code  Gb  PT2258.o [1]
SPI_Init                0x00023718    0x1c  Code  Gb  SC16IS752.o [1]
SPI_read                0x00023758    0x8c  Code  Gb  SC16IS752.o [1]
SPI_send                0x00023734    0x24  Code  Gb  SC16IS752.o [1]
SPI_write               0x000237e4    0x90  Code  Gb  SC16IS752.o [1]
SPI_writeData           0x00023874    0x84  Code  Gb  SC16IS752.o [1]
SVC_STACK$$Base         0x400067a8           --   Gb  - Linker created -
SVC_STACK$$Limit        0x400067c8           --   Gb  - Linker created -
SelSector               0x00018048    0x34  Code  Gb  LP2368_FLASH.o [1]
Send_Packet             0x000274e0   0x11c  Code  Gb  Hardware_int.o [1]
Send_State              0x00012724    0x94  Code  Gb  User_on_msg.o [1]
SetAddress              0x0001e560    0x28  Code  Gb  PelcoD.o [1]
SetMacID                0x000274a8    0x38  Code  Gb  Hardware_int.o [1]
SetPowerDeltimemsg      0x0001aa34    0x54  Code  Gb  User_power.o [1]
SetPrepositionCmd       0x0001ecf8    0x8c  Code  Gb  PelcoD.o [1]
SetVICIRQ               0x00024714    0x38  Code  Gb  target.o [1]
SoundVolumeControl      0x0001457c   0x66c  Code  Gb  PT2258.o [1]
Sound_Close             0x0001dc18   0x19c  Code  Gb  Use_Sound.o [1]
Sound_Contrl            0x40005da8    0x78  Data  Gb  Use_Sound.o [1]
Sound_Echo_Contrl       0x0001daec    0x64  Code  Gb  Use_Sound.o [1]
Sound_Get_Play_No       0x0001ddb4    0xa8  Code  Gb  Use_Sound.o [1]
Sound_Input_Int         0x0001e05c   0x110  Code  Gb  Use_Sound.o [1]
Sound_Open              0x0001db50    0xc8  Code  Gb  Use_Sound.o [1]
Sound_Play_Int          0x0001df88    0xac  Code  Gb  Use_Sound.o [1]
Sound_Pointer_Scan      0x0001df04    0x84  Code  Gb  Use_Sound.o [1]
Sound_Save_PlayData     0x0001de5c    0xa8  Code  Gb  Use_Sound.o [1]
Sound_init              0x0001e16c   0x13c  Code  Gb  Use_Sound.o [1]
SpiSendData             0x00014dc8    0x80  Code  Gb  PT2258.o [1]
SpiSendData1            0x00014e48    0x74  Code  Gb  PT2258.o [1]
StopCmd                 0x0001ec10    0x58  Code  Gb  PelcoD.o [1]
StopFocus               0x0001eb5c    0x3c  Code  Gb  PelcoD.o [1]
StopPanTilt             0x0001ebd4    0x3c  Code  Gb  PelcoD.o [1]
StopZoom                0x0001eb98    0x3c  Code  Gb  PelcoD.o [1]
Str_Cmp                 0x000245e0    0xd8  Code  Gb  lib_str.o [1]
Str_Len                 0x000245b4    0x2c  Code  Gb  lib_str.o [1]
TASK_RUN                0x000209a0    0xc0  Code  Gb  User_Run.o [1]
TASK_RUN_stack          0x40003a7c   0x4b0  Data  Gb  main.o [1]
TASK_START              0x0002a638   0x340  Code  Gb  main.o [1]
TASK_START_stack        0x40002f8c   0x640  Data  Gb  main.o [1]
TASK_TABLE              0x40005a70    0xf4  Data  Gb  User_option.o [1]
TASK_UART               0x000201d8    0xf4  Code  Gb  User_XCOM.o [1]
TASK_UART0Send          0x0001fee8    0x60  Code  Gb  User_XCOM.o [1]
TASK_UART0Send_stack    0x40003f2c   0x190  Data  Gb  main.o [1]
TASK_UART1Send          0x0001ff48    0x60  Code  Gb  User_XCOM.o [1]
TASK_UART1Send_stack    0x400040bc   0x190  Data  Gb  main.o [1]
TASK_UART2Send          0x0001ffa8    0x60  Code  Gb  User_XCOM.o [1]
TASK_UART2Send_stack    0x4000424c   0x190  Data  Gb  main.o [1]
TASK_UART3Send          0x00020008    0x60  Code  Gb  User_XCOM.o [1]
TASK_UART3Send_stack    0x400043dc   0x190  Data  Gb  main.o [1]
TASK_UART4Send          0x00020068    0xbc  Code  Gb  User_XCOM.o [1]
TASK_UART4Send_stack    0x4000456c   0x190  Data  Gb  main.o [1]
TASK_UART5Send          0x00020124    0xb4  Code  Gb  User_XCOM.o [1]
TASK_UART5Send_stack    0x400046fc   0x2d0  Data  Gb  main.o [1]
TASK_UART_stack         0x400035cc   0x4b0  Data  Gb  main.o [1]
TB_REC_UnFreez          0x00022e48    0x78  Code  Gb  User_TB.o [1]
TB_ReadVer              0x00022ce8    0x3c  Code  Gb  User_TB.o [1]
TB_Read_Csingle         0x00022d24    0x44  Code  Gb  User_TB.o [1]
TB_Read_state           0x00022d68    0x44  Code  Gb  User_TB.o [1]
TB_SelectAV             0x00022df8    0x48  Code  Gb  User_TB.o [1]
TB_SelectVGA            0x00022dac    0x4c  Code  Gb  User_TB.o [1]
TB_SingleChage          0x00022cc0    0x28  Code  Gb  User_TB.o [1]
TB_init                 0x00022ec4   0x158  Code  Gb  User_TB.o [1]
TMS320AIC23_Reg_Write   0x0001e3a0    0x8c  Code  Gb  TMS320AIC23.o [1]
TMS320AIC23_Set_Vol     0x0001e42c    0xa4  Code  Gb  TMS320AIC23.o [1]
TMS320AIC23_init        0x0001e4d0    0x90  Code  Gb  TMS320AIC23.o [1]
TargetInit              0x000247c0    0x40  Code  Gb  target.o [1]
TargetResetInit         0x00024af4    0x3c  Code  Gb  target.o [1]
Task_Rec_Del            0x000191c4    0xd4  Code  Gb  User_option.o [1]
Task_Rec_Find           0x00019298    0x84  Code  Gb  User_option.o [1]
Task_Run_Delay          0x00019328    0xf4  Code  Gb  User_option.o [1]
Timer2Init              0x00024760    0x60  Code  Gb  target.o [1]
Timer2_Exception        0x0002474c    0x14  Code  Gb  target.o [1]
Timer3Init              0x00020de4    0x48  Code  Gb  io.o [1]
Timer3_Exception        0x00020e2c    0x38  Code  Gb  io.o [1]
TurnDownCmd             0x0001e760    0x90  Code  Gb  PelcoD.o [1]
TurnLeftCmd             0x0001e648    0x8c  Code  Gb  PelcoD.o [1]
TurnLeftDownCmd         0x0001e9b8    0x8c  Code  Gb  PelcoD.o [1]
TurnLeftUpCmd           0x0001e930    0x88  Code  Gb  PelcoD.o [1]
TurnRightCmd            0x0001e5bc    0x8c  Code  Gb  PelcoD.o [1]
TurnRightDownCmd        0x0001ead0    0x8c  Code  Gb  PelcoD.o [1]
TurnRightUpCmd          0x0001ea44    0x8c  Code  Gb  PelcoD.o [1]
TurnUpCmd               0x0001e6d4    0x8c  Code  Gb  PelcoD.o [1]
UART0_Exception         0x0002652c    0x4c  Code  Gb  uart.o [1]
UART1_Exception         0x00026578    0x4c  Code  Gb  uart.o [1]
UART2_Exception         0x000265c4    0x4c  Code  Gb  uart.o [1]
UART3_Exception         0x00026610    0x4c  Code  Gb  uart.o [1]
UART_REV                0x00026184   0x27c  Code  Gb  uart.o [1]
UART_Send_Data          0x00025958   0x5b0  Code  Gb  uart.o [1]
UART_Write              0x0001fe2c    0xbc  Code  Gb  User_XCOM.o [1]
UART_init               0x0002665c    0x70  Code  Gb  uart.o [1]
UART_printf             0x0001a194    0x80  Code  Gb  user_debug.o [1]
UART_set_bps            0x00025804   0x154  Code  Gb  uart.o [1]
UDP_ReceivePacket       0x00024dd8   0x1ac  Code  Gb  Udp.o [1]
UDP_Send_ACK            0x0001c3ac    0xb0  Code  Gb  User_udp.o [1]
UDP_Send_CMD            0x0001c1cc   0x1e0  Code  Gb  User_udp.o [1]
UDP_msg_rev             0x0001c45c    0xd4  Code  Gb  User_udp.o [1]
UND_STACK$$Base         0x400067d8           --   Gb  - Linker created -
UND_STACK$$Limit        0x400067e8           --   Gb  - Linker created -
Udp_SendPacked          0x00024f88   0x108  Code  Gb  Udp.o [1]
User_ID_Read            0x00018714   0x174  Code  Gb  User_option.o [1]
User_Option             0x000194e0   0x938  Code  Gb  User_option.o [1]
User_mem_allco          0x00021658    0x90  Code  Gb  user_mem.o [1]
User_mem_free           0x000216e8    0x94  Code  Gb  user_mem.o [1]
User_mem_init           0x00021610    0x48  Code  Gb  user_mem.o [1]
VGACD22M3494Reset       0x000223b4    0xf8  Code  Gb  CD22M3494.o [1]
VGA_BUF                 0x40005fcc     0xc  Data  Gb  CD22M3494.o [1]
VGA_Select              0x000224f0   0x564  Code  Gb  CD22M3494.o [1]
VIC_Init                0x000246b8    0x4c  Code  Gb  target.o [1]
ViscaCount              0x40006022     0x1  Data  Lc  User_on_msg.o [1]
Write_PHY               0x00027310    0x44  Code  Gb  Hardware_int.o [1]
XCOM_DEV_Read           0x00025f84   0x1cc  Code  Gb  uart.o [1]
XCOM_DW                 0x0001f42c    0x90  Code  Gb  User_XCOM.o [1]
XCOM_Data_Read          0x0001f128    0xd0  Code  Gb  User_XCOM.o [1]
XCOM_Data_send          0x0001efd4   0x154  Code  Gb  User_XCOM.o [1]
XCOM_ICREADER           0x0001fda0     0x4  Code  Gb  User_XCOM.o [1]
XCOM_MB                 0x0001f4bc    0xc0  Code  Gb  User_XCOM.o [1]
XCOM_PORT               0x40005264   0x1dc  Data  Gb  User_XCOM.o [1]
XCOM_Q_Send             0x0001fda4    0x84  Code  Gb  User_XCOM.o [1]
XCOM_SCAMERA            0x0001f57c   0x404  Code  Gb  User_XCOM.o [1]
XCOM_SCAMERA1           0x0001f980   0x420  Code  Gb  User_XCOM.o [1]
XCOM_Send_ACK           0x0001f3c4    0x68  Code  Gb  User_XCOM.o [1]
XCOM_Wait_Ack           0x0001eefc    0x3c  Code  Gb  User_XCOM.o [1]
XCOM_init               0x0001f244   0x180  Code  Gb  User_XCOM.o [1]
Xcom_set                0x0001f1f8    0x4c  Code  Gb  User_XCOM.o [1]
Xcom_sum                0x0001ef38    0x3c  Code  Gb  User_XCOM.o [1]
ZoomInCmd               0x0001e7f0    0xa0  Code  Gb  PelcoD.o [1]
ZoomOutCmd              0x0001e890    0xa0  Code  Gb  PelcoD.o [1]
_GenldFull              0x00028dc0   0x3f0  Code  Lc  xprintffull.o [3]
_K103_sum_check         0x0001c61c    0x34  Code  Lc  User_DW.o [1]
_LdtobFull              0x00028650   0x764  Code  Lc  xprintffull.o [3]
_LitobFull              0x000284bc   0x194  Code  Lc  xprintffull.o [3]
_PrintfFull             0x00027be8   0x8d4  Code  Gb  xprintffull.o [3]
_PutcharsFull           0x000291b0    0x60  Code  Lc  xprintffull.o [3]
_SProut                 0x0002ad8c    0x14  Code  Gb  xsprout.o [3]
__aeabi_cdcmple         0x00029868          Code  Gb  DblCmpLe.o [4]
__aeabi_cdrcmple        0x000298a0          Code  Gb  DblCmpGe.o [4]
__aeabi_d2iz            0x00029aa4          Code  Gb  DblToS32.o [4]
__aeabi_d2uiz           0x0002a284          Code  Gb  DblToU32.o [4]
__aeabi_ddiv            0x00029f4c          Code  Gb  DblDiv.o [4]
__aeabi_dmul            0x00029d54          Code  Gb  DblMul.o [4]
__aeabi_dsub            0x00029b64          Code  Gb  DblSub.o [4]
__aeabi_i2d             0x00029b04          Code  Gb  S32ToDbl.o [4]
__aeabi_idiv            0x00023068          Code  Gb  I32DivMod.o [5]
__aeabi_idiv0           0x00027274          Code  Gb  IntDivZer.o [5]
__aeabi_idivmod         0x00023068          Code  Gb  I32DivMod.o [5]
__aeabi_ldiv0           0x0002a3d4          Code  Gb  I64DivZer.o [5]
__aeabi_memclr4         0x00023060          Code  Gb  ABImemclr4.o [5]
__aeabi_memcpy          0x00023aa0          Code  Gb  ABImemcpy.o [5]
__aeabi_memcpy4         0x00023ac4          Code  Gb  ABImemcpy.o [5]
__aeabi_memcpy8         0x00023ac4          Code  Gb  ABImemcpy.o [5]
__aeabi_memset          0x00025450          Code  Gb  ABImemset.o [5]
__aeabi_ui2d            0x0002a2c0          Code  Gb  U32ToDbl.o [4]
__aeabi_uidiv           0x00023098          Code  Gb  I32DivMod.o [5]
__aeabi_uidivmod        0x00023098          Code  Gb  I32DivMod.o [5]
__aeabi_uldivmod        0x00029718          Code  Gb  I64DivMod.o [5]
__cmain                 0x0002ad14          Code  Gb  cmain.o [5]
__exit                  0x0002ad3c          Code  Gb  XXexit.o [5]
__iar_Dnorm             0x000297ec    0x7c  Code  Gb  xdnorm.o [4]
__iar_Dscale            0x000298d8   0x1cc  Code  Gb  xdscale.o [4]
__iar_Memchr            0x00029684          Code  Gb  memchr.o [5]
__iar_Memset            0x00025450          Code  Gb  ABImemset.o [5]
__iar_Memset4_word      0x00027238          Code  Gb  ABImemset48.o [5]
__iar_Memset8_word      0x00027238          Code  Gb  ABImemset48.o [5]
__iar_Memset_word       0x0002545c          Code  Gb  ABImemset.o [5]
__iar_SB                0x0002ae34          Data  Gb  bwt_init3c.o [5]
__iar_Strchr            0x00029664          Code  Gb  strchr.o [5]
__iar_dadd              0x0002a3d8          Code  Gb  DblAdd.o [4]
__iar_data_init3        0x0002ac98    0x54  Code  Gb  data_init3.o [5]
__iar_default_requirements$$_Printf<unknown>vsprintf {Abs}
                        0x00000000           --   Gb  vsprintf.o [3]
__iar_dsub              0x00029b74          Code  Gb  DblSub.o [4]
__iar_dsubStart         0x00029b94          Code  Gb  DblSub.o [4]
__iar_i2d               0x00029b18          Code  Gb  S32ToDbl.o [4]
__iar_packbits_init3    0x0002ab5d    0xb4  Code  Gb  packbits_init3.o [5]
__iar_program_start     0x0002ac10          Code  Gb  cstartup.o [1]
__iar_provide$$_Printf<flags,floats,hex_floats,int_specials,long_longs,n_formatters,qualifiers,widths>_PrintfFull {Abs}
                        0x00000000           --   Gb  xprintffull.o [3]
__iar_zero_init3        0x0002aced    0x28  Code  Gb  zero_init3.o [5]
__mem256                0x4000041c  0x1400  Data  Gb  user_mem.o [1]
__mem512                0x4000181c  0x1770  Data  Gb  user_mem.o [1]
__pm256                 0x40000414     0x4  Data  Gb  user_mem.o [1]
__pm512                 0x40000418     0x4  Data  Gb  user_mem.o [1]
__vector                0x00010000          Code  Gb  cstartup.o [1]
_call_main              0x0002ad24          Code  Gb  cmain.o [5]
_exit                   0x0002ad50          Code  Gb  cexit.o [5]
_ic_find_syn            0x0001c650    0x78  Code  Lc  User_DW.o [1]
_main                   0x0002ad2c          Code  Gb  cmain.o [5]
aic23_delay             0x0001e37c    0x24  Code  Gb  TMS320AIC23.o [1]
baktime                 0x40005964     0x8  Data  Gb  RealTime.o [1]
buf                     0x40005fec     0x4  Data  Gb  io.o [1]
def_classname           0x00019f6c    0x10  Data  Gb  User_option.o [1]
def_gateip              0x00019fa4     0x4  Data  Gb  User_option.o [1]
def_housename           0x00019f90     0xc  Data  Gb  User_option.o [1]
def_ip                  0x00019f9c     0x4  Data  Gb  User_option.o [1]
def_mark                0x00019fa0     0x4  Data  Gb  User_option.o [1]
def_schoolname          0x00019f7c    0x14  Data  Gb  User_option.o [1]
div                     0x0002a2d0    0x38  Code  Gb  div.o [3]
exit                    0x0002ad38     0x4  Code  Gb  exit.o [3]
gClassT                 0x4000596c   0x104  Data  Gb  RealTime.o [1]
gDCS                    0x400000c4     0x4  Data  Gb  User_option.o [1]
gDeviceStatus           0x40000040    0x48  Data  Gb  User_option.o [1]
gDeviceTable            0x40000088    0x38  Data  Gb  User_option.o [1]
gLMT_Power              0x40005f98     0x8  Data  Gb  User_Run.o [1]
gPC_power               0x40005fa0     0x8  Data  Gb  User_Run.o [1]
gRF                     0x40005e20    0x1c  Data  Gb  User_DW.o [1]
gRFIC                   0x40005e3c    0x44  Data  Gb  User_DW.o [1]
gSYS_Fcclk              0x40006000     0x4  Data  Gb  target.o [1]
gSYS_Fpclk              0x40006004     0x4  Data  Gb  target.o [1]
gStat_Rec               0x40000124   0x14c  Data  Gb  User_option.o [1]
gTB_State               0x40005fd8     0xc  Data  Gb  User_TB.o [1]
gTB_VGAChage            0x00023050     0x8  Data  Gb  User_TB.o [1]
gTB_VideoChage          0x00023058     0x8  Data  Gb  User_TB.o [1]
gYXJ                    0x40005e84     0x4  Data  Gb  User_DW.o [1]
key_init                0x00015ba0   0x2d4  Code  Gb  Use_key.o [1]
key_msg_rev             0x0001797c    0xa4  Code  Gb  Use_key.o [1]
main                    0x0002a508   0x130  Code  Gb  main.o [1]
memchr                  0x00029684          Code  Gb  memchr.o [5]
memcpy                  0x00018144    0x18  Code  Gb  user_debug.o [1]
memset                  0x0001dac4    0x28  Code  Gb  user_debug.o [1]
mic_play_add            0x0001e034    0x28  Code  Gb  Use_Sound.o [1]
on_MSG_OPTION_IP_HPVol  0x000109d4    0x2c  Code  Gb  User_on_msg.o [1]
on_MSG_OPTION_IP_MICVol
                        0x000109a8    0x2c  Code  Gb  User_on_msg.o [1]
on_MSG_OPTION_TB_ReqStatus
                        0x00013f04    0x14  Code  Gb  User_on_msg.o [1]
pDGB_XCOM               0x4000601c     0x4  Data  Gb  user_debug.o [1]
pPelcodData             0x40005f90     0x8  Data  Gb  PelcoD.o [1]
pViscaData              0x40005f84     0xc  Data  Gb  PelcoD.o [1]
paramin                 0x40005ed0    0x20  Data  Gb  LP2368_FLASH.o [1]
paramout                0x40005ef4    0x20  Data  Gb  LP2368_FLASH.o [1]
power_ostr              0x0001ba1c    0x20  Data  Gb  User_power.o [1]
power_str               0x0001ba3c    0x84  Data  Gb  User_power.o [1]
set_IS752_bps           0x000239b4    0xec  Code  Gb  SC16IS752.o [1]
strchr                  0x00029664          Code  Gb  strchr.o [5]
strcpy                  0x00023ee0          Code  Gb  strcpy.o [5]
strlen                  0x000250dc          Code  Gb  strlen.o [5]
sum_check               0x00026150    0x34  Code  Gb  uart.o [1]
swap_int16              0x00027858    0x14  Code  Gb  Hardware_int.o [1]
tyjcounterFlagOFF       0x4000600b     0x1  Data  Gb  io.o [1]
tyjcounterFlagON        0x4000600a     0x1  Data  Gb  io.o [1]
tyjcounterOFF           0x40006009     0x1  Data  Gb  io.o [1]
tyjcounterON            0x40006008     0x1  Data  Gb  io.o [1]
uart_Debug_init         0x0001a110    0x5c  Code  Gb  user_debug.o [1]
vsprintf                0x00025090    0x4c  Code  Gb  vsprintf.o [3]


[1] = E:\ABLE\YTJ\程序\一体机V3.05（标准)\bp\EvalBoards\NXP\MCB2300\IAR\LSZHV20\Release\Obj
[2] = command line
[3] = dl4t_aln.a
[4] = m4t_al.a
[5] = rt4t_al.a

  109 678 bytes of readonly  code memory
      488 bytes of readonly  data memory
   26 531 bytes of readwrite data memory

Errors: none
Warnings: none
