###############################################################################
#
# IAR ELF Linker V7.30.3.8024/W32 for ARM                 29/Dec/2015  13:42:02
# Copyright 2007-2014 IAR Systems AB.
#
#    Output file  =  
#        F:\code\YTJ\一体机\bp\EvalBoards\NXP\MCB2300\IAR\LSZHV20\Release\Exe\LSZH_V20_FLASH.out.tmp
#    Map file     =  
#        F:\code\YTJ\一体机\bp\EvalBoards\NXP\MCB2300\IAR\LSZHV20\Release\List\LSZH_V20_FLASH.map
#    Command line =  
#        F:\code\YTJ\一体机\bp\EvalBoards\NXP\MCB2300\IAR\LSZHV20\Release\Obj\ARP.o
#        F:\code\YTJ\一体机\bp\EvalBoards\NXP\MCB2300\IAR\LSZHV20\Release\Obj\CD22M3494.o
#        F:\code\YTJ\一体机\bp\EvalBoards\NXP\MCB2300\IAR\LSZHV20\Release\Obj\cpu_a.o
#        F:\code\YTJ\一体机\bp\EvalBoards\NXP\MCB2300\IAR\LSZHV20\Release\Obj\cstartup.o
#        F:\code\YTJ\一体机\bp\EvalBoards\NXP\MCB2300\IAR\LSZHV20\Release\Obj\dma.o
#        F:\code\YTJ\一体机\bp\EvalBoards\NXP\MCB2300\IAR\LSZHV20\Release\Obj\Ethernet.o
#        F:\code\YTJ\一体机\bp\EvalBoards\NXP\MCB2300\IAR\LSZHV20\Release\Obj\Hardware_int.o
#        F:\code\YTJ\一体机\bp\EvalBoards\NXP\MCB2300\IAR\LSZHV20\Release\Obj\hw.o
#        F:\code\YTJ\一体机\bp\EvalBoards\NXP\MCB2300\IAR\LSZHV20\Release\Obj\I2C0INT.o
#        F:\code\YTJ\一体机\bp\EvalBoards\NXP\MCB2300\IAR\LSZHV20\Release\Obj\I2C1INT.o
#        F:\code\YTJ\一体机\bp\EvalBoards\NXP\MCB2300\IAR\LSZHV20\Release\Obj\i2s.o
#        F:\code\YTJ\一体机\bp\EvalBoards\NXP\MCB2300\IAR\LSZHV20\Release\Obj\ICMP.o
#        F:\code\YTJ\一体机\bp\EvalBoards\NXP\MCB2300\IAR\LSZHV20\Release\Obj\io.o
#        F:\code\YTJ\一体机\bp\EvalBoards\NXP\MCB2300\IAR\LSZHV20\Release\Obj\IP.o
#        F:\code\YTJ\一体机\bp\EvalBoards\NXP\MCB2300\IAR\LSZHV20\Release\Obj\lib_mem.o
#        F:\code\YTJ\一体机\bp\EvalBoards\NXP\MCB2300\IAR\LSZHV20\Release\Obj\lib_str.o
#        F:\code\YTJ\一体机\bp\EvalBoards\NXP\MCB2300\IAR\LSZHV20\Release\Obj\LP2368_FLASH.o
#        F:\code\YTJ\一体机\bp\EvalBoards\NXP\MCB2300\IAR\LSZHV20\Release\Obj\main.o
#        F:\code\YTJ\一体机\bp\EvalBoards\NXP\MCB2300\IAR\LSZHV20\Release\Obj\os_api.o
#        F:\code\YTJ\一体机\bp\EvalBoards\NXP\MCB2300\IAR\LSZHV20\Release\Obj\os_core.o
#        F:\code\YTJ\一体机\bp\EvalBoards\NXP\MCB2300\IAR\LSZHV20\Release\Obj\os_cpu_a.o
#        F:\code\YTJ\一体机\bp\EvalBoards\NXP\MCB2300\IAR\LSZHV20\Release\Obj\os_cpu_c.o
#        F:\code\YTJ\一体机\bp\EvalBoards\NXP\MCB2300\IAR\LSZHV20\Release\Obj\os_dbg.o
#        F:\code\YTJ\一体机\bp\EvalBoards\NXP\MCB2300\IAR\LSZHV20\Release\Obj\os_dcc.o
#        F:\code\YTJ\一体机\bp\EvalBoards\NXP\MCB2300\IAR\LSZHV20\Release\Obj\os_flag.o
#        F:\code\YTJ\一体机\bp\EvalBoards\NXP\MCB2300\IAR\LSZHV20\Release\Obj\os_mbox.o
#        F:\code\YTJ\一体机\bp\EvalBoards\NXP\MCB2300\IAR\LSZHV20\Release\Obj\os_mem.o
#        F:\code\YTJ\一体机\bp\EvalBoards\NXP\MCB2300\IAR\LSZHV20\Release\Obj\os_mutex.o
#        F:\code\YTJ\一体机\bp\EvalBoards\NXP\MCB2300\IAR\LSZHV20\Release\Obj\os_q.o
#        F:\code\YTJ\一体机\bp\EvalBoards\NXP\MCB2300\IAR\LSZHV20\Release\Obj\os_sem.o
#        F:\code\YTJ\一体机\bp\EvalBoards\NXP\MCB2300\IAR\LSZHV20\Release\Obj\os_task.o
#        F:\code\YTJ\一体机\bp\EvalBoards\NXP\MCB2300\IAR\LSZHV20\Release\Obj\os_time.o
#        F:\code\YTJ\一体机\bp\EvalBoards\NXP\MCB2300\IAR\LSZHV20\Release\Obj\os_tmr.o
#        F:\code\YTJ\一体机\bp\EvalBoards\NXP\MCB2300\IAR\LSZHV20\Release\Obj\PelcoD.o
#        F:\code\YTJ\一体机\bp\EvalBoards\NXP\MCB2300\IAR\LSZHV20\Release\Obj\PT2258.o
#        F:\code\YTJ\一体机\bp\EvalBoards\NXP\MCB2300\IAR\LSZHV20\Release\Obj\RealTime.o
#        F:\code\YTJ\一体机\bp\EvalBoards\NXP\MCB2300\IAR\LSZHV20\Release\Obj\SC16IS752.o
#        F:\code\YTJ\一体机\bp\EvalBoards\NXP\MCB2300\IAR\LSZHV20\Release\Obj\target.o
#        F:\code\YTJ\一体机\bp\EvalBoards\NXP\MCB2300\IAR\LSZHV20\Release\Obj\TMS320AIC23.o
#        F:\code\YTJ\一体机\bp\EvalBoards\NXP\MCB2300\IAR\LSZHV20\Release\Obj\uart.o
#        F:\code\YTJ\一体机\bp\EvalBoards\NXP\MCB2300\IAR\LSZHV20\Release\Obj\Udp.o
#        F:\code\YTJ\一体机\bp\EvalBoards\NXP\MCB2300\IAR\LSZHV20\Release\Obj\Use_key.o
#        F:\code\YTJ\一体机\bp\EvalBoards\NXP\MCB2300\IAR\LSZHV20\Release\Obj\Use_Sound.o
#        F:\code\YTJ\一体机\bp\EvalBoards\NXP\MCB2300\IAR\LSZHV20\Release\Obj\user_debug.o
#        F:\code\YTJ\一体机\bp\EvalBoards\NXP\MCB2300\IAR\LSZHV20\Release\Obj\User_DW.o
#        F:\code\YTJ\一体机\bp\EvalBoards\NXP\MCB2300\IAR\LSZHV20\Release\Obj\user_mem.o
#        F:\code\YTJ\一体机\bp\EvalBoards\NXP\MCB2300\IAR\LSZHV20\Release\Obj\User_on_msg.o
#        F:\code\YTJ\一体机\bp\EvalBoards\NXP\MCB2300\IAR\LSZHV20\Release\Obj\User_option.o
#        F:\code\YTJ\一体机\bp\EvalBoards\NXP\MCB2300\IAR\LSZHV20\Release\Obj\User_power.o
#        F:\code\YTJ\一体机\bp\EvalBoards\NXP\MCB2300\IAR\LSZHV20\Release\Obj\User_Run.o
#        F:\code\YTJ\一体机\bp\EvalBoards\NXP\MCB2300\IAR\LSZHV20\Release\Obj\User_table.o
#        F:\code\YTJ\一体机\bp\EvalBoards\NXP\MCB2300\IAR\LSZHV20\Release\Obj\User_TB.o
#        F:\code\YTJ\一体机\bp\EvalBoards\NXP\MCB2300\IAR\LSZHV20\Release\Obj\User_udp.o
#        F:\code\YTJ\一体机\bp\EvalBoards\NXP\MCB2300\IAR\LSZHV20\Release\Obj\User_XCOM.o
#        --redirect _Printf=_PrintfFull --redirect _Scanf=_ScanfFull -o
#        F:\code\YTJ\一体机\bp\EvalBoards\NXP\MCB2300\IAR\LSZHV20\Release\Exe\LSZH_V20_FLASH.out.tmp
#        --map
#        F:\code\YTJ\一体机\bp\EvalBoards\NXP\MCB2300\IAR\LSZHV20\Release\List\LSZH_V20_FLASH.map
#        --log initialization,modules,sections,veneers --log_file
#        F:\code\YTJ\一体机\bp\EvalBoards\NXP\MCB2300\IAR\LSZHV20\Release\List\LSZH_V20_FLASH.log
#        --config
#        F:\code\YTJ\一体机\bp\EvalBoards\NXP\MCB2300\IAR\LSZHV20\..\BSP\LSZH_V20_Relase.icf
#        --entry __iar_program_start --inline --vfe
#
###############################################################################

*******************************************************************************
*** RUNTIME MODEL ATTRIBUTES
***

CppFlavor       = *
__SystemLibrary = DLib


*******************************************************************************
*** PLACEMENT SUMMARY
***

"A1":  place at 0x00010000 { ro section .intvec };
"P1":  place in [from 0x00010044 to 0x0007ffff] { ro };
"P2":  place in [from 0x40000040 to 0x40007fff] {
          rw, block CSTACK, block SVC_STACK, block IRQ_STACK, block FIQ_STACK,
          block UND_STACK, block ABT_STACK, block HEAP };

  Section            Kind        Address     Size  Object
  -------            ----        -------     ----  ------
"A1":                                        0x40
  .intvec            ro code  0x00010000     0x40  cstartup.o [1]
                            - 0x00010040     0x40

"P1":                                     0x1b35c
  .text              ro code  0x00010044   0x3f80  User_on_msg.o [1]
  .text              ro code  0x00013fc4   0x10f4  PT2258.o [1]
  .text              ro code  0x000150b8   0x2370  Use_key.o [1]
  .text              ro code  0x00017428    0x158  lib_mem.o [1]
  .text              ro code  0x00017580    0x10c  LP2368_FLASH.o [1]
  .text              ro code  0x0001768c     0xd4  ABImemcpy.o [5]
  .text              ro code  0x00017760   0x1d20  User_option.o [1]
  .text              ro code  0x00019480    0x7b0  user_debug.o [1]
  .text              ro code  0x00019c30   0x11e0  User_power.o [1]
  .text              ro code  0x0001ae10    0x69c  ARP.o [1]
  .text              ro code  0x0001b4ac    0x498  User_udp.o [1]
  .text              ro code  0x0001b944    0x9b4  User_DW.o [1]
  .text              ro code  0x0001c2f8    0xa34  User_table.o [1]
  .text              ro code  0x0001cd2c     0x48  ABImemset48.o [5]
  .text              ro code  0x0001cd74    0x880  Use_Sound.o [1]
  .text              ro code  0x0001d5f4    0x1e8  TMS320AIC23.o [1]
  .text              ro code  0x0001d7dc    0x98c  PelcoD.o [1]
  .text              ro code  0x0001e168   0x144c  User_XCOM.o [1]
  .text              ro code  0x0001f5b4    0x104  os_time.o [1]
  .text              ro code  0x0001f6b8    0x5c8  User_Run.o [1]
  .text              ro code  0x0001fc80    0x990  io.o [1]
  .text              ro code  0x00020610    0x170  user_mem.o [1]
  .text              ro code  0x00020780     0x7c  ABImemset.o [5]
  CODE               ro code  0x000207fc    0x2dc  os_cpu_a.o [1]
  .text              ro code  0x00020ad8    0x314  RealTime.o [1]
  .text              ro code  0x00020dec    0x520  hw.o [1]
  .text              ro code  0x0002130c    0xbd0  CD22M3494.o [1]
  .text              ro code  0x00021edc    0x3ac  User_TB.o [1]
  .text              ro code  0x00022288      0x8  ABImemclr4.o [5]
  .text              ro code  0x00022290    0x1d4  I32DivMod.o [5]
  .text              ro code  0x00022464    0x4e4  I2C0INT.o [1]
  .text              ro code  0x00022948    0x38c  SC16IS752.o [1]
  .text              ro code  0x00022cd4    0x374  os_q.o [1]
  .text              ro code  0x00023048     0x6c  strcpy.o [5]
  .text              ro code  0x000230b4    0x670  I2C1INT.o [1]
  .text              ro code  0x00023724    0x104  lib_str.o [1]
  .text              ro code  0x00023828    0x71c  target.o [1]
  .text              ro code  0x00023f44    0x2b8  Udp.o [1]
  .text              ro code  0x000241fc     0x4c  vsprintf.o [3]
  .text              ro code  0x00024248     0x54  strlen.o [5]
  .text              ro code  0x0002429c     0xdc  Ethernet.o [1]
  .text              ro code  0x00024378    0x244  os_sem.o [1]
  .text              ro code  0x000245bc    0x250  dma.o [1]
  .text              ro code  0x0002480c     0xe8  i2s.o [1]
  .text              ro code  0x000248f4    0xef0  uart.o [1]
  .text              ro code  0x000257e4    0xaa0  os_core.o [1]
  .text              ro code  0x00026284    0x1c8  os_mem.o [1]
  .text              ro code  0x0002644c      0x4  IntDivZer.o [5]
  CODE               ro code  0x00026450     0x28  cpu_a.o [1]
  .text              ro code  0x00026478    0x5cc  Hardware_int.o [1]
  .text              ro code  0x00026a44    0x378  IP.o [1]
  .text              ro code  0x00026dbc   0x16d6  xprintffull.o [3]
  .text              ro code  0x00028492     0x2a  zero_init3.o [5]
  .text              ro code  0x000284bc     0x7c  os_flag.o [1]
  .text              ro code  0x00028538      0x4  os_dbg.o [1]
  .text              ro code  0x0002853c    0x294  os_task.o [1]
  .text              ro code  0x000287d0    0x13c  ICMP.o [1]
  .text              ro code  0x0002890c     0x20  strchr.o [5]
  .text              ro code  0x0002892c     0x94  memchr.o [5]
  .text              ro code  0x000289c0     0xd4  I64DivMod.o [5]
  .text              ro code  0x00028a94     0x7c  xdnorm.o [4]
  .text              ro code  0x00028b10     0x38  DblCmpLe.o [4]
  .text              ro code  0x00028b48     0x38  DblCmpGe.o [4]
  .text              ro code  0x00028b80    0x1e0  xdscale.o [4]
  .text              ro code  0x00028d60     0x60  DblToS32.o [4]
  .text              ro code  0x00028dc0     0x60  S32ToDbl.o [4]
  .text              ro code  0x00028e20    0x1f0  DblSub.o [4]
  .text              ro code  0x00029010    0x1f8  DblMul.o [4]
  .text              ro code  0x00029208    0x338  DblDiv.o [4]
  .text              ro code  0x00029540     0x3c  DblToU32.o [4]
  .text              ro code  0x0002957c     0x10  U32ToDbl.o [4]
  .text              ro code  0x0002958c     0x38  div.o [3]
  .text              ro code  0x000295c4     0xcc  os_cpu_c.o [1]
  .text              ro code  0x00029690      0x4  I64DivZer.o [5]
  .text              ro code  0x00029694    0x130  DblAdd.o [4]
  .rodata            const    0x000297c4    0x658  User_on_msg.o [1]
  .text              ro code  0x00029e1c    0x544  main.o [1]
  .rodata            const    0x0002a360    0x4c8  Use_key.o [1]
  .rodata            const    0x0002a828    0x1f8  User_Run.o [1]
  .rodata            const    0x0002aa20    0x180  User_option.o [1]
  .rodata            const    0x0002aba0    0x17c  User_power.o [1]
  .text              ro code  0x0002ad1c     0xde  packbits_init.o [5]
  .rodata            const    0x0002adfa      0x2  os_dbg.o [1]
  Veneer             ro code  0x0002adfc      0x4  - Linker created -
  .text              ro code  0x0002ae00      0x8  abort.o [3]
  .text              ro code  0x0002ae08     0x14  XXexit.o [5]
  .rodata            const    0x0002ae1c     0xd0  PT2258.o [1]
  .rodata            const    0x0002aeec     0xb8  User_XCOM.o [1]
  .rodata            const    0x0002afa4     0xb4  User_DW.o [1]
  text               ro code  0x0002b058     0x88  cstartup.o [1]
  .rodata            const    0x0002b0e0     0x4c  Use_Sound.o [1]
  .rodata            const    0x0002b12c     0x44  hw.o [1]
  .text              ro code  0x0002b170     0x32  data_init.o [5]
  .rodata            const    0x0002b1a2      0x2  os_dbg.o [1]
  .rodata            const    0x0002b1a4     0x30  User_table.o [1]
  Veneer             ro code  0x0002b1d4      0xc  - Linker created -
  .text              ro code  0x0002b1e0     0x2c  cmain.o [5]
  .text              ro code  0x0002b20c      0x4  exit.o [3]
  .text              ro code  0x0002b210     0x10  cexit.o [5]
  .rodata            const    0x0002b220     0x28  ARP.o [1]
  .rodata            const    0x0002b248     0x28  CD22M3494.o [1]
  .iar.init_table    const    0x0002b270     0x2c  - Linker created -
  .rodata            const    0x0002b29c     0x20  os_core.o [1]
  .rodata            const    0x0002b2bc     0x1c  user_debug.o [1]
  .text              ro code  0x0002b2d8     0x14  xsprout.o [3]
  .rodata            const    0x0002b2ec     0x10  main.o [1]
  .rodata            const    0x0002b2fc     0x10  User_TB.o [1]
  .rodata            const    0x0002b30c      0x4  os_dbg.o [1]
  .rodata            const    0x0002b310      0x4  User_udp.o [1]
  .rodata            const    0x0002b314      0x2  os_dbg.o [1]
  .rodata            const    0x0002b316      0x2  os_dbg.o [1]
  .rodata            const    0x0002b318      0x2  os_dbg.o [1]
  .rodata            const    0x0002b31a      0x2  os_dbg.o [1]
  .rodata            const    0x0002b31c      0x2  os_dbg.o [1]
  .rodata            const    0x0002b31e      0x2  os_dbg.o [1]
  .rodata            const    0x0002b320      0x2  os_dbg.o [1]
  .rodata            const    0x0002b322      0x2  os_dbg.o [1]
  .rodata            const    0x0002b324      0x2  os_dbg.o [1]
  .rodata            const    0x0002b326      0x2  os_dbg.o [1]
  .rodata            const    0x0002b328      0x2  os_dbg.o [1]
  .rodata            const    0x0002b32a      0x2  os_dbg.o [1]
  .rodata            const    0x0002b32c      0x2  os_dbg.o [1]
  .rodata            const    0x0002b32e      0x2  os_dbg.o [1]
  .rodata            const    0x0002b330      0x2  os_dbg.o [1]
  .rodata            const    0x0002b332      0x2  os_dbg.o [1]
  .rodata            const    0x0002b334      0x2  os_dbg.o [1]
  .rodata            const    0x0002b336      0x2  os_dbg.o [1]
  .rodata            const    0x0002b338      0x2  os_dbg.o [1]
  .rodata            const    0x0002b33a      0x2  os_dbg.o [1]
  .rodata            const    0x0002b33c      0x2  os_dbg.o [1]
  .rodata            const    0x0002b33e      0x2  os_dbg.o [1]
  .rodata            const    0x0002b340      0x2  os_dbg.o [1]
  .rodata            const    0x0002b342      0x2  os_dbg.o [1]
  .rodata            const    0x0002b344      0x2  os_dbg.o [1]
  .rodata            const    0x0002b346      0x2  os_dbg.o [1]
  .rodata            const    0x0002b348      0x2  os_dbg.o [1]
  .rodata            const    0x0002b34a      0x2  os_dbg.o [1]
  .rodata            const    0x0002b34c      0x2  os_dbg.o [1]
  .rodata            const    0x0002b34e      0x2  os_dbg.o [1]
  .rodata            const    0x0002b350      0x2  os_dbg.o [1]
  .rodata            const    0x0002b352      0x2  os_dbg.o [1]
  .rodata            const    0x0002b354      0x2  os_dbg.o [1]
  .rodata            const    0x0002b356      0x2  os_dbg.o [1]
  .rodata            const    0x0002b358      0x2  os_dbg.o [1]
  .rodata            const    0x0002b35a      0x2  os_dbg.o [1]
  .rodata            const    0x0002b35c      0x2  os_dbg.o [1]
  .rodata            const    0x0002b35e      0x2  os_dbg.o [1]
  .rodata            const    0x0002b360      0x2  os_dbg.o [1]
  .rodata            const    0x0002b362      0x2  os_dbg.o [1]
  .rodata            const    0x0002b364      0x2  os_dbg.o [1]
  .rodata            const    0x0002b366      0x2  os_dbg.o [1]
  .rodata            const    0x0002b368      0x2  os_dbg.o [1]
  .rodata            const    0x0002b36a      0x2  os_dbg.o [1]
  .rodata            const    0x0002b36c      0x2  os_dbg.o [1]
  .rodata            const    0x0002b36e      0x2  os_dbg.o [1]
  .rodata            const    0x0002b370      0x2  os_dbg.o [1]
  .rodata            const    0x0002b372      0x2  os_dbg.o [1]
  .rodata            const    0x0002b374      0x2  os_dbg.o [1]
  .rodata            const    0x0002b376      0x2  os_dbg.o [1]
  .rodata            const    0x0002b378      0x2  os_dbg.o [1]
  .rodata            const    0x0002b37a      0x0  zero_init3.o [5]
  .rodata            const    0x0002b37a      0x0  packbits_init.o [5]
  Initializer bytes  ro data  0x0002b37a     0x26  <for P2 s0>
                            - 0x0002b3a0  0x1b35c

"P2":                                      0x67a8
  P2 s0                       0x40000040    0x3d4  <Init block>
    .data            inited   0x40000040    0x238  User_option.o [1]
    .data            inited   0x40000278    0x190  ARP.o [1]
    .data            inited   0x40000408      0x8  PT2258.o [1]
    .data            inited   0x40000410      0x4  user_debug.o [1]
  .bss               zero     0x40000414   0x2b78  user_mem.o [1]
  .bss               zero     0x40002f8c   0x1a40  main.o [1]
  .bss               zero     0x400049cc    0x4d4  os_core.o [1]
  .bss               zero     0x40004ea0    0x3c4  os_core.o [1]
  .bss               zero     0x40005264    0x2f8  User_XCOM.o [1]
  .bss               zero     0x4000555c    0x200  os_core.o [1]
  .bss               zero     0x4000575c    0x200  os_core.o [1]
  .bss               zero     0x4000595c    0x114  RealTime.o [1]
  .bss               zero     0x40005a70     0xf4  User_option.o [1]
  .bss               zero     0x40005b64     0xf0  os_core.o [1]
  .bss               zero     0x40005c54     0xc8  os_core.o [1]
  .bss               zero     0x40005d1c     0x8c  os_core.o [1]
  .bss               zero     0x40005da8     0x78  Use_Sound.o [1]
  .bss               zero     0x40005e20     0x68  User_DW.o [1]
  .bss               zero     0x40005e88     0x48  CD22M3494.o [1]
  .bss               zero     0x40005ed0     0x44  LP2368_FLASH.o [1]
  .bss               zero     0x40005f14     0x34  Use_key.o [1]
  .bss               zero     0x40005f48     0x20  hw.o [1]
  .bss               zero     0x40005f68     0x1c  Use_key.o [1]
  .bss               zero     0x40005f84     0x14  PelcoD.o [1]
  .bss               zero     0x40005f98     0x14  User_Run.o [1]
  .bss               zero     0x40005fac     0x10  I2C0INT.o [1]
  .bss               zero     0x40005fbc     0x10  I2C1INT.o [1]
  .bss               zero     0x40005fcc      0xc  CD22M3494.o [1]
  .bss               zero     0x40005fd8      0xc  io.o [1]
  .bss               zero     0x40005fe4      0xc  User_TB.o [1]
  .bss               zero     0x40005ff0      0x8  target.o [1]
  .bss               zero     0x40005ff8      0x8  User_power.o [1]
  .bss               zero     0x40006000      0x8  User_XCOM.o [1]
  .bss               zero     0x40006008      0x4  io.o [1]
  .bss               zero     0x4000600c      0x4  os_core.o [1]
  .bss               zero     0x40006010      0x4  os_core.o [1]
  .bss               zero     0x40006014      0x4  os_core.o [1]
  .bss               zero     0x40006018      0x4  target.o [1]
  .bss               zero     0x4000601c      0x4  user_debug.o [1]
  .bss               zero     0x40006020      0x2  Hardware_int.o [1]
  .bss               zero     0x40006022      0x1  User_on_msg.o [1]
  CSTACK                      0x40006028    0x300  <Block>
    CSTACK           uninit   0x40006028    0x300  <Block tail>
  SVC_STACK                   0x40006328     0x20  <Block>
    SVC_STACK        uninit   0x40006328     0x20  <Block tail>
  IRQ_STACK                   0x40006348    0x300  <Block>
    IRQ_STACK        uninit   0x40006348    0x300  <Block tail>
  FIQ_STACK                   0x40006648     0x10  <Block>
    FIQ_STACK        uninit   0x40006648     0x10  <Block tail>
  UND_STACK                   0x40006658     0x10  <Block>
    UND_STACK        uninit   0x40006658     0x10  <Block tail>
  ABT_STACK                   0x40006668    0x180  <Block>
    ABT_STACK        uninit   0x40006668    0x180  <Block tail>
                            - 0x400067e8   0x67a8


*******************************************************************************
*** INIT TABLE
***

          Address     Size
          -------     ----
Zero (__iar_zero_init3)
    1 destination range, total size 0x5c0f:
          0x40000414  0x5c0f

Copy/packbits (__iar_packbits_init3)
    1 source range, total size 0x26 (3% of destination):
          0x0002b37a    0x26
    1 destination range, total size 0x3d4:
          0x40000040   0x3d4



*******************************************************************************
*** MODULE SUMMARY
***

    Module           ro code  ro data  rw data
    ------           -------  -------  -------
F:\code\YTJ\一体机\bp\EvalBoards\NXP\MCB2300\IAR\LSZHV20\Release\Obj: [1]
    ARP.o              1 692       55      400
    CD22M3494.o        3 024       40       84
    Ethernet.o           220
    Hardware_int.o     1 484                 2
    I2C0INT.o          1 252                16
    I2C1INT.o          1 648                16
    ICMP.o               316
    IP.o                 888
    LP2368_FLASH.o       268                68
    PT2258.o           4 340      208        8
    PelcoD.o           2 444                20
    RealTime.o           788               276
    SC16IS752.o          908
    TMS320AIC23.o        488
    Udp.o                696
    Use_Sound.o        2 176       76      120
    Use_key.o          9 072    1 224       80
    User_DW.o          2 484      180      104
    User_Run.o         1 480      504       20
    User_TB.o            940       16       12
    User_XCOM.o        5 196      184      768
    User_on_msg.o     16 256    1 624        1
    User_option.o      7 456      406      812
    User_power.o       4 576      380        8
    User_table.o       2 612       48
    User_udp.o         1 176        4
    cpu_a.o               40
    cstartup.o           200
    dma.o                592
    hw.o               1 312       68       32
    i2s.o                232
    io.o               2 448                16
    lib_mem.o            344
    lib_str.o            260
    main.o             1 348       16    6 720
    os_core.o          2 720       32    3 816
    os_cpu_a.o           732
    os_cpu_c.o           204
    os_dbg.o               4      110
    os_flag.o            124
    os_mem.o             456
    os_q.o               884
    os_sem.o             580
    os_task.o            660
    os_time.o            260
    target.o           1 820                12
    uart.o             3 824
    user_debug.o       1 968       29        8
    user_mem.o           368            11 128
    ------------------------------------------
    Total:            95 260    5 204   24 547

command line: [2]
    ------------------------------------------
    Total:

dl4t_aln.a: [3]
    abort.o                8
    div.o                 56
    exit.o                 4
    vsprintf.o            76
    xprintffull.o      5 846
    xsprout.o             20
    ------------------------------------------
    Total:             6 010

m4t_al.a: [4]
    DblAdd.o             304
    DblCmpGe.o            56
    DblCmpLe.o            56
    DblDiv.o             824
    DblMul.o             504
    DblSub.o             496
    DblToS32.o            96
    DblToU32.o            60
    S32ToDbl.o            96
    U32ToDbl.o            16
    xdnorm.o             124
    xdscale.o            480
    ------------------------------------------
    Total:             3 112

rt4t_al.a: [5]
    ABImemclr4.o           8
    ABImemcpy.o          212
    ABImemset.o          124
    ABImemset48.o         72
    I32DivMod.o          468
    I64DivMod.o          212
    I64DivZer.o            4
    IntDivZer.o            4
    XXexit.o              20
    cexit.o               16
    cmain.o               44
    data_init.o           50
    memchr.o             148
    packbits_init.o      222
    strchr.o              32
    strcpy.o             108
    strlen.o              84
    zero_init3.o          42
    ------------------------------------------
    Total:             1 870

    Linker created        16       44    1 984
----------------------------------------------
    Grand Total:     106 268    5 248   26 531


*******************************************************************************
*** ENTRY LIST
***

Entry                      Address    Size  Type      Object
-----                      -------    ----  ----      ------
?main                   0x0002b1e0          Code  Gb  cmain.o [5]
ABT_STACK$$Base         0x40006668           --   Gb  - Linker created -
ABT_STACK$$Limit        0x400067e8           --   Gb  - Linker created -
ARP_REP_MAC             0x40000400     0x8  Data  Gb  ARP.o [1]
ARP_Rec_Find            0x0001afd0    0xd0  Code  Gb  ARP.o [1]
ARP_Rec_Save            0x0001b0a0    0x80  Code  Gb  ARP.o [1]
ARP_ReceivePacket       0x0001b314    0x20  Code  Gb  ARP.o [1]
AT24C16_Read            0x00023530    0x34  Code  Gb  I2C1INT.o [1]
AT24C16_Write           0x00023564   0x14c  Code  Gb  I2C1INT.o [1]
AVCD22M3494Reset        0x0002130c   0x120  Code  Gb  CD22M3494.o [1]
AV_IN                   0x0002b248    0x14  Data  Gb  CD22M3494.o [1]
AV_OUT                  0x0002b25c    0x14  Data  Gb  CD22M3494.o [1]
AV_Select               0x00021558    0x3c  Code  Gb  CD22M3494.o [1]
Able_CMD_TB             0x00025010    0x7c  Code  Gb  uart.o [1]
Alarm_Link              0x00018030   0x13c  Code  Gb  User_option.o [1]
Alarmdev_id             0x400000c8     0xc  Data  Gb  User_option.o [1]
Arp_Answer              0x0001b1a4    0xe8  Code  Gb  ARP.o [1]
Arp_Request             0x0001b334    0xc8  Code  Gb  ARP.o [1]
BMK_Sound_Select        0x000148f4    0x38  Code  Gb  PT2258.o [1]
BSP_CPU_ClkFreq         0x000239b0    0x8c  Code  Gb  target.o [1]
BSP_CPU_PclkFreq        0x00023a3c    0xc0  Code  Gb  target.o [1]
BSP_IntDisAll           0x00023980    0x30  Code  Gb  target.o [1]
BinToChar               0x00017944    0x24  Code  Gb  User_option.o [1]
BlankCHK                0x00017648    0x34  Code  Gb  LP2368_FLASH.o [1]
CPU_SR_Restore          0x00026470          Code  Gb  cpu_a.o [1]
CPU_SR_Save             0x00026450          Code  Gb  cpu_a.o [1]
CSTACK$$Base            0x40006028           --   Gb  - Linker created -
CSTACK$$Limit           0x40006328           --   Gb  - Linker created -
CameraInit              0x00019d0c    0x8c  Code  Gb  User_power.o [1]
CameraPowerInit         0x00018a20    0xd0  Code  Gb  User_option.o [1]
Change_Encode_Num       0x00021c70    0x6c  Code  Gb  CD22M3494.o [1]
CheckSum1               0x0001d804    0x34  Code  Gb  PelcoD.o [1]
Check_FunctionMode      0x00017968    0xa4  Code  Gb  User_option.o [1]
Check_UDP_Paket         0x0001b858    0xe4  Code  Gb  User_udp.o [1]
ClassInfo_init          0x00017aa4   0x250  Code  Gb  User_option.o [1]
ClassTableWeekInit      0x00020d60    0x18  Code  Gb  RealTime.o [1]
Class_Table_Check       0x0001c910   0x12c  Code  Gb  User_table.o [1]
Class_Task_Start        0x0001816c   0x100  Code  Gb  User_option.o [1]
Config_printf           0x0001f6b8   0x218  Code  Gb  User_Run.o [1]
CoordinateBuf           0x40006000     0x8  Data  Gb  User_XCOM.o [1]
CreateIcmpCrc           0x000287d0    0x7c  Code  Gb  ICMP.o [1]
CreateIpHeadCrc         0x00026a44    0x74  Code  Gb  IP.o [1]
DBG_HexToChar           0x00019520    0xa0  Code  Gb  user_debug.o [1]
DBG_Log_write           0x00019480    0x54  Code  Gb  user_debug.o [1]
DBG_Str_printf          0x000194d4    0x4c  Code  Gb  user_debug.o [1]
DBG_XCOM_Printf         0x00019788    0x90  Code  Gb  user_debug.o [1]
DCS_TYPE_Str            0x40000270     0x8  Data  Gb  User_option.o [1]
DEVICE_LINK             0x40005e88    0x48  Data  Gb  CD22M3494.o [1]
DMAHandler              0x00024624    0x54  Code  Gb  dma.o [1]
DMA_Get_MICaddress      0x000245e8    0x3c  Code  Gb  dma.o [1]
DMA_Get_Play_Pointer    0x000245bc    0x2c  Code  Gb  dma.o [1]
DMA_Init                0x00024678   0x174  Code  Gb  dma.o [1]
DWQ_Contrl              0x0001c00c    0x98  Code  Gb  User_DW.o [1]
DW_CMD_Contrl           0x0001c0a4   0x1ec  Code  Gb  User_DW.o [1]
DW_Read_WD              0x0001bee4    0x3c  Code  Gb  User_DW.o [1]
DW_Wite_CoreIP          0x0001be90    0x54  Code  Gb  User_DW.o [1]
DW_init                 0x0001bf20    0xec  Code  Gb  User_DW.o [1]
Debug_SubCastIP         0x40000410     0x4  Data  Gb  user_debug.o [1]
DelPowerDeltimemsg      0x00019f00    0x2c  Code  Gb  User_power.o [1]
Delay                   0x00013fc4    0x14  Code  Gb  PT2258.o [1]
Device_DCS_Contrl       0x0001777c   0x174  Code  Gb  User_option.o [1]
Device_DCS_open         0x0002059c    0x30  Code  Gb  io.o [1]
Device_Get_MIX          0x00014cac     0xc  Code  Gb  PT2258.o [1]
Device_Get_Vol          0x00014c34    0x78  Code  Gb  PT2258.o [1]
Device_IC_Reset         0x00020534    0x34  Code  Gb  io.o [1]
Device_InVol            0x000149f0   0x158  Code  Gb  PT2258.o [1]
Device_KZ_Reset         0x00020568    0x34  Code  Gb  io.o [1]
Device_Link_Scan        0x00021e8c    0x3c  Code  Gb  CD22M3494.o [1]
Device_OutVol           0x00014b48    0xec  Code  Gb  PT2258.o [1]
Device_Rec_Find         0x00017ee0   0x150  Code  Gb  User_option.o [1]
Device_Rec_Scan         0x00018270   0x4b0  Code  Gb  User_option.o [1]
Device_Set_MIX          0x00014cb8   0x108  Code  Gb  PT2258.o [1]
Device_Sound_Contrl     0x00014dc0    0x38  Code  Gb  PT2258.o [1]
Device_Sound_Select     0x00014df8    0xec  Code  Gb  PT2258.o [1]
Device_Stat_Option      0x0001ca3c    0xbc  Code  Gb  User_table.o [1]
Device_Stat_Save        0x0001caf8    0x98  Code  Gb  User_table.o [1]
Device_Use_Stat_Read    0x0001cb90   0x120  Code  Gb  User_table.o [1]
Device_VGA_Off          0x00021db4    0x5c  Code  Gb  CD22M3494.o [1]
Device_VGA_Select       0x00021e10    0x7c  Code  Gb  CD22M3494.o [1]
Device_Video_Off        0x00021d58    0x5c  Code  Gb  CD22M3494.o [1]
Device_Video_Select     0x00021cdc    0x7c  Code  Gb  CD22M3494.o [1]
EINT1_Exception         0x0002550c   0x12c  Code  Gb  uart.o [1]
EINT3_Exception         0x0001fe74    0xb8  Code  Gb  io.o [1]
EMACHandler             0x000267d4    0x10  Code  Gb  Hardware_int.o [1]
EMACRxDescriptorInit    0x000265fc    0x84  Code  Gb  Hardware_int.o [1]
EMACTxDescriptorInit    0x00026580    0x7c  Code  Gb  Hardware_int.o [1]
EMAC_RxDisable          0x000264c4    0x24  Code  Gb  Hardware_int.o [1]
EMAC_RxEnable           0x000264a0    0x24  Code  Gb  Hardware_int.o [1]
EMAC_TxDisable          0x0002648c    0x14  Code  Gb  Hardware_int.o [1]
EMAC_TxEnable           0x00026478    0x14  Code  Gb  Hardware_int.o [1]
Encode_TAB              0x00029e14     0x8  Data  Gb  User_on_msg.o [1]
EraseSector             0x00017608    0x40  Code  Gb  LP2368_FLASH.o [1]
Ethernet_Exception      0x00026860    0x2c  Code  Gb  Hardware_int.o [1]
Ethernet_ReceivePacket  0x0002433c    0x3c  Code  Gb  Ethernet.o [1]
Ethernet_SendFrame      0x0002429c    0xa0  Code  Gb  Ethernet.o [1]
FIQ_STACK$$Base         0x40006648           --   Gb  - Linker created -
FIQ_STACK$$Limit        0x40006658           --   Gb  - Linker created -
FRun                    0x40005fa8     0x4  Data  Gb  User_Run.o [1]
File_ClassTable_Read    0x0001c76c    0xa0  Code  Gb  User_table.o [1]
File_ClassTable_Read_CurDay
                        0x0001c80c   0x104  Code  Gb  User_table.o [1]
File_ClassTable_Write   0x0001c6cc    0x74  Code  Gb  User_table.o [1]
File_ClassTable_Write_OneDay
                        0x0001c740    0x2c  Code  Gb  User_table.o [1]
File_Req                0x0001c2f8    0x40  Code  Gb  User_table.o [1]
File_Table_Read         0x0001c554   0x178  Code  Gb  User_table.o [1]
File_Table_Write        0x0001c338   0x21c  Code  Gb  User_table.o [1]
File_UserProgram_Write  0x0001ccb0    0x44  Code  Gb  User_table.o [1]
FocusFarCmd             0x0001e088    0x84  Code  Gb  PelcoD.o [1]
FocusNearCmd            0x0001e000    0x88  Code  Gb  PelcoD.o [1]
Get_ClassID             0x0001ae80     0x8  Code  Gb  ARP.o [1]
Get_ClassInfo_Table     0x0001767c     0xc  Code  Gb  LP2368_FLASH.o [1]
Get_Class_Stauts        0x0001776c    0x10  Code  Gb  User_option.o [1]
Get_Debug               0x0001943c    0x20  Code  Gb  User_option.o [1]
Get_DesIp               0x0001aecc    0xb4  Code  Gb  ARP.o [1]
Get_Device_Status       0x0001945c     0x8  Code  Gb  User_option.o [1]
Get_KeyData             0x000150b8     0x8  Code  Gb  Use_key.o [1]
Get_NetPort             0x0001ae78     0x8  Code  Gb  ARP.o [1]
Get_TB_REC_State        0x00022054     0x8  Code  Gb  User_TB.o [1]
Get_XCOM_Port           0x0001e168    0x10  Code  Gb  User_XCOM.o [1]
Get_ver                 0x00017760     0xc  Code  Gb  User_option.o [1]
GotoPrepositionCmd      0x0001dee4    0x90  Code  Gb  PelcoD.o [1]
HW_DEVICE               0x40005f48    0x20  Data  Gb  hw.o [1]
HW_XM_start             0x00020dec   0x2e4  Code  Gb  hw.o [1]
HW_init                 0x000212ac    0x30  Code  Gb  hw.o [1]
HW_send                 0x000210d0   0x1dc  Code  Gb  hw.o [1]
I2C0_Exception          0x0002260c   0x2d0  Code  Gb  I2C0INT.o [1]
I2C0_WriteNByte         0x00022464    0xd0  Code  Gb  I2C0INT.o [1]
I2C0_WriteNByte1        0x00022534    0xd8  Code  Gb  I2C0INT.o [1]
I2C1_Exception          0x00023260   0x2d0  Code  Gb  I2C1INT.o [1]
I2C1_ReadNByte          0x000230b4    0xd4  Code  Gb  I2C1INT.o [1]
I2C1_WriteNByte         0x00023188    0xd8  Code  Gb  I2C1INT.o [1]
I2C1_buf                0x40005fc0     0x4  Data  Gb  I2C1INT.o [1]
I2C1_end                0x40005fca     0x1  Data  Gb  I2C1INT.o [1]
I2C1_num                0x40005fc4     0x4  Data  Gb  I2C1INT.o [1]
I2C1_sla                0x40005fc8     0x1  Data  Gb  I2C1INT.o [1]
I2C1_suba               0x40005fbc     0x4  Data  Gb  I2C1INT.o [1]
I2C1_suba_en            0x40005fcb     0x1  Data  Gb  I2C1INT.o [1]
I2C1_suba_num           0x40005fc9     0x1  Data  Gb  I2C1INT.o [1]
I2C_buf                 0x40005fb0     0x4  Data  Gb  I2C0INT.o [1]
I2C_end                 0x40005fba     0x1  Data  Gb  I2C0INT.o [1]
I2C_num                 0x40005fb4     0x4  Data  Gb  I2C0INT.o [1]
I2C_sla                 0x40005fb8     0x1  Data  Gb  I2C0INT.o [1]
I2C_suba                0x40005fac     0x4  Data  Gb  I2C0INT.o [1]
I2C_suba_en             0x40005fbb     0x1  Data  Gb  I2C0INT.o [1]
I2C_suba_num            0x40005fb9     0x1  Data  Gb  I2C0INT.o [1]
I2SInit                 0x00024858    0x98  Code  Gb  i2s.o [1]
I2SStart                0x0002480c    0x24  Code  Gb  i2s.o [1]
I2SStop                 0x00024830    0x28  Code  Gb  i2s.o [1]
I2c0Init                0x000228dc    0x60  Code  Gb  I2C0INT.o [1]
I2c1Init                0x000236b0    0x60  Code  Gb  I2C1INT.o [1]
IAP_Entry               0x40005ef0     0x4  Data  Gb  LP2368_FLASH.o [1]
ICMP_ReceivePacket      0x0002884c    0xc0  Code  Gb  ICMP.o [1]
ICReader_Power          0x000205cc    0x44  Code  Gb  io.o [1]
IO_Contrl               0x00020128    0x80  Code  Gb  io.o [1]
IO_FlagLingt_Flash      0x000200d4    0x54  Code  Gb  io.o [1]
IO_IN_TAB               0x0002ab7c    0x24  Data  Gb  User_option.o [1]
IO_Out                  0x0001ff2c   0x138  Code  Gb  io.o [1]
IO_PC_Power             0x00019f2c    0x90  Code  Gb  User_power.o [1]
IO_Scan                 0x000201a8   0x360  Code  Gb  io.o [1]
IO_in                   0x00020064    0x70  Code  Gb  io.o [1]
IPByte_TO_Dword         0x0001aea8    0x24  Code  Gb  ARP.o [1]
IPDword_TO_Byte         0x0001ae88    0x20  Code  Gb  ARP.o [1]
IPMASK_Compare          0x0001b120    0x84  Code  Gb  ARP.o [1]
IP_Check                0x0001b3fc    0x84  Code  Gb  ARP.o [1]
IP_Compare              0x0001af80    0x50  Code  Gb  ARP.o [1]
IP_Debug_init           0x0001961c    0x28  Code  Gb  user_debug.o [1]
IP_ReceivePacket        0x00026d58    0x64  Code  Gb  IP.o [1]
IP_SendFrame            0x00026ab8   0x29c  Code  Gb  IP.o [1]
IP_printf               0x000196c4    0xc4  Code  Gb  user_debug.o [1]
IRQ_STACK$$Base         0x40006348           --   Gb  - Linker created -
IRQ_STACK$$Limit        0x40006648           --   Gb  - Linker created -
IS752_Scan              0x00022b28    0xb4  Code  Gb  SC16IS752.o [1]
InStream_Read           0x0002ad1d    0x22  Code  Lc  packbits_init.o [5]
InitIAP                 0x00017580    0x10  Code  Gb  LP2368_FLASH.o [1]
InitNet                 0x0002688c   0x174  Code  Gb  Hardware_int.o [1]
Initial_arp             0x0001ae10    0x68  Code  Gb  ARP.o [1]
Io_Init                 0x0001fcd0   0x124  Code  Gb  io.o [1]
IsImageRecognition      0x0001e110    0x54  Code  Gb  PelcoD.o [1]
KEY_CMD                 0x00015bbc  0x16e8  Code  Gb  Use_key.o [1]
KEY_DATA                0x40005f14    0x34  Data  Gb  Use_key.o [1]
KEY_Set_Vol             0x000150c0    0x44  Code  Gb  Use_key.o [1]
Key_TB_state            0x00015b64    0x28  Code  Gb  Use_key.o [1]
LAN_Sound_OUT           0x000149b8    0x38  Code  Gb  PT2258.o [1]
LAN_Sound_Select        0x0001492c    0x8c  Code  Gb  PT2258.o [1]
LAN_Test_Ack            0x0001b4ac    0x48  Code  Gb  User_udp.o [1]
LED_Contrl              0x00015104    0xd0  Code  Gb  Use_key.o [1]
LED_DATA                0x40005f68    0x1c  Data  Gb  Use_key.o [1]
LED_SendFLASH           0x00015438   0x138  Code  Gb  Use_key.o [1]
LED_Set                 0x000151d4   0x1c4  Code  Gb  Use_key.o [1]
LED_Time_Flash          0x00015398    0xa0  Code  Gb  Use_key.o [1]
LED_device_set          0x00015838   0x32c  Code  Gb  Use_key.o [1]
LMT_Delay_Power         0x0001f900    0x1c  Code  Gb  User_Run.o [1]
LMT_Power_Check         0x0001f968   0x1d8  Code  Gb  User_Run.o [1]
LMT_Power_contrl        0x0001f91c    0x4c  Code  Gb  User_Run.o [1]
LMT_init                0x0001f8d0    0x30  Code  Gb  User_Run.o [1]
Lan_TestFlag            0x0002b310     0x4  Data  Gb  User_udp.o [1]
LoadInt                 0x000276fc    0xc8  Code  Lc  xprintffull.o [3]
Log_Close               0x00019b1c    0x18  Code  Gb  user_debug.o [1]
Log_Create              0x00019818    0xd8  Code  Gb  user_debug.o [1]
MAM_Init                0x00023afc    0x58  Code  Lc  target.o [1]
MSG_PQ                  0x400000c0     0x4  Data  Gb  User_option.o [1]
MSG_Q                   0x400000d4    0x50  Data  Gb  User_option.o [1]
Mem_Clr                 0x00017428     0xc  Code  Gb  lib_mem.o [1]
Mem_Copy                0x000174d4    0xac  Code  Gb  lib_mem.o [1]
Mem_Set                 0x00017434    0xa0  Code  Gb  lib_mem.o [1]
Msg_Option_Find         0x00017e54    0x8c  Code  Gb  User_option.o [1]
Msg_send                0x00018724    0x98  Code  Gb  User_option.o [1]
NetPort                 0x40000278   0x188  Data  Gb  ARP.o [1]
ON_Change_State         0x000127c4   0x2a4  Code  Gb  User_on_msg.o [1]
ON_Device_select        0x000123b0   0x364  Code  Gb  User_on_msg.o [1]
ON_POWER_option         0x00019fbc   0x824  Code  Gb  User_power.o [1]
ON_Sound_Mute           0x00010044   0x180  Code  Gb  User_on_msg.o [1]
OSCPUUsage              0x40004a70     0x1  Data  Gb  os_core.o [1]
OSCtxSw                 0x000208ac          Code  Gb  os_cpu_a.o [1]
OSCtxSwCtr              0x400049cc     0x4  Data  Gb  os_core.o [1]
OSDataSize              0x0002b378     0x2  Data  Gb  os_dbg.o [1]
OSDebugEn               0x0002adfa     0x2  Data  Gb  os_dbg.o [1]
OSDebugInit             0x00028538     0x4  Code  Gb  os_dbg.o [1]
OSEndiannessTest        0x0002b30c     0x4  Data  Gb  os_dbg.o [1]
OSEventEn               0x0002b316     0x2  Data  Gb  os_dbg.o [1]
OSEventFreeList         0x40004ea0     0x4  Data  Gb  os_core.o [1]
OSEventMax              0x0002b1a2     0x2  Data  Gb  os_dbg.o [1]
OSEventNameSize         0x0002b314     0x2  Data  Gb  os_dbg.o [1]
OSEventSize             0x0002b318     0x2  Data  Gb  os_dbg.o [1]
OSEventTbl              0x40004ea4   0x3c0  Data  Gb  os_core.o [1]
OSEventTblSize          0x0002b31a     0x2  Data  Gb  os_dbg.o [1]
OSFlagEn                0x0002b31c     0x2  Data  Gb  os_dbg.o [1]
OSFlagFreeList          0x4000600c     0x4  Data  Gb  os_core.o [1]
OSFlagGrpSize           0x0002b31e     0x2  Data  Gb  os_dbg.o [1]
OSFlagMax               0x0002b324     0x2  Data  Gb  os_dbg.o [1]
OSFlagNameSize          0x0002b326     0x2  Data  Gb  os_dbg.o [1]
OSFlagNodeSize          0x0002b320     0x2  Data  Gb  os_dbg.o [1]
OSFlagTbl               0x40005c54    0xc8  Data  Gb  os_core.o [1]
OSFlagWidth             0x0002b322     0x2  Data  Gb  os_dbg.o [1]
OSIdleCtr               0x400049d8     0x4  Data  Gb  os_core.o [1]
OSIdleCtrMax            0x400049d0     0x4  Data  Gb  os_core.o [1]
OSIdleCtrRun            0x400049d4     0x4  Data  Gb  os_core.o [1]
OSInit                  0x000257e4    0x38  Code  Gb  os_core.o [1]
OSIntCtxSw              0x00020910          Code  Gb  os_cpu_a.o [1]
OSIntExit               0x0002581c    0x8c  Code  Gb  os_core.o [1]
OSIntNesting            0x40004a72     0x1  Data  Gb  os_core.o [1]
OSLockNesting           0x40004a73     0x1  Data  Gb  os_core.o [1]
OSLowestPrio            0x0002b328     0x2  Data  Gb  os_dbg.o [1]
OSMboxEn                0x0002b32a     0x2  Data  Gb  os_dbg.o [1]
OSMemCreate             0x00026284    0xa0  Code  Gb  os_mem.o [1]
OSMemEn                 0x0002b32c     0x2  Data  Gb  os_dbg.o [1]
OSMemFreeList           0x40006010     0x4  Data  Gb  os_core.o [1]
OSMemGet                0x00026324    0x5c  Code  Gb  os_mem.o [1]
OSMemMax                0x0002b32e     0x2  Data  Gb  os_dbg.o [1]
OSMemNameSize           0x0002b330     0x2  Data  Gb  os_dbg.o [1]
OSMemPut                0x00026380    0x50  Code  Gb  os_mem.o [1]
OSMemSize               0x0002b332     0x2  Data  Gb  os_dbg.o [1]
OSMemTbl                0x40005d1c    0x8c  Data  Gb  os_core.o [1]
OSMemTblSize            0x0002b334     0x2  Data  Gb  os_dbg.o [1]
OSMutexEn               0x0002b336     0x2  Data  Gb  os_dbg.o [1]
OSPrioCur               0x40004a74     0x1  Data  Gb  os_core.o [1]
OSPrioHighRdy           0x40004a75     0x1  Data  Gb  os_core.o [1]
OSPtrSize               0x0002b338     0x2  Data  Gb  os_dbg.o [1]
OSQCreate               0x00022cd4    0xd4  Code  Gb  os_q.o [1]
OSQEn                   0x0002b33a     0x2  Data  Gb  os_dbg.o [1]
OSQFreeList             0x40006014     0x4  Data  Gb  os_core.o [1]
OSQMax                  0x0002b33c     0x2  Data  Gb  os_dbg.o [1]
OSQPend                 0x00022da8   0x168  Code  Gb  os_q.o [1]
OSQPost                 0x00022f10    0xc4  Code  Gb  os_q.o [1]
OSQSize                 0x0002b33e     0x2  Data  Gb  os_dbg.o [1]
OSQTbl                  0x40005b64    0xf0  Data  Gb  os_core.o [1]
OSRdyGrp                0x40004a76     0x1  Data  Gb  os_core.o [1]
OSRdyTbl                0x40004a7c     0x4  Data  Gb  os_core.o [1]
OSRdyTblSize            0x0002b340     0x2  Data  Gb  os_dbg.o [1]
OSRunning               0x40004a77     0x1  Data  Gb  os_core.o [1]
OSSemCreate             0x00024378    0x78  Code  Gb  os_sem.o [1]
OSSemEn                 0x0002b342     0x2  Data  Gb  os_dbg.o [1]
OSSemPend               0x000243f0   0x124  Code  Gb  os_sem.o [1]
OSSemPost               0x00024524    0x98  Code  Gb  os_sem.o [1]
OSStart                 0x000258a8    0x3c  Code  Gb  os_core.o [1]
OSStartHighRdy          0x00020878          Code  Gb  os_cpu_a.o [1]
OSStatRdy               0x40004a71     0x1  Data  Gb  os_core.o [1]
OSStkWidth              0x0002b344     0x2  Data  Gb  os_dbg.o [1]
OSTCBCur                0x400049dc     0x4  Data  Gb  os_core.o [1]
OSTCBFreeList           0x400049e0     0x4  Data  Gb  os_core.o [1]
OSTCBHighRdy            0x400049e4     0x4  Data  Gb  os_core.o [1]
OSTCBList               0x400049e8     0x4  Data  Gb  os_core.o [1]
OSTCBPrioTbl            0x400049ec    0x80  Data  Gb  os_core.o [1]
OSTCBPrioTblMax         0x0002b35c     0x2  Data  Gb  os_dbg.o [1]
OSTCBSize               0x0002b35e     0x2  Data  Gb  os_dbg.o [1]
OSTCBTbl                0x40004a80   0x420  Data  Gb  os_core.o [1]
OSTaskCreateEn          0x0002b346     0x2  Data  Gb  os_dbg.o [1]
OSTaskCreateExt         0x0002853c    0xf0  Code  Gb  os_task.o [1]
OSTaskCreateExtEn       0x0002b348     0x2  Data  Gb  os_dbg.o [1]
OSTaskCtr               0x40004a78     0x1  Data  Gb  os_core.o [1]
OSTaskDelEn             0x0002b34a     0x2  Data  Gb  os_dbg.o [1]
OSTaskIdleStk           0x4000575c   0x200  Data  Gb  os_core.o [1]
OSTaskIdleStkSize       0x0002b34c     0x2  Data  Gb  os_dbg.o [1]
OSTaskMax               0x0002b350     0x2  Data  Gb  os_dbg.o [1]
OSTaskNameSet           0x0002862c    0xbc  Code  Gb  os_task.o [1]
OSTaskNameSize          0x0002b352     0x2  Data  Gb  os_dbg.o [1]
OSTaskProfileEn         0x0002b34e     0x2  Data  Gb  os_dbg.o [1]
OSTaskStatEn            0x0002b354     0x2  Data  Gb  os_dbg.o [1]
OSTaskStatStk           0x4000555c   0x200  Data  Gb  os_core.o [1]
OSTaskStatStkChkEn      0x0002b358     0x2  Data  Gb  os_dbg.o [1]
OSTaskStatStkSize       0x0002b356     0x2  Data  Gb  os_dbg.o [1]
OSTaskStkChk            0x000286e8    0xb0  Code  Gb  os_task.o [1]
OSTaskStkInit           0x000295c4    0x98  Code  Gb  os_cpu_c.o [1]
OSTaskSwHook            0x0002965c     0x4  Code  Gb  os_cpu_c.o [1]
OSTaskSwHookEn          0x0002b35a     0x2  Data  Gb  os_dbg.o [1]
OSTickStepState         0x40004a79     0x1  Data  Gb  os_core.o [1]
OSTicksPerSec           0x0002b360     0x2  Data  Gb  os_dbg.o [1]
OSTime                  0x40004a6c     0x4  Data  Gb  os_core.o [1]
OSTimeDly               0x0001f5b4    0x70  Code  Gb  os_time.o [1]
OSTimeDlyHMSM           0x0001f624    0x84  Code  Gb  os_time.o [1]
OSTimeTick              0x000258e4   0x118  Code  Gb  os_core.o [1]
OSTimeTickHookEn        0x0002b362     0x2  Data  Gb  os_dbg.o [1]
OSTmrCfgMax             0x0002b368     0x2  Data  Gb  os_dbg.o [1]
OSTmrCfgNameSize        0x0002b36a     0x2  Data  Gb  os_dbg.o [1]
OSTmrCfgTicksPerSec     0x0002b36e     0x2  Data  Gb  os_dbg.o [1]
OSTmrCfgWheelSize       0x0002b36c     0x2  Data  Gb  os_dbg.o [1]
OSTmrEn                 0x0002b366     0x2  Data  Gb  os_dbg.o [1]
OSTmrSize               0x0002b370     0x2  Data  Gb  os_dbg.o [1]
OSTmrTblSize            0x0002b372     0x2  Data  Gb  os_dbg.o [1]
OSTmrWheelSize          0x0002b374     0x2  Data  Gb  os_dbg.o [1]
OSTmrWheelTblSize       0x0002b376     0x2  Data  Gb  os_dbg.o [1]
OSUnMapTbl              0x00026184   0x100  Data  Gb  os_core.o [1]
OSVersionNbr            0x0002b364     0x2  Data  Gb  os_dbg.o [1]
OS_CPU_ARM_ExceptAddrAbortHndlr
                        0x000209a4          Code  Gb  os_cpu_a.o [1]
OS_CPU_ARM_ExceptDataAbortHndlr
                        0x00020990          Code  Gb  os_cpu_a.o [1]
OS_CPU_ARM_ExceptFiqHndlr
                        0x000209cc          Code  Gb  os_cpu_a.o [1]
OS_CPU_ARM_ExceptIrqHndlr
                        0x000209b8          Code  Gb  os_cpu_a.o [1]
OS_CPU_ARM_ExceptPrefetchAbortHndlr
                        0x0002097c          Code  Gb  os_cpu_a.o [1]
OS_CPU_ARM_ExceptResetHndlr
                        0x0002094c          Code  Gb  os_cpu_a.o [1]
OS_CPU_ARM_ExceptSwiHndlr
                        0x0002096c          Code  Gb  os_cpu_a.o [1]
OS_CPU_ARM_ExceptUndefInstrHndlr
                        0x0002095c          Code  Gb  os_cpu_a.o [1]
OS_CPU_ExceptHndlr      0x00023c9c   0x130  Code  Gb  target.o [1]
OS_CPU_SR_FIQ_Dis       0x00020858          Code  Gb  os_cpu_a.o [1]
OS_CPU_SR_FIQ_En        0x00020868          Code  Gb  os_cpu_a.o [1]
OS_CPU_SR_INT_Dis       0x00020814          Code  Gb  os_cpu_a.o [1]
OS_CPU_SR_INT_En        0x00020824          Code  Gb  os_cpu_a.o [1]
OS_CPU_SR_IRQ_Dis       0x00020838          Code  Gb  os_cpu_a.o [1]
OS_CPU_SR_IRQ_En        0x00020848          Code  Gb  os_cpu_a.o [1]
OS_CPU_SR_Restore       0x0002080c          Code  Gb  os_cpu_a.o [1]
OS_CPU_SR_Save          0x000207fc          Code  Gb  os_cpu_a.o [1]
OS_EventTOAbort         0x00025b24    0x58  Code  Gb  os_core.o [1]
OS_EventTaskRdy         0x000259fc    0xb8  Code  Gb  os_core.o [1]
OS_EventTaskWait        0x00025ab4    0x70  Code  Gb  os_core.o [1]
OS_EventWaitListInit    0x00025b7c    0x30  Code  Gb  os_core.o [1]
OS_FlagInit             0x000284bc    0x74  Code  Gb  os_flag.o [1]
OS_InitEventList        0x00025bac    0x74  Code  Lc  os_core.o [1]
OS_InitMisc             0x00025c20    0x30  Code  Lc  os_core.o [1]
OS_InitRdyList          0x00025c50    0x40  Code  Lc  os_core.o [1]
OS_InitTCBList          0x00025d50    0x7c  Code  Lc  os_core.o [1]
OS_InitTaskIdle         0x00025c90    0x60  Code  Lc  os_core.o [1]
OS_InitTaskStat         0x00025cf0    0x60  Code  Lc  os_core.o [1]
OS_MemClr               0x00025dcc    0x20  Code  Gb  os_core.o [1]
OS_MemInit              0x000263d0    0x74  Code  Gb  os_mem.o [1]
OS_QInit                0x00022fd4    0x5c  Code  Gb  os_q.o [1]
OS_Sched                0x00025dec    0x68  Code  Gb  os_core.o [1]
OS_SchedNew             0x00025e54    0x28  Code  Lc  os_core.o [1]
OS_StrCopy              0x00025e7c    0x34  Code  Gb  os_core.o [1]
OS_StrLen               0x00025eb0    0x28  Code  Gb  os_core.o [1]
OS_TCBInit              0x0002601c   0x14c  Code  Gb  os_core.o [1]
OS_TaskIdle             0x00025ed8    0x24  Code  Gb  os_core.o [1]
OS_TaskStat             0x00025efc    0xac  Code  Gb  os_core.o [1]
OS_TaskStatStkChk       0x00025fa8    0x74  Code  Gb  os_core.o [1]
OS_TaskStkClr           0x000287a8    0x28  Code  Gb  os_task.o [1]
On_MSG_OPTION           0x00012344    0x6c  Code  Gb  User_on_msg.o [1]
On_MSG_OPTION_AUTOTRACK_OFF
                        0x00010e90    0x18  Code  Gb  User_on_msg.o [1]
On_MSG_OPTION_AUTOTRACK_ON
                        0x00010e78    0x18  Code  Gb  User_on_msg.o [1]
On_MSG_OPTION_AUTO_OFF  0x00010bec    0x6c  Code  Gb  User_on_msg.o [1]
On_MSG_OPTION_AUTO_ON   0x00010b7c    0x70  Code  Gb  User_on_msg.o [1]
On_MSG_OPTION_CLASS_BEGIN
                        0x00010434   0x200  Code  Gb  User_on_msg.o [1]
On_MSG_OPTION_CLASS_OVER
                        0x00010634   0x1b4  Code  Gb  User_on_msg.o [1]
On_MSG_OPTION_CODE1_SPEED
                        0x00012e30   0x12c  Code  Gb  User_on_msg.o [1]
On_MSG_OPTION_COMM      0x0001e1f0    0x64  Code  Gb  User_XCOM.o [1]
On_MSG_OPTION_CardContrl
                        0x00013d0c   0x278  Code  Gb  User_on_msg.o [1]
On_MSG_OPTION_DEBUG     0x000119b0    0x68  Code  Gb  User_on_msg.o [1]
On_MSG_OPTION_DEV_REMOTE_OFF
                        0x00010d50    0x94  Code  Gb  User_on_msg.o [1]
On_MSG_OPTION_DEV_REMOTE_ON
                        0x00010c58    0x7c  Code  Gb  User_on_msg.o [1]
On_MSG_OPTION_DEV_RESET
                        0x00011a1c    0x10  Code  Gb  User_on_msg.o [1]
On_MSG_OPTION_FILE_REQ  0x00011a2c    0x44  Code  Gb  User_on_msg.o [1]
On_MSG_OPTION_FILE_SEND
                        0x00011a70    0x68  Code  Gb  User_on_msg.o [1]
On_MSG_OPTION_FRAME     0x00012cfc   0x130  Code  Gb  User_on_msg.o [1]
On_MSG_OPTION_HD_OFF    0x00010ef0    0x18  Code  Gb  User_on_msg.o [1]
On_MSG_OPTION_HD_ON     0x00010ed8    0x18  Code  Gb  User_on_msg.o [1]
On_MSG_OPTION_HELP_BREAK
                        0x00010aec    0x90  Code  Gb  User_on_msg.o [1]
On_MSG_OPTION_HELP_LINK
                        0x00010a78    0x74  Code  Gb  User_on_msg.o [1]
On_MSG_OPTION_HELP_OFF  0x00010880    0x94  Code  Gb  User_on_msg.o [1]
On_MSG_OPTION_HELP_ON   0x000107e8    0x98  Code  Gb  User_on_msg.o [1]
On_MSG_OPTION_HELP_TEST
                        0x000109d8    0x2c  Code  Gb  User_on_msg.o [1]
On_MSG_OPTION_IO_TEST   0x00013a30   0x230  Code  Gb  User_on_msg.o [1]
On_MSG_OPTION_IPPlay    0x00010a04    0x74  Code  Gb  User_on_msg.o [1]
On_MSG_OPTION_IP_DPlay  0x00010914    0x74  Code  Gb  User_on_msg.o [1]
On_MSG_OPTION_LEDContrl
                        0x00013c68    0x3c  Code  Gb  User_on_msg.o [1]
On_MSG_OPTION_LMT_ReqStatus
                        0x00013398    0xe8  Code  Gb  User_on_msg.o [1]
On_MSG_OPTION_METRIC    0x00012bcc   0x130  Code  Gb  User_on_msg.o [1]
On_MSG_OPTION_MSG_RUN   0x000101c4   0x254  Code  Gb  User_on_msg.o [1]
On_MSG_OPTION_PERSONAL_TALL
                        0x00012f5c   0x13c  Code  Gb  User_on_msg.o [1]
On_MSG_OPTION_POWER     0x00010418    0x1c  Code  Gb  User_on_msg.o [1]
On_MSG_OPTION_POWERCARD_ONOFF
                        0x0001a7f4   0x4f4  Code  Gb  User_power.o [1]
On_MSG_OPTION_RECORD    0x00012a68   0x15c  Code  Gb  User_on_msg.o [1]
On_MSG_OPTION_REC_Contrl
                        0x0001323c   0x15c  Code  Gb  User_on_msg.o [1]
On_MSG_OPTION_REC_REMOTE_OFF
                        0x00010de4    0x94  Code  Gb  User_on_msg.o [1]
On_MSG_OPTION_REC_REMOTE_ON
                        0x00010cd4    0x7c  Code  Gb  User_on_msg.o [1]
On_MSG_OPTION_SCAMERA   0x00013488   0x4a4  Code  Gb  User_on_msg.o [1]
On_MSG_OPTION_SCAMERA_CONTRL
                        0x00010f40   0xa6c  Code  Gb  User_on_msg.o [1]
On_MSG_OPTION_SELECT_SCAMERA
                        0x00013098   0x1a4  Code  Gb  User_on_msg.o [1]
On_MSG_OPTION_SERVER_FILE_SEND
                        0x00011ad8   0x168  Code  Gb  User_on_msg.o [1]
On_MSG_OPTION_SEVER_ACK
                        0x00011c40    0x8c  Code  Gb  User_on_msg.o [1]
On_MSG_OPTION_SOUND_SELECT
                        0x00013930    0x14  Code  Gb  User_on_msg.o [1]
On_MSG_OPTION_SOUND_VOL
                        0x00013944    0x3c  Code  Gb  User_on_msg.o [1]
On_MSG_OPTION_STATUS_CHANGE
                        0x00011ccc   0x188  Code  Gb  User_on_msg.o [1]
On_MSG_OPTION_STRATEGY_OFF
                        0x00010ec0    0x18  Code  Gb  User_on_msg.o [1]
On_MSG_OPTION_STRATEGY_ON
                        0x00010ea8    0x18  Code  Gb  User_on_msg.o [1]
On_MSG_OPTION_SVRLINK_REQ
                        0x00011e70    0x50  Code  Gb  User_on_msg.o [1]
On_MSG_OPTION_TIMEACTIVE
                        0x00011ec0   0x158  Code  Gb  User_on_msg.o [1]
On_MSG_OPTION_TYJ_DIS_VGA
                        0x00013cfc    0x10  Code  Gb  User_on_msg.o [1]
On_MSG_OPTION_VGA_SELECT
                        0x000139d8    0x54  Code  Gb  User_on_msg.o [1]
On_MSG_OPTION_VIDEO_SELECT
                        0x00013980    0x54  Code  Gb  User_on_msg.o [1]
On_MSG_OPTION_YY_Teather
                        0x00013ca4    0x58  Code  Gb  User_on_msg.o [1]
On_MSG_Power_OPTION     0x000121c4   0x180  Code  Gb  User_on_msg.o [1]
On_MSG_RepeatPower_OPTION
                        0x00012068   0x15c  Code  Gb  User_on_msg.o [1]
Option_init             0x00017a0c    0x98  Code  Gb  User_option.o [1]
PHYID                   0x40006020     0x2  Data  Gb  Hardware_int.o [1]
PINInit                 0x0001fc80    0x50  Code  Gb  io.o [1]
PLL_Init                0x00023b54   0x10c  Code  Lc  target.o [1]
POWER_FLAG              0x40005ff8     0x4  Data  Gb  User_power.o [1]
POWER_FLAG_STATE        0x40005ffc     0x4  Data  Gb  User_power.o [1]
POWER_Set               0x00019d98   0x114  Code  Gb  User_power.o [1]
POWER_init              0x00019c30    0xdc  Code  Gb  User_power.o [1]
POWER_msg_rev           0x0001ad10    0x2c  Code  Gb  User_power.o [1]
PT2258Init              0x00014ef4   0x198  Code  Gb  PT2258.o [1]
Power_Beep              0x0001ad3c    0xb8  Code  Gb  User_power.o [1]
Print_MSG_info          0x00019904   0x218  Code  Gb  user_debug.o [1]
QXCOM                   0x40005444    0x28  Data  Gb  User_XCOM.o [1]
QXCOM0_Sbuf             0x4000546c    0x28  Data  Gb  User_XCOM.o [1]
QXCOM1_Sbuf             0x40005494    0x28  Data  Gb  User_XCOM.o [1]
QXCOM2_Sbuf             0x400054bc    0x28  Data  Gb  User_XCOM.o [1]
QXCOM3_Sbuf             0x400054e4    0x28  Data  Gb  User_XCOM.o [1]
QXCOM4_Sbuf             0x4000550c    0x28  Data  Gb  User_XCOM.o [1]
QXCOM5_Sbuf             0x40005534    0x28  Data  Gb  User_XCOM.o [1]
QXCOM_rev               0x40005440     0x4  Data  Gb  User_XCOM.o [1]
REC_ARP_REQ             0x0001b28c    0x88  Code  Gb  ARP.o [1]
RFIC_K103_Mode          0x0001b9f0   0x3c8  Code  Gb  User_DW.o [1]
RF_CARD_Check           0x0001bdb8    0xd8  Code  Gb  User_DW.o [1]
RF_card_times           0x40005e80     0x4  Data  Lc  User_DW.o [1]
RTime                   0x4000595c     0x8  Data  Gb  RealTime.o [1]
RamToFlash              0x000175c4    0x44  Code  Gb  LP2368_FLASH.o [1]
Random                  0x000178f0    0x54  Code  Gb  User_option.o [1]
Read_PHY                0x0002652c    0x54  Code  Gb  Hardware_int.o [1]
RealTime_Get            0x00020ad8    0x64  Code  Gb  RealTime.o [1]
RealTime_Get_Minute     0x00020b3c    0x20  Code  Gb  RealTime.o [1]
RealTime_IRQ            0x00020bd4   0x108  Code  Gb  RealTime.o [1]
RealTime_Set            0x00020d78    0x5c  Code  Gb  RealTime.o [1]
RealTime_init           0x00020cdc    0x84  Code  Gb  RealTime.o [1]
Rec_Packet              0x000267e4    0x7c  Code  Gb  Hardware_int.o [1]
Region$$Table$$Base     0x0002b270           --   Gb  - Linker created -
Region$$Table$$Limit    0x0002b29c           --   Gb  - Linker created -
Reset                   0x00023874    0x10  Code  Gb  target.o [1]
Reset_BootLoader        0x00023970    0x10  Code  Gb  target.o [1]
Reset_boot              0x40006018     0x4  Data  Gb  target.o [1]
Rev                     0x40005fd8     0x8  Data  Gb  io.o [1]
Rtime_IRQFlag           0x00020b5c    0x78  Code  Gb  RealTime.o [1]
Run_Send_Flag           0x0001fb40     0xc  Code  Gb  User_Run.o [1]
SEL                     0x40000408     0x8  Data  Gb  PT2258.o [1]
SOUND_DEVICE_Mute       0x00014618   0x1e8  Code  Gb  PT2258.o [1]
SPI_Init                0x00022948    0x1c  Code  Gb  SC16IS752.o [1]
SPI_read                0x00022988    0x8c  Code  Gb  SC16IS752.o [1]
SPI_send                0x00022964    0x24  Code  Gb  SC16IS752.o [1]
SPI_write               0x00022a14    0x90  Code  Gb  SC16IS752.o [1]
SPI_writeData           0x00022aa4    0x84  Code  Gb  SC16IS752.o [1]
SVC_STACK$$Base         0x40006328           --   Gb  - Linker created -
SVC_STACK$$Limit        0x40006348           --   Gb  - Linker created -
SelSector               0x00017590    0x34  Code  Gb  LP2368_FLASH.o [1]
Send_Packet             0x000266b8   0x11c  Code  Gb  Hardware_int.o [1]
Send_State              0x0001271c    0x90  Code  Gb  User_on_msg.o [1]
SetAddress              0x0001d7dc    0x28  Code  Gb  PelcoD.o [1]
SetMacID                0x00026680    0x38  Code  Gb  Hardware_int.o [1]
SetPowerDeltimemsg      0x00019eac    0x54  Code  Gb  User_power.o [1]
SetPrepositionCmd       0x0001df74    0x8c  Code  Gb  PelcoD.o [1]
SetVICIRQ               0x00023884    0x38  Code  Gb  target.o [1]
SoundVolumeControl      0x00013fd8   0x640  Code  Gb  PT2258.o [1]
Sound_Close             0x0001cea8   0x194  Code  Gb  Use_Sound.o [1]
Sound_Contrl            0x40005da8    0x78  Data  Gb  Use_Sound.o [1]
Sound_Echo_Contrl       0x0001cd74    0x70  Code  Gb  Use_Sound.o [1]
Sound_Get_Play_No       0x0001d03c    0xb0  Code  Gb  Use_Sound.o [1]
Sound_Input_Int         0x0001d30c   0x110  Code  Gb  Use_Sound.o [1]
Sound_Open              0x0001cde4    0xc4  Code  Gb  Use_Sound.o [1]
Sound_Play_Int          0x0001d238    0xac  Code  Gb  Use_Sound.o [1]
Sound_Pointer_Scan      0x0001d1b4    0x84  Code  Gb  Use_Sound.o [1]
Sound_Save_PlayData     0x0001d0ec    0xc8  Code  Gb  Use_Sound.o [1]
Sound_init              0x0001d41c   0x144  Code  Gb  Use_Sound.o [1]
SpiSendData             0x00014800    0x80  Code  Gb  PT2258.o [1]
SpiSendData1            0x00014880    0x74  Code  Gb  PT2258.o [1]
StopCmd                 0x0001de8c    0x58  Code  Gb  PelcoD.o [1]
StopFocus               0x0001ddd8    0x3c  Code  Gb  PelcoD.o [1]
StopPanTilt             0x0001de50    0x3c  Code  Gb  PelcoD.o [1]
StopZoom                0x0001de14    0x3c  Code  Gb  PelcoD.o [1]
Str_Cmp                 0x00023750    0xd8  Code  Gb  lib_str.o [1]
Str_Len                 0x00023724    0x2c  Code  Gb  lib_str.o [1]
TASK_RUN                0x0001fb4c    0xc0  Code  Gb  User_Run.o [1]
TASK_RUN_stack          0x40003a7c   0x4b0  Data  Gb  main.o [1]
TASK_START              0x00029f48   0x340  Code  Gb  main.o [1]
TASK_START_stack        0x40002f8c   0x640  Data  Gb  main.o [1]
TASK_TABLE              0x40005a70    0xf4  Data  Gb  User_option.o [1]
TASK_UART               0x0001f474    0xf4  Code  Gb  User_XCOM.o [1]
TASK_UART0Send          0x0001f178    0x60  Code  Gb  User_XCOM.o [1]
TASK_UART0Send_stack    0x40003f2c   0x190  Data  Gb  main.o [1]
TASK_UART1Send          0x0001f1d8    0x6c  Code  Gb  User_XCOM.o [1]
TASK_UART1Send_stack    0x400040bc   0x190  Data  Gb  main.o [1]
TASK_UART2Send          0x0001f244    0x60  Code  Gb  User_XCOM.o [1]
TASK_UART2Send_stack    0x4000424c   0x190  Data  Gb  main.o [1]
TASK_UART3Send          0x0001f2a4    0x60  Code  Gb  User_XCOM.o [1]
TASK_UART3Send_stack    0x400043dc   0x190  Data  Gb  main.o [1]
TASK_UART4Send          0x0001f304    0xbc  Code  Gb  User_XCOM.o [1]
TASK_UART4Send_stack    0x4000456c   0x190  Data  Gb  main.o [1]
TASK_UART5Send          0x0001f3c0    0xb4  Code  Gb  User_XCOM.o [1]
TASK_UART5Send_stack    0x400046fc   0x2d0  Data  Gb  main.o [1]
TASK_UART_stack         0x400035cc   0x4b0  Data  Gb  main.o [1]
TB_REC_UnFreez          0x0002205c    0x78  Code  Gb  User_TB.o [1]
TB_ReadVer              0x00021efc    0x3c  Code  Gb  User_TB.o [1]
TB_Read_Csingle         0x00021f38    0x40  Code  Gb  User_TB.o [1]
TB_Read_state           0x00021f78    0x40  Code  Gb  User_TB.o [1]
TB_SelectAV             0x00022008    0x4c  Code  Gb  User_TB.o [1]
TB_SelectVGA            0x00021fb8    0x50  Code  Gb  User_TB.o [1]
TB_SingleChage          0x00021edc    0x20  Code  Gb  User_TB.o [1]
TB_init                 0x000220e0   0x174  Code  Gb  User_TB.o [1]
TMS320AIC23_Reg_Write   0x0001d618    0x8c  Code  Gb  TMS320AIC23.o [1]
TMS320AIC23_Set_Vol     0x0001d6a4    0xa8  Code  Gb  TMS320AIC23.o [1]
TMS320AIC23_init        0x0001d74c    0x90  Code  Gb  TMS320AIC23.o [1]
TargetInit              0x00023930    0x40  Code  Gb  target.o [1]
TargetResetInit         0x00023c60    0x3c  Code  Gb  target.o [1]
Task_Rec_Del            0x000187c0    0xd4  Code  Gb  User_option.o [1]
Task_Rec_Find           0x00018894    0x84  Code  Gb  User_option.o [1]
Task_Run_Delay          0x00018920    0xec  Code  Gb  User_option.o [1]
Timer2Init              0x000238d0    0x60  Code  Gb  target.o [1]
Timer2_Exception        0x000238bc    0x14  Code  Gb  target.o [1]
Timer3Init              0x0001fdf4    0x48  Code  Gb  io.o [1]
Timer3_Exception        0x0001fe3c    0x38  Code  Gb  io.o [1]
TurnDownCmd             0x0001d9dc    0x90  Code  Gb  PelcoD.o [1]
TurnLeftCmd             0x0001d8c4    0x8c  Code  Gb  PelcoD.o [1]
TurnLeftDownCmd         0x0001dc34    0x8c  Code  Gb  PelcoD.o [1]
TurnLeftUpCmd           0x0001dbac    0x88  Code  Gb  PelcoD.o [1]
TurnRightCmd            0x0001d838    0x8c  Code  Gb  PelcoD.o [1]
TurnRightDownCmd        0x0001dd4c    0x8c  Code  Gb  PelcoD.o [1]
TurnRightUpCmd          0x0001dcc0    0x8c  Code  Gb  PelcoD.o [1]
TurnUpCmd               0x0001d950    0x8c  Code  Gb  PelcoD.o [1]
UART0_Exception         0x00025638    0x4c  Code  Gb  uart.o [1]
UART1_Exception         0x00025684    0x4c  Code  Gb  uart.o [1]
UART2_Exception         0x000256d0    0x4c  Code  Gb  uart.o [1]
UART3_Exception         0x0002571c    0x4c  Code  Gb  uart.o [1]
UART_REV                0x00025290   0x27c  Code  Gb  uart.o [1]
UART_Send_Data          0x00024a48   0x5c8  Code  Gb  uart.o [1]
UART_Write              0x0001f0bc    0xbc  Code  Gb  User_XCOM.o [1]
UART_init               0x0002576c    0x70  Code  Gb  uart.o [1]
UART_printf             0x00019644    0x80  Code  Gb  user_debug.o [1]
UART_set_bps            0x000248f4   0x154  Code  Gb  uart.o [1]
UDP_ReceivePacket       0x00023f44   0x1ac  Code  Gb  Udp.o [1]
UDP_Send_ACK            0x0001b6d4    0xb0  Code  Gb  User_udp.o [1]
UDP_Send_CMD            0x0001b4f4   0x1e0  Code  Gb  User_udp.o [1]
UDP_msg_rev             0x0001b784    0xd4  Code  Gb  User_udp.o [1]
UND_STACK$$Base         0x40006658           --   Gb  - Linker created -
UND_STACK$$Limit        0x40006668           --   Gb  - Linker created -
Udp_SendPacked          0x000240f4   0x108  Code  Gb  Udp.o [1]
User_ID_Read            0x00017cf4   0x160  Code  Gb  User_option.o [1]
User_Option             0x00018b14   0x928  Code  Gb  User_option.o [1]
User_mem_allco          0x00020658    0x90  Code  Gb  user_mem.o [1]
User_mem_free           0x000206e8    0x94  Code  Gb  user_mem.o [1]
User_mem_init           0x00020610    0x48  Code  Gb  user_mem.o [1]
VGACD22M3494Reset       0x0002142c   0x12c  Code  Gb  CD22M3494.o [1]
VGA_BUF                 0x40005fcc     0xc  Data  Gb  CD22M3494.o [1]
VGA_Select              0x00021594   0x6dc  Code  Gb  CD22M3494.o [1]
VIC_Init                0x00023828    0x4c  Code  Gb  target.o [1]
ViscaCount              0x40006022     0x1  Data  Lc  User_on_msg.o [1]
Write_PHY               0x000264e8    0x44  Code  Gb  Hardware_int.o [1]
XCOM_DEV_Read           0x0002508c   0x1d0  Code  Gb  uart.o [1]
XCOM_DW                 0x0001e6b0    0x94  Code  Gb  User_XCOM.o [1]
XCOM_Data_Read          0x0001e3a4    0xd4  Code  Gb  User_XCOM.o [1]
XCOM_Data_send          0x0001e254   0x150  Code  Gb  User_XCOM.o [1]
XCOM_ICREADER           0x0001f030     0x4  Code  Gb  User_XCOM.o [1]
XCOM_MB                 0x0001e744    0xc4  Code  Gb  User_XCOM.o [1]
XCOM_PORT               0x40005264   0x1dc  Data  Gb  User_XCOM.o [1]
XCOM_Q_Send             0x0001f034    0x84  Code  Gb  User_XCOM.o [1]
XCOM_SCAMERA            0x0001e808   0x408  Code  Gb  User_XCOM.o [1]
XCOM_SCAMERA1           0x0001ec10   0x420  Code  Gb  User_XCOM.o [1]
XCOM_Send_ACK           0x0001e640    0x70  Code  Gb  User_XCOM.o [1]
XCOM_Wait_Ack           0x0001e178    0x3c  Code  Gb  User_XCOM.o [1]
XCOM_init               0x0001e4c4   0x17c  Code  Gb  User_XCOM.o [1]
Xcom_set                0x0001e478    0x4c  Code  Gb  User_XCOM.o [1]
Xcom_sum                0x0001e1b4    0x3c  Code  Gb  User_XCOM.o [1]
ZoomInCmd               0x0001da6c    0xa0  Code  Gb  PelcoD.o [1]
ZoomOutCmd              0x0001db0c    0xa0  Code  Gb  PelcoD.o [1]
_GenldFull              0x00028044   0x3d4  Code  Lc  xprintffull.o [3]
_K103_sum_check         0x0001b944    0x34  Code  Lc  User_DW.o [1]
_LdtobFull              0x0002797c   0x6bc  Code  Lc  xprintffull.o [3]
_LitobFull              0x000277c4   0x1b8  Code  Lc  xprintffull.o [3]
_PrintfFull             0x00026dbc   0x940  Code  Gb  xprintffull.o [3]
_PutcharsFull           0x00028418    0x60  Code  Lc  xprintffull.o [3]
_SProut                 0x0002b2d8    0x14  Code  Gb  xsprout.o [3]
__aeabi_cdcmple         0x00028b10          Code  Gb  DblCmpLe.o [4]
__aeabi_cdrcmple        0x00028b48          Code  Gb  DblCmpGe.o [4]
__aeabi_d2iz            0x00028d60          Code  Gb  DblToS32.o [4]
__aeabi_d2uiz           0x00029540          Code  Gb  DblToU32.o [4]
__aeabi_ddiv            0x00029208          Code  Gb  DblDiv.o [4]
__aeabi_dmul            0x00029010          Code  Gb  DblMul.o [4]
__aeabi_dsub            0x00028e20          Code  Gb  DblSub.o [4]
__aeabi_i2d             0x00028dc0          Code  Gb  S32ToDbl.o [4]
__aeabi_idiv            0x00022290          Code  Gb  I32DivMod.o [5]
__aeabi_idiv0           0x0002644c          Code  Gb  IntDivZer.o [5]
__aeabi_idivmod         0x00022290          Code  Gb  I32DivMod.o [5]
__aeabi_ldiv0           0x00029690          Code  Gb  I64DivZer.o [5]
__aeabi_memclr4         0x00022288          Code  Gb  ABImemclr4.o [5]
__aeabi_memcpy          0x0001768c          Code  Gb  ABImemcpy.o [5]
__aeabi_memcpy4         0x000176b0          Code  Gb  ABImemcpy.o [5]
__aeabi_memcpy8         0x000176b0          Code  Gb  ABImemcpy.o [5]
__aeabi_memset          0x00020780          Code  Gb  ABImemset.o [5]
__aeabi_memset4         0x0001cd2c          Code  Gb  ABImemset48.o [5]
__aeabi_memset8         0x0001cd2c          Code  Gb  ABImemset48.o [5]
__aeabi_ui2d            0x0002957c          Code  Gb  U32ToDbl.o [4]
__aeabi_uidiv           0x000222c0          Code  Gb  I32DivMod.o [5]
__aeabi_uidivmod        0x000222c0          Code  Gb  I32DivMod.o [5]
__aeabi_uldivmod        0x000289c0          Code  Gb  I64DivMod.o [5]
__cmain                 0x0002b1e0          Code  Gb  cmain.o [5]
__exit                  0x0002ae08          Code  Gb  XXexit.o [5]
__iar_Dnorm             0x00028a94    0x7c  Code  Gb  xdnorm.o [4]
__iar_Dscale            0x00028b80   0x1e0  Code  Gb  xdscale.o [4]
__iar_Memchr            0x0002892c          Code  Gb  memchr.o [5]
__iar_Memset            0x00020780          Code  Gb  ABImemset.o [5]
__iar_Memset4_word      0x0001cd38          Code  Gb  ABImemset48.o [5]
__iar_Memset8_word      0x0001cd38          Code  Gb  ABImemset48.o [5]
__iar_Memset_word       0x0002078c          Code  Gb  ABImemset.o [5]
__iar_Strchr            0x0002890c          Code  Gb  strchr.o [5]
__iar_dadd              0x00029694          Code  Gb  DblAdd.o [4]
__iar_data_init3        0x0002b171    0x30  Code  Gb  data_init.o [5]
__iar_dsub              0x00028e30          Code  Gb  DblSub.o [4]
__iar_dsubStart         0x00028e50          Code  Gb  DblSub.o [4]
__iar_i2d               0x00028dd4          Code  Gb  S32ToDbl.o [4]
__iar_packbits_init3    0x0002ad3f    0xbc  Code  Gb  packbits_init.o [5]
__iar_program_start     0x0002b058          Code  Gb  cstartup.o [1]
__iar_zero_init3        0x00028493    0x2a  Code  Gb  zero_init3.o [5]
__mem256                0x4000041c  0x1400  Data  Gb  user_mem.o [1]
__mem512                0x4000181c  0x1770  Data  Gb  user_mem.o [1]
__pm256                 0x40000414     0x4  Data  Gb  user_mem.o [1]
__pm512                 0x40000418     0x4  Data  Gb  user_mem.o [1]
__vector                0x00010000          Code  Gb  cstartup.o [1]
_call_main              0x0002b1f4          Code  Gb  cmain.o [5]
_exit                   0x0002b210          Code  Gb  cexit.o [5]
_ic_find_syn            0x0001b978    0x78  Code  Lc  User_DW.o [1]
_main                   0x0002b1fc          Code  Gb  cmain.o [5]
abort                   0x0002ae00     0x8  Code  Gb  abort.o [3]
aic23_delay             0x0001d5f4    0x24  Code  Gb  TMS320AIC23.o [1]
baktime                 0x40005964     0x8  Data  Gb  RealTime.o [1]
buf                     0x40005fe0     0x4  Data  Gb  io.o [1]
def_classname           0x0002ab40    0x10  Data  Gb  User_option.o [1]
def_gateip              0x0002ab78     0x4  Data  Gb  User_option.o [1]
def_housename           0x0002ab64     0xc  Data  Gb  User_option.o [1]
def_ip                  0x0002ab70     0x4  Data  Gb  User_option.o [1]
def_mark                0x0002ab74     0x4  Data  Gb  User_option.o [1]
def_schoolname          0x0002ab50    0x14  Data  Gb  User_option.o [1]
div                     0x0002958c    0x38  Code  Gb  div.o [3]
exit                    0x0002b20c     0x4  Code  Gb  exit.o [3]
gClassT                 0x4000596c   0x104  Data  Gb  RealTime.o [1]
gDCS                    0x400000c4     0x4  Data  Gb  User_option.o [1]
gDeviceStatus           0x40000040    0x48  Data  Gb  User_option.o [1]
gDeviceTable            0x40000088    0x38  Data  Gb  User_option.o [1]
gLMT_Power              0x40005f98     0x8  Data  Gb  User_Run.o [1]
gPC_power               0x40005fa0     0x8  Data  Gb  User_Run.o [1]
gRF                     0x40005e20    0x1c  Data  Gb  User_DW.o [1]
gRFIC                   0x40005e3c    0x44  Data  Gb  User_DW.o [1]
gSYS_Fcclk              0x40005ff0     0x4  Data  Gb  target.o [1]
gSYS_Fpclk              0x40005ff4     0x4  Data  Gb  target.o [1]
gStat_Rec               0x40000124   0x14c  Data  Gb  User_option.o [1]
gTB_State               0x40005fe4     0xc  Data  Gb  User_TB.o [1]
gTB_VGAChage            0x0002b2fc     0x8  Data  Gb  User_TB.o [1]
gTB_VideoChage          0x0002b304     0x8  Data  Gb  User_TB.o [1]
gYXJ                    0x40005e84     0x4  Data  Gb  User_DW.o [1]
key_init                0x00015570   0x2c8  Code  Gb  Use_key.o [1]
key_msg_rev             0x00017384    0xa4  Code  Gb  Use_key.o [1]
main                    0x00029e1c   0x12c  Code  Gb  main.o [1]
memchr                  0x0002892c          Code  Gb  memchr.o [5]
mic_play_add            0x0001d2e4    0x28  Code  Gb  Use_Sound.o [1]
on_MSG_OPTION_IP_HPVol  0x000109b0    0x28  Code  Gb  User_on_msg.o [1]
on_MSG_OPTION_IP_MICVol
                        0x00010988    0x28  Code  Gb  User_on_msg.o [1]
on_MSG_OPTION_TB_ReqStatus
                        0x00013fb0    0x14  Code  Gb  User_on_msg.o [1]
pDGB_XCOM               0x4000601c     0x4  Data  Gb  user_debug.o [1]
pPelcodData             0x40005f90     0x8  Data  Gb  PelcoD.o [1]
pViscaData              0x40005f84     0xc  Data  Gb  PelcoD.o [1]
paramin                 0x40005ed0    0x20  Data  Gb  LP2368_FLASH.o [1]
paramout                0x40005ef4    0x20  Data  Gb  LP2368_FLASH.o [1]
power_ostr              0x0002ac78    0x20  Data  Gb  User_power.o [1]
power_str               0x0002ac98    0x84  Data  Gb  User_power.o [1]
set_IS752_bps           0x00022be4    0xf0  Code  Gb  SC16IS752.o [1]
strchr                  0x0002890c          Code  Gb  strchr.o [5]
strcpy                  0x00023048          Code  Gb  strcpy.o [5]
strlen                  0x00024248          Code  Gb  strlen.o [5]
sum_check               0x0002525c    0x34  Code  Gb  uart.o [1]
swap_int16              0x00026a30    0x14  Code  Gb  Hardware_int.o [1]
tyjcounterFlagOFF       0x4000600b     0x1  Data  Gb  io.o [1]
tyjcounterFlagON        0x4000600a     0x1  Data  Gb  io.o [1]
tyjcounterOFF           0x40006009     0x1  Data  Gb  io.o [1]
tyjcounterON            0x40006008     0x1  Data  Gb  io.o [1]
uart_Debug_init         0x000195c0    0x5c  Code  Gb  user_debug.o [1]
vsprintf                0x000241fc    0x4c  Code  Gb  vsprintf.o [3]


[1] = F:\code\YTJ\一体机\bp\EvalBoards\NXP\MCB2300\IAR\LSZHV20\Release\Obj
[2] = command line
[3] = dl4t_aln.a
[4] = m4t_al.a
[5] = rt4t_al.a

  106 268 bytes of readonly  code memory
    5 248 bytes of readonly  data memory
   26 531 bytes of readwrite data memory

Errors: none
Warnings: none
