###############################################################################
#
# IAR ELF Linker V7.30.3.8024/W32 for ARM                 30/Dec/2015  09:19:42
# Copyright 2007-2014 IAR Systems AB.
#
#    Output file  =  
#        F:\code\YTJ\一体机\bp\EvalBoards\NXP\MCB2300\IAR\LSZHV20\Release\Exe\LSZH_V20_FLASH.out.tmp
#    Map file     =  
#        F:\code\YTJ\一体机\bp\EvalBoards\NXP\MCB2300\IAR\LSZHV20\Release\List\LSZH_V20_FLASH.map
#    Command line =  
#        F:\code\YTJ\一体机\bp\EvalBoards\NXP\MCB2300\IAR\LSZHV20\Release\Obj\ARP.o
#        F:\code\YTJ\一体机\bp\EvalBoards\NXP\MCB2300\IAR\LSZHV20\Release\Obj\CD22M3494.o
#        F:\code\YTJ\一体机\bp\EvalBoards\NXP\MCB2300\IAR\LSZHV20\Release\Obj\cpu_a.o
#        F:\code\YTJ\一体机\bp\EvalBoards\NXP\MCB2300\IAR\LSZHV20\Release\Obj\cstartup.o
#        F:\code\YTJ\一体机\bp\EvalBoards\NXP\MCB2300\IAR\LSZHV20\Release\Obj\dma.o
#        F:\code\YTJ\一体机\bp\EvalBoards\NXP\MCB2300\IAR\LSZHV20\Release\Obj\Ethernet.o
#        F:\code\YTJ\一体机\bp\EvalBoards\NXP\MCB2300\IAR\LSZHV20\Release\Obj\Hardware_int.o
#        F:\code\YTJ\一体机\bp\EvalBoards\NXP\MCB2300\IAR\LSZHV20\Release\Obj\hw.o
#        F:\code\YTJ\一体机\bp\EvalBoards\NXP\MCB2300\IAR\LSZHV20\Release\Obj\I2C0INT.o
#        F:\code\YTJ\一体机\bp\EvalBoards\NXP\MCB2300\IAR\LSZHV20\Release\Obj\I2C1INT.o
#        F:\code\YTJ\一体机\bp\EvalBoards\NXP\MCB2300\IAR\LSZHV20\Release\Obj\i2s.o
#        F:\code\YTJ\一体机\bp\EvalBoards\NXP\MCB2300\IAR\LSZHV20\Release\Obj\ICMP.o
#        F:\code\YTJ\一体机\bp\EvalBoards\NXP\MCB2300\IAR\LSZHV20\Release\Obj\io.o
#        F:\code\YTJ\一体机\bp\EvalBoards\NXP\MCB2300\IAR\LSZHV20\Release\Obj\IP.o
#        F:\code\YTJ\一体机\bp\EvalBoards\NXP\MCB2300\IAR\LSZHV20\Release\Obj\lib_mem.o
#        F:\code\YTJ\一体机\bp\EvalBoards\NXP\MCB2300\IAR\LSZHV20\Release\Obj\lib_str.o
#        F:\code\YTJ\一体机\bp\EvalBoards\NXP\MCB2300\IAR\LSZHV20\Release\Obj\LP2368_FLASH.o
#        F:\code\YTJ\一体机\bp\EvalBoards\NXP\MCB2300\IAR\LSZHV20\Release\Obj\main.o
#        F:\code\YTJ\一体机\bp\EvalBoards\NXP\MCB2300\IAR\LSZHV20\Release\Obj\os_api.o
#        F:\code\YTJ\一体机\bp\EvalBoards\NXP\MCB2300\IAR\LSZHV20\Release\Obj\os_core.o
#        F:\code\YTJ\一体机\bp\EvalBoards\NXP\MCB2300\IAR\LSZHV20\Release\Obj\os_cpu_a.o
#        F:\code\YTJ\一体机\bp\EvalBoards\NXP\MCB2300\IAR\LSZHV20\Release\Obj\os_cpu_c.o
#        F:\code\YTJ\一体机\bp\EvalBoards\NXP\MCB2300\IAR\LSZHV20\Release\Obj\os_dbg.o
#        F:\code\YTJ\一体机\bp\EvalBoards\NXP\MCB2300\IAR\LSZHV20\Release\Obj\os_dcc.o
#        F:\code\YTJ\一体机\bp\EvalBoards\NXP\MCB2300\IAR\LSZHV20\Release\Obj\os_flag.o
#        F:\code\YTJ\一体机\bp\EvalBoards\NXP\MCB2300\IAR\LSZHV20\Release\Obj\os_mbox.o
#        F:\code\YTJ\一体机\bp\EvalBoards\NXP\MCB2300\IAR\LSZHV20\Release\Obj\os_mem.o
#        F:\code\YTJ\一体机\bp\EvalBoards\NXP\MCB2300\IAR\LSZHV20\Release\Obj\os_mutex.o
#        F:\code\YTJ\一体机\bp\EvalBoards\NXP\MCB2300\IAR\LSZHV20\Release\Obj\os_q.o
#        F:\code\YTJ\一体机\bp\EvalBoards\NXP\MCB2300\IAR\LSZHV20\Release\Obj\os_sem.o
#        F:\code\YTJ\一体机\bp\EvalBoards\NXP\MCB2300\IAR\LSZHV20\Release\Obj\os_task.o
#        F:\code\YTJ\一体机\bp\EvalBoards\NXP\MCB2300\IAR\LSZHV20\Release\Obj\os_time.o
#        F:\code\YTJ\一体机\bp\EvalBoards\NXP\MCB2300\IAR\LSZHV20\Release\Obj\os_tmr.o
#        F:\code\YTJ\一体机\bp\EvalBoards\NXP\MCB2300\IAR\LSZHV20\Release\Obj\PelcoD.o
#        F:\code\YTJ\一体机\bp\EvalBoards\NXP\MCB2300\IAR\LSZHV20\Release\Obj\PT2258.o
#        F:\code\YTJ\一体机\bp\EvalBoards\NXP\MCB2300\IAR\LSZHV20\Release\Obj\RealTime.o
#        F:\code\YTJ\一体机\bp\EvalBoards\NXP\MCB2300\IAR\LSZHV20\Release\Obj\SC16IS752.o
#        F:\code\YTJ\一体机\bp\EvalBoards\NXP\MCB2300\IAR\LSZHV20\Release\Obj\target.o
#        F:\code\YTJ\一体机\bp\EvalBoards\NXP\MCB2300\IAR\LSZHV20\Release\Obj\TMS320AIC23.o
#        F:\code\YTJ\一体机\bp\EvalBoards\NXP\MCB2300\IAR\LSZHV20\Release\Obj\uart.o
#        F:\code\YTJ\一体机\bp\EvalBoards\NXP\MCB2300\IAR\LSZHV20\Release\Obj\Udp.o
#        F:\code\YTJ\一体机\bp\EvalBoards\NXP\MCB2300\IAR\LSZHV20\Release\Obj\Use_key.o
#        F:\code\YTJ\一体机\bp\EvalBoards\NXP\MCB2300\IAR\LSZHV20\Release\Obj\Use_Sound.o
#        F:\code\YTJ\一体机\bp\EvalBoards\NXP\MCB2300\IAR\LSZHV20\Release\Obj\user_debug.o
#        F:\code\YTJ\一体机\bp\EvalBoards\NXP\MCB2300\IAR\LSZHV20\Release\Obj\User_DW.o
#        F:\code\YTJ\一体机\bp\EvalBoards\NXP\MCB2300\IAR\LSZHV20\Release\Obj\user_mem.o
#        F:\code\YTJ\一体机\bp\EvalBoards\NXP\MCB2300\IAR\LSZHV20\Release\Obj\User_on_msg.o
#        F:\code\YTJ\一体机\bp\EvalBoards\NXP\MCB2300\IAR\LSZHV20\Release\Obj\User_option.o
#        F:\code\YTJ\一体机\bp\EvalBoards\NXP\MCB2300\IAR\LSZHV20\Release\Obj\User_power.o
#        F:\code\YTJ\一体机\bp\EvalBoards\NXP\MCB2300\IAR\LSZHV20\Release\Obj\User_Run.o
#        F:\code\YTJ\一体机\bp\EvalBoards\NXP\MCB2300\IAR\LSZHV20\Release\Obj\User_table.o
#        F:\code\YTJ\一体机\bp\EvalBoards\NXP\MCB2300\IAR\LSZHV20\Release\Obj\User_TB.o
#        F:\code\YTJ\一体机\bp\EvalBoards\NXP\MCB2300\IAR\LSZHV20\Release\Obj\User_udp.o
#        F:\code\YTJ\一体机\bp\EvalBoards\NXP\MCB2300\IAR\LSZHV20\Release\Obj\User_XCOM.o
#        --redirect _Printf=_PrintfFull --redirect _Scanf=_ScanfFull -o
#        F:\code\YTJ\一体机\bp\EvalBoards\NXP\MCB2300\IAR\LSZHV20\Release\Exe\LSZH_V20_FLASH.out.tmp
#        --map
#        F:\code\YTJ\一体机\bp\EvalBoards\NXP\MCB2300\IAR\LSZHV20\Release\List\LSZH_V20_FLASH.map
#        --log initialization,modules,sections,veneers --log_file
#        F:\code\YTJ\一体机\bp\EvalBoards\NXP\MCB2300\IAR\LSZHV20\Release\List\LSZH_V20_FLASH.log
#        --config
#        F:\code\YTJ\一体机\bp\EvalBoards\NXP\MCB2300\IAR\LSZHV20\..\BSP\LSZH_V20_Relase.icf
#        --entry __iar_program_start --inline --vfe
#
###############################################################################

*******************************************************************************
*** RUNTIME MODEL ATTRIBUTES
***

CppFlavor       = *
__SystemLibrary = DLib


*******************************************************************************
*** PLACEMENT SUMMARY
***

"A1":  place at 0x00010000 { ro section .intvec };
"P1":  place in [from 0x00010044 to 0x0007ffff] { ro };
"P2":  place in [from 0x40000040 to 0x40007fff] {
          rw, block CSTACK, block SVC_STACK, block IRQ_STACK, block FIQ_STACK,
          block UND_STACK, block ABT_STACK, block HEAP };

  Section            Kind        Address     Size  Object
  -------            ----        -------     ----  ------
"A1":                                        0x40
  .intvec            ro code  0x00010000     0x40  cstartup.o [1]
                            - 0x00010040     0x40

"P1":                                     0x1b280
  .text              ro code  0x00010044   0x3f80  User_on_msg.o [1]
  .text              ro code  0x00013fc4   0x10f4  PT2258.o [1]
  .text              ro code  0x000150b8   0x2370  Use_key.o [1]
  .text              ro code  0x00017428    0x158  lib_mem.o [1]
  .text              ro code  0x00017580    0x10c  LP2368_FLASH.o [1]
  .text              ro code  0x0001768c     0xd4  ABImemcpy.o [5]
  .text              ro code  0x00017760   0x1d20  User_option.o [1]
  .text              ro code  0x00019480    0x7b0  user_debug.o [1]
  .text              ro code  0x00019c30   0x1104  User_power.o [1]
  .text              ro code  0x0001ad34    0x69c  ARP.o [1]
  .text              ro code  0x0001b3d0    0x498  User_udp.o [1]
  .text              ro code  0x0001b868    0x9b4  User_DW.o [1]
  .text              ro code  0x0001c21c    0xa34  User_table.o [1]
  .text              ro code  0x0001cc50     0x48  ABImemset48.o [5]
  .text              ro code  0x0001cc98    0x880  Use_Sound.o [1]
  .text              ro code  0x0001d518    0x1e8  TMS320AIC23.o [1]
  .text              ro code  0x0001d700    0x98c  PelcoD.o [1]
  .text              ro code  0x0001e08c   0x144c  User_XCOM.o [1]
  .text              ro code  0x0001f4d8    0x104  os_time.o [1]
  .text              ro code  0x0001f5dc    0x5c8  User_Run.o [1]
  .text              ro code  0x0001fba4    0x990  io.o [1]
  .text              ro code  0x00020534    0x170  user_mem.o [1]
  .text              ro code  0x000206a4     0x7c  ABImemset.o [5]
  CODE               ro code  0x00020720    0x2dc  os_cpu_a.o [1]
  .text              ro code  0x000209fc    0x314  RealTime.o [1]
  .text              ro code  0x00020d10    0x520  hw.o [1]
  .text              ro code  0x00021230    0xbd0  CD22M3494.o [1]
  .text              ro code  0x00021e00    0x3ac  User_TB.o [1]
  .text              ro code  0x000221ac      0x8  ABImemclr4.o [5]
  .text              ro code  0x000221b4    0x1d4  I32DivMod.o [5]
  .text              ro code  0x00022388    0x4e4  I2C0INT.o [1]
  .text              ro code  0x0002286c    0x38c  SC16IS752.o [1]
  .text              ro code  0x00022bf8    0x374  os_q.o [1]
  .text              ro code  0x00022f6c     0x6c  strcpy.o [5]
  .text              ro code  0x00022fd8    0x670  I2C1INT.o [1]
  .text              ro code  0x00023648    0x104  lib_str.o [1]
  .text              ro code  0x0002374c    0x71c  target.o [1]
  .text              ro code  0x00023e68    0x2b8  Udp.o [1]
  .text              ro code  0x00024120     0x4c  vsprintf.o [3]
  .text              ro code  0x0002416c     0x54  strlen.o [5]
  .text              ro code  0x000241c0     0xdc  Ethernet.o [1]
  .text              ro code  0x0002429c    0x244  os_sem.o [1]
  .text              ro code  0x000244e0    0x250  dma.o [1]
  .text              ro code  0x00024730     0xe8  i2s.o [1]
  .text              ro code  0x00024818    0xef0  uart.o [1]
  .text              ro code  0x00025708    0xaa0  os_core.o [1]
  .text              ro code  0x000261a8    0x1c8  os_mem.o [1]
  .text              ro code  0x00026370      0x4  IntDivZer.o [5]
  CODE               ro code  0x00026374     0x28  cpu_a.o [1]
  .text              ro code  0x0002639c    0x5cc  Hardware_int.o [1]
  .text              ro code  0x00026968    0x378  IP.o [1]
  .text              ro code  0x00026ce0   0x16d6  xprintffull.o [3]
  .text              ro code  0x000283b6     0x2a  zero_init3.o [5]
  .text              ro code  0x000283e0     0x7c  os_flag.o [1]
  .text              ro code  0x0002845c      0x4  os_dbg.o [1]
  .text              ro code  0x00028460    0x294  os_task.o [1]
  .text              ro code  0x000286f4    0x13c  ICMP.o [1]
  .text              ro code  0x00028830     0x20  strchr.o [5]
  .text              ro code  0x00028850     0x94  memchr.o [5]
  .text              ro code  0x000288e4     0xd4  I64DivMod.o [5]
  .text              ro code  0x000289b8     0x7c  xdnorm.o [4]
  .text              ro code  0x00028a34     0x38  DblCmpLe.o [4]
  .text              ro code  0x00028a6c     0x38  DblCmpGe.o [4]
  .text              ro code  0x00028aa4    0x1e0  xdscale.o [4]
  .text              ro code  0x00028c84     0x60  DblToS32.o [4]
  .text              ro code  0x00028ce4     0x60  S32ToDbl.o [4]
  .text              ro code  0x00028d44    0x1f0  DblSub.o [4]
  .text              ro code  0x00028f34    0x1f8  DblMul.o [4]
  .text              ro code  0x0002912c    0x338  DblDiv.o [4]
  .text              ro code  0x00029464     0x3c  DblToU32.o [4]
  .text              ro code  0x000294a0     0x10  U32ToDbl.o [4]
  .text              ro code  0x000294b0     0x38  div.o [3]
  .text              ro code  0x000294e8     0xcc  os_cpu_c.o [1]
  .text              ro code  0x000295b4      0x4  I64DivZer.o [5]
  .text              ro code  0x000295b8    0x130  DblAdd.o [4]
  .rodata            const    0x000296e8    0x658  User_on_msg.o [1]
  .text              ro code  0x00029d40    0x544  main.o [1]
  .rodata            const    0x0002a284    0x4c8  Use_key.o [1]
  .rodata            const    0x0002a74c    0x1f8  User_Run.o [1]
  .rodata            const    0x0002a944    0x180  User_option.o [1]
  .rodata            const    0x0002aac4    0x17c  User_power.o [1]
  .text              ro code  0x0002ac40     0xde  packbits_init.o [5]
  .rodata            const    0x0002ad1e      0x2  os_dbg.o [1]
  Veneer             ro code  0x0002ad20      0x4  - Linker created -
  .text              ro code  0x0002ad24      0x8  abort.o [3]
  .text              ro code  0x0002ad2c     0x14  XXexit.o [5]
  .rodata            const    0x0002ad40     0xd0  PT2258.o [1]
  .rodata            const    0x0002ae10     0xb8  User_XCOM.o [1]
  .rodata            const    0x0002aec8     0xb4  User_DW.o [1]
  text               ro code  0x0002af7c     0x88  cstartup.o [1]
  .rodata            const    0x0002b004     0x4c  Use_Sound.o [1]
  .rodata            const    0x0002b050     0x44  hw.o [1]
  .text              ro code  0x0002b094     0x32  data_init.o [5]
  .rodata            const    0x0002b0c6      0x2  os_dbg.o [1]
  .rodata            const    0x0002b0c8     0x30  User_table.o [1]
  Veneer             ro code  0x0002b0f8      0xc  - Linker created -
  .text              ro code  0x0002b104     0x2c  cmain.o [5]
  .text              ro code  0x0002b130      0x4  exit.o [3]
  .text              ro code  0x0002b134     0x10  cexit.o [5]
  .rodata            const    0x0002b144     0x28  ARP.o [1]
  .rodata            const    0x0002b16c     0x28  CD22M3494.o [1]
  .iar.init_table    const    0x0002b194     0x2c  - Linker created -
  .rodata            const    0x0002b1c0     0x20  os_core.o [1]
  .rodata            const    0x0002b1e0     0x1c  user_debug.o [1]
  .text              ro code  0x0002b1fc     0x14  xsprout.o [3]
  .rodata            const    0x0002b210     0x10  main.o [1]
  .rodata            const    0x0002b220     0x10  User_TB.o [1]
  .rodata            const    0x0002b230      0x4  os_dbg.o [1]
  .rodata            const    0x0002b234      0x4  User_udp.o [1]
  .rodata            const    0x0002b238      0x2  os_dbg.o [1]
  .rodata            const    0x0002b23a      0x2  os_dbg.o [1]
  .rodata            const    0x0002b23c      0x2  os_dbg.o [1]
  .rodata            const    0x0002b23e      0x2  os_dbg.o [1]
  .rodata            const    0x0002b240      0x2  os_dbg.o [1]
  .rodata            const    0x0002b242      0x2  os_dbg.o [1]
  .rodata            const    0x0002b244      0x2  os_dbg.o [1]
  .rodata            const    0x0002b246      0x2  os_dbg.o [1]
  .rodata            const    0x0002b248      0x2  os_dbg.o [1]
  .rodata            const    0x0002b24a      0x2  os_dbg.o [1]
  .rodata            const    0x0002b24c      0x2  os_dbg.o [1]
  .rodata            const    0x0002b24e      0x2  os_dbg.o [1]
  .rodata            const    0x0002b250      0x2  os_dbg.o [1]
  .rodata            const    0x0002b252      0x2  os_dbg.o [1]
  .rodata            const    0x0002b254      0x2  os_dbg.o [1]
  .rodata            const    0x0002b256      0x2  os_dbg.o [1]
  .rodata            const    0x0002b258      0x2  os_dbg.o [1]
  .rodata            const    0x0002b25a      0x2  os_dbg.o [1]
  .rodata            const    0x0002b25c      0x2  os_dbg.o [1]
  .rodata            const    0x0002b25e      0x2  os_dbg.o [1]
  .rodata            const    0x0002b260      0x2  os_dbg.o [1]
  .rodata            const    0x0002b262      0x2  os_dbg.o [1]
  .rodata            const    0x0002b264      0x2  os_dbg.o [1]
  .rodata            const    0x0002b266      0x2  os_dbg.o [1]
  .rodata            const    0x0002b268      0x2  os_dbg.o [1]
  .rodata            const    0x0002b26a      0x2  os_dbg.o [1]
  .rodata            const    0x0002b26c      0x2  os_dbg.o [1]
  .rodata            const    0x0002b26e      0x2  os_dbg.o [1]
  .rodata            const    0x0002b270      0x2  os_dbg.o [1]
  .rodata            const    0x0002b272      0x2  os_dbg.o [1]
  .rodata            const    0x0002b274      0x2  os_dbg.o [1]
  .rodata            const    0x0002b276      0x2  os_dbg.o [1]
  .rodata            const    0x0002b278      0x2  os_dbg.o [1]
  .rodata            const    0x0002b27a      0x2  os_dbg.o [1]
  .rodata            const    0x0002b27c      0x2  os_dbg.o [1]
  .rodata            const    0x0002b27e      0x2  os_dbg.o [1]
  .rodata            const    0x0002b280      0x2  os_dbg.o [1]
  .rodata            const    0x0002b282      0x2  os_dbg.o [1]
  .rodata            const    0x0002b284      0x2  os_dbg.o [1]
  .rodata            const    0x0002b286      0x2  os_dbg.o [1]
  .rodata            const    0x0002b288      0x2  os_dbg.o [1]
  .rodata            const    0x0002b28a      0x2  os_dbg.o [1]
  .rodata            const    0x0002b28c      0x2  os_dbg.o [1]
  .rodata            const    0x0002b28e      0x2  os_dbg.o [1]
  .rodata            const    0x0002b290      0x2  os_dbg.o [1]
  .rodata            const    0x0002b292      0x2  os_dbg.o [1]
  .rodata            const    0x0002b294      0x2  os_dbg.o [1]
  .rodata            const    0x0002b296      0x2  os_dbg.o [1]
  .rodata            const    0x0002b298      0x2  os_dbg.o [1]
  .rodata            const    0x0002b29a      0x2  os_dbg.o [1]
  .rodata            const    0x0002b29c      0x2  os_dbg.o [1]
  .rodata            const    0x0002b29e      0x0  zero_init3.o [5]
  .rodata            const    0x0002b29e      0x0  packbits_init.o [5]
  Initializer bytes  ro data  0x0002b29e     0x26  <for P2 s0>
                            - 0x0002b2c4  0x1b280

"P2":                                      0x67a8
  P2 s0                       0x40000040    0x3d4  <Init block>
    .data            inited   0x40000040    0x238  User_option.o [1]
    .data            inited   0x40000278    0x190  ARP.o [1]
    .data            inited   0x40000408      0x8  PT2258.o [1]
    .data            inited   0x40000410      0x4  user_debug.o [1]
  .bss               zero     0x40000414   0x2b78  user_mem.o [1]
  .bss               zero     0x40002f8c   0x1a40  main.o [1]
  .bss               zero     0x400049cc    0x4d4  os_core.o [1]
  .bss               zero     0x40004ea0    0x3c4  os_core.o [1]
  .bss               zero     0x40005264    0x2f8  User_XCOM.o [1]
  .bss               zero     0x4000555c    0x200  os_core.o [1]
  .bss               zero     0x4000575c    0x200  os_core.o [1]
  .bss               zero     0x4000595c    0x114  RealTime.o [1]
  .bss               zero     0x40005a70     0xf4  User_option.o [1]
  .bss               zero     0x40005b64     0xf0  os_core.o [1]
  .bss               zero     0x40005c54     0xc8  os_core.o [1]
  .bss               zero     0x40005d1c     0x8c  os_core.o [1]
  .bss               zero     0x40005da8     0x78  Use_Sound.o [1]
  .bss               zero     0x40005e20     0x68  User_DW.o [1]
  .bss               zero     0x40005e88     0x48  CD22M3494.o [1]
  .bss               zero     0x40005ed0     0x44  LP2368_FLASH.o [1]
  .bss               zero     0x40005f14     0x34  Use_key.o [1]
  .bss               zero     0x40005f48     0x20  hw.o [1]
  .bss               zero     0x40005f68     0x1c  Use_key.o [1]
  .bss               zero     0x40005f84     0x14  PelcoD.o [1]
  .bss               zero     0x40005f98     0x14  User_Run.o [1]
  .bss               zero     0x40005fac     0x10  I2C0INT.o [1]
  .bss               zero     0x40005fbc     0x10  I2C1INT.o [1]
  .bss               zero     0x40005fcc      0xc  CD22M3494.o [1]
  .bss               zero     0x40005fd8      0xc  io.o [1]
  .bss               zero     0x40005fe4      0xc  User_TB.o [1]
  .bss               zero     0x40005ff0      0x8  target.o [1]
  .bss               zero     0x40005ff8      0x8  User_power.o [1]
  .bss               zero     0x40006000      0x8  User_XCOM.o [1]
  .bss               zero     0x40006008      0x4  io.o [1]
  .bss               zero     0x4000600c      0x4  os_core.o [1]
  .bss               zero     0x40006010      0x4  os_core.o [1]
  .bss               zero     0x40006014      0x4  os_core.o [1]
  .bss               zero     0x40006018      0x4  target.o [1]
  .bss               zero     0x4000601c      0x4  user_debug.o [1]
  .bss               zero     0x40006020      0x2  Hardware_int.o [1]
  .bss               zero     0x40006022      0x1  User_on_msg.o [1]
  CSTACK                      0x40006028    0x300  <Block>
    CSTACK           uninit   0x40006028    0x300  <Block tail>
  SVC_STACK                   0x40006328     0x20  <Block>
    SVC_STACK        uninit   0x40006328     0x20  <Block tail>
  IRQ_STACK                   0x40006348    0x300  <Block>
    IRQ_STACK        uninit   0x40006348    0x300  <Block tail>
  FIQ_STACK                   0x40006648     0x10  <Block>
    FIQ_STACK        uninit   0x40006648     0x10  <Block tail>
  UND_STACK                   0x40006658     0x10  <Block>
    UND_STACK        uninit   0x40006658     0x10  <Block tail>
  ABT_STACK                   0x40006668    0x180  <Block>
    ABT_STACK        uninit   0x40006668    0x180  <Block tail>
                            - 0x400067e8   0x67a8


*******************************************************************************
*** INIT TABLE
***

          Address     Size
          -------     ----
Zero (__iar_zero_init3)
    1 destination range, total size 0x5c0f:
          0x40000414  0x5c0f

Copy/packbits (__iar_packbits_init3)
    1 source range, total size 0x26 (3% of destination):
          0x0002b29e    0x26
    1 destination range, total size 0x3d4:
          0x40000040   0x3d4



*******************************************************************************
*** MODULE SUMMARY
***

    Module           ro code  ro data  rw data
    ------           -------  -------  -------
F:\code\YTJ\一体机\bp\EvalBoards\NXP\MCB2300\IAR\LSZHV20\Release\Obj: [1]
    ARP.o              1 692       55      400
    CD22M3494.o        3 024       40       84
    Ethernet.o           220
    Hardware_int.o     1 484                 2
    I2C0INT.o          1 252                16
    I2C1INT.o          1 648                16
    ICMP.o               316
    IP.o                 888
    LP2368_FLASH.o       268                68
    PT2258.o           4 340      208        8
    PelcoD.o           2 444                20
    RealTime.o           788               276
    SC16IS752.o          908
    TMS320AIC23.o        488
    Udp.o                696
    Use_Sound.o        2 176       76      120
    Use_key.o          9 072    1 224       80
    User_DW.o          2 484      180      104
    User_Run.o         1 480      504       20
    User_TB.o            940       16       12
    User_XCOM.o        5 196      184      768
    User_on_msg.o     16 256    1 624        1
    User_option.o      7 456      406      812
    User_power.o       4 356      380        8
    User_table.o       2 612       48
    User_udp.o         1 176        4
    cpu_a.o               40
    cstartup.o           200
    dma.o                592
    hw.o               1 312       68       32
    i2s.o                232
    io.o               2 448                16
    lib_mem.o            344
    lib_str.o            260
    main.o             1 348       16    6 720
    os_core.o          2 720       32    3 816
    os_cpu_a.o           732
    os_cpu_c.o           204
    os_dbg.o               4      110
    os_flag.o            124
    os_mem.o             456
    os_q.o               884
    os_sem.o             580
    os_task.o            660
    os_time.o            260
    target.o           1 820                12
    uart.o             3 824
    user_debug.o       1 968       29        8
    user_mem.o           368            11 128
    ------------------------------------------
    Total:            95 040    5 204   24 547

command line: [2]
    ------------------------------------------
    Total:

dl4t_aln.a: [3]
    abort.o                8
    div.o                 56
    exit.o                 4
    vsprintf.o            76
    xprintffull.o      5 846
    xsprout.o             20
    ------------------------------------------
    Total:             6 010

m4t_al.a: [4]
    DblAdd.o             304
    DblCmpGe.o            56
    DblCmpLe.o            56
    DblDiv.o             824
    DblMul.o             504
    DblSub.o             496
    DblToS32.o            96
    DblToU32.o            60
    S32ToDbl.o            96
    U32ToDbl.o            16
    xdnorm.o             124
    xdscale.o            480
    ------------------------------------------
    Total:             3 112

rt4t_al.a: [5]
    ABImemclr4.o           8
    ABImemcpy.o          212
    ABImemset.o          124
    ABImemset48.o         72
    I32DivMod.o          468
    I64DivMod.o          212
    I64DivZer.o            4
    IntDivZer.o            4
    XXexit.o              20
    cexit.o               16
    cmain.o               44
    data_init.o           50
    memchr.o             148
    packbits_init.o      222
    strchr.o              32
    strcpy.o             108
    strlen.o              84
    zero_init3.o          42
    ------------------------------------------
    Total:             1 870

    Linker created        16       44    1 984
----------------------------------------------
    Grand Total:     106 048    5 248   26 531


*******************************************************************************
*** ENTRY LIST
***

Entry                      Address    Size  Type      Object
-----                      -------    ----  ----      ------
?main                   0x0002b104          Code  Gb  cmain.o [5]
ABT_STACK$$Base         0x40006668           --   Gb  - Linker created -
ABT_STACK$$Limit        0x400067e8           --   Gb  - Linker created -
ARP_REP_MAC             0x40000400     0x8  Data  Gb  ARP.o [1]
ARP_Rec_Find            0x0001aef4    0xd0  Code  Gb  ARP.o [1]
ARP_Rec_Save            0x0001afc4    0x80  Code  Gb  ARP.o [1]
ARP_ReceivePacket       0x0001b238    0x20  Code  Gb  ARP.o [1]
AT24C16_Read            0x00023454    0x34  Code  Gb  I2C1INT.o [1]
AT24C16_Write           0x00023488   0x14c  Code  Gb  I2C1INT.o [1]
AVCD22M3494Reset        0x00021230   0x120  Code  Gb  CD22M3494.o [1]
AV_IN                   0x0002b16c    0x14  Data  Gb  CD22M3494.o [1]
AV_OUT                  0x0002b180    0x14  Data  Gb  CD22M3494.o [1]
AV_Select               0x0002147c    0x3c  Code  Gb  CD22M3494.o [1]
Able_CMD_TB             0x00024f34    0x7c  Code  Gb  uart.o [1]
Alarm_Link              0x00018030   0x13c  Code  Gb  User_option.o [1]
Alarmdev_id             0x400000c8     0xc  Data  Gb  User_option.o [1]
Arp_Answer              0x0001b0c8    0xe8  Code  Gb  ARP.o [1]
Arp_Request             0x0001b258    0xc8  Code  Gb  ARP.o [1]
BMK_Sound_Select        0x000148f4    0x38  Code  Gb  PT2258.o [1]
BSP_CPU_ClkFreq         0x000238d4    0x8c  Code  Gb  target.o [1]
BSP_CPU_PclkFreq        0x00023960    0xc0  Code  Gb  target.o [1]
BSP_IntDisAll           0x000238a4    0x30  Code  Gb  target.o [1]
BinToChar               0x00017944    0x24  Code  Gb  User_option.o [1]
BlankCHK                0x00017648    0x34  Code  Gb  LP2368_FLASH.o [1]
CPU_SR_Restore          0x00026394          Code  Gb  cpu_a.o [1]
CPU_SR_Save             0x00026374          Code  Gb  cpu_a.o [1]
CSTACK$$Base            0x40006028           --   Gb  - Linker created -
CSTACK$$Limit           0x40006328           --   Gb  - Linker created -
CameraInit              0x00019d04    0x8c  Code  Gb  User_power.o [1]
CameraPowerInit         0x00018a20    0xd0  Code  Gb  User_option.o [1]
Change_Encode_Num       0x00021b94    0x6c  Code  Gb  CD22M3494.o [1]
CheckSum1               0x0001d728    0x34  Code  Gb  PelcoD.o [1]
Check_FunctionMode      0x00017968    0xa4  Code  Gb  User_option.o [1]
Check_UDP_Paket         0x0001b77c    0xe4  Code  Gb  User_udp.o [1]
ClassInfo_init          0x00017aa4   0x250  Code  Gb  User_option.o [1]
ClassTableWeekInit      0x00020c84    0x18  Code  Gb  RealTime.o [1]
Class_Table_Check       0x0001c834   0x12c  Code  Gb  User_table.o [1]
Class_Task_Start        0x0001816c   0x100  Code  Gb  User_option.o [1]
Config_printf           0x0001f5dc   0x218  Code  Gb  User_Run.o [1]
CoordinateBuf           0x40006000     0x8  Data  Gb  User_XCOM.o [1]
CreateIcmpCrc           0x000286f4    0x7c  Code  Gb  ICMP.o [1]
CreateIpHeadCrc         0x00026968    0x74  Code  Gb  IP.o [1]
DBG_HexToChar           0x00019520    0xa0  Code  Gb  user_debug.o [1]
DBG_Log_write           0x00019480    0x54  Code  Gb  user_debug.o [1]
DBG_Str_printf          0x000194d4    0x4c  Code  Gb  user_debug.o [1]
DBG_XCOM_Printf         0x00019788    0x90  Code  Gb  user_debug.o [1]
DCS_TYPE_Str            0x40000270     0x8  Data  Gb  User_option.o [1]
DEVICE_LINK             0x40005e88    0x48  Data  Gb  CD22M3494.o [1]
DMAHandler              0x00024548    0x54  Code  Gb  dma.o [1]
DMA_Get_MICaddress      0x0002450c    0x3c  Code  Gb  dma.o [1]
DMA_Get_Play_Pointer    0x000244e0    0x2c  Code  Gb  dma.o [1]
DMA_Init                0x0002459c   0x174  Code  Gb  dma.o [1]
DWQ_Contrl              0x0001bf30    0x98  Code  Gb  User_DW.o [1]
DW_CMD_Contrl           0x0001bfc8   0x1ec  Code  Gb  User_DW.o [1]
DW_Read_WD              0x0001be08    0x3c  Code  Gb  User_DW.o [1]
DW_Wite_CoreIP          0x0001bdb4    0x54  Code  Gb  User_DW.o [1]
DW_init                 0x0001be44    0xec  Code  Gb  User_DW.o [1]
Debug_SubCastIP         0x40000410     0x4  Data  Gb  user_debug.o [1]
DelPowerDeltimemsg      0x00019ef8    0x2c  Code  Gb  User_power.o [1]
Delay                   0x00013fc4    0x14  Code  Gb  PT2258.o [1]
Device_DCS_Contrl       0x0001777c   0x174  Code  Gb  User_option.o [1]
Device_DCS_open         0x000204c0    0x30  Code  Gb  io.o [1]
Device_Get_MIX          0x00014cac     0xc  Code  Gb  PT2258.o [1]
Device_Get_Vol          0x00014c34    0x78  Code  Gb  PT2258.o [1]
Device_IC_Reset         0x00020458    0x34  Code  Gb  io.o [1]
Device_InVol            0x000149f0   0x158  Code  Gb  PT2258.o [1]
Device_KZ_Reset         0x0002048c    0x34  Code  Gb  io.o [1]
Device_Link_Scan        0x00021db0    0x3c  Code  Gb  CD22M3494.o [1]
Device_OutVol           0x00014b48    0xec  Code  Gb  PT2258.o [1]
Device_Rec_Find         0x00017ee0   0x150  Code  Gb  User_option.o [1]
Device_Rec_Scan         0x00018270   0x4b0  Code  Gb  User_option.o [1]
Device_Set_MIX          0x00014cb8   0x108  Code  Gb  PT2258.o [1]
Device_Sound_Contrl     0x00014dc0    0x38  Code  Gb  PT2258.o [1]
Device_Sound_Select     0x00014df8    0xec  Code  Gb  PT2258.o [1]
Device_Stat_Option      0x0001c960    0xbc  Code  Gb  User_table.o [1]
Device_Stat_Save        0x0001ca1c    0x98  Code  Gb  User_table.o [1]
Device_Use_Stat_Read    0x0001cab4   0x120  Code  Gb  User_table.o [1]
Device_VGA_Off          0x00021cd8    0x5c  Code  Gb  CD22M3494.o [1]
Device_VGA_Select       0x00021d34    0x7c  Code  Gb  CD22M3494.o [1]
Device_Video_Off        0x00021c7c    0x5c  Code  Gb  CD22M3494.o [1]
Device_Video_Select     0x00021c00    0x7c  Code  Gb  CD22M3494.o [1]
EINT1_Exception         0x00025430   0x12c  Code  Gb  uart.o [1]
EINT3_Exception         0x0001fd98    0xb8  Code  Gb  io.o [1]
EMACHandler             0x000266f8    0x10  Code  Gb  Hardware_int.o [1]
EMACRxDescriptorInit    0x00026520    0x84  Code  Gb  Hardware_int.o [1]
EMACTxDescriptorInit    0x000264a4    0x7c  Code  Gb  Hardware_int.o [1]
EMAC_RxDisable          0x000263e8    0x24  Code  Gb  Hardware_int.o [1]
EMAC_RxEnable           0x000263c4    0x24  Code  Gb  Hardware_int.o [1]
EMAC_TxDisable          0x000263b0    0x14  Code  Gb  Hardware_int.o [1]
EMAC_TxEnable           0x0002639c    0x14  Code  Gb  Hardware_int.o [1]
Encode_TAB              0x00029d38     0x8  Data  Gb  User_on_msg.o [1]
EraseSector             0x00017608    0x40  Code  Gb  LP2368_FLASH.o [1]
Ethernet_Exception      0x00026784    0x2c  Code  Gb  Hardware_int.o [1]
Ethernet_ReceivePacket  0x00024260    0x3c  Code  Gb  Ethernet.o [1]
Ethernet_SendFrame      0x000241c0    0xa0  Code  Gb  Ethernet.o [1]
FIQ_STACK$$Base         0x40006648           --   Gb  - Linker created -
FIQ_STACK$$Limit        0x40006658           --   Gb  - Linker created -
FRun                    0x40005fa8     0x4  Data  Gb  User_Run.o [1]
File_ClassTable_Read    0x0001c690    0xa0  Code  Gb  User_table.o [1]
File_ClassTable_Read_CurDay
                        0x0001c730   0x104  Code  Gb  User_table.o [1]
File_ClassTable_Write   0x0001c5f0    0x74  Code  Gb  User_table.o [1]
File_ClassTable_Write_OneDay
                        0x0001c664    0x2c  Code  Gb  User_table.o [1]
File_Req                0x0001c21c    0x40  Code  Gb  User_table.o [1]
File_Table_Read         0x0001c478   0x178  Code  Gb  User_table.o [1]
File_Table_Write        0x0001c25c   0x21c  Code  Gb  User_table.o [1]
File_UserProgram_Write  0x0001cbd4    0x44  Code  Gb  User_table.o [1]
FocusFarCmd             0x0001dfac    0x84  Code  Gb  PelcoD.o [1]
FocusNearCmd            0x0001df24    0x88  Code  Gb  PelcoD.o [1]
Get_ClassID             0x0001ada4     0x8  Code  Gb  ARP.o [1]
Get_ClassInfo_Table     0x0001767c     0xc  Code  Gb  LP2368_FLASH.o [1]
Get_Class_Stauts        0x0001776c    0x10  Code  Gb  User_option.o [1]
Get_Debug               0x0001943c    0x20  Code  Gb  User_option.o [1]
Get_DesIp               0x0001adf0    0xb4  Code  Gb  ARP.o [1]
Get_Device_Status       0x0001945c     0x8  Code  Gb  User_option.o [1]
Get_KeyData             0x000150b8     0x8  Code  Gb  Use_key.o [1]
Get_NetPort             0x0001ad9c     0x8  Code  Gb  ARP.o [1]
Get_TB_REC_State        0x00021f78     0x8  Code  Gb  User_TB.o [1]
Get_XCOM_Port           0x0001e08c    0x10  Code  Gb  User_XCOM.o [1]
Get_ver                 0x00017760     0xc  Code  Gb  User_option.o [1]
GotoPrepositionCmd      0x0001de08    0x90  Code  Gb  PelcoD.o [1]
HW_DEVICE               0x40005f48    0x20  Data  Gb  hw.o [1]
HW_XM_start             0x00020d10   0x2e4  Code  Gb  hw.o [1]
HW_init                 0x000211d0    0x30  Code  Gb  hw.o [1]
HW_send                 0x00020ff4   0x1dc  Code  Gb  hw.o [1]
I2C0_Exception          0x00022530   0x2d0  Code  Gb  I2C0INT.o [1]
I2C0_WriteNByte         0x00022388    0xd0  Code  Gb  I2C0INT.o [1]
I2C0_WriteNByte1        0x00022458    0xd8  Code  Gb  I2C0INT.o [1]
I2C1_Exception          0x00023184   0x2d0  Code  Gb  I2C1INT.o [1]
I2C1_ReadNByte          0x00022fd8    0xd4  Code  Gb  I2C1INT.o [1]
I2C1_WriteNByte         0x000230ac    0xd8  Code  Gb  I2C1INT.o [1]
I2C1_buf                0x40005fc0     0x4  Data  Gb  I2C1INT.o [1]
I2C1_end                0x40005fca     0x1  Data  Gb  I2C1INT.o [1]
I2C1_num                0x40005fc4     0x4  Data  Gb  I2C1INT.o [1]
I2C1_sla                0x40005fc8     0x1  Data  Gb  I2C1INT.o [1]
I2C1_suba               0x40005fbc     0x4  Data  Gb  I2C1INT.o [1]
I2C1_suba_en            0x40005fcb     0x1  Data  Gb  I2C1INT.o [1]
I2C1_suba_num           0x40005fc9     0x1  Data  Gb  I2C1INT.o [1]
I2C_buf                 0x40005fb0     0x4  Data  Gb  I2C0INT.o [1]
I2C_end                 0x40005fba     0x1  Data  Gb  I2C0INT.o [1]
I2C_num                 0x40005fb4     0x4  Data  Gb  I2C0INT.o [1]
I2C_sla                 0x40005fb8     0x1  Data  Gb  I2C0INT.o [1]
I2C_suba                0x40005fac     0x4  Data  Gb  I2C0INT.o [1]
I2C_suba_en             0x40005fbb     0x1  Data  Gb  I2C0INT.o [1]
I2C_suba_num            0x40005fb9     0x1  Data  Gb  I2C0INT.o [1]
I2SInit                 0x0002477c    0x98  Code  Gb  i2s.o [1]
I2SStart                0x00024730    0x24  Code  Gb  i2s.o [1]
I2SStop                 0x00024754    0x28  Code  Gb  i2s.o [1]
I2c0Init                0x00022800    0x60  Code  Gb  I2C0INT.o [1]
I2c1Init                0x000235d4    0x60  Code  Gb  I2C1INT.o [1]
IAP_Entry               0x40005ef0     0x4  Data  Gb  LP2368_FLASH.o [1]
ICMP_ReceivePacket      0x00028770    0xc0  Code  Gb  ICMP.o [1]
ICReader_Power          0x000204f0    0x44  Code  Gb  io.o [1]
IO_Contrl               0x0002004c    0x80  Code  Gb  io.o [1]
IO_FlagLingt_Flash      0x0001fff8    0x54  Code  Gb  io.o [1]
IO_IN_TAB               0x0002aaa0    0x24  Data  Gb  User_option.o [1]
IO_Out                  0x0001fe50   0x138  Code  Gb  io.o [1]
IO_PC_Power             0x00019f24    0x90  Code  Gb  User_power.o [1]
IO_Scan                 0x000200cc   0x360  Code  Gb  io.o [1]
IO_in                   0x0001ff88    0x70  Code  Gb  io.o [1]
IPByte_TO_Dword         0x0001adcc    0x24  Code  Gb  ARP.o [1]
IPDword_TO_Byte         0x0001adac    0x20  Code  Gb  ARP.o [1]
IPMASK_Compare          0x0001b044    0x84  Code  Gb  ARP.o [1]
IP_Check                0x0001b320    0x84  Code  Gb  ARP.o [1]
IP_Compare              0x0001aea4    0x50  Code  Gb  ARP.o [1]
IP_Debug_init           0x0001961c    0x28  Code  Gb  user_debug.o [1]
IP_ReceivePacket        0x00026c7c    0x64  Code  Gb  IP.o [1]
IP_SendFrame            0x000269dc   0x29c  Code  Gb  IP.o [1]
IP_printf               0x000196c4    0xc4  Code  Gb  user_debug.o [1]
IRQ_STACK$$Base         0x40006348           --   Gb  - Linker created -
IRQ_STACK$$Limit        0x40006648           --   Gb  - Linker created -
IS752_Scan              0x00022a4c    0xb4  Code  Gb  SC16IS752.o [1]
InStream_Read           0x0002ac41    0x22  Code  Lc  packbits_init.o [5]
InitIAP                 0x00017580    0x10  Code  Gb  LP2368_FLASH.o [1]
InitNet                 0x000267b0   0x174  Code  Gb  Hardware_int.o [1]
Initial_arp             0x0001ad34    0x68  Code  Gb  ARP.o [1]
Io_Init                 0x0001fbf4   0x124  Code  Gb  io.o [1]
IsImageRecognition      0x0001e034    0x54  Code  Gb  PelcoD.o [1]
KEY_CMD                 0x00015bbc  0x16e8  Code  Gb  Use_key.o [1]
KEY_DATA                0x40005f14    0x34  Data  Gb  Use_key.o [1]
KEY_Set_Vol             0x000150c0    0x44  Code  Gb  Use_key.o [1]
Key_TB_state            0x00015b64    0x28  Code  Gb  Use_key.o [1]
LAN_Sound_OUT           0x000149b8    0x38  Code  Gb  PT2258.o [1]
LAN_Sound_Select        0x0001492c    0x8c  Code  Gb  PT2258.o [1]
LAN_Test_Ack            0x0001b3d0    0x48  Code  Gb  User_udp.o [1]
LED_Contrl              0x00015104    0xd0  Code  Gb  Use_key.o [1]
LED_DATA                0x40005f68    0x1c  Data  Gb  Use_key.o [1]
LED_SendFLASH           0x00015438   0x138  Code  Gb  Use_key.o [1]
LED_Set                 0x000151d4   0x1c4  Code  Gb  Use_key.o [1]
LED_Time_Flash          0x00015398    0xa0  Code  Gb  Use_key.o [1]
LED_device_set          0x00015838   0x32c  Code  Gb  Use_key.o [1]
LMT_Delay_Power         0x0001f824    0x1c  Code  Gb  User_Run.o [1]
LMT_Power_Check         0x0001f88c   0x1d8  Code  Gb  User_Run.o [1]
LMT_Power_contrl        0x0001f840    0x4c  Code  Gb  User_Run.o [1]
LMT_init                0x0001f7f4    0x30  Code  Gb  User_Run.o [1]
Lan_TestFlag            0x0002b234     0x4  Data  Gb  User_udp.o [1]
LoadInt                 0x00027620    0xc8  Code  Lc  xprintffull.o [3]
Log_Close               0x00019b1c    0x18  Code  Gb  user_debug.o [1]
Log_Create              0x00019818    0xd8  Code  Gb  user_debug.o [1]
MAM_Init                0x00023a20    0x58  Code  Lc  target.o [1]
MSG_PQ                  0x400000c0     0x4  Data  Gb  User_option.o [1]
MSG_Q                   0x400000d4    0x50  Data  Gb  User_option.o [1]
Mem_Clr                 0x00017428     0xc  Code  Gb  lib_mem.o [1]
Mem_Copy                0x000174d4    0xac  Code  Gb  lib_mem.o [1]
Mem_Set                 0x00017434    0xa0  Code  Gb  lib_mem.o [1]
Msg_Option_Find         0x00017e54    0x8c  Code  Gb  User_option.o [1]
Msg_send                0x00018724    0x98  Code  Gb  User_option.o [1]
NetPort                 0x40000278   0x188  Data  Gb  ARP.o [1]
ON_Change_State         0x000127c4   0x2a4  Code  Gb  User_on_msg.o [1]
ON_Device_select        0x000123b0   0x364  Code  Gb  User_on_msg.o [1]
ON_POWER_option         0x00019fb4   0x824  Code  Gb  User_power.o [1]
ON_Sound_Mute           0x00010044   0x180  Code  Gb  User_on_msg.o [1]
OSCPUUsage              0x40004a70     0x1  Data  Gb  os_core.o [1]
OSCtxSw                 0x000207d0          Code  Gb  os_cpu_a.o [1]
OSCtxSwCtr              0x400049cc     0x4  Data  Gb  os_core.o [1]
OSDataSize              0x0002b29c     0x2  Data  Gb  os_dbg.o [1]
OSDebugEn               0x0002ad1e     0x2  Data  Gb  os_dbg.o [1]
OSDebugInit             0x0002845c     0x4  Code  Gb  os_dbg.o [1]
OSEndiannessTest        0x0002b230     0x4  Data  Gb  os_dbg.o [1]
OSEventEn               0x0002b23a     0x2  Data  Gb  os_dbg.o [1]
OSEventFreeList         0x40004ea0     0x4  Data  Gb  os_core.o [1]
OSEventMax              0x0002b0c6     0x2  Data  Gb  os_dbg.o [1]
OSEventNameSize         0x0002b238     0x2  Data  Gb  os_dbg.o [1]
OSEventSize             0x0002b23c     0x2  Data  Gb  os_dbg.o [1]
OSEventTbl              0x40004ea4   0x3c0  Data  Gb  os_core.o [1]
OSEventTblSize          0x0002b23e     0x2  Data  Gb  os_dbg.o [1]
OSFlagEn                0x0002b240     0x2  Data  Gb  os_dbg.o [1]
OSFlagFreeList          0x4000600c     0x4  Data  Gb  os_core.o [1]
OSFlagGrpSize           0x0002b242     0x2  Data  Gb  os_dbg.o [1]
OSFlagMax               0x0002b248     0x2  Data  Gb  os_dbg.o [1]
OSFlagNameSize          0x0002b24a     0x2  Data  Gb  os_dbg.o [1]
OSFlagNodeSize          0x0002b244     0x2  Data  Gb  os_dbg.o [1]
OSFlagTbl               0x40005c54    0xc8  Data  Gb  os_core.o [1]
OSFlagWidth             0x0002b246     0x2  Data  Gb  os_dbg.o [1]
OSIdleCtr               0x400049d8     0x4  Data  Gb  os_core.o [1]
OSIdleCtrMax            0x400049d0     0x4  Data  Gb  os_core.o [1]
OSIdleCtrRun            0x400049d4     0x4  Data  Gb  os_core.o [1]
OSInit                  0x00025708    0x38  Code  Gb  os_core.o [1]
OSIntCtxSw              0x00020834          Code  Gb  os_cpu_a.o [1]
OSIntExit               0x00025740    0x8c  Code  Gb  os_core.o [1]
OSIntNesting            0x40004a72     0x1  Data  Gb  os_core.o [1]
OSLockNesting           0x40004a73     0x1  Data  Gb  os_core.o [1]
OSLowestPrio            0x0002b24c     0x2  Data  Gb  os_dbg.o [1]
OSMboxEn                0x0002b24e     0x2  Data  Gb  os_dbg.o [1]
OSMemCreate             0x000261a8    0xa0  Code  Gb  os_mem.o [1]
OSMemEn                 0x0002b250     0x2  Data  Gb  os_dbg.o [1]
OSMemFreeList           0x40006010     0x4  Data  Gb  os_core.o [1]
OSMemGet                0x00026248    0x5c  Code  Gb  os_mem.o [1]
OSMemMax                0x0002b252     0x2  Data  Gb  os_dbg.o [1]
OSMemNameSize           0x0002b254     0x2  Data  Gb  os_dbg.o [1]
OSMemPut                0x000262a4    0x50  Code  Gb  os_mem.o [1]
OSMemSize               0x0002b256     0x2  Data  Gb  os_dbg.o [1]
OSMemTbl                0x40005d1c    0x8c  Data  Gb  os_core.o [1]
OSMemTblSize            0x0002b258     0x2  Data  Gb  os_dbg.o [1]
OSMutexEn               0x0002b25a     0x2  Data  Gb  os_dbg.o [1]
OSPrioCur               0x40004a74     0x1  Data  Gb  os_core.o [1]
OSPrioHighRdy           0x40004a75     0x1  Data  Gb  os_core.o [1]
OSPtrSize               0x0002b25c     0x2  Data  Gb  os_dbg.o [1]
OSQCreate               0x00022bf8    0xd4  Code  Gb  os_q.o [1]
OSQEn                   0x0002b25e     0x2  Data  Gb  os_dbg.o [1]
OSQFreeList             0x40006014     0x4  Data  Gb  os_core.o [1]
OSQMax                  0x0002b260     0x2  Data  Gb  os_dbg.o [1]
OSQPend                 0x00022ccc   0x168  Code  Gb  os_q.o [1]
OSQPost                 0x00022e34    0xc4  Code  Gb  os_q.o [1]
OSQSize                 0x0002b262     0x2  Data  Gb  os_dbg.o [1]
OSQTbl                  0x40005b64    0xf0  Data  Gb  os_core.o [1]
OSRdyGrp                0x40004a76     0x1  Data  Gb  os_core.o [1]
OSRdyTbl                0x40004a7c     0x4  Data  Gb  os_core.o [1]
OSRdyTblSize            0x0002b264     0x2  Data  Gb  os_dbg.o [1]
OSRunning               0x40004a77     0x1  Data  Gb  os_core.o [1]
OSSemCreate             0x0002429c    0x78  Code  Gb  os_sem.o [1]
OSSemEn                 0x0002b266     0x2  Data  Gb  os_dbg.o [1]
OSSemPend               0x00024314   0x124  Code  Gb  os_sem.o [1]
OSSemPost               0x00024448    0x98  Code  Gb  os_sem.o [1]
OSStart                 0x000257cc    0x3c  Code  Gb  os_core.o [1]
OSStartHighRdy          0x0002079c          Code  Gb  os_cpu_a.o [1]
OSStatRdy               0x40004a71     0x1  Data  Gb  os_core.o [1]
OSStkWidth              0x0002b268     0x2  Data  Gb  os_dbg.o [1]
OSTCBCur                0x400049dc     0x4  Data  Gb  os_core.o [1]
OSTCBFreeList           0x400049e0     0x4  Data  Gb  os_core.o [1]
OSTCBHighRdy            0x400049e4     0x4  Data  Gb  os_core.o [1]
OSTCBList               0x400049e8     0x4  Data  Gb  os_core.o [1]
OSTCBPrioTbl            0x400049ec    0x80  Data  Gb  os_core.o [1]
OSTCBPrioTblMax         0x0002b280     0x2  Data  Gb  os_dbg.o [1]
OSTCBSize               0x0002b282     0x2  Data  Gb  os_dbg.o [1]
OSTCBTbl                0x40004a80   0x420  Data  Gb  os_core.o [1]
OSTaskCreateEn          0x0002b26a     0x2  Data  Gb  os_dbg.o [1]
OSTaskCreateExt         0x00028460    0xf0  Code  Gb  os_task.o [1]
OSTaskCreateExtEn       0x0002b26c     0x2  Data  Gb  os_dbg.o [1]
OSTaskCtr               0x40004a78     0x1  Data  Gb  os_core.o [1]
OSTaskDelEn             0x0002b26e     0x2  Data  Gb  os_dbg.o [1]
OSTaskIdleStk           0x4000575c   0x200  Data  Gb  os_core.o [1]
OSTaskIdleStkSize       0x0002b270     0x2  Data  Gb  os_dbg.o [1]
OSTaskMax               0x0002b274     0x2  Data  Gb  os_dbg.o [1]
OSTaskNameSet           0x00028550    0xbc  Code  Gb  os_task.o [1]
OSTaskNameSize          0x0002b276     0x2  Data  Gb  os_dbg.o [1]
OSTaskProfileEn         0x0002b272     0x2  Data  Gb  os_dbg.o [1]
OSTaskStatEn            0x0002b278     0x2  Data  Gb  os_dbg.o [1]
OSTaskStatStk           0x4000555c   0x200  Data  Gb  os_core.o [1]
OSTaskStatStkChkEn      0x0002b27c     0x2  Data  Gb  os_dbg.o [1]
OSTaskStatStkSize       0x0002b27a     0x2  Data  Gb  os_dbg.o [1]
OSTaskStkChk            0x0002860c    0xb0  Code  Gb  os_task.o [1]
OSTaskStkInit           0x000294e8    0x98  Code  Gb  os_cpu_c.o [1]
OSTaskSwHook            0x00029580     0x4  Code  Gb  os_cpu_c.o [1]
OSTaskSwHookEn          0x0002b27e     0x2  Data  Gb  os_dbg.o [1]
OSTickStepState         0x40004a79     0x1  Data  Gb  os_core.o [1]
OSTicksPerSec           0x0002b284     0x2  Data  Gb  os_dbg.o [1]
OSTime                  0x40004a6c     0x4  Data  Gb  os_core.o [1]
OSTimeDly               0x0001f4d8    0x70  Code  Gb  os_time.o [1]
OSTimeDlyHMSM           0x0001f548    0x84  Code  Gb  os_time.o [1]
OSTimeTick              0x00025808   0x118  Code  Gb  os_core.o [1]
OSTimeTickHookEn        0x0002b286     0x2  Data  Gb  os_dbg.o [1]
OSTmrCfgMax             0x0002b28c     0x2  Data  Gb  os_dbg.o [1]
OSTmrCfgNameSize        0x0002b28e     0x2  Data  Gb  os_dbg.o [1]
OSTmrCfgTicksPerSec     0x0002b292     0x2  Data  Gb  os_dbg.o [1]
OSTmrCfgWheelSize       0x0002b290     0x2  Data  Gb  os_dbg.o [1]
OSTmrEn                 0x0002b28a     0x2  Data  Gb  os_dbg.o [1]
OSTmrSize               0x0002b294     0x2  Data  Gb  os_dbg.o [1]
OSTmrTblSize            0x0002b296     0x2  Data  Gb  os_dbg.o [1]
OSTmrWheelSize          0x0002b298     0x2  Data  Gb  os_dbg.o [1]
OSTmrWheelTblSize       0x0002b29a     0x2  Data  Gb  os_dbg.o [1]
OSUnMapTbl              0x000260a8   0x100  Data  Gb  os_core.o [1]
OSVersionNbr            0x0002b288     0x2  Data  Gb  os_dbg.o [1]
OS_CPU_ARM_ExceptAddrAbortHndlr
                        0x000208c8          Code  Gb  os_cpu_a.o [1]
OS_CPU_ARM_ExceptDataAbortHndlr
                        0x000208b4          Code  Gb  os_cpu_a.o [1]
OS_CPU_ARM_ExceptFiqHndlr
                        0x000208f0          Code  Gb  os_cpu_a.o [1]
OS_CPU_ARM_ExceptIrqHndlr
                        0x000208dc          Code  Gb  os_cpu_a.o [1]
OS_CPU_ARM_ExceptPrefetchAbortHndlr
                        0x000208a0          Code  Gb  os_cpu_a.o [1]
OS_CPU_ARM_ExceptResetHndlr
                        0x00020870          Code  Gb  os_cpu_a.o [1]
OS_CPU_ARM_ExceptSwiHndlr
                        0x00020890          Code  Gb  os_cpu_a.o [1]
OS_CPU_ARM_ExceptUndefInstrHndlr
                        0x00020880          Code  Gb  os_cpu_a.o [1]
OS_CPU_ExceptHndlr      0x00023bc0   0x130  Code  Gb  target.o [1]
OS_CPU_SR_FIQ_Dis       0x0002077c          Code  Gb  os_cpu_a.o [1]
OS_CPU_SR_FIQ_En        0x0002078c          Code  Gb  os_cpu_a.o [1]
OS_CPU_SR_INT_Dis       0x00020738          Code  Gb  os_cpu_a.o [1]
OS_CPU_SR_INT_En        0x00020748          Code  Gb  os_cpu_a.o [1]
OS_CPU_SR_IRQ_Dis       0x0002075c          Code  Gb  os_cpu_a.o [1]
OS_CPU_SR_IRQ_En        0x0002076c          Code  Gb  os_cpu_a.o [1]
OS_CPU_SR_Restore       0x00020730          Code  Gb  os_cpu_a.o [1]
OS_CPU_SR_Save          0x00020720          Code  Gb  os_cpu_a.o [1]
OS_EventTOAbort         0x00025a48    0x58  Code  Gb  os_core.o [1]
OS_EventTaskRdy         0x00025920    0xb8  Code  Gb  os_core.o [1]
OS_EventTaskWait        0x000259d8    0x70  Code  Gb  os_core.o [1]
OS_EventWaitListInit    0x00025aa0    0x30  Code  Gb  os_core.o [1]
OS_FlagInit             0x000283e0    0x74  Code  Gb  os_flag.o [1]
OS_InitEventList        0x00025ad0    0x74  Code  Lc  os_core.o [1]
OS_InitMisc             0x00025b44    0x30  Code  Lc  os_core.o [1]
OS_InitRdyList          0x00025b74    0x40  Code  Lc  os_core.o [1]
OS_InitTCBList          0x00025c74    0x7c  Code  Lc  os_core.o [1]
OS_InitTaskIdle         0x00025bb4    0x60  Code  Lc  os_core.o [1]
OS_InitTaskStat         0x00025c14    0x60  Code  Lc  os_core.o [1]
OS_MemClr               0x00025cf0    0x20  Code  Gb  os_core.o [1]
OS_MemInit              0x000262f4    0x74  Code  Gb  os_mem.o [1]
OS_QInit                0x00022ef8    0x5c  Code  Gb  os_q.o [1]
OS_Sched                0x00025d10    0x68  Code  Gb  os_core.o [1]
OS_SchedNew             0x00025d78    0x28  Code  Lc  os_core.o [1]
OS_StrCopy              0x00025da0    0x34  Code  Gb  os_core.o [1]
OS_StrLen               0x00025dd4    0x28  Code  Gb  os_core.o [1]
OS_TCBInit              0x00025f40   0x14c  Code  Gb  os_core.o [1]
OS_TaskIdle             0x00025dfc    0x24  Code  Gb  os_core.o [1]
OS_TaskStat             0x00025e20    0xac  Code  Gb  os_core.o [1]
OS_TaskStatStkChk       0x00025ecc    0x74  Code  Gb  os_core.o [1]
OS_TaskStkClr           0x000286cc    0x28  Code  Gb  os_task.o [1]
On_MSG_OPTION           0x00012344    0x6c  Code  Gb  User_on_msg.o [1]
On_MSG_OPTION_AUTOTRACK_OFF
                        0x00010e90    0x18  Code  Gb  User_on_msg.o [1]
On_MSG_OPTION_AUTOTRACK_ON
                        0x00010e78    0x18  Code  Gb  User_on_msg.o [1]
On_MSG_OPTION_AUTO_OFF  0x00010bec    0x6c  Code  Gb  User_on_msg.o [1]
On_MSG_OPTION_AUTO_ON   0x00010b7c    0x70  Code  Gb  User_on_msg.o [1]
On_MSG_OPTION_CLASS_BEGIN
                        0x00010434   0x200  Code  Gb  User_on_msg.o [1]
On_MSG_OPTION_CLASS_OVER
                        0x00010634   0x1b4  Code  Gb  User_on_msg.o [1]
On_MSG_OPTION_CODE1_SPEED
                        0x00012e30   0x12c  Code  Gb  User_on_msg.o [1]
On_MSG_OPTION_COMM      0x0001e114    0x64  Code  Gb  User_XCOM.o [1]
On_MSG_OPTION_CardContrl
                        0x00013d0c   0x278  Code  Gb  User_on_msg.o [1]
On_MSG_OPTION_DEBUG     0x000119b0    0x68  Code  Gb  User_on_msg.o [1]
On_MSG_OPTION_DEV_REMOTE_OFF
                        0x00010d50    0x94  Code  Gb  User_on_msg.o [1]
On_MSG_OPTION_DEV_REMOTE_ON
                        0x00010c58    0x7c  Code  Gb  User_on_msg.o [1]
On_MSG_OPTION_DEV_RESET
                        0x00011a1c    0x10  Code  Gb  User_on_msg.o [1]
On_MSG_OPTION_FILE_REQ  0x00011a2c    0x44  Code  Gb  User_on_msg.o [1]
On_MSG_OPTION_FILE_SEND
                        0x00011a70    0x68  Code  Gb  User_on_msg.o [1]
On_MSG_OPTION_FRAME     0x00012cfc   0x130  Code  Gb  User_on_msg.o [1]
On_MSG_OPTION_HD_OFF    0x00010ef0    0x18  Code  Gb  User_on_msg.o [1]
On_MSG_OPTION_HD_ON     0x00010ed8    0x18  Code  Gb  User_on_msg.o [1]
On_MSG_OPTION_HELP_BREAK
                        0x00010aec    0x90  Code  Gb  User_on_msg.o [1]
On_MSG_OPTION_HELP_LINK
                        0x00010a78    0x74  Code  Gb  User_on_msg.o [1]
On_MSG_OPTION_HELP_OFF  0x00010880    0x94  Code  Gb  User_on_msg.o [1]
On_MSG_OPTION_HELP_ON   0x000107e8    0x98  Code  Gb  User_on_msg.o [1]
On_MSG_OPTION_HELP_TEST
                        0x000109d8    0x2c  Code  Gb  User_on_msg.o [1]
On_MSG_OPTION_IO_TEST   0x00013a30   0x230  Code  Gb  User_on_msg.o [1]
On_MSG_OPTION_IPPlay    0x00010a04    0x74  Code  Gb  User_on_msg.o [1]
On_MSG_OPTION_IP_DPlay  0x00010914    0x74  Code  Gb  User_on_msg.o [1]
On_MSG_OPTION_LEDContrl
                        0x00013c68    0x3c  Code  Gb  User_on_msg.o [1]
On_MSG_OPTION_LMT_ReqStatus
                        0x00013398    0xe8  Code  Gb  User_on_msg.o [1]
On_MSG_OPTION_METRIC    0x00012bcc   0x130  Code  Gb  User_on_msg.o [1]
On_MSG_OPTION_MSG_RUN   0x000101c4   0x254  Code  Gb  User_on_msg.o [1]
On_MSG_OPTION_PERSONAL_TALL
                        0x00012f5c   0x13c  Code  Gb  User_on_msg.o [1]
On_MSG_OPTION_POWER     0x00010418    0x1c  Code  Gb  User_on_msg.o [1]
On_MSG_OPTION_POWERCARD_ONOFF
                        0x0001a7ec   0x4f4  Code  Gb  User_power.o [1]
On_MSG_OPTION_RECORD    0x00012a68   0x15c  Code  Gb  User_on_msg.o [1]
On_MSG_OPTION_REC_Contrl
                        0x0001323c   0x15c  Code  Gb  User_on_msg.o [1]
On_MSG_OPTION_REC_REMOTE_OFF
                        0x00010de4    0x94  Code  Gb  User_on_msg.o [1]
On_MSG_OPTION_REC_REMOTE_ON
                        0x00010cd4    0x7c  Code  Gb  User_on_msg.o [1]
On_MSG_OPTION_SCAMERA   0x00013488   0x4a4  Code  Gb  User_on_msg.o [1]
On_MSG_OPTION_SCAMERA_CONTRL
                        0x00010f40   0xa6c  Code  Gb  User_on_msg.o [1]
On_MSG_OPTION_SELECT_SCAMERA
                        0x00013098   0x1a4  Code  Gb  User_on_msg.o [1]
On_MSG_OPTION_SERVER_FILE_SEND
                        0x00011ad8   0x168  Code  Gb  User_on_msg.o [1]
On_MSG_OPTION_SEVER_ACK
                        0x00011c40    0x8c  Code  Gb  User_on_msg.o [1]
On_MSG_OPTION_SOUND_SELECT
                        0x00013930    0x14  Code  Gb  User_on_msg.o [1]
On_MSG_OPTION_SOUND_VOL
                        0x00013944    0x3c  Code  Gb  User_on_msg.o [1]
On_MSG_OPTION_STATUS_CHANGE
                        0x00011ccc   0x188  Code  Gb  User_on_msg.o [1]
On_MSG_OPTION_STRATEGY_OFF
                        0x00010ec0    0x18  Code  Gb  User_on_msg.o [1]
On_MSG_OPTION_STRATEGY_ON
                        0x00010ea8    0x18  Code  Gb  User_on_msg.o [1]
On_MSG_OPTION_SVRLINK_REQ
                        0x00011e70    0x50  Code  Gb  User_on_msg.o [1]
On_MSG_OPTION_TIMEACTIVE
                        0x00011ec0   0x158  Code  Gb  User_on_msg.o [1]
On_MSG_OPTION_TYJ_DIS_VGA
                        0x00013cfc    0x10  Code  Gb  User_on_msg.o [1]
On_MSG_OPTION_VGA_SELECT
                        0x000139d8    0x54  Code  Gb  User_on_msg.o [1]
On_MSG_OPTION_VIDEO_SELECT
                        0x00013980    0x54  Code  Gb  User_on_msg.o [1]
On_MSG_OPTION_YY_Teather
                        0x00013ca4    0x58  Code  Gb  User_on_msg.o [1]
On_MSG_Power_OPTION     0x000121c4   0x180  Code  Gb  User_on_msg.o [1]
On_MSG_RepeatPower_OPTION
                        0x00012068   0x15c  Code  Gb  User_on_msg.o [1]
Option_init             0x00017a0c    0x98  Code  Gb  User_option.o [1]
PHYID                   0x40006020     0x2  Data  Gb  Hardware_int.o [1]
PINInit                 0x0001fba4    0x50  Code  Gb  io.o [1]
PLL_Init                0x00023a78   0x10c  Code  Lc  target.o [1]
POWER_FLAG              0x40005ff8     0x4  Data  Gb  User_power.o [1]
POWER_FLAG_STATE        0x40005ffc     0x4  Data  Gb  User_power.o [1]
POWER_Set               0x00019d90   0x114  Code  Gb  User_power.o [1]
POWER_init              0x00019c30    0xd4  Code  Gb  User_power.o [1]
POWER_msg_rev           0x0001ad08    0x2c  Code  Gb  User_power.o [1]
PT2258Init              0x00014ef4   0x198  Code  Gb  PT2258.o [1]
Print_MSG_info          0x00019904   0x218  Code  Gb  user_debug.o [1]
QXCOM                   0x40005444    0x28  Data  Gb  User_XCOM.o [1]
QXCOM0_Sbuf             0x4000546c    0x28  Data  Gb  User_XCOM.o [1]
QXCOM1_Sbuf             0x40005494    0x28  Data  Gb  User_XCOM.o [1]
QXCOM2_Sbuf             0x400054bc    0x28  Data  Gb  User_XCOM.o [1]
QXCOM3_Sbuf             0x400054e4    0x28  Data  Gb  User_XCOM.o [1]
QXCOM4_Sbuf             0x4000550c    0x28  Data  Gb  User_XCOM.o [1]
QXCOM5_Sbuf             0x40005534    0x28  Data  Gb  User_XCOM.o [1]
QXCOM_rev               0x40005440     0x4  Data  Gb  User_XCOM.o [1]
REC_ARP_REQ             0x0001b1b0    0x88  Code  Gb  ARP.o [1]
RFIC_K103_Mode          0x0001b914   0x3c8  Code  Gb  User_DW.o [1]
RF_CARD_Check           0x0001bcdc    0xd8  Code  Gb  User_DW.o [1]
RF_card_times           0x40005e80     0x4  Data  Lc  User_DW.o [1]
RTime                   0x4000595c     0x8  Data  Gb  RealTime.o [1]
RamToFlash              0x000175c4    0x44  Code  Gb  LP2368_FLASH.o [1]
Random                  0x000178f0    0x54  Code  Gb  User_option.o [1]
Read_PHY                0x00026450    0x54  Code  Gb  Hardware_int.o [1]
RealTime_Get            0x000209fc    0x64  Code  Gb  RealTime.o [1]
RealTime_Get_Minute     0x00020a60    0x20  Code  Gb  RealTime.o [1]
RealTime_IRQ            0x00020af8   0x108  Code  Gb  RealTime.o [1]
RealTime_Set            0x00020c9c    0x5c  Code  Gb  RealTime.o [1]
RealTime_init           0x00020c00    0x84  Code  Gb  RealTime.o [1]
Rec_Packet              0x00026708    0x7c  Code  Gb  Hardware_int.o [1]
Region$$Table$$Base     0x0002b194           --   Gb  - Linker created -
Region$$Table$$Limit    0x0002b1c0           --   Gb  - Linker created -
Reset                   0x00023798    0x10  Code  Gb  target.o [1]
Reset_BootLoader        0x00023894    0x10  Code  Gb  target.o [1]
Reset_boot              0x40006018     0x4  Data  Gb  target.o [1]
Rev                     0x40005fd8     0x8  Data  Gb  io.o [1]
Rtime_IRQFlag           0x00020a80    0x78  Code  Gb  RealTime.o [1]
Run_Send_Flag           0x0001fa64     0xc  Code  Gb  User_Run.o [1]
SEL                     0x40000408     0x8  Data  Gb  PT2258.o [1]
SOUND_DEVICE_Mute       0x00014618   0x1e8  Code  Gb  PT2258.o [1]
SPI_Init                0x0002286c    0x1c  Code  Gb  SC16IS752.o [1]
SPI_read                0x000228ac    0x8c  Code  Gb  SC16IS752.o [1]
SPI_send                0x00022888    0x24  Code  Gb  SC16IS752.o [1]
SPI_write               0x00022938    0x90  Code  Gb  SC16IS752.o [1]
SPI_writeData           0x000229c8    0x84  Code  Gb  SC16IS752.o [1]
SVC_STACK$$Base         0x40006328           --   Gb  - Linker created -
SVC_STACK$$Limit        0x40006348           --   Gb  - Linker created -
SelSector               0x00017590    0x34  Code  Gb  LP2368_FLASH.o [1]
Send_Packet             0x000265dc   0x11c  Code  Gb  Hardware_int.o [1]
Send_State              0x0001271c    0x90  Code  Gb  User_on_msg.o [1]
SetAddress              0x0001d700    0x28  Code  Gb  PelcoD.o [1]
SetMacID                0x000265a4    0x38  Code  Gb  Hardware_int.o [1]
SetPowerDeltimemsg      0x00019ea4    0x54  Code  Gb  User_power.o [1]
SetPrepositionCmd       0x0001de98    0x8c  Code  Gb  PelcoD.o [1]
SetVICIRQ               0x000237a8    0x38  Code  Gb  target.o [1]
SoundVolumeControl      0x00013fd8   0x640  Code  Gb  PT2258.o [1]
Sound_Close             0x0001cdcc   0x194  Code  Gb  Use_Sound.o [1]
Sound_Contrl            0x40005da8    0x78  Data  Gb  Use_Sound.o [1]
Sound_Echo_Contrl       0x0001cc98    0x70  Code  Gb  Use_Sound.o [1]
Sound_Get_Play_No       0x0001cf60    0xb0  Code  Gb  Use_Sound.o [1]
Sound_Input_Int         0x0001d230   0x110  Code  Gb  Use_Sound.o [1]
Sound_Open              0x0001cd08    0xc4  Code  Gb  Use_Sound.o [1]
Sound_Play_Int          0x0001d15c    0xac  Code  Gb  Use_Sound.o [1]
Sound_Pointer_Scan      0x0001d0d8    0x84  Code  Gb  Use_Sound.o [1]
Sound_Save_PlayData     0x0001d010    0xc8  Code  Gb  Use_Sound.o [1]
Sound_init              0x0001d340   0x144  Code  Gb  Use_Sound.o [1]
SpiSendData             0x00014800    0x80  Code  Gb  PT2258.o [1]
SpiSendData1            0x00014880    0x74  Code  Gb  PT2258.o [1]
StopCmd                 0x0001ddb0    0x58  Code  Gb  PelcoD.o [1]
StopFocus               0x0001dcfc    0x3c  Code  Gb  PelcoD.o [1]
StopPanTilt             0x0001dd74    0x3c  Code  Gb  PelcoD.o [1]
StopZoom                0x0001dd38    0x3c  Code  Gb  PelcoD.o [1]
Str_Cmp                 0x00023674    0xd8  Code  Gb  lib_str.o [1]
Str_Len                 0x00023648    0x2c  Code  Gb  lib_str.o [1]
TASK_RUN                0x0001fa70    0xc0  Code  Gb  User_Run.o [1]
TASK_RUN_stack          0x40003a7c   0x4b0  Data  Gb  main.o [1]
TASK_START              0x00029e6c   0x340  Code  Gb  main.o [1]
TASK_START_stack        0x40002f8c   0x640  Data  Gb  main.o [1]
TASK_TABLE              0x40005a70    0xf4  Data  Gb  User_option.o [1]
TASK_UART               0x0001f398    0xf4  Code  Gb  User_XCOM.o [1]
TASK_UART0Send          0x0001f09c    0x60  Code  Gb  User_XCOM.o [1]
TASK_UART0Send_stack    0x40003f2c   0x190  Data  Gb  main.o [1]
TASK_UART1Send          0x0001f0fc    0x6c  Code  Gb  User_XCOM.o [1]
TASK_UART1Send_stack    0x400040bc   0x190  Data  Gb  main.o [1]
TASK_UART2Send          0x0001f168    0x60  Code  Gb  User_XCOM.o [1]
TASK_UART2Send_stack    0x4000424c   0x190  Data  Gb  main.o [1]
TASK_UART3Send          0x0001f1c8    0x60  Code  Gb  User_XCOM.o [1]
TASK_UART3Send_stack    0x400043dc   0x190  Data  Gb  main.o [1]
TASK_UART4Send          0x0001f228    0xbc  Code  Gb  User_XCOM.o [1]
TASK_UART4Send_stack    0x4000456c   0x190  Data  Gb  main.o [1]
TASK_UART5Send          0x0001f2e4    0xb4  Code  Gb  User_XCOM.o [1]
TASK_UART5Send_stack    0x400046fc   0x2d0  Data  Gb  main.o [1]
TASK_UART_stack         0x400035cc   0x4b0  Data  Gb  main.o [1]
TB_REC_UnFreez          0x00021f80    0x78  Code  Gb  User_TB.o [1]
TB_ReadVer              0x00021e20    0x3c  Code  Gb  User_TB.o [1]
TB_Read_Csingle         0x00021e5c    0x40  Code  Gb  User_TB.o [1]
TB_Read_state           0x00021e9c    0x40  Code  Gb  User_TB.o [1]
TB_SelectAV             0x00021f2c    0x4c  Code  Gb  User_TB.o [1]
TB_SelectVGA            0x00021edc    0x50  Code  Gb  User_TB.o [1]
TB_SingleChage          0x00021e00    0x20  Code  Gb  User_TB.o [1]
TB_init                 0x00022004   0x174  Code  Gb  User_TB.o [1]
TMS320AIC23_Reg_Write   0x0001d53c    0x8c  Code  Gb  TMS320AIC23.o [1]
TMS320AIC23_Set_Vol     0x0001d5c8    0xa8  Code  Gb  TMS320AIC23.o [1]
TMS320AIC23_init        0x0001d670    0x90  Code  Gb  TMS320AIC23.o [1]
TargetInit              0x00023854    0x40  Code  Gb  target.o [1]
TargetResetInit         0x00023b84    0x3c  Code  Gb  target.o [1]
Task_Rec_Del            0x000187c0    0xd4  Code  Gb  User_option.o [1]
Task_Rec_Find           0x00018894    0x84  Code  Gb  User_option.o [1]
Task_Run_Delay          0x00018920    0xec  Code  Gb  User_option.o [1]
Timer2Init              0x000237f4    0x60  Code  Gb  target.o [1]
Timer2_Exception        0x000237e0    0x14  Code  Gb  target.o [1]
Timer3Init              0x0001fd18    0x48  Code  Gb  io.o [1]
Timer3_Exception        0x0001fd60    0x38  Code  Gb  io.o [1]
TurnDownCmd             0x0001d900    0x90  Code  Gb  PelcoD.o [1]
TurnLeftCmd             0x0001d7e8    0x8c  Code  Gb  PelcoD.o [1]
TurnLeftDownCmd         0x0001db58    0x8c  Code  Gb  PelcoD.o [1]
TurnLeftUpCmd           0x0001dad0    0x88  Code  Gb  PelcoD.o [1]
TurnRightCmd            0x0001d75c    0x8c  Code  Gb  PelcoD.o [1]
TurnRightDownCmd        0x0001dc70    0x8c  Code  Gb  PelcoD.o [1]
TurnRightUpCmd          0x0001dbe4    0x8c  Code  Gb  PelcoD.o [1]
TurnUpCmd               0x0001d874    0x8c  Code  Gb  PelcoD.o [1]
UART0_Exception         0x0002555c    0x4c  Code  Gb  uart.o [1]
UART1_Exception         0x000255a8    0x4c  Code  Gb  uart.o [1]
UART2_Exception         0x000255f4    0x4c  Code  Gb  uart.o [1]
UART3_Exception         0x00025640    0x4c  Code  Gb  uart.o [1]
UART_REV                0x000251b4   0x27c  Code  Gb  uart.o [1]
UART_Send_Data          0x0002496c   0x5c8  Code  Gb  uart.o [1]
UART_Write              0x0001efe0    0xbc  Code  Gb  User_XCOM.o [1]
UART_init               0x00025690    0x70  Code  Gb  uart.o [1]
UART_printf             0x00019644    0x80  Code  Gb  user_debug.o [1]
UART_set_bps            0x00024818   0x154  Code  Gb  uart.o [1]
UDP_ReceivePacket       0x00023e68   0x1ac  Code  Gb  Udp.o [1]
UDP_Send_ACK            0x0001b5f8    0xb0  Code  Gb  User_udp.o [1]
UDP_Send_CMD            0x0001b418   0x1e0  Code  Gb  User_udp.o [1]
UDP_msg_rev             0x0001b6a8    0xd4  Code  Gb  User_udp.o [1]
UND_STACK$$Base         0x40006658           --   Gb  - Linker created -
UND_STACK$$Limit        0x40006668           --   Gb  - Linker created -
Udp_SendPacked          0x00024018   0x108  Code  Gb  Udp.o [1]
User_ID_Read            0x00017cf4   0x160  Code  Gb  User_option.o [1]
User_Option             0x00018b14   0x928  Code  Gb  User_option.o [1]
User_mem_allco          0x0002057c    0x90  Code  Gb  user_mem.o [1]
User_mem_free           0x0002060c    0x94  Code  Gb  user_mem.o [1]
User_mem_init           0x00020534    0x48  Code  Gb  user_mem.o [1]
VGACD22M3494Reset       0x00021350   0x12c  Code  Gb  CD22M3494.o [1]
VGA_BUF                 0x40005fcc     0xc  Data  Gb  CD22M3494.o [1]
VGA_Select              0x000214b8   0x6dc  Code  Gb  CD22M3494.o [1]
VIC_Init                0x0002374c    0x4c  Code  Gb  target.o [1]
ViscaCount              0x40006022     0x1  Data  Lc  User_on_msg.o [1]
Write_PHY               0x0002640c    0x44  Code  Gb  Hardware_int.o [1]
XCOM_DEV_Read           0x00024fb0   0x1d0  Code  Gb  uart.o [1]
XCOM_DW                 0x0001e5d4    0x94  Code  Gb  User_XCOM.o [1]
XCOM_Data_Read          0x0001e2c8    0xd4  Code  Gb  User_XCOM.o [1]
XCOM_Data_send          0x0001e178   0x150  Code  Gb  User_XCOM.o [1]
XCOM_ICREADER           0x0001ef54     0x4  Code  Gb  User_XCOM.o [1]
XCOM_MB                 0x0001e668    0xc4  Code  Gb  User_XCOM.o [1]
XCOM_PORT               0x40005264   0x1dc  Data  Gb  User_XCOM.o [1]
XCOM_Q_Send             0x0001ef58    0x84  Code  Gb  User_XCOM.o [1]
XCOM_SCAMERA            0x0001e72c   0x408  Code  Gb  User_XCOM.o [1]
XCOM_SCAMERA1           0x0001eb34   0x420  Code  Gb  User_XCOM.o [1]
XCOM_Send_ACK           0x0001e564    0x70  Code  Gb  User_XCOM.o [1]
XCOM_Wait_Ack           0x0001e09c    0x3c  Code  Gb  User_XCOM.o [1]
XCOM_init               0x0001e3e8   0x17c  Code  Gb  User_XCOM.o [1]
Xcom_set                0x0001e39c    0x4c  Code  Gb  User_XCOM.o [1]
Xcom_sum                0x0001e0d8    0x3c  Code  Gb  User_XCOM.o [1]
ZoomInCmd               0x0001d990    0xa0  Code  Gb  PelcoD.o [1]
ZoomOutCmd              0x0001da30    0xa0  Code  Gb  PelcoD.o [1]
_GenldFull              0x00027f68   0x3d4  Code  Lc  xprintffull.o [3]
_K103_sum_check         0x0001b868    0x34  Code  Lc  User_DW.o [1]
_LdtobFull              0x000278a0   0x6bc  Code  Lc  xprintffull.o [3]
_LitobFull              0x000276e8   0x1b8  Code  Lc  xprintffull.o [3]
_PrintfFull             0x00026ce0   0x940  Code  Gb  xprintffull.o [3]
_PutcharsFull           0x0002833c    0x60  Code  Lc  xprintffull.o [3]
_SProut                 0x0002b1fc    0x14  Code  Gb  xsprout.o [3]
__aeabi_cdcmple         0x00028a34          Code  Gb  DblCmpLe.o [4]
__aeabi_cdrcmple        0x00028a6c          Code  Gb  DblCmpGe.o [4]
__aeabi_d2iz            0x00028c84          Code  Gb  DblToS32.o [4]
__aeabi_d2uiz           0x00029464          Code  Gb  DblToU32.o [4]
__aeabi_ddiv            0x0002912c          Code  Gb  DblDiv.o [4]
__aeabi_dmul            0x00028f34          Code  Gb  DblMul.o [4]
__aeabi_dsub            0x00028d44          Code  Gb  DblSub.o [4]
__aeabi_i2d             0x00028ce4          Code  Gb  S32ToDbl.o [4]
__aeabi_idiv            0x000221b4          Code  Gb  I32DivMod.o [5]
__aeabi_idiv0           0x00026370          Code  Gb  IntDivZer.o [5]
__aeabi_idivmod         0x000221b4          Code  Gb  I32DivMod.o [5]
__aeabi_ldiv0           0x000295b4          Code  Gb  I64DivZer.o [5]
__aeabi_memclr4         0x000221ac          Code  Gb  ABImemclr4.o [5]
__aeabi_memcpy          0x0001768c          Code  Gb  ABImemcpy.o [5]
__aeabi_memcpy4         0x000176b0          Code  Gb  ABImemcpy.o [5]
__aeabi_memcpy8         0x000176b0          Code  Gb  ABImemcpy.o [5]
__aeabi_memset          0x000206a4          Code  Gb  ABImemset.o [5]
__aeabi_memset4         0x0001cc50          Code  Gb  ABImemset48.o [5]
__aeabi_memset8         0x0001cc50          Code  Gb  ABImemset48.o [5]
__aeabi_ui2d            0x000294a0          Code  Gb  U32ToDbl.o [4]
__aeabi_uidiv           0x000221e4          Code  Gb  I32DivMod.o [5]
__aeabi_uidivmod        0x000221e4          Code  Gb  I32DivMod.o [5]
__aeabi_uldivmod        0x000288e4          Code  Gb  I64DivMod.o [5]
__cmain                 0x0002b104          Code  Gb  cmain.o [5]
__exit                  0x0002ad2c          Code  Gb  XXexit.o [5]
__iar_Dnorm             0x000289b8    0x7c  Code  Gb  xdnorm.o [4]
__iar_Dscale            0x00028aa4   0x1e0  Code  Gb  xdscale.o [4]
__iar_Memchr            0x00028850          Code  Gb  memchr.o [5]
__iar_Memset            0x000206a4          Code  Gb  ABImemset.o [5]
__iar_Memset4_word      0x0001cc5c          Code  Gb  ABImemset48.o [5]
__iar_Memset8_word      0x0001cc5c          Code  Gb  ABImemset48.o [5]
__iar_Memset_word       0x000206b0          Code  Gb  ABImemset.o [5]
__iar_Strchr            0x00028830          Code  Gb  strchr.o [5]
__iar_dadd              0x000295b8          Code  Gb  DblAdd.o [4]
__iar_data_init3        0x0002b095    0x30  Code  Gb  data_init.o [5]
__iar_dsub              0x00028d54          Code  Gb  DblSub.o [4]
__iar_dsubStart         0x00028d74          Code  Gb  DblSub.o [4]
__iar_i2d               0x00028cf8          Code  Gb  S32ToDbl.o [4]
__iar_packbits_init3    0x0002ac63    0xbc  Code  Gb  packbits_init.o [5]
__iar_program_start     0x0002af7c          Code  Gb  cstartup.o [1]
__iar_zero_init3        0x000283b7    0x2a  Code  Gb  zero_init3.o [5]
__mem256                0x4000041c  0x1400  Data  Gb  user_mem.o [1]
__mem512                0x4000181c  0x1770  Data  Gb  user_mem.o [1]
__pm256                 0x40000414     0x4  Data  Gb  user_mem.o [1]
__pm512                 0x40000418     0x4  Data  Gb  user_mem.o [1]
__vector                0x00010000          Code  Gb  cstartup.o [1]
_call_main              0x0002b118          Code  Gb  cmain.o [5]
_exit                   0x0002b134          Code  Gb  cexit.o [5]
_ic_find_syn            0x0001b89c    0x78  Code  Lc  User_DW.o [1]
_main                   0x0002b120          Code  Gb  cmain.o [5]
abort                   0x0002ad24     0x8  Code  Gb  abort.o [3]
aic23_delay             0x0001d518    0x24  Code  Gb  TMS320AIC23.o [1]
baktime                 0x40005964     0x8  Data  Gb  RealTime.o [1]
buf                     0x40005fe0     0x4  Data  Gb  io.o [1]
def_classname           0x0002aa64    0x10  Data  Gb  User_option.o [1]
def_gateip              0x0002aa9c     0x4  Data  Gb  User_option.o [1]
def_housename           0x0002aa88     0xc  Data  Gb  User_option.o [1]
def_ip                  0x0002aa94     0x4  Data  Gb  User_option.o [1]
def_mark                0x0002aa98     0x4  Data  Gb  User_option.o [1]
def_schoolname          0x0002aa74    0x14  Data  Gb  User_option.o [1]
div                     0x000294b0    0x38  Code  Gb  div.o [3]
exit                    0x0002b130     0x4  Code  Gb  exit.o [3]
gClassT                 0x4000596c   0x104  Data  Gb  RealTime.o [1]
gDCS                    0x400000c4     0x4  Data  Gb  User_option.o [1]
gDeviceStatus           0x40000040    0x48  Data  Gb  User_option.o [1]
gDeviceTable            0x40000088    0x38  Data  Gb  User_option.o [1]
gLMT_Power              0x40005f98     0x8  Data  Gb  User_Run.o [1]
gPC_power               0x40005fa0     0x8  Data  Gb  User_Run.o [1]
gRF                     0x40005e20    0x1c  Data  Gb  User_DW.o [1]
gRFIC                   0x40005e3c    0x44  Data  Gb  User_DW.o [1]
gSYS_Fcclk              0x40005ff0     0x4  Data  Gb  target.o [1]
gSYS_Fpclk              0x40005ff4     0x4  Data  Gb  target.o [1]
gStat_Rec               0x40000124   0x14c  Data  Gb  User_option.o [1]
gTB_State               0x40005fe4     0xc  Data  Gb  User_TB.o [1]
gTB_VGAChage            0x0002b220     0x8  Data  Gb  User_TB.o [1]
gTB_VideoChage          0x0002b228     0x8  Data  Gb  User_TB.o [1]
gYXJ                    0x40005e84     0x4  Data  Gb  User_DW.o [1]
key_init                0x00015570   0x2c8  Code  Gb  Use_key.o [1]
key_msg_rev             0x00017384    0xa4  Code  Gb  Use_key.o [1]
main                    0x00029d40   0x12c  Code  Gb  main.o [1]
memchr                  0x00028850          Code  Gb  memchr.o [5]
mic_play_add            0x0001d208    0x28  Code  Gb  Use_Sound.o [1]
on_MSG_OPTION_IP_HPVol  0x000109b0    0x28  Code  Gb  User_on_msg.o [1]
on_MSG_OPTION_IP_MICVol
                        0x00010988    0x28  Code  Gb  User_on_msg.o [1]
on_MSG_OPTION_TB_ReqStatus
                        0x00013fb0    0x14  Code  Gb  User_on_msg.o [1]
pDGB_XCOM               0x4000601c     0x4  Data  Gb  user_debug.o [1]
pPelcodData             0x40005f90     0x8  Data  Gb  PelcoD.o [1]
pViscaData              0x40005f84     0xc  Data  Gb  PelcoD.o [1]
paramin                 0x40005ed0    0x20  Data  Gb  LP2368_FLASH.o [1]
paramout                0x40005ef4    0x20  Data  Gb  LP2368_FLASH.o [1]
power_ostr              0x0002ab9c    0x20  Data  Gb  User_power.o [1]
power_str               0x0002abbc    0x84  Data  Gb  User_power.o [1]
set_IS752_bps           0x00022b08    0xf0  Code  Gb  SC16IS752.o [1]
strchr                  0x00028830          Code  Gb  strchr.o [5]
strcpy                  0x00022f6c          Code  Gb  strcpy.o [5]
strlen                  0x0002416c          Code  Gb  strlen.o [5]
sum_check               0x00025180    0x34  Code  Gb  uart.o [1]
swap_int16              0x00026954    0x14  Code  Gb  Hardware_int.o [1]
tyjcounterFlagOFF       0x4000600b     0x1  Data  Gb  io.o [1]
tyjcounterFlagON        0x4000600a     0x1  Data  Gb  io.o [1]
tyjcounterOFF           0x40006009     0x1  Data  Gb  io.o [1]
tyjcounterON            0x40006008     0x1  Data  Gb  io.o [1]
uart_Debug_init         0x000195c0    0x5c  Code  Gb  user_debug.o [1]
vsprintf                0x00024120    0x4c  Code  Gb  vsprintf.o [3]


[1] = F:\code\YTJ\一体机\bp\EvalBoards\NXP\MCB2300\IAR\LSZHV20\Release\Obj
[2] = command line
[3] = dl4t_aln.a
[4] = m4t_al.a
[5] = rt4t_al.a

  106 048 bytes of readonly  code memory
    5 248 bytes of readonly  data memory
   26 531 bytes of readwrite data memory

Errors: none
Warnings: none
