###############################################################################
#
# IAR ELF Linker V7.30.3.8024/W32 for ARM                 30/Dec/2015  12:03:06
# Copyright 2007-2014 IAR Systems AB.
#
#    Output file  =  
#        F:\code\YTJ\一体机\bp\EvalBoards\NXP\MCB2300\IAR\LSZHV20\Release\Exe\LSZH_V20_FLASH.out.tmp
#    Map file     =  
#        F:\code\YTJ\一体机\bp\EvalBoards\NXP\MCB2300\IAR\LSZHV20\Release\List\LSZH_V20_FLASH.map
#    Command line =  
#        F:\code\YTJ\一体机\bp\EvalBoards\NXP\MCB2300\IAR\LSZHV20\Release\Obj\ARP.o
#        F:\code\YTJ\一体机\bp\EvalBoards\NXP\MCB2300\IAR\LSZHV20\Release\Obj\CD22M3494.o
#        F:\code\YTJ\一体机\bp\EvalBoards\NXP\MCB2300\IAR\LSZHV20\Release\Obj\cpu_a.o
#        F:\code\YTJ\一体机\bp\EvalBoards\NXP\MCB2300\IAR\LSZHV20\Release\Obj\cstartup.o
#        F:\code\YTJ\一体机\bp\EvalBoards\NXP\MCB2300\IAR\LSZHV20\Release\Obj\dma.o
#        F:\code\YTJ\一体机\bp\EvalBoards\NXP\MCB2300\IAR\LSZHV20\Release\Obj\Ethernet.o
#        F:\code\YTJ\一体机\bp\EvalBoards\NXP\MCB2300\IAR\LSZHV20\Release\Obj\Hardware_int.o
#        F:\code\YTJ\一体机\bp\EvalBoards\NXP\MCB2300\IAR\LSZHV20\Release\Obj\hw.o
#        F:\code\YTJ\一体机\bp\EvalBoards\NXP\MCB2300\IAR\LSZHV20\Release\Obj\I2C0INT.o
#        F:\code\YTJ\一体机\bp\EvalBoards\NXP\MCB2300\IAR\LSZHV20\Release\Obj\I2C1INT.o
#        F:\code\YTJ\一体机\bp\EvalBoards\NXP\MCB2300\IAR\LSZHV20\Release\Obj\i2s.o
#        F:\code\YTJ\一体机\bp\EvalBoards\NXP\MCB2300\IAR\LSZHV20\Release\Obj\ICMP.o
#        F:\code\YTJ\一体机\bp\EvalBoards\NXP\MCB2300\IAR\LSZHV20\Release\Obj\io.o
#        F:\code\YTJ\一体机\bp\EvalBoards\NXP\MCB2300\IAR\LSZHV20\Release\Obj\IP.o
#        F:\code\YTJ\一体机\bp\EvalBoards\NXP\MCB2300\IAR\LSZHV20\Release\Obj\lib_mem.o
#        F:\code\YTJ\一体机\bp\EvalBoards\NXP\MCB2300\IAR\LSZHV20\Release\Obj\lib_str.o
#        F:\code\YTJ\一体机\bp\EvalBoards\NXP\MCB2300\IAR\LSZHV20\Release\Obj\LP2368_FLASH.o
#        F:\code\YTJ\一体机\bp\EvalBoards\NXP\MCB2300\IAR\LSZHV20\Release\Obj\main.o
#        F:\code\YTJ\一体机\bp\EvalBoards\NXP\MCB2300\IAR\LSZHV20\Release\Obj\os_api.o
#        F:\code\YTJ\一体机\bp\EvalBoards\NXP\MCB2300\IAR\LSZHV20\Release\Obj\os_core.o
#        F:\code\YTJ\一体机\bp\EvalBoards\NXP\MCB2300\IAR\LSZHV20\Release\Obj\os_cpu_a.o
#        F:\code\YTJ\一体机\bp\EvalBoards\NXP\MCB2300\IAR\LSZHV20\Release\Obj\os_cpu_c.o
#        F:\code\YTJ\一体机\bp\EvalBoards\NXP\MCB2300\IAR\LSZHV20\Release\Obj\os_dbg.o
#        F:\code\YTJ\一体机\bp\EvalBoards\NXP\MCB2300\IAR\LSZHV20\Release\Obj\os_dcc.o
#        F:\code\YTJ\一体机\bp\EvalBoards\NXP\MCB2300\IAR\LSZHV20\Release\Obj\os_flag.o
#        F:\code\YTJ\一体机\bp\EvalBoards\NXP\MCB2300\IAR\LSZHV20\Release\Obj\os_mbox.o
#        F:\code\YTJ\一体机\bp\EvalBoards\NXP\MCB2300\IAR\LSZHV20\Release\Obj\os_mem.o
#        F:\code\YTJ\一体机\bp\EvalBoards\NXP\MCB2300\IAR\LSZHV20\Release\Obj\os_mutex.o
#        F:\code\YTJ\一体机\bp\EvalBoards\NXP\MCB2300\IAR\LSZHV20\Release\Obj\os_q.o
#        F:\code\YTJ\一体机\bp\EvalBoards\NXP\MCB2300\IAR\LSZHV20\Release\Obj\os_sem.o
#        F:\code\YTJ\一体机\bp\EvalBoards\NXP\MCB2300\IAR\LSZHV20\Release\Obj\os_task.o
#        F:\code\YTJ\一体机\bp\EvalBoards\NXP\MCB2300\IAR\LSZHV20\Release\Obj\os_time.o
#        F:\code\YTJ\一体机\bp\EvalBoards\NXP\MCB2300\IAR\LSZHV20\Release\Obj\os_tmr.o
#        F:\code\YTJ\一体机\bp\EvalBoards\NXP\MCB2300\IAR\LSZHV20\Release\Obj\PelcoD.o
#        F:\code\YTJ\一体机\bp\EvalBoards\NXP\MCB2300\IAR\LSZHV20\Release\Obj\PT2258.o
#        F:\code\YTJ\一体机\bp\EvalBoards\NXP\MCB2300\IAR\LSZHV20\Release\Obj\RealTime.o
#        F:\code\YTJ\一体机\bp\EvalBoards\NXP\MCB2300\IAR\LSZHV20\Release\Obj\SC16IS752.o
#        F:\code\YTJ\一体机\bp\EvalBoards\NXP\MCB2300\IAR\LSZHV20\Release\Obj\target.o
#        F:\code\YTJ\一体机\bp\EvalBoards\NXP\MCB2300\IAR\LSZHV20\Release\Obj\TMS320AIC23.o
#        F:\code\YTJ\一体机\bp\EvalBoards\NXP\MCB2300\IAR\LSZHV20\Release\Obj\uart.o
#        F:\code\YTJ\一体机\bp\EvalBoards\NXP\MCB2300\IAR\LSZHV20\Release\Obj\Udp.o
#        F:\code\YTJ\一体机\bp\EvalBoards\NXP\MCB2300\IAR\LSZHV20\Release\Obj\Use_key.o
#        F:\code\YTJ\一体机\bp\EvalBoards\NXP\MCB2300\IAR\LSZHV20\Release\Obj\Use_Sound.o
#        F:\code\YTJ\一体机\bp\EvalBoards\NXP\MCB2300\IAR\LSZHV20\Release\Obj\user_debug.o
#        F:\code\YTJ\一体机\bp\EvalBoards\NXP\MCB2300\IAR\LSZHV20\Release\Obj\User_DW.o
#        F:\code\YTJ\一体机\bp\EvalBoards\NXP\MCB2300\IAR\LSZHV20\Release\Obj\user_mem.o
#        F:\code\YTJ\一体机\bp\EvalBoards\NXP\MCB2300\IAR\LSZHV20\Release\Obj\User_on_msg.o
#        F:\code\YTJ\一体机\bp\EvalBoards\NXP\MCB2300\IAR\LSZHV20\Release\Obj\User_option.o
#        F:\code\YTJ\一体机\bp\EvalBoards\NXP\MCB2300\IAR\LSZHV20\Release\Obj\User_power.o
#        F:\code\YTJ\一体机\bp\EvalBoards\NXP\MCB2300\IAR\LSZHV20\Release\Obj\User_Run.o
#        F:\code\YTJ\一体机\bp\EvalBoards\NXP\MCB2300\IAR\LSZHV20\Release\Obj\User_table.o
#        F:\code\YTJ\一体机\bp\EvalBoards\NXP\MCB2300\IAR\LSZHV20\Release\Obj\User_TB.o
#        F:\code\YTJ\一体机\bp\EvalBoards\NXP\MCB2300\IAR\LSZHV20\Release\Obj\User_udp.o
#        F:\code\YTJ\一体机\bp\EvalBoards\NXP\MCB2300\IAR\LSZHV20\Release\Obj\User_XCOM.o
#        --redirect _Printf=_PrintfFull --redirect _Scanf=_ScanfFull -o
#        F:\code\YTJ\一体机\bp\EvalBoards\NXP\MCB2300\IAR\LSZHV20\Release\Exe\LSZH_V20_FLASH.out.tmp
#        --map
#        F:\code\YTJ\一体机\bp\EvalBoards\NXP\MCB2300\IAR\LSZHV20\Release\List\LSZH_V20_FLASH.map
#        --log initialization,modules,sections,veneers --log_file
#        F:\code\YTJ\一体机\bp\EvalBoards\NXP\MCB2300\IAR\LSZHV20\Release\List\LSZH_V20_FLASH.log
#        --config
#        F:\code\YTJ\一体机\bp\EvalBoards\NXP\MCB2300\IAR\LSZHV20\..\BSP\LSZH_V20_Relase.icf
#        --entry __iar_program_start --inline --vfe
#
###############################################################################

*******************************************************************************
*** RUNTIME MODEL ATTRIBUTES
***

CppFlavor       = *
__SystemLibrary = DLib


*******************************************************************************
*** PLACEMENT SUMMARY
***

"A1":  place at 0x00010000 { ro section .intvec };
"P1":  place in [from 0x00010044 to 0x0007ffff] { ro };
"P2":  place in [from 0x40000040 to 0x40007fff] {
          rw, block CSTACK, block SVC_STACK, block IRQ_STACK, block FIQ_STACK,
          block UND_STACK, block ABT_STACK, block HEAP };

  Section            Kind        Address     Size  Object
  -------            ----        -------     ----  ------
"A1":                                        0x40
  .intvec            ro code  0x00010000     0x40  cstartup.o [1]
                            - 0x00010040     0x40

"P1":                                     0x1b000
  .text              ro code  0x00010044   0x3f80  User_on_msg.o [1]
  .text              ro code  0x00013fc4   0x10f4  PT2258.o [1]
  .text              ro code  0x000150b8   0x2370  Use_key.o [1]
  .text              ro code  0x00017428    0x158  lib_mem.o [1]
  .text              ro code  0x00017580    0x10c  LP2368_FLASH.o [1]
  .text              ro code  0x0001768c     0xd4  ABImemcpy.o [5]
  .text              ro code  0x00017760   0x1d10  User_option.o [1]
  .text              ro code  0x00019470    0x7b0  user_debug.o [1]
  .text              ro code  0x00019c20   0x11e0  User_power.o [1]
  .text              ro code  0x0001ae00    0x69c  ARP.o [1]
  .text              ro code  0x0001b49c    0x498  User_udp.o [1]
  .text              ro code  0x0001b934    0x51c  User_DW.o [1]
  .text              ro code  0x0001be50    0xa34  User_table.o [1]
  .text              ro code  0x0001c884     0x48  ABImemset48.o [5]
  .text              ro code  0x0001c8cc    0x880  Use_Sound.o [1]
  .text              ro code  0x0001d14c    0x1e8  TMS320AIC23.o [1]
  .text              ro code  0x0001d334    0x98c  PelcoD.o [1]
  .text              ro code  0x0001dcc0   0x150c  User_XCOM.o [1]
  .text              ro code  0x0001f1cc    0x104  os_time.o [1]
  .text              ro code  0x0001f2d0    0x678  User_Run.o [1]
  .text              ro code  0x0001f948    0x990  io.o [1]
  .text              ro code  0x000202d8    0x170  user_mem.o [1]
  .text              ro code  0x00020448     0x7c  ABImemset.o [5]
  CODE               ro code  0x000204c4    0x2dc  os_cpu_a.o [1]
  .text              ro code  0x000207a0    0x314  RealTime.o [1]
  .text              ro code  0x00020ab4    0x520  hw.o [1]
  .text              ro code  0x00020fd4    0xbd0  CD22M3494.o [1]
  .text              ro code  0x00021ba4    0x3ac  User_TB.o [1]
  .text              ro code  0x00021f50      0x8  ABImemclr4.o [5]
  .text              ro code  0x00021f58    0x1d4  I32DivMod.o [5]
  .text              ro code  0x0002212c    0x4e4  I2C0INT.o [1]
  .text              ro code  0x00022610    0x38c  SC16IS752.o [1]
  .text              ro code  0x0002299c    0x374  os_q.o [1]
  .text              ro code  0x00022d10     0x6c  strcpy.o [5]
  .text              ro code  0x00022d7c    0x670  I2C1INT.o [1]
  .text              ro code  0x000233ec    0x104  lib_str.o [1]
  .text              ro code  0x000234f0    0x71c  target.o [1]
  .text              ro code  0x00023c0c    0x2b8  Udp.o [1]
  .text              ro code  0x00023ec4     0x4c  vsprintf.o [3]
  .text              ro code  0x00023f10     0x54  strlen.o [5]
  .text              ro code  0x00023f64     0xdc  Ethernet.o [1]
  .text              ro code  0x00024040    0x244  os_sem.o [1]
  .text              ro code  0x00024284    0x250  dma.o [1]
  .text              ro code  0x000244d4     0xe8  i2s.o [1]
  .text              ro code  0x000245bc    0xef0  uart.o [1]
  .text              ro code  0x000254ac    0xaa0  os_core.o [1]
  .text              ro code  0x00025f4c    0x1c8  os_mem.o [1]
  .text              ro code  0x00026114      0x4  IntDivZer.o [5]
  CODE               ro code  0x00026118     0x28  cpu_a.o [1]
  .text              ro code  0x00026140    0x5cc  Hardware_int.o [1]
  .text              ro code  0x0002670c    0x378  IP.o [1]
  .text              ro code  0x00026a84   0x16d6  xprintffull.o [3]
  .text              ro code  0x0002815a     0x2a  zero_init3.o [5]
  .text              ro code  0x00028184     0x7c  os_flag.o [1]
  .text              ro code  0x00028200      0x4  os_dbg.o [1]
  .text              ro code  0x00028204    0x294  os_task.o [1]
  .text              ro code  0x00028498    0x13c  ICMP.o [1]
  .text              ro code  0x000285d4     0x20  strchr.o [5]
  .text              ro code  0x000285f4     0x94  memchr.o [5]
  .text              ro code  0x00028688     0xd4  I64DivMod.o [5]
  .text              ro code  0x0002875c     0x7c  xdnorm.o [4]
  .text              ro code  0x000287d8     0x38  DblCmpLe.o [4]
  .text              ro code  0x00028810     0x38  DblCmpGe.o [4]
  .text              ro code  0x00028848    0x1e0  xdscale.o [4]
  .text              ro code  0x00028a28     0x60  DblToS32.o [4]
  .text              ro code  0x00028a88     0x60  S32ToDbl.o [4]
  .text              ro code  0x00028ae8    0x1f0  DblSub.o [4]
  .text              ro code  0x00028cd8    0x1f8  DblMul.o [4]
  .text              ro code  0x00028ed0    0x338  DblDiv.o [4]
  .text              ro code  0x00029208     0x3c  DblToU32.o [4]
  .text              ro code  0x00029244     0x10  U32ToDbl.o [4]
  .text              ro code  0x00029254     0x38  div.o [3]
  .text              ro code  0x0002928c     0xcc  os_cpu_c.o [1]
  .text              ro code  0x00029358      0x4  I64DivZer.o [5]
  .text              ro code  0x0002935c    0x130  DblAdd.o [4]
  .rodata            const    0x0002948c    0x658  User_on_msg.o [1]
  .text              ro code  0x00029ae4    0x544  main.o [1]
  .rodata            const    0x0002a028    0x4c8  Use_key.o [1]
  .rodata            const    0x0002a4f0    0x20c  User_Run.o [1]
  .rodata            const    0x0002a6fc    0x180  User_option.o [1]
  .rodata            const    0x0002a87c    0x17c  User_power.o [1]
  .rodata            const    0x0002a9f8    0x118  User_XCOM.o [1]
  .text              ro code  0x0002ab10     0xde  packbits_init.o [5]
  .rodata            const    0x0002abee      0x2  os_dbg.o [1]
  Veneer             ro code  0x0002abf0      0x4  - Linker created -
  .text              ro code  0x0002abf4      0x8  abort.o [3]
  .text              ro code  0x0002abfc     0x14  XXexit.o [5]
  .rodata            const    0x0002ac10     0xd0  PT2258.o [1]
  text               ro code  0x0002ace0     0x88  cstartup.o [1]
  .rodata            const    0x0002ad68     0x4c  Use_Sound.o [1]
  .rodata            const    0x0002adb4     0x44  hw.o [1]
  .text              ro code  0x0002adf8     0x32  data_init.o [5]
  .rodata            const    0x0002ae2a      0x2  os_dbg.o [1]
  .rodata            const    0x0002ae2c     0x30  User_table.o [1]
  Veneer             ro code  0x0002ae5c      0xc  - Linker created -
  .text              ro code  0x0002ae68     0x2c  cmain.o [5]
  .text              ro code  0x0002ae94      0x4  exit.o [3]
  .text              ro code  0x0002ae98     0x10  cexit.o [5]
  .rodata            const    0x0002aea8     0x28  ARP.o [1]
  .rodata            const    0x0002aed0     0x28  CD22M3494.o [1]
  .iar.init_table    const    0x0002aef8     0x2c  - Linker created -
  .rodata            const    0x0002af24     0x20  os_core.o [1]
  .rodata            const    0x0002af44     0x1c  user_debug.o [1]
  .rodata            const    0x0002af60     0x1c  User_DW.o [1]
  .text              ro code  0x0002af7c     0x14  xsprout.o [3]
  .rodata            const    0x0002af90     0x10  main.o [1]
  .rodata            const    0x0002afa0     0x10  User_TB.o [1]
  .rodata            const    0x0002afb0      0x4  os_dbg.o [1]
  .rodata            const    0x0002afb4      0x4  User_udp.o [1]
  .rodata            const    0x0002afb8      0x2  os_dbg.o [1]
  .rodata            const    0x0002afba      0x2  os_dbg.o [1]
  .rodata            const    0x0002afbc      0x2  os_dbg.o [1]
  .rodata            const    0x0002afbe      0x2  os_dbg.o [1]
  .rodata            const    0x0002afc0      0x2  os_dbg.o [1]
  .rodata            const    0x0002afc2      0x2  os_dbg.o [1]
  .rodata            const    0x0002afc4      0x2  os_dbg.o [1]
  .rodata            const    0x0002afc6      0x2  os_dbg.o [1]
  .rodata            const    0x0002afc8      0x2  os_dbg.o [1]
  .rodata            const    0x0002afca      0x2  os_dbg.o [1]
  .rodata            const    0x0002afcc      0x2  os_dbg.o [1]
  .rodata            const    0x0002afce      0x2  os_dbg.o [1]
  .rodata            const    0x0002afd0      0x2  os_dbg.o [1]
  .rodata            const    0x0002afd2      0x2  os_dbg.o [1]
  .rodata            const    0x0002afd4      0x2  os_dbg.o [1]
  .rodata            const    0x0002afd6      0x2  os_dbg.o [1]
  .rodata            const    0x0002afd8      0x2  os_dbg.o [1]
  .rodata            const    0x0002afda      0x2  os_dbg.o [1]
  .rodata            const    0x0002afdc      0x2  os_dbg.o [1]
  .rodata            const    0x0002afde      0x2  os_dbg.o [1]
  .rodata            const    0x0002afe0      0x2  os_dbg.o [1]
  .rodata            const    0x0002afe2      0x2  os_dbg.o [1]
  .rodata            const    0x0002afe4      0x2  os_dbg.o [1]
  .rodata            const    0x0002afe6      0x2  os_dbg.o [1]
  .rodata            const    0x0002afe8      0x2  os_dbg.o [1]
  .rodata            const    0x0002afea      0x2  os_dbg.o [1]
  .rodata            const    0x0002afec      0x2  os_dbg.o [1]
  .rodata            const    0x0002afee      0x2  os_dbg.o [1]
  .rodata            const    0x0002aff0      0x2  os_dbg.o [1]
  .rodata            const    0x0002aff2      0x2  os_dbg.o [1]
  .rodata            const    0x0002aff4      0x2  os_dbg.o [1]
  .rodata            const    0x0002aff6      0x2  os_dbg.o [1]
  .rodata            const    0x0002aff8      0x2  os_dbg.o [1]
  .rodata            const    0x0002affa      0x2  os_dbg.o [1]
  .rodata            const    0x0002affc      0x2  os_dbg.o [1]
  .rodata            const    0x0002affe      0x2  os_dbg.o [1]
  .rodata            const    0x0002b000      0x2  os_dbg.o [1]
  .rodata            const    0x0002b002      0x2  os_dbg.o [1]
  .rodata            const    0x0002b004      0x2  os_dbg.o [1]
  .rodata            const    0x0002b006      0x2  os_dbg.o [1]
  .rodata            const    0x0002b008      0x2  os_dbg.o [1]
  .rodata            const    0x0002b00a      0x2  os_dbg.o [1]
  .rodata            const    0x0002b00c      0x2  os_dbg.o [1]
  .rodata            const    0x0002b00e      0x2  os_dbg.o [1]
  .rodata            const    0x0002b010      0x2  os_dbg.o [1]
  .rodata            const    0x0002b012      0x2  os_dbg.o [1]
  .rodata            const    0x0002b014      0x2  os_dbg.o [1]
  .rodata            const    0x0002b016      0x2  os_dbg.o [1]
  .rodata            const    0x0002b018      0x2  os_dbg.o [1]
  .rodata            const    0x0002b01a      0x2  os_dbg.o [1]
  .rodata            const    0x0002b01c      0x2  os_dbg.o [1]
  .rodata            const    0x0002b01e      0x0  zero_init3.o [5]
  .rodata            const    0x0002b01e      0x0  packbits_init.o [5]
  Initializer bytes  ro data  0x0002b01e     0x26  <for P2 s0>
                            - 0x0002b044  0x1b000

"P2":                                      0x67a8
  P2 s0                       0x40000040    0x3d4  <Init block>
    .data            inited   0x40000040    0x238  User_option.o [1]
    .data            inited   0x40000278    0x190  ARP.o [1]
    .data            inited   0x40000408      0x8  PT2258.o [1]
    .data            inited   0x40000410      0x4  user_debug.o [1]
  .bss               zero     0x40000414   0x2b78  user_mem.o [1]
  .bss               zero     0x40002f8c   0x1a40  main.o [1]
  .bss               zero     0x400049cc    0x4d4  os_core.o [1]
  .bss               zero     0x40004ea0    0x3c4  os_core.o [1]
  .bss               zero     0x40005264    0x2f8  User_XCOM.o [1]
  .bss               zero     0x4000555c    0x200  os_core.o [1]
  .bss               zero     0x4000575c    0x200  os_core.o [1]
  .bss               zero     0x4000595c    0x114  RealTime.o [1]
  .bss               zero     0x40005a70     0xf4  User_option.o [1]
  .bss               zero     0x40005b64     0xf0  os_core.o [1]
  .bss               zero     0x40005c54     0xc8  os_core.o [1]
  .bss               zero     0x40005d1c     0x8c  os_core.o [1]
  .bss               zero     0x40005da8     0x78  Use_Sound.o [1]
  .bss               zero     0x40005e20     0x68  User_DW.o [1]
  .bss               zero     0x40005e88     0x48  CD22M3494.o [1]
  .bss               zero     0x40005ed0     0x44  LP2368_FLASH.o [1]
  .bss               zero     0x40005f14     0x34  Use_key.o [1]
  .bss               zero     0x40005f48     0x20  hw.o [1]
  .bss               zero     0x40005f68     0x1c  Use_key.o [1]
  .bss               zero     0x40005f84     0x14  PelcoD.o [1]
  .bss               zero     0x40005f98     0x14  User_Run.o [1]
  .bss               zero     0x40005fac     0x10  I2C0INT.o [1]
  .bss               zero     0x40005fbc     0x10  I2C1INT.o [1]
  .bss               zero     0x40005fcc      0xc  CD22M3494.o [1]
  .bss               zero     0x40005fd8      0xc  io.o [1]
  .bss               zero     0x40005fe4      0xc  User_TB.o [1]
  .bss               zero     0x40005ff0      0x8  target.o [1]
  .bss               zero     0x40005ff8      0x8  User_power.o [1]
  .bss               zero     0x40006000      0x8  User_XCOM.o [1]
  .bss               zero     0x40006008      0x4  io.o [1]
  .bss               zero     0x4000600c      0x4  os_core.o [1]
  .bss               zero     0x40006010      0x4  os_core.o [1]
  .bss               zero     0x40006014      0x4  os_core.o [1]
  .bss               zero     0x40006018      0x4  target.o [1]
  .bss               zero     0x4000601c      0x4  user_debug.o [1]
  .bss               zero     0x40006020      0x2  Hardware_int.o [1]
  .bss               zero     0x40006022      0x1  User_on_msg.o [1]
  CSTACK                      0x40006028    0x300  <Block>
    CSTACK           uninit   0x40006028    0x300  <Block tail>
  SVC_STACK                   0x40006328     0x20  <Block>
    SVC_STACK        uninit   0x40006328     0x20  <Block tail>
  IRQ_STACK                   0x40006348    0x300  <Block>
    IRQ_STACK        uninit   0x40006348    0x300  <Block tail>
  FIQ_STACK                   0x40006648     0x10  <Block>
    FIQ_STACK        uninit   0x40006648     0x10  <Block tail>
  UND_STACK                   0x40006658     0x10  <Block>
    UND_STACK        uninit   0x40006658     0x10  <Block tail>
  ABT_STACK                   0x40006668    0x180  <Block>
    ABT_STACK        uninit   0x40006668    0x180  <Block tail>
                            - 0x400067e8   0x67a8


*******************************************************************************
*** INIT TABLE
***

          Address     Size
          -------     ----
Zero (__iar_zero_init3)
    1 destination range, total size 0x5c0f:
          0x40000414  0x5c0f

Copy/packbits (__iar_packbits_init3)
    1 source range, total size 0x26 (3% of destination):
          0x0002b01e    0x26
    1 destination range, total size 0x3d4:
          0x40000040   0x3d4



*******************************************************************************
*** MODULE SUMMARY
***

    Module           ro code  ro data  rw data
    ------           -------  -------  -------
F:\code\YTJ\一体机\bp\EvalBoards\NXP\MCB2300\IAR\LSZHV20\Release\Obj: [1]
    ARP.o              1 692       55      400
    CD22M3494.o        3 024       40       84
    Ethernet.o           220
    Hardware_int.o     1 484                 2
    I2C0INT.o          1 252                16
    I2C1INT.o          1 648                16
    ICMP.o               316
    IP.o                 888
    LP2368_FLASH.o       268                68
    PT2258.o           4 340      208        8
    PelcoD.o           2 444                20
    RealTime.o           788               276
    SC16IS752.o          908
    TMS320AIC23.o        488
    Udp.o                696
    Use_Sound.o        2 176       76      120
    Use_key.o          9 072    1 224       80
    User_DW.o          1 308       28      104
    User_Run.o         1 656      524       20
    User_TB.o            940       16       12
    User_XCOM.o        5 388      280      768
    User_on_msg.o     16 256    1 624        1
    User_option.o      7 440      406      812
    User_power.o       4 576      380        8
    User_table.o       2 612       48
    User_udp.o         1 176        4
    cpu_a.o               40
    cstartup.o           200
    dma.o                592
    hw.o               1 312       68       32
    i2s.o                232
    io.o               2 448                16
    lib_mem.o            344
    lib_str.o            260
    main.o             1 348       16    6 720
    os_core.o          2 720       32    3 816
    os_cpu_a.o           732
    os_cpu_c.o           204
    os_dbg.o               4      110
    os_flag.o            124
    os_mem.o             456
    os_q.o               884
    os_sem.o             580
    os_task.o            660
    os_time.o            260
    target.o           1 820                12
    uart.o             3 824
    user_debug.o       1 968       29        8
    user_mem.o           368            11 128
    ------------------------------------------
    Total:            94 436    5 168   24 547

command line: [2]
    ------------------------------------------
    Total:

dl4t_aln.a: [3]
    abort.o                8
    div.o                 56
    exit.o                 4
    vsprintf.o            76
    xprintffull.o      5 846
    xsprout.o             20
    ------------------------------------------
    Total:             6 010

m4t_al.a: [4]
    DblAdd.o             304
    DblCmpGe.o            56
    DblCmpLe.o            56
    DblDiv.o             824
    DblMul.o             504
    DblSub.o             496
    DblToS32.o            96
    DblToU32.o            60
    S32ToDbl.o            96
    U32ToDbl.o            16
    xdnorm.o             124
    xdscale.o            480
    ------------------------------------------
    Total:             3 112

rt4t_al.a: [5]
    ABImemclr4.o           8
    ABImemcpy.o          212
    ABImemset.o          124
    ABImemset48.o         72
    I32DivMod.o          468
    I64DivMod.o          212
    I64DivZer.o            4
    IntDivZer.o            4
    XXexit.o              20
    cexit.o               16
    cmain.o               44
    data_init.o           50
    memchr.o             148
    packbits_init.o      222
    strchr.o              32
    strcpy.o             108
    strlen.o              84
    zero_init3.o          42
    ------------------------------------------
    Total:             1 870

    Linker created        16       44    1 984
----------------------------------------------
    Grand Total:     105 444    5 212   26 531


*******************************************************************************
*** ENTRY LIST
***

Entry                      Address    Size  Type      Object
-----                      -------    ----  ----      ------
?main                   0x0002ae68          Code  Gb  cmain.o [5]
ABT_STACK$$Base         0x40006668           --   Gb  - Linker created -
ABT_STACK$$Limit        0x400067e8           --   Gb  - Linker created -
ARP_REP_MAC             0x40000400     0x8  Data  Gb  ARP.o [1]
ARP_Rec_Find            0x0001afc0    0xd0  Code  Gb  ARP.o [1]
ARP_Rec_Save            0x0001b090    0x80  Code  Gb  ARP.o [1]
ARP_ReceivePacket       0x0001b304    0x20  Code  Gb  ARP.o [1]
AT24C16_Read            0x000231f8    0x34  Code  Gb  I2C1INT.o [1]
AT24C16_Write           0x0002322c   0x14c  Code  Gb  I2C1INT.o [1]
AVCD22M3494Reset        0x00020fd4   0x120  Code  Gb  CD22M3494.o [1]
AV_IN                   0x0002aed0    0x14  Data  Gb  CD22M3494.o [1]
AV_OUT                  0x0002aee4    0x14  Data  Gb  CD22M3494.o [1]
AV_Select               0x00021220    0x3c  Code  Gb  CD22M3494.o [1]
Able_CMD_TB             0x00024cd8    0x7c  Code  Gb  uart.o [1]
Alarm_Link              0x00018020   0x13c  Code  Gb  User_option.o [1]
Alarmdev_id             0x400000c8     0xc  Data  Gb  User_option.o [1]
Arp_Answer              0x0001b194    0xe8  Code  Gb  ARP.o [1]
Arp_Request             0x0001b324    0xc8  Code  Gb  ARP.o [1]
BMK_Sound_Select        0x000148f4    0x38  Code  Gb  PT2258.o [1]
BSP_CPU_ClkFreq         0x00023678    0x8c  Code  Gb  target.o [1]
BSP_CPU_PclkFreq        0x00023704    0xc0  Code  Gb  target.o [1]
BSP_IntDisAll           0x00023648    0x30  Code  Gb  target.o [1]
BinToChar               0x00017938    0x24  Code  Gb  User_option.o [1]
BlankCHK                0x00017648    0x34  Code  Gb  LP2368_FLASH.o [1]
CPU_SR_Restore          0x00026138          Code  Gb  cpu_a.o [1]
CPU_SR_Save             0x00026118          Code  Gb  cpu_a.o [1]
CSTACK$$Base            0x40006028           --   Gb  - Linker created -
CSTACK$$Limit           0x40006328           --   Gb  - Linker created -
CameraInit              0x00019cfc    0x8c  Code  Gb  User_power.o [1]
CameraPowerInit         0x00018a10    0xd0  Code  Gb  User_option.o [1]
Change_Encode_Num       0x00021938    0x6c  Code  Gb  CD22M3494.o [1]
CheckSum1               0x0001d35c    0x34  Code  Gb  PelcoD.o [1]
Check_FunctionMode      0x0001795c    0xa4  Code  Gb  User_option.o [1]
Check_UDP_Paket         0x0001b848    0xe4  Code  Gb  User_udp.o [1]
ClassInfo_init          0x00017a98   0x24c  Code  Gb  User_option.o [1]
ClassTableWeekInit      0x00020a28    0x18  Code  Gb  RealTime.o [1]
Class_Table_Check       0x0001c468   0x12c  Code  Gb  User_table.o [1]
Class_Task_Start        0x0001815c   0x100  Code  Gb  User_option.o [1]
Config_printf           0x0001f2d0   0x218  Code  Gb  User_Run.o [1]
CoordinateBuf           0x40006000     0x8  Data  Gb  User_XCOM.o [1]
CreateIcmpCrc           0x00028498    0x7c  Code  Gb  ICMP.o [1]
CreateIpHeadCrc         0x0002670c    0x74  Code  Gb  IP.o [1]
DBG_HexToChar           0x00019510    0xa0  Code  Gb  user_debug.o [1]
DBG_Log_write           0x00019470    0x54  Code  Gb  user_debug.o [1]
DBG_Str_printf          0x000194c4    0x4c  Code  Gb  user_debug.o [1]
DBG_XCOM_Printf         0x00019778    0x90  Code  Gb  user_debug.o [1]
DCS_TYPE_Str            0x40000270     0x8  Data  Gb  User_option.o [1]
DEVICE_LINK             0x40005e88    0x48  Data  Gb  CD22M3494.o [1]
DMAHandler              0x000242ec    0x54  Code  Gb  dma.o [1]
DMA_Get_MICaddress      0x000242b0    0x3c  Code  Gb  dma.o [1]
DMA_Get_Play_Pointer    0x00024284    0x2c  Code  Gb  dma.o [1]
DMA_Init                0x00024340   0x174  Code  Gb  dma.o [1]
DWQ_Contrl              0x0001bb88    0x98  Code  Gb  User_DW.o [1]
DW_CMD_Contrl           0x0001bc20   0x1ec  Code  Gb  User_DW.o [1]
DW_Read_WD              0x0001ba60    0x3c  Code  Gb  User_DW.o [1]
DW_Wite_CoreIP          0x0001ba0c    0x54  Code  Gb  User_DW.o [1]
DW_init                 0x0001ba9c    0xec  Code  Gb  User_DW.o [1]
Debug_SubCastIP         0x40000410     0x4  Data  Gb  user_debug.o [1]
DelPowerDeltimemsg      0x00019ef0    0x2c  Code  Gb  User_power.o [1]
Delay                   0x00013fc4    0x14  Code  Gb  PT2258.o [1]
Device_DCS_Contrl       0x00017770   0x174  Code  Gb  User_option.o [1]
Device_DCS_open         0x00020264    0x30  Code  Gb  io.o [1]
Device_Get_MIX          0x00014cac     0xc  Code  Gb  PT2258.o [1]
Device_Get_Vol          0x00014c34    0x78  Code  Gb  PT2258.o [1]
Device_IC_Reset         0x000201fc    0x34  Code  Gb  io.o [1]
Device_InVol            0x000149f0   0x158  Code  Gb  PT2258.o [1]
Device_KZ_Reset         0x00020230    0x34  Code  Gb  io.o [1]
Device_Link_Scan        0x00021b54    0x3c  Code  Gb  CD22M3494.o [1]
Device_OutVol           0x00014b48    0xec  Code  Gb  PT2258.o [1]
Device_Rec_Find         0x00017ed0   0x150  Code  Gb  User_option.o [1]
Device_Rec_Scan         0x00018260   0x4b0  Code  Gb  User_option.o [1]
Device_Set_MIX          0x00014cb8   0x108  Code  Gb  PT2258.o [1]
Device_Sound_Contrl     0x00014dc0    0x38  Code  Gb  PT2258.o [1]
Device_Sound_Select     0x00014df8    0xec  Code  Gb  PT2258.o [1]
Device_Stat_Option      0x0001c594    0xbc  Code  Gb  User_table.o [1]
Device_Stat_Save        0x0001c650    0x98  Code  Gb  User_table.o [1]
Device_Use_Stat_Read    0x0001c6e8   0x120  Code  Gb  User_table.o [1]
Device_VGA_Off          0x00021a7c    0x5c  Code  Gb  CD22M3494.o [1]
Device_VGA_Select       0x00021ad8    0x7c  Code  Gb  CD22M3494.o [1]
Device_Video_Off        0x00021a20    0x5c  Code  Gb  CD22M3494.o [1]
Device_Video_Select     0x000219a4    0x7c  Code  Gb  CD22M3494.o [1]
EINT1_Exception         0x000251d4   0x12c  Code  Gb  uart.o [1]
EINT3_Exception         0x0001fb3c    0xb8  Code  Gb  io.o [1]
EMACHandler             0x0002649c    0x10  Code  Gb  Hardware_int.o [1]
EMACRxDescriptorInit    0x000262c4    0x84  Code  Gb  Hardware_int.o [1]
EMACTxDescriptorInit    0x00026248    0x7c  Code  Gb  Hardware_int.o [1]
EMAC_RxDisable          0x0002618c    0x24  Code  Gb  Hardware_int.o [1]
EMAC_RxEnable           0x00026168    0x24  Code  Gb  Hardware_int.o [1]
EMAC_TxDisable          0x00026154    0x14  Code  Gb  Hardware_int.o [1]
EMAC_TxEnable           0x00026140    0x14  Code  Gb  Hardware_int.o [1]
Encode_TAB              0x00029adc     0x8  Data  Gb  User_on_msg.o [1]
EraseSector             0x00017608    0x40  Code  Gb  LP2368_FLASH.o [1]
Ethernet_Exception      0x00026528    0x2c  Code  Gb  Hardware_int.o [1]
Ethernet_ReceivePacket  0x00024004    0x3c  Code  Gb  Ethernet.o [1]
Ethernet_SendFrame      0x00023f64    0xa0  Code  Gb  Ethernet.o [1]
FIQ_STACK$$Base         0x40006648           --   Gb  - Linker created -
FIQ_STACK$$Limit        0x40006658           --   Gb  - Linker created -
FRun                    0x40005fa8     0x4  Data  Gb  User_Run.o [1]
File_ClassTable_Read    0x0001c2c4    0xa0  Code  Gb  User_table.o [1]
File_ClassTable_Read_CurDay
                        0x0001c364   0x104  Code  Gb  User_table.o [1]
File_ClassTable_Write   0x0001c224    0x74  Code  Gb  User_table.o [1]
File_ClassTable_Write_OneDay
                        0x0001c298    0x2c  Code  Gb  User_table.o [1]
File_Req                0x0001be50    0x40  Code  Gb  User_table.o [1]
File_Table_Read         0x0001c0ac   0x178  Code  Gb  User_table.o [1]
File_Table_Write        0x0001be90   0x21c  Code  Gb  User_table.o [1]
File_UserProgram_Write  0x0001c808    0x44  Code  Gb  User_table.o [1]
FocusFarCmd             0x0001dbe0    0x84  Code  Gb  PelcoD.o [1]
FocusNearCmd            0x0001db58    0x88  Code  Gb  PelcoD.o [1]
Get_ClassID             0x0001ae70     0x8  Code  Gb  ARP.o [1]
Get_ClassInfo_Table     0x0001767c     0xc  Code  Gb  LP2368_FLASH.o [1]
Get_Class_Stauts        0x00017760    0x10  Code  Gb  User_option.o [1]
Get_Debug               0x0001942c    0x20  Code  Gb  User_option.o [1]
Get_DesIp               0x0001aebc    0xb4  Code  Gb  ARP.o [1]
Get_Device_Status       0x0001944c     0x8  Code  Gb  User_option.o [1]
Get_KeyData             0x000150b8     0x8  Code  Gb  Use_key.o [1]
Get_NetPort             0x0001ae68     0x8  Code  Gb  ARP.o [1]
Get_TB_REC_State        0x00021d1c     0x8  Code  Gb  User_TB.o [1]
Get_XCOM_Port           0x0001dcc0    0x10  Code  Gb  User_XCOM.o [1]
GotoPrepositionCmd      0x0001da3c    0x90  Code  Gb  PelcoD.o [1]
HW_DEVICE               0x40005f48    0x20  Data  Gb  hw.o [1]
HW_XM_start             0x00020ab4   0x2e4  Code  Gb  hw.o [1]
HW_init                 0x00020f74    0x30  Code  Gb  hw.o [1]
HW_send                 0x00020d98   0x1dc  Code  Gb  hw.o [1]
I2C0_Exception          0x000222d4   0x2d0  Code  Gb  I2C0INT.o [1]
I2C0_WriteNByte         0x0002212c    0xd0  Code  Gb  I2C0INT.o [1]
I2C0_WriteNByte1        0x000221fc    0xd8  Code  Gb  I2C0INT.o [1]
I2C1_Exception          0x00022f28   0x2d0  Code  Gb  I2C1INT.o [1]
I2C1_ReadNByte          0x00022d7c    0xd4  Code  Gb  I2C1INT.o [1]
I2C1_WriteNByte         0x00022e50    0xd8  Code  Gb  I2C1INT.o [1]
I2C1_buf                0x40005fc0     0x4  Data  Gb  I2C1INT.o [1]
I2C1_end                0x40005fca     0x1  Data  Gb  I2C1INT.o [1]
I2C1_num                0x40005fc4     0x4  Data  Gb  I2C1INT.o [1]
I2C1_sla                0x40005fc8     0x1  Data  Gb  I2C1INT.o [1]
I2C1_suba               0x40005fbc     0x4  Data  Gb  I2C1INT.o [1]
I2C1_suba_en            0x40005fcb     0x1  Data  Gb  I2C1INT.o [1]
I2C1_suba_num           0x40005fc9     0x1  Data  Gb  I2C1INT.o [1]
I2C_buf                 0x40005fb0     0x4  Data  Gb  I2C0INT.o [1]
I2C_end                 0x40005fba     0x1  Data  Gb  I2C0INT.o [1]
I2C_num                 0x40005fb4     0x4  Data  Gb  I2C0INT.o [1]
I2C_sla                 0x40005fb8     0x1  Data  Gb  I2C0INT.o [1]
I2C_suba                0x40005fac     0x4  Data  Gb  I2C0INT.o [1]
I2C_suba_en             0x40005fbb     0x1  Data  Gb  I2C0INT.o [1]
I2C_suba_num            0x40005fb9     0x1  Data  Gb  I2C0INT.o [1]
I2SInit                 0x00024520    0x98  Code  Gb  i2s.o [1]
I2SStart                0x000244d4    0x24  Code  Gb  i2s.o [1]
I2SStop                 0x000244f8    0x28  Code  Gb  i2s.o [1]
I2c0Init                0x000225a4    0x60  Code  Gb  I2C0INT.o [1]
I2c1Init                0x00023378    0x60  Code  Gb  I2C1INT.o [1]
IAP_Entry               0x40005ef0     0x4  Data  Gb  LP2368_FLASH.o [1]
ICMP_ReceivePacket      0x00028514    0xc0  Code  Gb  ICMP.o [1]
ICReader_Power          0x00020294    0x44  Code  Gb  io.o [1]
IO_Contrl               0x0001fdf0    0x80  Code  Gb  io.o [1]
IO_FlagLingt_Flash      0x0001fd9c    0x54  Code  Gb  io.o [1]
IO_IN_TAB               0x0002a858    0x24  Data  Gb  User_option.o [1]
IO_Out                  0x0001fbf4   0x138  Code  Gb  io.o [1]
IO_PC_Power             0x00019f1c    0x90  Code  Gb  User_power.o [1]
IO_Scan                 0x0001fe70   0x360  Code  Gb  io.o [1]
IO_in                   0x0001fd2c    0x70  Code  Gb  io.o [1]
IPByte_TO_Dword         0x0001ae98    0x24  Code  Gb  ARP.o [1]
IPDword_TO_Byte         0x0001ae78    0x20  Code  Gb  ARP.o [1]
IPMASK_Compare          0x0001b110    0x84  Code  Gb  ARP.o [1]
IP_Check                0x0001b3ec    0x84  Code  Gb  ARP.o [1]
IP_Compare              0x0001af70    0x50  Code  Gb  ARP.o [1]
IP_Debug_init           0x0001960c    0x28  Code  Gb  user_debug.o [1]
IP_ReceivePacket        0x00026a20    0x64  Code  Gb  IP.o [1]
IP_SendFrame            0x00026780   0x29c  Code  Gb  IP.o [1]
IP_printf               0x000196b4    0xc4  Code  Gb  user_debug.o [1]
IRQ_STACK$$Base         0x40006348           --   Gb  - Linker created -
IRQ_STACK$$Limit        0x40006648           --   Gb  - Linker created -
IS752_Scan              0x000227f0    0xb4  Code  Gb  SC16IS752.o [1]
InStream_Read           0x0002ab11    0x22  Code  Lc  packbits_init.o [5]
InitIAP                 0x00017580    0x10  Code  Gb  LP2368_FLASH.o [1]
InitNet                 0x00026554   0x174  Code  Gb  Hardware_int.o [1]
Initial_arp             0x0001ae00    0x68  Code  Gb  ARP.o [1]
Io_Init                 0x0001f998   0x124  Code  Gb  io.o [1]
IsImageRecognition      0x0001dc68    0x54  Code  Gb  PelcoD.o [1]
KEY_CMD                 0x00015bbc  0x16e8  Code  Gb  Use_key.o [1]
KEY_DATA                0x40005f14    0x34  Data  Gb  Use_key.o [1]
KEY_Set_Vol             0x000150c0    0x44  Code  Gb  Use_key.o [1]
Key_TB_state            0x00015b64    0x28  Code  Gb  Use_key.o [1]
LAN_Sound_OUT           0x000149b8    0x38  Code  Gb  PT2258.o [1]
LAN_Sound_Select        0x0001492c    0x8c  Code  Gb  PT2258.o [1]
LAN_Test_Ack            0x0001b49c    0x48  Code  Gb  User_udp.o [1]
LED_Contrl              0x00015104    0xd0  Code  Gb  Use_key.o [1]
LED_DATA                0x40005f68    0x1c  Data  Gb  Use_key.o [1]
LED_SendFLASH           0x00015438   0x138  Code  Gb  Use_key.o [1]
LED_Set                 0x000151d4   0x1c4  Code  Gb  Use_key.o [1]
LED_Time_Flash          0x00015398    0xa0  Code  Gb  Use_key.o [1]
LED_device_set          0x00015838   0x32c  Code  Gb  Use_key.o [1]
LMT_Delay_Power         0x0001f518    0x1c  Code  Gb  User_Run.o [1]
LMT_Power_Check         0x0001f580   0x1d8  Code  Gb  User_Run.o [1]
LMT_Power_contrl        0x0001f534    0x4c  Code  Gb  User_Run.o [1]
LMT_init                0x0001f4e8    0x30  Code  Gb  User_Run.o [1]
Lan_TestFlag            0x0002afb4     0x4  Data  Gb  User_udp.o [1]
LoadInt                 0x000273c4    0xc8  Code  Lc  xprintffull.o [3]
Log_Close               0x00019b0c    0x18  Code  Gb  user_debug.o [1]
Log_Create              0x00019808    0xd8  Code  Gb  user_debug.o [1]
MAM_Init                0x000237c4    0x58  Code  Lc  target.o [1]
MSG_PQ                  0x400000c0     0x4  Data  Gb  User_option.o [1]
MSG_Q                   0x400000d4    0x50  Data  Gb  User_option.o [1]
Mem_Clr                 0x00017428     0xc  Code  Gb  lib_mem.o [1]
Mem_Copy                0x000174d4    0xac  Code  Gb  lib_mem.o [1]
Mem_Set                 0x00017434    0xa0  Code  Gb  lib_mem.o [1]
Msg_Option_Find         0x00017e44    0x8c  Code  Gb  User_option.o [1]
Msg_send                0x00018714    0x98  Code  Gb  User_option.o [1]
NetPort                 0x40000278   0x188  Data  Gb  ARP.o [1]
ON_Change_State         0x000127c4   0x2a4  Code  Gb  User_on_msg.o [1]
ON_Device_select        0x000123b0   0x364  Code  Gb  User_on_msg.o [1]
ON_POWER_option         0x00019fac   0x824  Code  Gb  User_power.o [1]
ON_Sound_Mute           0x00010044   0x180  Code  Gb  User_on_msg.o [1]
OSCPUUsage              0x40004a70     0x1  Data  Gb  os_core.o [1]
OSCtxSw                 0x00020574          Code  Gb  os_cpu_a.o [1]
OSCtxSwCtr              0x400049cc     0x4  Data  Gb  os_core.o [1]
OSDataSize              0x0002b01c     0x2  Data  Gb  os_dbg.o [1]
OSDebugEn               0x0002abee     0x2  Data  Gb  os_dbg.o [1]
OSDebugInit             0x00028200     0x4  Code  Gb  os_dbg.o [1]
OSEndiannessTest        0x0002afb0     0x4  Data  Gb  os_dbg.o [1]
OSEventEn               0x0002afba     0x2  Data  Gb  os_dbg.o [1]
OSEventFreeList         0x40004ea0     0x4  Data  Gb  os_core.o [1]
OSEventMax              0x0002ae2a     0x2  Data  Gb  os_dbg.o [1]
OSEventNameSize         0x0002afb8     0x2  Data  Gb  os_dbg.o [1]
OSEventSize             0x0002afbc     0x2  Data  Gb  os_dbg.o [1]
OSEventTbl              0x40004ea4   0x3c0  Data  Gb  os_core.o [1]
OSEventTblSize          0x0002afbe     0x2  Data  Gb  os_dbg.o [1]
OSFlagEn                0x0002afc0     0x2  Data  Gb  os_dbg.o [1]
OSFlagFreeList          0x4000600c     0x4  Data  Gb  os_core.o [1]
OSFlagGrpSize           0x0002afc2     0x2  Data  Gb  os_dbg.o [1]
OSFlagMax               0x0002afc8     0x2  Data  Gb  os_dbg.o [1]
OSFlagNameSize          0x0002afca     0x2  Data  Gb  os_dbg.o [1]
OSFlagNodeSize          0x0002afc4     0x2  Data  Gb  os_dbg.o [1]
OSFlagTbl               0x40005c54    0xc8  Data  Gb  os_core.o [1]
OSFlagWidth             0x0002afc6     0x2  Data  Gb  os_dbg.o [1]
OSIdleCtr               0x400049d8     0x4  Data  Gb  os_core.o [1]
OSIdleCtrMax            0x400049d0     0x4  Data  Gb  os_core.o [1]
OSIdleCtrRun            0x400049d4     0x4  Data  Gb  os_core.o [1]
OSInit                  0x000254ac    0x38  Code  Gb  os_core.o [1]
OSIntCtxSw              0x000205d8          Code  Gb  os_cpu_a.o [1]
OSIntExit               0x000254e4    0x8c  Code  Gb  os_core.o [1]
OSIntNesting            0x40004a72     0x1  Data  Gb  os_core.o [1]
OSLockNesting           0x40004a73     0x1  Data  Gb  os_core.o [1]
OSLowestPrio            0x0002afcc     0x2  Data  Gb  os_dbg.o [1]
OSMboxEn                0x0002afce     0x2  Data  Gb  os_dbg.o [1]
OSMemCreate             0x00025f4c    0xa0  Code  Gb  os_mem.o [1]
OSMemEn                 0x0002afd0     0x2  Data  Gb  os_dbg.o [1]
OSMemFreeList           0x40006010     0x4  Data  Gb  os_core.o [1]
OSMemGet                0x00025fec    0x5c  Code  Gb  os_mem.o [1]
OSMemMax                0x0002afd2     0x2  Data  Gb  os_dbg.o [1]
OSMemNameSize           0x0002afd4     0x2  Data  Gb  os_dbg.o [1]
OSMemPut                0x00026048    0x50  Code  Gb  os_mem.o [1]
OSMemSize               0x0002afd6     0x2  Data  Gb  os_dbg.o [1]
OSMemTbl                0x40005d1c    0x8c  Data  Gb  os_core.o [1]
OSMemTblSize            0x0002afd8     0x2  Data  Gb  os_dbg.o [1]
OSMutexEn               0x0002afda     0x2  Data  Gb  os_dbg.o [1]
OSPrioCur               0x40004a74     0x1  Data  Gb  os_core.o [1]
OSPrioHighRdy           0x40004a75     0x1  Data  Gb  os_core.o [1]
OSPtrSize               0x0002afdc     0x2  Data  Gb  os_dbg.o [1]
OSQCreate               0x0002299c    0xd4  Code  Gb  os_q.o [1]
OSQEn                   0x0002afde     0x2  Data  Gb  os_dbg.o [1]
OSQFreeList             0x40006014     0x4  Data  Gb  os_core.o [1]
OSQMax                  0x0002afe0     0x2  Data  Gb  os_dbg.o [1]
OSQPend                 0x00022a70   0x168  Code  Gb  os_q.o [1]
OSQPost                 0x00022bd8    0xc4  Code  Gb  os_q.o [1]
OSQSize                 0x0002afe2     0x2  Data  Gb  os_dbg.o [1]
OSQTbl                  0x40005b64    0xf0  Data  Gb  os_core.o [1]
OSRdyGrp                0x40004a76     0x1  Data  Gb  os_core.o [1]
OSRdyTbl                0x40004a7c     0x4  Data  Gb  os_core.o [1]
OSRdyTblSize            0x0002afe4     0x2  Data  Gb  os_dbg.o [1]
OSRunning               0x40004a77     0x1  Data  Gb  os_core.o [1]
OSSemCreate             0x00024040    0x78  Code  Gb  os_sem.o [1]
OSSemEn                 0x0002afe6     0x2  Data  Gb  os_dbg.o [1]
OSSemPend               0x000240b8   0x124  Code  Gb  os_sem.o [1]
OSSemPost               0x000241ec    0x98  Code  Gb  os_sem.o [1]
OSStart                 0x00025570    0x3c  Code  Gb  os_core.o [1]
OSStartHighRdy          0x00020540          Code  Gb  os_cpu_a.o [1]
OSStatRdy               0x40004a71     0x1  Data  Gb  os_core.o [1]
OSStkWidth              0x0002afe8     0x2  Data  Gb  os_dbg.o [1]
OSTCBCur                0x400049dc     0x4  Data  Gb  os_core.o [1]
OSTCBFreeList           0x400049e0     0x4  Data  Gb  os_core.o [1]
OSTCBHighRdy            0x400049e4     0x4  Data  Gb  os_core.o [1]
OSTCBList               0x400049e8     0x4  Data  Gb  os_core.o [1]
OSTCBPrioTbl            0x400049ec    0x80  Data  Gb  os_core.o [1]
OSTCBPrioTblMax         0x0002b000     0x2  Data  Gb  os_dbg.o [1]
OSTCBSize               0x0002b002     0x2  Data  Gb  os_dbg.o [1]
OSTCBTbl                0x40004a80   0x420  Data  Gb  os_core.o [1]
OSTaskCreateEn          0x0002afea     0x2  Data  Gb  os_dbg.o [1]
OSTaskCreateExt         0x00028204    0xf0  Code  Gb  os_task.o [1]
OSTaskCreateExtEn       0x0002afec     0x2  Data  Gb  os_dbg.o [1]
OSTaskCtr               0x40004a78     0x1  Data  Gb  os_core.o [1]
OSTaskDelEn             0x0002afee     0x2  Data  Gb  os_dbg.o [1]
OSTaskIdleStk           0x4000575c   0x200  Data  Gb  os_core.o [1]
OSTaskIdleStkSize       0x0002aff0     0x2  Data  Gb  os_dbg.o [1]
OSTaskMax               0x0002aff4     0x2  Data  Gb  os_dbg.o [1]
OSTaskNameSet           0x000282f4    0xbc  Code  Gb  os_task.o [1]
OSTaskNameSize          0x0002aff6     0x2  Data  Gb  os_dbg.o [1]
OSTaskProfileEn         0x0002aff2     0x2  Data  Gb  os_dbg.o [1]
OSTaskStatEn            0x0002aff8     0x2  Data  Gb  os_dbg.o [1]
OSTaskStatStk           0x4000555c   0x200  Data  Gb  os_core.o [1]
OSTaskStatStkChkEn      0x0002affc     0x2  Data  Gb  os_dbg.o [1]
OSTaskStatStkSize       0x0002affa     0x2  Data  Gb  os_dbg.o [1]
OSTaskStkChk            0x000283b0    0xb0  Code  Gb  os_task.o [1]
OSTaskStkInit           0x0002928c    0x98  Code  Gb  os_cpu_c.o [1]
OSTaskSwHook            0x00029324     0x4  Code  Gb  os_cpu_c.o [1]
OSTaskSwHookEn          0x0002affe     0x2  Data  Gb  os_dbg.o [1]
OSTickStepState         0x40004a79     0x1  Data  Gb  os_core.o [1]
OSTicksPerSec           0x0002b004     0x2  Data  Gb  os_dbg.o [1]
OSTime                  0x40004a6c     0x4  Data  Gb  os_core.o [1]
OSTimeDly               0x0001f1cc    0x70  Code  Gb  os_time.o [1]
OSTimeDlyHMSM           0x0001f23c    0x84  Code  Gb  os_time.o [1]
OSTimeTick              0x000255ac   0x118  Code  Gb  os_core.o [1]
OSTimeTickHookEn        0x0002b006     0x2  Data  Gb  os_dbg.o [1]
OSTmrCfgMax             0x0002b00c     0x2  Data  Gb  os_dbg.o [1]
OSTmrCfgNameSize        0x0002b00e     0x2  Data  Gb  os_dbg.o [1]
OSTmrCfgTicksPerSec     0x0002b012     0x2  Data  Gb  os_dbg.o [1]
OSTmrCfgWheelSize       0x0002b010     0x2  Data  Gb  os_dbg.o [1]
OSTmrEn                 0x0002b00a     0x2  Data  Gb  os_dbg.o [1]
OSTmrSize               0x0002b014     0x2  Data  Gb  os_dbg.o [1]
OSTmrTblSize            0x0002b016     0x2  Data  Gb  os_dbg.o [1]
OSTmrWheelSize          0x0002b018     0x2  Data  Gb  os_dbg.o [1]
OSTmrWheelTblSize       0x0002b01a     0x2  Data  Gb  os_dbg.o [1]
OSUnMapTbl              0x00025e4c   0x100  Data  Gb  os_core.o [1]
OSVersionNbr            0x0002b008     0x2  Data  Gb  os_dbg.o [1]
OS_CPU_ARM_ExceptAddrAbortHndlr
                        0x0002066c          Code  Gb  os_cpu_a.o [1]
OS_CPU_ARM_ExceptDataAbortHndlr
                        0x00020658          Code  Gb  os_cpu_a.o [1]
OS_CPU_ARM_ExceptFiqHndlr
                        0x00020694          Code  Gb  os_cpu_a.o [1]
OS_CPU_ARM_ExceptIrqHndlr
                        0x00020680          Code  Gb  os_cpu_a.o [1]
OS_CPU_ARM_ExceptPrefetchAbortHndlr
                        0x00020644          Code  Gb  os_cpu_a.o [1]
OS_CPU_ARM_ExceptResetHndlr
                        0x00020614          Code  Gb  os_cpu_a.o [1]
OS_CPU_ARM_ExceptSwiHndlr
                        0x00020634          Code  Gb  os_cpu_a.o [1]
OS_CPU_ARM_ExceptUndefInstrHndlr
                        0x00020624          Code  Gb  os_cpu_a.o [1]
OS_CPU_ExceptHndlr      0x00023964   0x130  Code  Gb  target.o [1]
OS_CPU_SR_FIQ_Dis       0x00020520          Code  Gb  os_cpu_a.o [1]
OS_CPU_SR_FIQ_En        0x00020530          Code  Gb  os_cpu_a.o [1]
OS_CPU_SR_INT_Dis       0x000204dc          Code  Gb  os_cpu_a.o [1]
OS_CPU_SR_INT_En        0x000204ec          Code  Gb  os_cpu_a.o [1]
OS_CPU_SR_IRQ_Dis       0x00020500          Code  Gb  os_cpu_a.o [1]
OS_CPU_SR_IRQ_En        0x00020510          Code  Gb  os_cpu_a.o [1]
OS_CPU_SR_Restore       0x000204d4          Code  Gb  os_cpu_a.o [1]
OS_CPU_SR_Save          0x000204c4          Code  Gb  os_cpu_a.o [1]
OS_EventTOAbort         0x000257ec    0x58  Code  Gb  os_core.o [1]
OS_EventTaskRdy         0x000256c4    0xb8  Code  Gb  os_core.o [1]
OS_EventTaskWait        0x0002577c    0x70  Code  Gb  os_core.o [1]
OS_EventWaitListInit    0x00025844    0x30  Code  Gb  os_core.o [1]
OS_FlagInit             0x00028184    0x74  Code  Gb  os_flag.o [1]
OS_InitEventList        0x00025874    0x74  Code  Lc  os_core.o [1]
OS_InitMisc             0x000258e8    0x30  Code  Lc  os_core.o [1]
OS_InitRdyList          0x00025918    0x40  Code  Lc  os_core.o [1]
OS_InitTCBList          0x00025a18    0x7c  Code  Lc  os_core.o [1]
OS_InitTaskIdle         0x00025958    0x60  Code  Lc  os_core.o [1]
OS_InitTaskStat         0x000259b8    0x60  Code  Lc  os_core.o [1]
OS_MemClr               0x00025a94    0x20  Code  Gb  os_core.o [1]
OS_MemInit              0x00026098    0x74  Code  Gb  os_mem.o [1]
OS_QInit                0x00022c9c    0x5c  Code  Gb  os_q.o [1]
OS_Sched                0x00025ab4    0x68  Code  Gb  os_core.o [1]
OS_SchedNew             0x00025b1c    0x28  Code  Lc  os_core.o [1]
OS_StrCopy              0x00025b44    0x34  Code  Gb  os_core.o [1]
OS_StrLen               0x00025b78    0x28  Code  Gb  os_core.o [1]
OS_TCBInit              0x00025ce4   0x14c  Code  Gb  os_core.o [1]
OS_TaskIdle             0x00025ba0    0x24  Code  Gb  os_core.o [1]
OS_TaskStat             0x00025bc4    0xac  Code  Gb  os_core.o [1]
OS_TaskStatStkChk       0x00025c70    0x74  Code  Gb  os_core.o [1]
OS_TaskStkClr           0x00028470    0x28  Code  Gb  os_task.o [1]
On_MSG_OPTION           0x00012344    0x6c  Code  Gb  User_on_msg.o [1]
On_MSG_OPTION_AUTOTRACK_OFF
                        0x00010e90    0x18  Code  Gb  User_on_msg.o [1]
On_MSG_OPTION_AUTOTRACK_ON
                        0x00010e78    0x18  Code  Gb  User_on_msg.o [1]
On_MSG_OPTION_AUTO_OFF  0x00010bec    0x6c  Code  Gb  User_on_msg.o [1]
On_MSG_OPTION_AUTO_ON   0x00010b7c    0x70  Code  Gb  User_on_msg.o [1]
On_MSG_OPTION_CLASS_BEGIN
                        0x00010434   0x200  Code  Gb  User_on_msg.o [1]
On_MSG_OPTION_CLASS_OVER
                        0x00010634   0x1b4  Code  Gb  User_on_msg.o [1]
On_MSG_OPTION_CODE1_SPEED
                        0x00012e30   0x12c  Code  Gb  User_on_msg.o [1]
On_MSG_OPTION_COMM      0x0001dd48    0x64  Code  Gb  User_XCOM.o [1]
On_MSG_OPTION_CardContrl
                        0x00013d0c   0x278  Code  Gb  User_on_msg.o [1]
On_MSG_OPTION_DEBUG     0x000119b0    0x68  Code  Gb  User_on_msg.o [1]
On_MSG_OPTION_DEV_REMOTE_OFF
                        0x00010d50    0x94  Code  Gb  User_on_msg.o [1]
On_MSG_OPTION_DEV_REMOTE_ON
                        0x00010c58    0x7c  Code  Gb  User_on_msg.o [1]
On_MSG_OPTION_DEV_RESET
                        0x00011a1c    0x10  Code  Gb  User_on_msg.o [1]
On_MSG_OPTION_FILE_REQ  0x00011a2c    0x44  Code  Gb  User_on_msg.o [1]
On_MSG_OPTION_FILE_SEND
                        0x00011a70    0x68  Code  Gb  User_on_msg.o [1]
On_MSG_OPTION_FRAME     0x00012cfc   0x130  Code  Gb  User_on_msg.o [1]
On_MSG_OPTION_HD_OFF    0x00010ef0    0x18  Code  Gb  User_on_msg.o [1]
On_MSG_OPTION_HD_ON     0x00010ed8    0x18  Code  Gb  User_on_msg.o [1]
On_MSG_OPTION_HELP_BREAK
                        0x00010aec    0x90  Code  Gb  User_on_msg.o [1]
On_MSG_OPTION_HELP_LINK
                        0x00010a78    0x74  Code  Gb  User_on_msg.o [1]
On_MSG_OPTION_HELP_OFF  0x00010880    0x94  Code  Gb  User_on_msg.o [1]
On_MSG_OPTION_HELP_ON   0x000107e8    0x98  Code  Gb  User_on_msg.o [1]
On_MSG_OPTION_HELP_TEST
                        0x000109d8    0x2c  Code  Gb  User_on_msg.o [1]
On_MSG_OPTION_IO_TEST   0x00013a30   0x230  Code  Gb  User_on_msg.o [1]
On_MSG_OPTION_IPPlay    0x00010a04    0x74  Code  Gb  User_on_msg.o [1]
On_MSG_OPTION_IP_DPlay  0x00010914    0x74  Code  Gb  User_on_msg.o [1]
On_MSG_OPTION_LEDContrl
                        0x00013c68    0x3c  Code  Gb  User_on_msg.o [1]
On_MSG_OPTION_LMT_ReqStatus
                        0x00013398    0xe8  Code  Gb  User_on_msg.o [1]
On_MSG_OPTION_METRIC    0x00012bcc   0x130  Code  Gb  User_on_msg.o [1]
On_MSG_OPTION_MSG_RUN   0x000101c4   0x254  Code  Gb  User_on_msg.o [1]
On_MSG_OPTION_PERSONAL_TALL
                        0x00012f5c   0x13c  Code  Gb  User_on_msg.o [1]
On_MSG_OPTION_POWER     0x00010418    0x1c  Code  Gb  User_on_msg.o [1]
On_MSG_OPTION_POWERCARD_ONOFF
                        0x0001a7e4   0x4f4  Code  Gb  User_power.o [1]
On_MSG_OPTION_RECORD    0x00012a68   0x15c  Code  Gb  User_on_msg.o [1]
On_MSG_OPTION_REC_Contrl
                        0x0001323c   0x15c  Code  Gb  User_on_msg.o [1]
On_MSG_OPTION_REC_REMOTE_OFF
                        0x00010de4    0x94  Code  Gb  User_on_msg.o [1]
On_MSG_OPTION_REC_REMOTE_ON
                        0x00010cd4    0x7c  Code  Gb  User_on_msg.o [1]
On_MSG_OPTION_SCAMERA   0x00013488   0x4a4  Code  Gb  User_on_msg.o [1]
On_MSG_OPTION_SCAMERA_CONTRL
                        0x00010f40   0xa6c  Code  Gb  User_on_msg.o [1]
On_MSG_OPTION_SELECT_SCAMERA
                        0x00013098   0x1a4  Code  Gb  User_on_msg.o [1]
On_MSG_OPTION_SERVER_FILE_SEND
                        0x00011ad8   0x168  Code  Gb  User_on_msg.o [1]
On_MSG_OPTION_SEVER_ACK
                        0x00011c40    0x8c  Code  Gb  User_on_msg.o [1]
On_MSG_OPTION_SOUND_SELECT
                        0x00013930    0x14  Code  Gb  User_on_msg.o [1]
On_MSG_OPTION_SOUND_VOL
                        0x00013944    0x3c  Code  Gb  User_on_msg.o [1]
On_MSG_OPTION_STATUS_CHANGE
                        0x00011ccc   0x188  Code  Gb  User_on_msg.o [1]
On_MSG_OPTION_STRATEGY_OFF
                        0x00010ec0    0x18  Code  Gb  User_on_msg.o [1]
On_MSG_OPTION_STRATEGY_ON
                        0x00010ea8    0x18  Code  Gb  User_on_msg.o [1]
On_MSG_OPTION_SVRLINK_REQ
                        0x00011e70    0x50  Code  Gb  User_on_msg.o [1]
On_MSG_OPTION_TIMEACTIVE
                        0x00011ec0   0x158  Code  Gb  User_on_msg.o [1]
On_MSG_OPTION_TYJ_DIS_VGA
                        0x00013cfc    0x10  Code  Gb  User_on_msg.o [1]
On_MSG_OPTION_VGA_SELECT
                        0x000139d8    0x54  Code  Gb  User_on_msg.o [1]
On_MSG_OPTION_VIDEO_SELECT
                        0x00013980    0x54  Code  Gb  User_on_msg.o [1]
On_MSG_OPTION_YY_Teather
                        0x00013ca4    0x58  Code  Gb  User_on_msg.o [1]
On_MSG_Power_OPTION     0x000121c4   0x180  Code  Gb  User_on_msg.o [1]
On_MSG_RepeatPower_OPTION
                        0x00012068   0x15c  Code  Gb  User_on_msg.o [1]
Option_init             0x00017a00    0x98  Code  Gb  User_option.o [1]
PHYID                   0x40006020     0x2  Data  Gb  Hardware_int.o [1]
PINInit                 0x0001f948    0x50  Code  Gb  io.o [1]
PLL_Init                0x0002381c   0x10c  Code  Lc  target.o [1]
POWER_FLAG              0x40005ff8     0x4  Data  Gb  User_power.o [1]
POWER_FLAG_STATE        0x40005ffc     0x4  Data  Gb  User_power.o [1]
POWER_Set               0x00019d88   0x114  Code  Gb  User_power.o [1]
POWER_init              0x00019c20    0xdc  Code  Gb  User_power.o [1]
POWER_msg_rev           0x0001ad00    0x2c  Code  Gb  User_power.o [1]
PT2258Init              0x00014ef4   0x198  Code  Gb  PT2258.o [1]
Power_Beep              0x0001ad2c    0xb8  Code  Gb  User_power.o [1]
Print_MSG_info          0x000198f4   0x218  Code  Gb  user_debug.o [1]
QXCOM                   0x40005444    0x28  Data  Gb  User_XCOM.o [1]
QXCOM0_Sbuf             0x4000546c    0x28  Data  Gb  User_XCOM.o [1]
QXCOM1_Sbuf             0x40005494    0x28  Data  Gb  User_XCOM.o [1]
QXCOM2_Sbuf             0x400054bc    0x28  Data  Gb  User_XCOM.o [1]
QXCOM3_Sbuf             0x400054e4    0x28  Data  Gb  User_XCOM.o [1]
QXCOM4_Sbuf             0x4000550c    0x28  Data  Gb  User_XCOM.o [1]
QXCOM5_Sbuf             0x40005534    0x28  Data  Gb  User_XCOM.o [1]
QXCOM_rev               0x40005440     0x4  Data  Gb  User_XCOM.o [1]
REC_ARP_REQ             0x0001b27c    0x88  Code  Gb  ARP.o [1]
RF_CARD_Check           0x0001b934    0xd8  Code  Gb  User_DW.o [1]
RF_card_times           0x40005e80     0x4  Data  Lc  User_DW.o [1]
RTime                   0x4000595c     0x8  Data  Gb  RealTime.o [1]
RamToFlash              0x000175c4    0x44  Code  Gb  LP2368_FLASH.o [1]
Random                  0x000178e4    0x54  Code  Gb  User_option.o [1]
Read_PHY                0x000261f4    0x54  Code  Gb  Hardware_int.o [1]
RealTime_Get            0x000207a0    0x64  Code  Gb  RealTime.o [1]
RealTime_Get_Minute     0x00020804    0x20  Code  Gb  RealTime.o [1]
RealTime_IRQ            0x0002089c   0x108  Code  Gb  RealTime.o [1]
RealTime_Set            0x00020a40    0x5c  Code  Gb  RealTime.o [1]
RealTime_init           0x000209a4    0x84  Code  Gb  RealTime.o [1]
Rec_Packet              0x000264ac    0x7c  Code  Gb  Hardware_int.o [1]
Region$$Table$$Base     0x0002aef8           --   Gb  - Linker created -
Region$$Table$$Limit    0x0002af24           --   Gb  - Linker created -
Reset                   0x0002353c    0x10  Code  Gb  target.o [1]
Reset_BootLoader        0x00023638    0x10  Code  Gb  target.o [1]
Reset_boot              0x40006018     0x4  Data  Gb  target.o [1]
Rev                     0x40005fd8     0x8  Data  Gb  io.o [1]
Rtime_IRQFlag           0x00020824    0x78  Code  Gb  RealTime.o [1]
Run_Send_Flag           0x0001f758     0xc  Code  Gb  User_Run.o [1]
SEL                     0x40000408     0x8  Data  Gb  PT2258.o [1]
SOUND_DEVICE_Mute       0x00014618   0x1e8  Code  Gb  PT2258.o [1]
SPI_Init                0x00022610    0x1c  Code  Gb  SC16IS752.o [1]
SPI_read                0x00022650    0x8c  Code  Gb  SC16IS752.o [1]
SPI_send                0x0002262c    0x24  Code  Gb  SC16IS752.o [1]
SPI_write               0x000226dc    0x90  Code  Gb  SC16IS752.o [1]
SPI_writeData           0x0002276c    0x84  Code  Gb  SC16IS752.o [1]
SVC_STACK$$Base         0x40006328           --   Gb  - Linker created -
SVC_STACK$$Limit        0x40006348           --   Gb  - Linker created -
SelSector               0x00017590    0x34  Code  Gb  LP2368_FLASH.o [1]
Send_Packet             0x00026380   0x11c  Code  Gb  Hardware_int.o [1]
Send_State              0x0001271c    0x90  Code  Gb  User_on_msg.o [1]
SetAddress              0x0001d334    0x28  Code  Gb  PelcoD.o [1]
SetMacID                0x00026348    0x38  Code  Gb  Hardware_int.o [1]
SetPowerDeltimemsg      0x00019e9c    0x54  Code  Gb  User_power.o [1]
SetPrepositionCmd       0x0001dacc    0x8c  Code  Gb  PelcoD.o [1]
SetVICIRQ               0x0002354c    0x38  Code  Gb  target.o [1]
SoundVolumeControl      0x00013fd8   0x640  Code  Gb  PT2258.o [1]
Sound_Close             0x0001ca00   0x194  Code  Gb  Use_Sound.o [1]
Sound_Contrl            0x40005da8    0x78  Data  Gb  Use_Sound.o [1]
Sound_Echo_Contrl       0x0001c8cc    0x70  Code  Gb  Use_Sound.o [1]
Sound_Get_Play_No       0x0001cb94    0xb0  Code  Gb  Use_Sound.o [1]
Sound_Input_Int         0x0001ce64   0x110  Code  Gb  Use_Sound.o [1]
Sound_Open              0x0001c93c    0xc4  Code  Gb  Use_Sound.o [1]
Sound_Play_Int          0x0001cd90    0xac  Code  Gb  Use_Sound.o [1]
Sound_Pointer_Scan      0x0001cd0c    0x84  Code  Gb  Use_Sound.o [1]
Sound_Save_PlayData     0x0001cc44    0xc8  Code  Gb  Use_Sound.o [1]
Sound_init              0x0001cf74   0x144  Code  Gb  Use_Sound.o [1]
SpiSendData             0x00014800    0x80  Code  Gb  PT2258.o [1]
SpiSendData1            0x00014880    0x74  Code  Gb  PT2258.o [1]
StopCmd                 0x0001d9e4    0x58  Code  Gb  PelcoD.o [1]
StopFocus               0x0001d930    0x3c  Code  Gb  PelcoD.o [1]
StopPanTilt             0x0001d9a8    0x3c  Code  Gb  PelcoD.o [1]
StopZoom                0x0001d96c    0x3c  Code  Gb  PelcoD.o [1]
Str_Cmp                 0x00023418    0xd8  Code  Gb  lib_str.o [1]
Str_Len                 0x000233ec    0x2c  Code  Gb  lib_str.o [1]
Switch_HDMI             0x0001eba4    0x9c  Code  Gb  User_XCOM.o [1]
TASK_RUN                0x0001f764   0x180  Code  Gb  User_Run.o [1]
TASK_RUN_stack          0x40003a7c   0x4b0  Data  Gb  main.o [1]
TASK_START              0x00029c10   0x340  Code  Gb  main.o [1]
TASK_START_stack        0x40002f8c   0x640  Data  Gb  main.o [1]
TASK_TABLE              0x40005a70    0xf4  Data  Gb  User_option.o [1]
TASK_UART               0x0001f07c    0xf4  Code  Gb  User_XCOM.o [1]
TASK_UART0Send          0x0001ed80    0x60  Code  Gb  User_XCOM.o [1]
TASK_UART0Send_stack    0x40003f2c   0x190  Data  Gb  main.o [1]
TASK_UART1Send          0x0001ede0    0x6c  Code  Gb  User_XCOM.o [1]
TASK_UART1Send_stack    0x400040bc   0x190  Data  Gb  main.o [1]
TASK_UART2Send          0x0001ee4c    0x60  Code  Gb  User_XCOM.o [1]
TASK_UART2Send_stack    0x4000424c   0x190  Data  Gb  main.o [1]
TASK_UART3Send          0x0001eeac    0x60  Code  Gb  User_XCOM.o [1]
TASK_UART3Send_stack    0x400043dc   0x190  Data  Gb  main.o [1]
TASK_UART4Send          0x0001ef0c    0xbc  Code  Gb  User_XCOM.o [1]
TASK_UART4Send_stack    0x4000456c   0x190  Data  Gb  main.o [1]
TASK_UART5Send          0x0001efc8    0xb4  Code  Gb  User_XCOM.o [1]
TASK_UART5Send_stack    0x400046fc   0x2d0  Data  Gb  main.o [1]
TASK_UART_stack         0x400035cc   0x4b0  Data  Gb  main.o [1]
TB_REC_UnFreez          0x00021d24    0x78  Code  Gb  User_TB.o [1]
TB_ReadVer              0x00021bc4    0x3c  Code  Gb  User_TB.o [1]
TB_Read_Csingle         0x00021c00    0x40  Code  Gb  User_TB.o [1]
TB_Read_state           0x00021c40    0x40  Code  Gb  User_TB.o [1]
TB_SelectAV             0x00021cd0    0x4c  Code  Gb  User_TB.o [1]
TB_SelectVGA            0x00021c80    0x50  Code  Gb  User_TB.o [1]
TB_SingleChage          0x00021ba4    0x20  Code  Gb  User_TB.o [1]
TB_init                 0x00021da8   0x174  Code  Gb  User_TB.o [1]
TMS320AIC23_Reg_Write   0x0001d170    0x8c  Code  Gb  TMS320AIC23.o [1]
TMS320AIC23_Set_Vol     0x0001d1fc    0xa8  Code  Gb  TMS320AIC23.o [1]
TMS320AIC23_init        0x0001d2a4    0x90  Code  Gb  TMS320AIC23.o [1]
TargetInit              0x000235f8    0x40  Code  Gb  target.o [1]
TargetResetInit         0x00023928    0x3c  Code  Gb  target.o [1]
Task_Rec_Del            0x000187b0    0xd4  Code  Gb  User_option.o [1]
Task_Rec_Find           0x00018884    0x84  Code  Gb  User_option.o [1]
Task_Run_Delay          0x00018910    0xec  Code  Gb  User_option.o [1]
Timer2Init              0x00023598    0x60  Code  Gb  target.o [1]
Timer2_Exception        0x00023584    0x14  Code  Gb  target.o [1]
Timer3Init              0x0001fabc    0x48  Code  Gb  io.o [1]
Timer3_Exception        0x0001fb04    0x38  Code  Gb  io.o [1]
TurnDownCmd             0x0001d534    0x90  Code  Gb  PelcoD.o [1]
TurnLeftCmd             0x0001d41c    0x8c  Code  Gb  PelcoD.o [1]
TurnLeftDownCmd         0x0001d78c    0x8c  Code  Gb  PelcoD.o [1]
TurnLeftUpCmd           0x0001d704    0x88  Code  Gb  PelcoD.o [1]
TurnRightCmd            0x0001d390    0x8c  Code  Gb  PelcoD.o [1]
TurnRightDownCmd        0x0001d8a4    0x8c  Code  Gb  PelcoD.o [1]
TurnRightUpCmd          0x0001d818    0x8c  Code  Gb  PelcoD.o [1]
TurnUpCmd               0x0001d4a8    0x8c  Code  Gb  PelcoD.o [1]
UART0_Exception         0x00025300    0x4c  Code  Gb  uart.o [1]
UART1_Exception         0x0002534c    0x4c  Code  Gb  uart.o [1]
UART2_Exception         0x00025398    0x4c  Code  Gb  uart.o [1]
UART3_Exception         0x000253e4    0x4c  Code  Gb  uart.o [1]
UART_REV                0x00024f58   0x27c  Code  Gb  uart.o [1]
UART_Send_Data          0x00024710   0x5c8  Code  Gb  uart.o [1]
UART_Write              0x0001ecc4    0xbc  Code  Gb  User_XCOM.o [1]
UART_init               0x00025434    0x70  Code  Gb  uart.o [1]
UART_printf             0x00019634    0x80  Code  Gb  user_debug.o [1]
UART_set_bps            0x000245bc   0x154  Code  Gb  uart.o [1]
UDP_ReceivePacket       0x00023c0c   0x1ac  Code  Gb  Udp.o [1]
UDP_Send_ACK            0x0001b6c4    0xb0  Code  Gb  User_udp.o [1]
UDP_Send_CMD            0x0001b4e4   0x1e0  Code  Gb  User_udp.o [1]
UDP_msg_rev             0x0001b774    0xd4  Code  Gb  User_udp.o [1]
UND_STACK$$Base         0x40006658           --   Gb  - Linker created -
UND_STACK$$Limit        0x40006668           --   Gb  - Linker created -
Udp_SendPacked          0x00023dbc   0x108  Code  Gb  Udp.o [1]
User_ID_Read            0x00017ce4   0x160  Code  Gb  User_option.o [1]
User_Option             0x00018b04   0x928  Code  Gb  User_option.o [1]
User_mem_allco          0x00020320    0x90  Code  Gb  user_mem.o [1]
User_mem_free           0x000203b0    0x94  Code  Gb  user_mem.o [1]
User_mem_init           0x000202d8    0x48  Code  Gb  user_mem.o [1]
VGACD22M3494Reset       0x000210f4   0x12c  Code  Gb  CD22M3494.o [1]
VGA_BUF                 0x40005fcc     0xc  Data  Gb  CD22M3494.o [1]
VGA_Select              0x0002125c   0x6dc  Code  Gb  CD22M3494.o [1]
VIC_Init                0x000234f0    0x4c  Code  Gb  target.o [1]
ViscaCount              0x40006022     0x1  Data  Lc  User_on_msg.o [1]
Write_PHY               0x000261b0    0x44  Code  Gb  Hardware_int.o [1]
XCOM_DEV_Read           0x00024d54   0x1d0  Code  Gb  uart.o [1]
XCOM_DW                 0x0001e208    0x94  Code  Gb  User_XCOM.o [1]
XCOM_Data_Read          0x0001defc    0xd4  Code  Gb  User_XCOM.o [1]
XCOM_Data_send          0x0001ddac   0x150  Code  Gb  User_XCOM.o [1]
XCOM_HDMI               0x0001eb88    0x18  Code  Gb  User_XCOM.o [1]
XCOM_MB                 0x0001e29c    0xc4  Code  Gb  User_XCOM.o [1]
XCOM_PORT               0x40005264   0x1dc  Data  Gb  User_XCOM.o [1]
XCOM_Q_Send             0x0001ec40    0x84  Code  Gb  User_XCOM.o [1]
XCOM_SCAMERA            0x0001e360   0x408  Code  Gb  User_XCOM.o [1]
XCOM_SCAMERA1           0x0001e768   0x420  Code  Gb  User_XCOM.o [1]
XCOM_Send_ACK           0x0001e198    0x70  Code  Gb  User_XCOM.o [1]
XCOM_Wait_Ack           0x0001dcd0    0x3c  Code  Gb  User_XCOM.o [1]
XCOM_init               0x0001e01c   0x17c  Code  Gb  User_XCOM.o [1]
Xcom_set                0x0001dfd0    0x4c  Code  Gb  User_XCOM.o [1]
Xcom_sum                0x0001dd0c    0x3c  Code  Gb  User_XCOM.o [1]
ZoomInCmd               0x0001d5c4    0xa0  Code  Gb  PelcoD.o [1]
ZoomOutCmd              0x0001d664    0xa0  Code  Gb  PelcoD.o [1]
_GenldFull              0x00027d0c   0x3d4  Code  Lc  xprintffull.o [3]
_LdtobFull              0x00027644   0x6bc  Code  Lc  xprintffull.o [3]
_LitobFull              0x0002748c   0x1b8  Code  Lc  xprintffull.o [3]
_PrintfFull             0x00026a84   0x940  Code  Gb  xprintffull.o [3]
_PutcharsFull           0x000280e0    0x60  Code  Lc  xprintffull.o [3]
_SProut                 0x0002af7c    0x14  Code  Gb  xsprout.o [3]
__aeabi_cdcmple         0x000287d8          Code  Gb  DblCmpLe.o [4]
__aeabi_cdrcmple        0x00028810          Code  Gb  DblCmpGe.o [4]
__aeabi_d2iz            0x00028a28          Code  Gb  DblToS32.o [4]
__aeabi_d2uiz           0x00029208          Code  Gb  DblToU32.o [4]
__aeabi_ddiv            0x00028ed0          Code  Gb  DblDiv.o [4]
__aeabi_dmul            0x00028cd8          Code  Gb  DblMul.o [4]
__aeabi_dsub            0x00028ae8          Code  Gb  DblSub.o [4]
__aeabi_i2d             0x00028a88          Code  Gb  S32ToDbl.o [4]
__aeabi_idiv            0x00021f58          Code  Gb  I32DivMod.o [5]
__aeabi_idiv0           0x00026114          Code  Gb  IntDivZer.o [5]
__aeabi_idivmod         0x00021f58          Code  Gb  I32DivMod.o [5]
__aeabi_ldiv0           0x00029358          Code  Gb  I64DivZer.o [5]
__aeabi_memclr4         0x00021f50          Code  Gb  ABImemclr4.o [5]
__aeabi_memcpy          0x0001768c          Code  Gb  ABImemcpy.o [5]
__aeabi_memcpy4         0x000176b0          Code  Gb  ABImemcpy.o [5]
__aeabi_memcpy8         0x000176b0          Code  Gb  ABImemcpy.o [5]
__aeabi_memset          0x00020448          Code  Gb  ABImemset.o [5]
__aeabi_memset4         0x0001c884          Code  Gb  ABImemset48.o [5]
__aeabi_memset8         0x0001c884          Code  Gb  ABImemset48.o [5]
__aeabi_ui2d            0x00029244          Code  Gb  U32ToDbl.o [4]
__aeabi_uidiv           0x00021f88          Code  Gb  I32DivMod.o [5]
__aeabi_uidivmod        0x00021f88          Code  Gb  I32DivMod.o [5]
__aeabi_uldivmod        0x00028688          Code  Gb  I64DivMod.o [5]
__cmain                 0x0002ae68          Code  Gb  cmain.o [5]
__exit                  0x0002abfc          Code  Gb  XXexit.o [5]
__iar_Dnorm             0x0002875c    0x7c  Code  Gb  xdnorm.o [4]
__iar_Dscale            0x00028848   0x1e0  Code  Gb  xdscale.o [4]
__iar_Memchr            0x000285f4          Code  Gb  memchr.o [5]
__iar_Memset            0x00020448          Code  Gb  ABImemset.o [5]
__iar_Memset4_word      0x0001c890          Code  Gb  ABImemset48.o [5]
__iar_Memset8_word      0x0001c890          Code  Gb  ABImemset48.o [5]
__iar_Memset_word       0x00020454          Code  Gb  ABImemset.o [5]
__iar_Strchr            0x000285d4          Code  Gb  strchr.o [5]
__iar_dadd              0x0002935c          Code  Gb  DblAdd.o [4]
__iar_data_init3        0x0002adf9    0x30  Code  Gb  data_init.o [5]
__iar_dsub              0x00028af8          Code  Gb  DblSub.o [4]
__iar_dsubStart         0x00028b18          Code  Gb  DblSub.o [4]
__iar_i2d               0x00028a9c          Code  Gb  S32ToDbl.o [4]
__iar_packbits_init3    0x0002ab33    0xbc  Code  Gb  packbits_init.o [5]
__iar_program_start     0x0002ace0          Code  Gb  cstartup.o [1]
__iar_zero_init3        0x0002815b    0x2a  Code  Gb  zero_init3.o [5]
__mem256                0x4000041c  0x1400  Data  Gb  user_mem.o [1]
__mem512                0x4000181c  0x1770  Data  Gb  user_mem.o [1]
__pm256                 0x40000414     0x4  Data  Gb  user_mem.o [1]
__pm512                 0x40000418     0x4  Data  Gb  user_mem.o [1]
__vector                0x00010000          Code  Gb  cstartup.o [1]
_call_main              0x0002ae7c          Code  Gb  cmain.o [5]
_exit                   0x0002ae98          Code  Gb  cexit.o [5]
_main                   0x0002ae84          Code  Gb  cmain.o [5]
abort                   0x0002abf4     0x8  Code  Gb  abort.o [3]
aic23_delay             0x0001d14c    0x24  Code  Gb  TMS320AIC23.o [1]
baktime                 0x40005964     0x8  Data  Gb  RealTime.o [1]
buf                     0x40005fe0     0x4  Data  Gb  io.o [1]
def_classname           0x0002a81c    0x10  Data  Gb  User_option.o [1]
def_gateip              0x0002a854     0x4  Data  Gb  User_option.o [1]
def_housename           0x0002a840     0xc  Data  Gb  User_option.o [1]
def_ip                  0x0002a84c     0x4  Data  Gb  User_option.o [1]
def_mark                0x0002a850     0x4  Data  Gb  User_option.o [1]
def_schoolname          0x0002a82c    0x14  Data  Gb  User_option.o [1]
div                     0x00029254    0x38  Code  Gb  div.o [3]
exit                    0x0002ae94     0x4  Code  Gb  exit.o [3]
gClassT                 0x4000596c   0x104  Data  Gb  RealTime.o [1]
gDCS                    0x400000c4     0x4  Data  Gb  User_option.o [1]
gDeviceStatus           0x40000040    0x48  Data  Gb  User_option.o [1]
gDeviceTable            0x40000088    0x38  Data  Gb  User_option.o [1]
gLMT_Power              0x40005f98     0x8  Data  Gb  User_Run.o [1]
gPC_power               0x40005fa0     0x8  Data  Gb  User_Run.o [1]
gRF                     0x40005e20    0x1c  Data  Gb  User_DW.o [1]
gRFIC                   0x40005e3c    0x44  Data  Gb  User_DW.o [1]
gSYS_Fcclk              0x40005ff0     0x4  Data  Gb  target.o [1]
gSYS_Fpclk              0x40005ff4     0x4  Data  Gb  target.o [1]
gStat_Rec               0x40000124   0x14c  Data  Gb  User_option.o [1]
gTB_State               0x40005fe4     0xc  Data  Gb  User_TB.o [1]
gTB_VGAChage            0x0002afa0     0x8  Data  Gb  User_TB.o [1]
gTB_VideoChage          0x0002afa8     0x8  Data  Gb  User_TB.o [1]
gYXJ                    0x40005e84     0x4  Data  Gb  User_DW.o [1]
key_init                0x00015570   0x2c8  Code  Gb  Use_key.o [1]
key_msg_rev             0x00017384    0xa4  Code  Gb  Use_key.o [1]
main                    0x00029ae4   0x12c  Code  Gb  main.o [1]
memchr                  0x000285f4          Code  Gb  memchr.o [5]
mic_play_add            0x0001ce3c    0x28  Code  Gb  Use_Sound.o [1]
on_MSG_OPTION_IP_HPVol  0x000109b0    0x28  Code  Gb  User_on_msg.o [1]
on_MSG_OPTION_IP_MICVol
                        0x00010988    0x28  Code  Gb  User_on_msg.o [1]
on_MSG_OPTION_TB_ReqStatus
                        0x00013fb0    0x14  Code  Gb  User_on_msg.o [1]
pDGB_XCOM               0x4000601c     0x4  Data  Gb  user_debug.o [1]
pPelcodData             0x40005f90     0x8  Data  Gb  PelcoD.o [1]
pViscaData              0x40005f84     0xc  Data  Gb  PelcoD.o [1]
paramin                 0x40005ed0    0x20  Data  Gb  LP2368_FLASH.o [1]
paramout                0x40005ef4    0x20  Data  Gb  LP2368_FLASH.o [1]
power_ostr              0x0002a954    0x20  Data  Gb  User_power.o [1]
power_str               0x0002a974    0x84  Data  Gb  User_power.o [1]
set_IS752_bps           0x000228ac    0xf0  Code  Gb  SC16IS752.o [1]
strchr                  0x000285d4          Code  Gb  strchr.o [5]
strcpy                  0x00022d10          Code  Gb  strcpy.o [5]
strlen                  0x00023f10          Code  Gb  strlen.o [5]
sum_check               0x00024f24    0x34  Code  Gb  uart.o [1]
swap_int16              0x000266f8    0x14  Code  Gb  Hardware_int.o [1]
tyjcounterFlagOFF       0x4000600b     0x1  Data  Gb  io.o [1]
tyjcounterFlagON        0x4000600a     0x1  Data  Gb  io.o [1]
tyjcounterOFF           0x40006009     0x1  Data  Gb  io.o [1]
tyjcounterON            0x40006008     0x1  Data  Gb  io.o [1]
uart_Debug_init         0x000195b0    0x5c  Code  Gb  user_debug.o [1]
vsprintf                0x00023ec4    0x4c  Code  Gb  vsprintf.o [3]


[1] = F:\code\YTJ\一体机\bp\EvalBoards\NXP\MCB2300\IAR\LSZHV20\Release\Obj
[2] = command line
[3] = dl4t_aln.a
[4] = m4t_al.a
[5] = rt4t_al.a

  105 444 bytes of readonly  code memory
    5 212 bytes of readonly  data memory
   26 531 bytes of readwrite data memory

Errors: none
Warnings: none
