###############################################################################
#
# IAR ELF Linker V7.30.3.8024/W32 for ARM                 22/Feb/2016  09:41:02
# Copyright 2007-2014 IAR Systems AB.
#
#    Output file  =  
#        F:\code\YTJ\一体机\bp\EvalBoards\NXP\MCB2300\IAR\LSZHV20\Release\Exe\LSZH_V20_FLASH.out.tmp
#    Map file     =  
#        F:\code\YTJ\一体机\bp\EvalBoards\NXP\MCB2300\IAR\LSZHV20\Release\List\LSZH_V20_FLASH.map
#    Command line =  
#        F:\code\YTJ\一体机\bp\EvalBoards\NXP\MCB2300\IAR\LSZHV20\Release\Obj\ARP.o
#        F:\code\YTJ\一体机\bp\EvalBoards\NXP\MCB2300\IAR\LSZHV20\Release\Obj\CD22M3494.o
#        F:\code\YTJ\一体机\bp\EvalBoards\NXP\MCB2300\IAR\LSZHV20\Release\Obj\cpu_a.o
#        F:\code\YTJ\一体机\bp\EvalBoards\NXP\MCB2300\IAR\LSZHV20\Release\Obj\cstartup.o
#        F:\code\YTJ\一体机\bp\EvalBoards\NXP\MCB2300\IAR\LSZHV20\Release\Obj\dma.o
#        F:\code\YTJ\一体机\bp\EvalBoards\NXP\MCB2300\IAR\LSZHV20\Release\Obj\Ethernet.o
#        F:\code\YTJ\一体机\bp\EvalBoards\NXP\MCB2300\IAR\LSZHV20\Release\Obj\Hardware_int.o
#        F:\code\YTJ\一体机\bp\EvalBoards\NXP\MCB2300\IAR\LSZHV20\Release\Obj\hw.o
#        F:\code\YTJ\一体机\bp\EvalBoards\NXP\MCB2300\IAR\LSZHV20\Release\Obj\I2C0INT.o
#        F:\code\YTJ\一体机\bp\EvalBoards\NXP\MCB2300\IAR\LSZHV20\Release\Obj\I2C1INT.o
#        F:\code\YTJ\一体机\bp\EvalBoards\NXP\MCB2300\IAR\LSZHV20\Release\Obj\i2s.o
#        F:\code\YTJ\一体机\bp\EvalBoards\NXP\MCB2300\IAR\LSZHV20\Release\Obj\ICMP.o
#        F:\code\YTJ\一体机\bp\EvalBoards\NXP\MCB2300\IAR\LSZHV20\Release\Obj\io.o
#        F:\code\YTJ\一体机\bp\EvalBoards\NXP\MCB2300\IAR\LSZHV20\Release\Obj\IP.o
#        F:\code\YTJ\一体机\bp\EvalBoards\NXP\MCB2300\IAR\LSZHV20\Release\Obj\lib_mem.o
#        F:\code\YTJ\一体机\bp\EvalBoards\NXP\MCB2300\IAR\LSZHV20\Release\Obj\lib_str.o
#        F:\code\YTJ\一体机\bp\EvalBoards\NXP\MCB2300\IAR\LSZHV20\Release\Obj\LP2368_FLASH.o
#        F:\code\YTJ\一体机\bp\EvalBoards\NXP\MCB2300\IAR\LSZHV20\Release\Obj\main.o
#        F:\code\YTJ\一体机\bp\EvalBoards\NXP\MCB2300\IAR\LSZHV20\Release\Obj\os_api.o
#        F:\code\YTJ\一体机\bp\EvalBoards\NXP\MCB2300\IAR\LSZHV20\Release\Obj\os_core.o
#        F:\code\YTJ\一体机\bp\EvalBoards\NXP\MCB2300\IAR\LSZHV20\Release\Obj\os_cpu_a.o
#        F:\code\YTJ\一体机\bp\EvalBoards\NXP\MCB2300\IAR\LSZHV20\Release\Obj\os_cpu_c.o
#        F:\code\YTJ\一体机\bp\EvalBoards\NXP\MCB2300\IAR\LSZHV20\Release\Obj\os_dbg.o
#        F:\code\YTJ\一体机\bp\EvalBoards\NXP\MCB2300\IAR\LSZHV20\Release\Obj\os_dcc.o
#        F:\code\YTJ\一体机\bp\EvalBoards\NXP\MCB2300\IAR\LSZHV20\Release\Obj\os_flag.o
#        F:\code\YTJ\一体机\bp\EvalBoards\NXP\MCB2300\IAR\LSZHV20\Release\Obj\os_mbox.o
#        F:\code\YTJ\一体机\bp\EvalBoards\NXP\MCB2300\IAR\LSZHV20\Release\Obj\os_mem.o
#        F:\code\YTJ\一体机\bp\EvalBoards\NXP\MCB2300\IAR\LSZHV20\Release\Obj\os_mutex.o
#        F:\code\YTJ\一体机\bp\EvalBoards\NXP\MCB2300\IAR\LSZHV20\Release\Obj\os_q.o
#        F:\code\YTJ\一体机\bp\EvalBoards\NXP\MCB2300\IAR\LSZHV20\Release\Obj\os_sem.o
#        F:\code\YTJ\一体机\bp\EvalBoards\NXP\MCB2300\IAR\LSZHV20\Release\Obj\os_task.o
#        F:\code\YTJ\一体机\bp\EvalBoards\NXP\MCB2300\IAR\LSZHV20\Release\Obj\os_time.o
#        F:\code\YTJ\一体机\bp\EvalBoards\NXP\MCB2300\IAR\LSZHV20\Release\Obj\os_tmr.o
#        F:\code\YTJ\一体机\bp\EvalBoards\NXP\MCB2300\IAR\LSZHV20\Release\Obj\PelcoD.o
#        F:\code\YTJ\一体机\bp\EvalBoards\NXP\MCB2300\IAR\LSZHV20\Release\Obj\PT2258.o
#        F:\code\YTJ\一体机\bp\EvalBoards\NXP\MCB2300\IAR\LSZHV20\Release\Obj\RealTime.o
#        F:\code\YTJ\一体机\bp\EvalBoards\NXP\MCB2300\IAR\LSZHV20\Release\Obj\SC16IS752.o
#        F:\code\YTJ\一体机\bp\EvalBoards\NXP\MCB2300\IAR\LSZHV20\Release\Obj\target.o
#        F:\code\YTJ\一体机\bp\EvalBoards\NXP\MCB2300\IAR\LSZHV20\Release\Obj\TMS320AIC23.o
#        F:\code\YTJ\一体机\bp\EvalBoards\NXP\MCB2300\IAR\LSZHV20\Release\Obj\uart.o
#        F:\code\YTJ\一体机\bp\EvalBoards\NXP\MCB2300\IAR\LSZHV20\Release\Obj\Udp.o
#        F:\code\YTJ\一体机\bp\EvalBoards\NXP\MCB2300\IAR\LSZHV20\Release\Obj\Use_key.o
#        F:\code\YTJ\一体机\bp\EvalBoards\NXP\MCB2300\IAR\LSZHV20\Release\Obj\Use_Sound.o
#        F:\code\YTJ\一体机\bp\EvalBoards\NXP\MCB2300\IAR\LSZHV20\Release\Obj\user_debug.o
#        F:\code\YTJ\一体机\bp\EvalBoards\NXP\MCB2300\IAR\LSZHV20\Release\Obj\User_DW.o
#        F:\code\YTJ\一体机\bp\EvalBoards\NXP\MCB2300\IAR\LSZHV20\Release\Obj\user_mem.o
#        F:\code\YTJ\一体机\bp\EvalBoards\NXP\MCB2300\IAR\LSZHV20\Release\Obj\User_on_msg.o
#        F:\code\YTJ\一体机\bp\EvalBoards\NXP\MCB2300\IAR\LSZHV20\Release\Obj\User_option.o
#        F:\code\YTJ\一体机\bp\EvalBoards\NXP\MCB2300\IAR\LSZHV20\Release\Obj\User_power.o
#        F:\code\YTJ\一体机\bp\EvalBoards\NXP\MCB2300\IAR\LSZHV20\Release\Obj\User_Run.o
#        F:\code\YTJ\一体机\bp\EvalBoards\NXP\MCB2300\IAR\LSZHV20\Release\Obj\User_table.o
#        F:\code\YTJ\一体机\bp\EvalBoards\NXP\MCB2300\IAR\LSZHV20\Release\Obj\User_TB.o
#        F:\code\YTJ\一体机\bp\EvalBoards\NXP\MCB2300\IAR\LSZHV20\Release\Obj\User_udp.o
#        F:\code\YTJ\一体机\bp\EvalBoards\NXP\MCB2300\IAR\LSZHV20\Release\Obj\User_XCOM.o
#        --redirect _Printf=_PrintfFull --redirect _Scanf=_ScanfFull -o
#        F:\code\YTJ\一体机\bp\EvalBoards\NXP\MCB2300\IAR\LSZHV20\Release\Exe\LSZH_V20_FLASH.out.tmp
#        --map
#        F:\code\YTJ\一体机\bp\EvalBoards\NXP\MCB2300\IAR\LSZHV20\Release\List\LSZH_V20_FLASH.map
#        --log initialization,modules,sections,veneers --log_file
#        F:\code\YTJ\一体机\bp\EvalBoards\NXP\MCB2300\IAR\LSZHV20\Release\List\LSZH_V20_FLASH.log
#        --config
#        F:\code\YTJ\一体机\bp\EvalBoards\NXP\MCB2300\IAR\LSZHV20\..\BSP\LSZH_V20_Relase.icf
#        --entry __iar_program_start --inline --vfe
#
###############################################################################

*******************************************************************************
*** RUNTIME MODEL ATTRIBUTES
***

CppFlavor       = *
__SystemLibrary = DLib


*******************************************************************************
*** PLACEMENT SUMMARY
***

"A1":  place at 0x00010000 { ro section .intvec };
"P1":  place in [from 0x00010044 to 0x0007ffff] { ro };
"P2":  place in [from 0x40000040 to 0x40007fff] {
          rw, block CSTACK, block SVC_STACK, block IRQ_STACK, block FIQ_STACK,
          block UND_STACK, block ABT_STACK, block HEAP };

  Section            Kind        Address     Size  Object
  -------            ----        -------     ----  ------
"A1":                                        0x40
  .intvec            ro code  0x00010000     0x40  cstartup.o [1]
                            - 0x00010040     0x40

"P1":                                     0x1afb1
  .text              ro code  0x00010044   0x4004  User_on_msg.o [1]
  .text              ro code  0x00014048   0x10f4  PT2258.o [1]
  .text              ro code  0x0001513c   0x2370  Use_key.o [1]
  .text              ro code  0x000174ac    0x158  lib_mem.o [1]
  .text              ro code  0x00017604    0x10c  LP2368_FLASH.o [1]
  .text              ro code  0x00017710     0xd4  ABImemcpy.o [5]
  .text              ro code  0x000177e4   0x1d60  User_option.o [1]
  .text              ro code  0x00019544    0x7b0  user_debug.o [1]
  .text              ro code  0x00019cf4   0x1104  User_power.o [1]
  .text              ro code  0x0001adf8    0x69c  ARP.o [1]
  .text              ro code  0x0001b494    0x4b0  User_udp.o [1]
  .text              ro code  0x0001b944    0x51c  User_DW.o [1]
  .text              ro code  0x0001be60    0xa34  User_table.o [1]
  .text              ro code  0x0001c894     0x48  ABImemset48.o [5]
  .text              ro code  0x0001c8dc    0x880  Use_Sound.o [1]
  .text              ro code  0x0001d15c    0x1e8  TMS320AIC23.o [1]
  .text              ro code  0x0001d344    0x9b4  PelcoD.o [1]
  .text              ro code  0x0001dcf8   0x1600  User_XCOM.o [1]
  .text              ro code  0x0001f2f8    0x104  os_time.o [1]
  .text              ro code  0x0001f3fc    0x3d8  User_Run.o [1]
  .text              ro code  0x0001f7d4    0x990  io.o [1]
  .text              ro code  0x00020164    0x170  user_mem.o [1]
  .text              ro code  0x000202d4     0x7c  ABImemset.o [5]
  CODE               ro code  0x00020350    0x2dc  os_cpu_a.o [1]
  .text              ro code  0x0002062c    0x314  RealTime.o [1]
  .text              ro code  0x00020940    0x520  hw.o [1]
  .text              ro code  0x00020e60    0xc44  CD22M3494.o [1]
  .text              ro code  0x00021aa4    0x3ac  User_TB.o [1]
  .text              ro code  0x00021e50      0x8  ABImemclr4.o [5]
  .text              ro code  0x00021e58    0x1d4  I32DivMod.o [5]
  .text              ro code  0x0002202c    0x4e4  I2C0INT.o [1]
  .text              ro code  0x00022510    0x38c  SC16IS752.o [1]
  .text              ro code  0x0002289c    0x374  os_q.o [1]
  .text              ro code  0x00022c10     0x6c  strcpy.o [5]
  .text              ro code  0x00022c7c    0x670  I2C1INT.o [1]
  .text              ro code  0x000232ec    0x104  lib_str.o [1]
  .text              ro code  0x000233f0    0x71c  target.o [1]
  .text              ro code  0x00023b0c    0x2b8  Udp.o [1]
  .text              ro code  0x00023dc4     0x4c  vsprintf.o [3]
  .text              ro code  0x00023e10     0x54  strlen.o [5]
  .text              ro code  0x00023e64     0xdc  Ethernet.o [1]
  .text              ro code  0x00023f40    0x244  os_sem.o [1]
  .text              ro code  0x00024184    0x250  dma.o [1]
  .text              ro code  0x000243d4     0xe8  i2s.o [1]
  .text              ro code  0x000244bc    0xef0  uart.o [1]
  .text              ro code  0x000253ac    0xaa0  os_core.o [1]
  .text              ro code  0x00025e4c    0x1c8  os_mem.o [1]
  .text              ro code  0x00026014      0x4  IntDivZer.o [5]
  CODE               ro code  0x00026018     0x28  cpu_a.o [1]
  .text              ro code  0x00026040    0x5cc  Hardware_int.o [1]
  .text              ro code  0x0002660c    0x3a4  IP.o [1]
  .text              ro code  0x000269b0   0x16d6  xprintffull.o [3]
  .text              ro code  0x00028086     0x2a  zero_init3.o [5]
  .text              ro code  0x000280b0     0x7c  os_flag.o [1]
  .text              ro code  0x0002812c      0x4  os_dbg.o [1]
  .text              ro code  0x00028130    0x294  os_task.o [1]
  .text              ro code  0x000283c4    0x13c  ICMP.o [1]
  .text              ro code  0x00028500     0x20  strchr.o [5]
  .text              ro code  0x00028520     0x94  memchr.o [5]
  .text              ro code  0x000285b4     0xd4  I64DivMod.o [5]
  .text              ro code  0x00028688     0x7c  xdnorm.o [4]
  .text              ro code  0x00028704     0x38  DblCmpLe.o [4]
  .text              ro code  0x0002873c     0x38  DblCmpGe.o [4]
  .text              ro code  0x00028774    0x1e0  xdscale.o [4]
  .text              ro code  0x00028954     0x60  DblToS32.o [4]
  .text              ro code  0x000289b4     0x60  S32ToDbl.o [4]
  .text              ro code  0x00028a14    0x1f0  DblSub.o [4]
  .text              ro code  0x00028c04    0x1f8  DblMul.o [4]
  .text              ro code  0x00028dfc    0x338  DblDiv.o [4]
  .text              ro code  0x00029134     0x3c  DblToU32.o [4]
  .text              ro code  0x00029170     0x10  U32ToDbl.o [4]
  .text              ro code  0x00029180     0x38  div.o [3]
  .text              ro code  0x000291b8     0xcc  os_cpu_c.o [1]
  .text              ro code  0x00029284      0x4  I64DivZer.o [5]
  .text              ro code  0x00029288    0x130  DblAdd.o [4]
  .rodata            const    0x000293b8    0x678  User_on_msg.o [1]
  .text              ro code  0x00029a30    0x544  main.o [1]
  .rodata            const    0x00029f74    0x4c8  Use_key.o [1]
  .rodata            const    0x0002a43c    0x1f8  User_Run.o [1]
  .rodata            const    0x0002a634    0x190  User_option.o [1]
  .rodata            const    0x0002a7c4    0x17c  User_power.o [1]
  .rodata            const    0x0002a940    0x17c  User_XCOM.o [1]
  .text              ro code  0x0002aabc     0xde  packbits_init.o [5]
  .rodata            const    0x0002ab9a      0x2  os_dbg.o [1]
  Veneer             ro code  0x0002ab9c      0x4  - Linker created -
  .text              ro code  0x0002aba0      0x8  abort.o [3]
  .text              ro code  0x0002aba8     0x14  XXexit.o [5]
  .rodata            const    0x0002abbc     0xd0  PT2258.o [1]
  text               ro code  0x0002ac8c     0x88  cstartup.o [1]
  .rodata            const    0x0002ad14     0x4c  Use_Sound.o [1]
  .rodata            const    0x0002ad60     0x44  hw.o [1]
  .text              ro code  0x0002ada4     0x32  data_init.o [5]
  .rodata            const    0x0002add6      0x2  os_dbg.o [1]
  .rodata            const    0x0002add8     0x30  User_table.o [1]
  Veneer             ro code  0x0002ae08      0xc  - Linker created -
  .text              ro code  0x0002ae14     0x2c  cmain.o [5]
  .text              ro code  0x0002ae40      0x4  exit.o [3]
  .text              ro code  0x0002ae44     0x10  cexit.o [5]
  .rodata            const    0x0002ae54     0x28  ARP.o [1]
  .rodata            const    0x0002ae7c     0x28  CD22M3494.o [1]
  .iar.init_table    const    0x0002aea4     0x2c  - Linker created -
  .rodata            const    0x0002aed0     0x20  os_core.o [1]
  .rodata            const    0x0002aef0     0x1c  user_debug.o [1]
  .rodata            const    0x0002af0c     0x1c  User_DW.o [1]
  .text              ro code  0x0002af28     0x14  xsprout.o [3]
  .rodata            const    0x0002af3c     0x10  main.o [1]
  .rodata            const    0x0002af4c     0x10  User_TB.o [1]
  .rodata            const    0x0002af5c      0x4  os_dbg.o [1]
  .rodata            const    0x0002af60      0x4  User_udp.o [1]
  .rodata            const    0x0002af64      0x2  os_dbg.o [1]
  .rodata            const    0x0002af66      0x2  os_dbg.o [1]
  .rodata            const    0x0002af68      0x2  os_dbg.o [1]
  .rodata            const    0x0002af6a      0x2  os_dbg.o [1]
  .rodata            const    0x0002af6c      0x2  os_dbg.o [1]
  .rodata            const    0x0002af6e      0x2  os_dbg.o [1]
  .rodata            const    0x0002af70      0x2  os_dbg.o [1]
  .rodata            const    0x0002af72      0x2  os_dbg.o [1]
  .rodata            const    0x0002af74      0x2  os_dbg.o [1]
  .rodata            const    0x0002af76      0x2  os_dbg.o [1]
  .rodata            const    0x0002af78      0x2  os_dbg.o [1]
  .rodata            const    0x0002af7a      0x2  os_dbg.o [1]
  .rodata            const    0x0002af7c      0x2  os_dbg.o [1]
  .rodata            const    0x0002af7e      0x2  os_dbg.o [1]
  .rodata            const    0x0002af80      0x2  os_dbg.o [1]
  .rodata            const    0x0002af82      0x2  os_dbg.o [1]
  .rodata            const    0x0002af84      0x2  os_dbg.o [1]
  .rodata            const    0x0002af86      0x2  os_dbg.o [1]
  .rodata            const    0x0002af88      0x2  os_dbg.o [1]
  .rodata            const    0x0002af8a      0x2  os_dbg.o [1]
  .rodata            const    0x0002af8c      0x2  os_dbg.o [1]
  .rodata            const    0x0002af8e      0x2  os_dbg.o [1]
  .rodata            const    0x0002af90      0x2  os_dbg.o [1]
  .rodata            const    0x0002af92      0x2  os_dbg.o [1]
  .rodata            const    0x0002af94      0x2  os_dbg.o [1]
  .rodata            const    0x0002af96      0x2  os_dbg.o [1]
  .rodata            const    0x0002af98      0x2  os_dbg.o [1]
  .rodata            const    0x0002af9a      0x2  os_dbg.o [1]
  .rodata            const    0x0002af9c      0x2  os_dbg.o [1]
  .rodata            const    0x0002af9e      0x2  os_dbg.o [1]
  .rodata            const    0x0002afa0      0x2  os_dbg.o [1]
  .rodata            const    0x0002afa2      0x2  os_dbg.o [1]
  .rodata            const    0x0002afa4      0x2  os_dbg.o [1]
  .rodata            const    0x0002afa6      0x2  os_dbg.o [1]
  .rodata            const    0x0002afa8      0x2  os_dbg.o [1]
  .rodata            const    0x0002afaa      0x2  os_dbg.o [1]
  .rodata            const    0x0002afac      0x2  os_dbg.o [1]
  .rodata            const    0x0002afae      0x2  os_dbg.o [1]
  .rodata            const    0x0002afb0      0x2  os_dbg.o [1]
  .rodata            const    0x0002afb2      0x2  os_dbg.o [1]
  .rodata            const    0x0002afb4      0x2  os_dbg.o [1]
  .rodata            const    0x0002afb6      0x2  os_dbg.o [1]
  .rodata            const    0x0002afb8      0x2  os_dbg.o [1]
  .rodata            const    0x0002afba      0x2  os_dbg.o [1]
  .rodata            const    0x0002afbc      0x2  os_dbg.o [1]
  .rodata            const    0x0002afbe      0x2  os_dbg.o [1]
  .rodata            const    0x0002afc0      0x2  os_dbg.o [1]
  .rodata            const    0x0002afc2      0x2  os_dbg.o [1]
  .rodata            const    0x0002afc4      0x2  os_dbg.o [1]
  .rodata            const    0x0002afc6      0x2  os_dbg.o [1]
  .rodata            const    0x0002afc8      0x2  os_dbg.o [1]
  .rodata            const    0x0002afca      0x0  zero_init3.o [5]
  .rodata            const    0x0002afca      0x0  packbits_init.o [5]
  Initializer bytes  ro data  0x0002afca     0x2b  <for P2 s0>
                            - 0x0002aff5  0x1afb1

"P2":                                      0x67a8
  P2 s0                       0x40000040    0x3d8  <Init block>
    .data            inited   0x40000040    0x238  User_option.o [1]
    .data            inited   0x40000278    0x190  ARP.o [1]
    .data            inited   0x40000408      0x8  PT2258.o [1]
    .data            inited   0x40000410      0x4  user_debug.o [1]
    .data            inited   0x40000414      0x4  User_option.o [1]
  .bss               zero     0x40000418   0x2b78  user_mem.o [1]
  .bss               zero     0x40002f90   0x1a40  main.o [1]
  .bss               zero     0x400049d0    0x4d4  os_core.o [1]
  .bss               zero     0x40004ea4    0x3c4  os_core.o [1]
  .bss               zero     0x40005268    0x2f8  User_XCOM.o [1]
  .bss               zero     0x40005560    0x200  os_core.o [1]
  .bss               zero     0x40005760    0x200  os_core.o [1]
  .bss               zero     0x40005960    0x114  RealTime.o [1]
  .bss               zero     0x40005a74     0xf4  User_option.o [1]
  .bss               zero     0x40005b68     0xf0  os_core.o [1]
  .bss               zero     0x40005c58     0xc8  os_core.o [1]
  .bss               zero     0x40005d20     0x8c  os_core.o [1]
  .bss               zero     0x40005dac     0x78  Use_Sound.o [1]
  .bss               zero     0x40005e24     0x68  User_DW.o [1]
  .bss               zero     0x40005e8c     0x48  CD22M3494.o [1]
  .bss               zero     0x40005ed4     0x44  LP2368_FLASH.o [1]
  .bss               zero     0x40005f18     0x34  Use_key.o [1]
  .bss               zero     0x40005f4c     0x20  hw.o [1]
  .bss               zero     0x40005f6c     0x1c  Use_key.o [1]
  .bss               zero     0x40005f88     0x14  PelcoD.o [1]
  .bss               zero     0x40005f9c     0x14  User_Run.o [1]
  .bss               zero     0x40005fb0     0x10  I2C0INT.o [1]
  .bss               zero     0x40005fc0     0x10  I2C1INT.o [1]
  .bss               zero     0x40005fd0      0xc  CD22M3494.o [1]
  .bss               zero     0x40005fdc      0xc  io.o [1]
  .bss               zero     0x40005fe8      0xc  User_TB.o [1]
  .bss               zero     0x40005ff4      0x8  target.o [1]
  .bss               zero     0x40005ffc      0x8  User_power.o [1]
  .bss               zero     0x40006004      0x8  User_XCOM.o [1]
  .bss               zero     0x4000600c      0x4  io.o [1]
  .bss               zero     0x40006010      0x4  os_core.o [1]
  .bss               zero     0x40006014      0x4  os_core.o [1]
  .bss               zero     0x40006018      0x4  os_core.o [1]
  .bss               zero     0x4000601c      0x4  target.o [1]
  .bss               zero     0x40006020      0x4  user_debug.o [1]
  .bss               zero     0x40006024      0x2  Hardware_int.o [1]
  .bss               zero     0x40006026      0x1  User_on_msg.o [1]
  CSTACK                      0x40006028    0x300  <Block>
    CSTACK           uninit   0x40006028    0x300  <Block tail>
  SVC_STACK                   0x40006328     0x20  <Block>
    SVC_STACK        uninit   0x40006328     0x20  <Block tail>
  IRQ_STACK                   0x40006348    0x300  <Block>
    IRQ_STACK        uninit   0x40006348    0x300  <Block tail>
  FIQ_STACK                   0x40006648     0x10  <Block>
    FIQ_STACK        uninit   0x40006648     0x10  <Block tail>
  UND_STACK                   0x40006658     0x10  <Block>
    UND_STACK        uninit   0x40006658     0x10  <Block tail>
  ABT_STACK                   0x40006668    0x180  <Block>
    ABT_STACK        uninit   0x40006668    0x180  <Block tail>
                            - 0x400067e8   0x67a8


*******************************************************************************
*** INIT TABLE
***

          Address     Size
          -------     ----
Zero (__iar_zero_init3)
    1 destination range, total size 0x5c0f:
          0x40000418  0x5c0f

Copy/packbits (__iar_packbits_init3)
    1 source range, total size 0x2b (4% of destination):
          0x0002afca    0x2b
    1 destination range, total size 0x3d8:
          0x40000040   0x3d8



*******************************************************************************
*** MODULE SUMMARY
***

    Module           ro code  ro data  rw data
    ------           -------  -------  -------
F:\code\YTJ\一体机\bp\EvalBoards\NXP\MCB2300\IAR\LSZHV20\Release\Obj: [1]
    ARP.o              1 692       58      400
    CD22M3494.o        3 140       40       84
    Ethernet.o           220
    Hardware_int.o     1 484                 2
    I2C0INT.o          1 252                16
    I2C1INT.o          1 648                16
    ICMP.o               316
    IP.o                 932
    LP2368_FLASH.o       268                68
    PT2258.o           4 340      208        8
    PelcoD.o           2 484                20
    RealTime.o           788               276
    SC16IS752.o          908
    TMS320AIC23.o        488
    Udp.o                696
    Use_Sound.o        2 176       76      120
    Use_key.o          9 072    1 224       80
    User_DW.o          1 308       28      104
    User_Run.o           984      504       20
    User_TB.o            940       16       12
    User_XCOM.o        5 632      380      768
    User_on_msg.o     16 388    1 656        1
    User_option.o      7 520      425      816
    User_power.o       4 356      380        8
    User_table.o       2 612       48
    User_udp.o         1 200        4
    cpu_a.o               40
    cstartup.o           200
    dma.o                592
    hw.o               1 312       68       32
    i2s.o                232
    io.o               2 448                16
    lib_mem.o            344
    lib_str.o            260
    main.o             1 348       16    6 720
    os_core.o          2 720       32    3 816
    os_cpu_a.o           732
    os_cpu_c.o           204
    os_dbg.o               4      110
    os_flag.o            124
    os_mem.o             456
    os_q.o               884
    os_sem.o             580
    os_task.o            660
    os_time.o            260
    target.o           1 820                12
    uart.o             3 824
    user_debug.o       1 968       28        8
    user_mem.o           368            11 128
    ------------------------------------------
    Total:            94 224    5 301   24 551

command line: [2]
    ------------------------------------------
    Total:

dl4t_aln.a: [3]
    abort.o                8
    div.o                 56
    exit.o                 4
    vsprintf.o            76
    xprintffull.o      5 846
    xsprout.o             20
    ------------------------------------------
    Total:             6 010

m4t_al.a: [4]
    DblAdd.o             304
    DblCmpGe.o            56
    DblCmpLe.o            56
    DblDiv.o             824
    DblMul.o             504
    DblSub.o             496
    DblToS32.o            96
    DblToU32.o            60
    S32ToDbl.o            96
    U32ToDbl.o            16
    xdnorm.o             124
    xdscale.o            480
    ------------------------------------------
    Total:             3 112

rt4t_al.a: [5]
    ABImemclr4.o           8
    ABImemcpy.o          212
    ABImemset.o          124
    ABImemset48.o         72
    I32DivMod.o          468
    I64DivMod.o          212
    I64DivZer.o            4
    IntDivZer.o            4
    XXexit.o              20
    cexit.o               16
    cmain.o               44
    data_init.o           50
    memchr.o             148
    packbits_init.o      222
    strchr.o              32
    strcpy.o             108
    strlen.o              84
    zero_init3.o          42
    ------------------------------------------
    Total:             1 870

    Linker created        16       44    1 984
----------------------------------------------
    Grand Total:     105 232    5 345   26 535


*******************************************************************************
*** ENTRY LIST
***

Entry                      Address    Size  Type      Object
-----                      -------    ----  ----      ------
?main                   0x0002ae14          Code  Gb  cmain.o [5]
ABT_STACK$$Base         0x40006668           --   Gb  - Linker created -
ABT_STACK$$Limit        0x400067e8           --   Gb  - Linker created -
ARP_REP_MAC             0x40000400     0x8  Data  Gb  ARP.o [1]
ARP_Rec_Find            0x0001afb8    0xd0  Code  Gb  ARP.o [1]
ARP_Rec_Save            0x0001b088    0x80  Code  Gb  ARP.o [1]
ARP_ReceivePacket       0x0001b2fc    0x20  Code  Gb  ARP.o [1]
AT24C16_Read            0x000230f8    0x34  Code  Gb  I2C1INT.o [1]
AT24C16_Write           0x0002312c   0x14c  Code  Gb  I2C1INT.o [1]
AVCD22M3494Reset        0x00020e60   0x120  Code  Gb  CD22M3494.o [1]
AV_IN                   0x0002ae7c    0x14  Data  Gb  CD22M3494.o [1]
AV_OUT                  0x0002ae90    0x14  Data  Gb  CD22M3494.o [1]
AV_Select               0x000210ac    0x3c  Code  Gb  CD22M3494.o [1]
Able_CMD_TB             0x00024bd8    0x7c  Code  Gb  uart.o [1]
Alarm_Link              0x000180b4   0x13c  Code  Gb  User_option.o [1]
Alarmdev_id             0x400000c8     0xc  Data  Gb  User_option.o [1]
Arp_Answer              0x0001b18c    0xe8  Code  Gb  ARP.o [1]
Arp_Request             0x0001b31c    0xc8  Code  Gb  ARP.o [1]
BMK_Sound_Select        0x00014978    0x38  Code  Gb  PT2258.o [1]
BSP_CPU_ClkFreq         0x00023578    0x8c  Code  Gb  target.o [1]
BSP_CPU_PclkFreq        0x00023604    0xc0  Code  Gb  target.o [1]
BSP_IntDisAll           0x00023548    0x30  Code  Gb  target.o [1]
BinToChar               0x000179c8    0x24  Code  Gb  User_option.o [1]
BlankCHK                0x000176cc    0x34  Code  Gb  LP2368_FLASH.o [1]
CPU_SR_Restore          0x00026038          Code  Gb  cpu_a.o [1]
CPU_SR_Save             0x00026018          Code  Gb  cpu_a.o [1]
CSTACK$$Base            0x40006028           --   Gb  - Linker created -
CSTACK$$Limit           0x40006328           --   Gb  - Linker created -
CameraInit              0x00019dc8    0x8c  Code  Gb  User_power.o [1]
CameraPowerInit         0x00018ab4    0xd0  Code  Gb  User_option.o [1]
Change_Encode_Num       0x000217c4    0x6c  Code  Gb  CD22M3494.o [1]
CheckSum1               0x0001d36c    0x34  Code  Gb  PelcoD.o [1]
Check_FunctionMode      0x000179ec    0xa4  Code  Gb  User_option.o [1]
Check_UDP_Paket         0x0001b854    0xe4  Code  Gb  User_udp.o [1]
ClassInfo_init          0x00017b28   0x250  Code  Gb  User_option.o [1]
ClassTableWeekInit      0x000208b4    0x18  Code  Gb  RealTime.o [1]
Class_Table_Check       0x0001c478   0x12c  Code  Gb  User_table.o [1]
Class_Task_Start        0x000181f0   0x10c  Code  Gb  User_option.o [1]
Config_printf           0x0001f3fc   0x218  Code  Gb  User_Run.o [1]
CoordinateBuf           0x40006004     0x8  Data  Gb  User_XCOM.o [1]
CreateIcmpCrc           0x000283c4    0x7c  Code  Gb  ICMP.o [1]
CreateIpHeadCrc         0x0002660c    0x74  Code  Gb  IP.o [1]
DBG_HexToChar           0x000195e4    0xa0  Code  Gb  user_debug.o [1]
DBG_Log_write           0x00019544    0x54  Code  Gb  user_debug.o [1]
DBG_Str_printf          0x00019598    0x4c  Code  Gb  user_debug.o [1]
DBG_XCOM_Printf         0x0001984c    0x90  Code  Gb  user_debug.o [1]
DCS_TYPE_Str            0x40000270     0x8  Data  Gb  User_option.o [1]
DEVICE_LINK             0x40005e8c    0x48  Data  Gb  CD22M3494.o [1]
DMAHandler              0x000241ec    0x54  Code  Gb  dma.o [1]
DMA_Get_MICaddress      0x000241b0    0x3c  Code  Gb  dma.o [1]
DMA_Get_Play_Pointer    0x00024184    0x2c  Code  Gb  dma.o [1]
DMA_Init                0x00024240   0x174  Code  Gb  dma.o [1]
DWQ_Contrl              0x0001bb98    0x98  Code  Gb  User_DW.o [1]
DW_CMD_Contrl           0x0001bc30   0x1ec  Code  Gb  User_DW.o [1]
DW_Read_WD              0x0001ba70    0x3c  Code  Gb  User_DW.o [1]
DW_Wite_CoreIP          0x0001ba1c    0x54  Code  Gb  User_DW.o [1]
DW_init                 0x0001baac    0xec  Code  Gb  User_DW.o [1]
Debug_SubCastIP         0x40000410     0x4  Data  Gb  user_debug.o [1]
DelPowerDeltimemsg      0x00019fbc    0x2c  Code  Gb  User_power.o [1]
Delay                   0x00014048    0x14  Code  Gb  PT2258.o [1]
Device_DCS_Contrl       0x00017800   0x174  Code  Gb  User_option.o [1]
Device_DCS_open         0x000200f0    0x30  Code  Gb  io.o [1]
Device_Get_MIX          0x00014d30     0xc  Code  Gb  PT2258.o [1]
Device_Get_Vol          0x00014cb8    0x78  Code  Gb  PT2258.o [1]
Device_IC_Reset         0x00020088    0x34  Code  Gb  io.o [1]
Device_InVol            0x00014a74   0x158  Code  Gb  PT2258.o [1]
Device_KZ_Reset         0x000200bc    0x34  Code  Gb  io.o [1]
Device_Link_Scan        0x00021a54    0x3c  Code  Gb  CD22M3494.o [1]
Device_OutVol           0x00014bcc    0xec  Code  Gb  PT2258.o [1]
Device_Rec_Find         0x00017f64   0x150  Code  Gb  User_option.o [1]
Device_Rec_Scan         0x00018300   0x4b0  Code  Gb  User_option.o [1]
Device_Set_MIX          0x00014d3c   0x108  Code  Gb  PT2258.o [1]
Device_Sound_Contrl     0x00014e44    0x38  Code  Gb  PT2258.o [1]
Device_Sound_Select     0x00014e7c    0xec  Code  Gb  PT2258.o [1]
Device_Stat_Option      0x0001c5a4    0xbc  Code  Gb  User_table.o [1]
Device_Stat_Save        0x0001c660    0x98  Code  Gb  User_table.o [1]
Device_Use_Stat_Read    0x0001c6f8   0x120  Code  Gb  User_table.o [1]
Device_VGA_Off          0x00021938    0x5c  Code  Gb  CD22M3494.o [1]
Device_VGA_Select       0x00021994    0xc0  Code  Gb  CD22M3494.o [1]
Device_Video_Off        0x000218dc    0x5c  Code  Gb  CD22M3494.o [1]
Device_Video_Select     0x00021830    0xac  Code  Gb  CD22M3494.o [1]
EINT1_Exception         0x000250d4   0x12c  Code  Gb  uart.o [1]
EINT3_Exception         0x0001f9c8    0xb8  Code  Gb  io.o [1]
EMACHandler             0x0002639c    0x10  Code  Gb  Hardware_int.o [1]
EMACRxDescriptorInit    0x000261c4    0x84  Code  Gb  Hardware_int.o [1]
EMACTxDescriptorInit    0x00026148    0x7c  Code  Gb  Hardware_int.o [1]
EMAC_RxDisable          0x0002608c    0x24  Code  Gb  Hardware_int.o [1]
EMAC_RxEnable           0x00026068    0x24  Code  Gb  Hardware_int.o [1]
EMAC_TxDisable          0x00026054    0x14  Code  Gb  Hardware_int.o [1]
EMAC_TxEnable           0x00026040    0x14  Code  Gb  Hardware_int.o [1]
Encode_TAB              0x00029a28     0x8  Data  Gb  User_on_msg.o [1]
EraseSector             0x0001768c    0x40  Code  Gb  LP2368_FLASH.o [1]
Ethernet_Exception      0x00026428    0x2c  Code  Gb  Hardware_int.o [1]
Ethernet_ReceivePacket  0x00023f04    0x3c  Code  Gb  Ethernet.o [1]
Ethernet_SendFrame      0x00023e64    0xa0  Code  Gb  Ethernet.o [1]
FIQ_STACK$$Base         0x40006648           --   Gb  - Linker created -
FIQ_STACK$$Limit        0x40006658           --   Gb  - Linker created -
FRun                    0x40005fac     0x4  Data  Gb  User_Run.o [1]
File_ClassTable_Read    0x0001c2d4    0xa0  Code  Gb  User_table.o [1]
File_ClassTable_Read_CurDay
                        0x0001c374   0x104  Code  Gb  User_table.o [1]
File_ClassTable_Write   0x0001c234    0x74  Code  Gb  User_table.o [1]
File_ClassTable_Write_OneDay
                        0x0001c2a8    0x2c  Code  Gb  User_table.o [1]
File_Req                0x0001be60    0x40  Code  Gb  User_table.o [1]
File_Table_Read         0x0001c0bc   0x178  Code  Gb  User_table.o [1]
File_Table_Write        0x0001bea0   0x21c  Code  Gb  User_table.o [1]
File_UserProgram_Write  0x0001c818    0x44  Code  Gb  User_table.o [1]
FocusFarCmd             0x0001dc18    0x84  Code  Gb  PelcoD.o [1]
FocusNearCmd            0x0001db90    0x88  Code  Gb  PelcoD.o [1]
Get_ClassID             0x0001ae68     0x8  Code  Gb  ARP.o [1]
Get_ClassInfo_Table     0x00017700     0xc  Code  Gb  LP2368_FLASH.o [1]
Get_Class_Stauts        0x000177f0    0x10  Code  Gb  User_option.o [1]
Get_Debug               0x000194fc    0x20  Code  Gb  User_option.o [1]
Get_DesIp               0x0001aeb4    0xb4  Code  Gb  ARP.o [1]
Get_Device_Status       0x0001951c     0x8  Code  Gb  User_option.o [1]
Get_KeyData             0x0001513c     0x8  Code  Gb  Use_key.o [1]
Get_NetPort             0x0001ae60     0x8  Code  Gb  ARP.o [1]
Get_TB_REC_State        0x00021c1c     0x8  Code  Gb  User_TB.o [1]
Get_XCOM_Port           0x0001dcf8    0x10  Code  Gb  User_XCOM.o [1]
Get_ver                 0x000177e4     0xc  Code  Gb  User_option.o [1]
GotoPrepositionCmd      0x0001da74    0x90  Code  Gb  PelcoD.o [1]
HW_DEVICE               0x40005f4c    0x20  Data  Gb  hw.o [1]
HW_XM_start             0x00020940   0x2e4  Code  Gb  hw.o [1]
HW_init                 0x00020e00    0x30  Code  Gb  hw.o [1]
HW_send                 0x00020c24   0x1dc  Code  Gb  hw.o [1]
I2C0_Exception          0x000221d4   0x2d0  Code  Gb  I2C0INT.o [1]
I2C0_WriteNByte         0x0002202c    0xd0  Code  Gb  I2C0INT.o [1]
I2C0_WriteNByte1        0x000220fc    0xd8  Code  Gb  I2C0INT.o [1]
I2C1_Exception          0x00022e28   0x2d0  Code  Gb  I2C1INT.o [1]
I2C1_ReadNByte          0x00022c7c    0xd4  Code  Gb  I2C1INT.o [1]
I2C1_WriteNByte         0x00022d50    0xd8  Code  Gb  I2C1INT.o [1]
I2C1_buf                0x40005fc4     0x4  Data  Gb  I2C1INT.o [1]
I2C1_end                0x40005fce     0x1  Data  Gb  I2C1INT.o [1]
I2C1_num                0x40005fc8     0x4  Data  Gb  I2C1INT.o [1]
I2C1_sla                0x40005fcc     0x1  Data  Gb  I2C1INT.o [1]
I2C1_suba               0x40005fc0     0x4  Data  Gb  I2C1INT.o [1]
I2C1_suba_en            0x40005fcf     0x1  Data  Gb  I2C1INT.o [1]
I2C1_suba_num           0x40005fcd     0x1  Data  Gb  I2C1INT.o [1]
I2C_buf                 0x40005fb4     0x4  Data  Gb  I2C0INT.o [1]
I2C_end                 0x40005fbe     0x1  Data  Gb  I2C0INT.o [1]
I2C_num                 0x40005fb8     0x4  Data  Gb  I2C0INT.o [1]
I2C_sla                 0x40005fbc     0x1  Data  Gb  I2C0INT.o [1]
I2C_suba                0x40005fb0     0x4  Data  Gb  I2C0INT.o [1]
I2C_suba_en             0x40005fbf     0x1  Data  Gb  I2C0INT.o [1]
I2C_suba_num            0x40005fbd     0x1  Data  Gb  I2C0INT.o [1]
I2SInit                 0x00024420    0x98  Code  Gb  i2s.o [1]
I2SStart                0x000243d4    0x24  Code  Gb  i2s.o [1]
I2SStop                 0x000243f8    0x28  Code  Gb  i2s.o [1]
I2c0Init                0x000224a4    0x60  Code  Gb  I2C0INT.o [1]
I2c1Init                0x00023278    0x60  Code  Gb  I2C1INT.o [1]
IAP_Entry               0x40005ef4     0x4  Data  Gb  LP2368_FLASH.o [1]
ICMP_ReceivePacket      0x00028440    0xc0  Code  Gb  ICMP.o [1]
ICReader_Power          0x00020120    0x44  Code  Gb  io.o [1]
IO_Contrl               0x0001fc7c    0x80  Code  Gb  io.o [1]
IO_FlagLingt_Flash      0x0001fc28    0x54  Code  Gb  io.o [1]
IO_IN_TAB               0x0002a7a0    0x24  Data  Gb  User_option.o [1]
IO_Out                  0x0001fa80   0x138  Code  Gb  io.o [1]
IO_PC_Power             0x00019fe8    0x90  Code  Gb  User_power.o [1]
IO_Scan                 0x0001fcfc   0x360  Code  Gb  io.o [1]
IO_in                   0x0001fbb8    0x70  Code  Gb  io.o [1]
IPByte_TO_Dword         0x0001ae90    0x24  Code  Gb  ARP.o [1]
IPDword_TO_Byte         0x0001ae70    0x20  Code  Gb  ARP.o [1]
IPMASK_Compare          0x0001b108    0x84  Code  Gb  ARP.o [1]
IP_Check                0x0001b3e4    0x84  Code  Gb  ARP.o [1]
IP_Compare              0x0001af68    0x50  Code  Gb  ARP.o [1]
IP_Debug_init           0x000196e0    0x28  Code  Gb  user_debug.o [1]
IP_ReceivePacket        0x0002691c    0x8c  Code  Gb  IP.o [1]
IP_SendFrame            0x00026680   0x29c  Code  Gb  IP.o [1]
IP_printf               0x00019788    0xc4  Code  Gb  user_debug.o [1]
IRQ_STACK$$Base         0x40006348           --   Gb  - Linker created -
IRQ_STACK$$Limit        0x40006648           --   Gb  - Linker created -
IS752_Scan              0x000226f0    0xb4  Code  Gb  SC16IS752.o [1]
InStream_Read           0x0002aabd    0x22  Code  Lc  packbits_init.o [5]
InitIAP                 0x00017604    0x10  Code  Gb  LP2368_FLASH.o [1]
InitNet                 0x00026454   0x174  Code  Gb  Hardware_int.o [1]
Initial_arp             0x0001adf8    0x68  Code  Gb  ARP.o [1]
Io_Init                 0x0001f824   0x124  Code  Gb  io.o [1]
IsImageRecognition      0x0001dca0    0x54  Code  Gb  PelcoD.o [1]
KEY_CMD                 0x00015c40  0x16e8  Code  Gb  Use_key.o [1]
KEY_DATA                0x40005f18    0x34  Data  Gb  Use_key.o [1]
KEY_Set_Vol             0x00015144    0x44  Code  Gb  Use_key.o [1]
Key_TB_state            0x00015be8    0x28  Code  Gb  Use_key.o [1]
LAN_Sound_OUT           0x00014a3c    0x38  Code  Gb  PT2258.o [1]
LAN_Sound_Select        0x000149b0    0x8c  Code  Gb  PT2258.o [1]
LAN_Test_Ack            0x0001b494    0x48  Code  Gb  User_udp.o [1]
LED_Contrl              0x00015188    0xd0  Code  Gb  Use_key.o [1]
LED_DATA                0x40005f6c    0x1c  Data  Gb  Use_key.o [1]
LED_SendFLASH           0x000154bc   0x138  Code  Gb  Use_key.o [1]
LED_Set                 0x00015258   0x1c4  Code  Gb  Use_key.o [1]
LED_Time_Flash          0x0001541c    0xa0  Code  Gb  Use_key.o [1]
LED_device_set          0x000158bc   0x32c  Code  Gb  Use_key.o [1]
LMT_Delay_Power         0x0001f644    0x1c  Code  Gb  User_Run.o [1]
LMT_Power_contrl        0x0001f660    0x4c  Code  Gb  User_Run.o [1]
LMT_init                0x0001f614    0x30  Code  Gb  User_Run.o [1]
Lan_TestFlag            0x0002af60     0x4  Data  Gb  User_udp.o [1]
LoadInt                 0x000272f0    0xc8  Code  Lc  xprintffull.o [3]
Log_Close               0x00019be0    0x18  Code  Gb  user_debug.o [1]
Log_Create              0x000198dc    0xd8  Code  Gb  user_debug.o [1]
MAM_Init                0x000236c4    0x58  Code  Lc  target.o [1]
MSG_PQ                  0x400000c0     0x4  Data  Gb  User_option.o [1]
MSG_Q                   0x400000d4    0x50  Data  Gb  User_option.o [1]
Mem_Clr                 0x000174ac     0xc  Code  Gb  lib_mem.o [1]
Mem_Copy                0x00017558    0xac  Code  Gb  lib_mem.o [1]
Mem_Set                 0x000174b8    0xa0  Code  Gb  lib_mem.o [1]
Msg_Option_Find         0x00017ed8    0x8c  Code  Gb  User_option.o [1]
Msg_send                0x000187b4    0x98  Code  Gb  User_option.o [1]
NetPort                 0x40000278   0x188  Data  Gb  ARP.o [1]
ON_Change_State         0x00012840   0x2a4  Code  Gb  User_on_msg.o [1]
ON_Device_select        0x000123f8   0x364  Code  Gb  User_on_msg.o [1]
ON_POWER_option         0x0001a078   0x824  Code  Gb  User_power.o [1]
ON_Sound_Mute           0x00010044   0x180  Code  Gb  User_on_msg.o [1]
OSCPUUsage              0x40004a74     0x1  Data  Gb  os_core.o [1]
OSCtxSw                 0x00020400          Code  Gb  os_cpu_a.o [1]
OSCtxSwCtr              0x400049d0     0x4  Data  Gb  os_core.o [1]
OSDataSize              0x0002afc8     0x2  Data  Gb  os_dbg.o [1]
OSDebugEn               0x0002ab9a     0x2  Data  Gb  os_dbg.o [1]
OSDebugInit             0x0002812c     0x4  Code  Gb  os_dbg.o [1]
OSEndiannessTest        0x0002af5c     0x4  Data  Gb  os_dbg.o [1]
OSEventEn               0x0002af66     0x2  Data  Gb  os_dbg.o [1]
OSEventFreeList         0x40004ea4     0x4  Data  Gb  os_core.o [1]
OSEventMax              0x0002add6     0x2  Data  Gb  os_dbg.o [1]
OSEventNameSize         0x0002af64     0x2  Data  Gb  os_dbg.o [1]
OSEventSize             0x0002af68     0x2  Data  Gb  os_dbg.o [1]
OSEventTbl              0x40004ea8   0x3c0  Data  Gb  os_core.o [1]
OSEventTblSize          0x0002af6a     0x2  Data  Gb  os_dbg.o [1]
OSFlagEn                0x0002af6c     0x2  Data  Gb  os_dbg.o [1]
OSFlagFreeList          0x40006010     0x4  Data  Gb  os_core.o [1]
OSFlagGrpSize           0x0002af6e     0x2  Data  Gb  os_dbg.o [1]
OSFlagMax               0x0002af74     0x2  Data  Gb  os_dbg.o [1]
OSFlagNameSize          0x0002af76     0x2  Data  Gb  os_dbg.o [1]
OSFlagNodeSize          0x0002af70     0x2  Data  Gb  os_dbg.o [1]
OSFlagTbl               0x40005c58    0xc8  Data  Gb  os_core.o [1]
OSFlagWidth             0x0002af72     0x2  Data  Gb  os_dbg.o [1]
OSIdleCtr               0x400049dc     0x4  Data  Gb  os_core.o [1]
OSIdleCtrMax            0x400049d4     0x4  Data  Gb  os_core.o [1]
OSIdleCtrRun            0x400049d8     0x4  Data  Gb  os_core.o [1]
OSInit                  0x000253ac    0x38  Code  Gb  os_core.o [1]
OSIntCtxSw              0x00020464          Code  Gb  os_cpu_a.o [1]
OSIntExit               0x000253e4    0x8c  Code  Gb  os_core.o [1]
OSIntNesting            0x40004a76     0x1  Data  Gb  os_core.o [1]
OSLockNesting           0x40004a77     0x1  Data  Gb  os_core.o [1]
OSLowestPrio            0x0002af78     0x2  Data  Gb  os_dbg.o [1]
OSMboxEn                0x0002af7a     0x2  Data  Gb  os_dbg.o [1]
OSMemCreate             0x00025e4c    0xa0  Code  Gb  os_mem.o [1]
OSMemEn                 0x0002af7c     0x2  Data  Gb  os_dbg.o [1]
OSMemFreeList           0x40006014     0x4  Data  Gb  os_core.o [1]
OSMemGet                0x00025eec    0x5c  Code  Gb  os_mem.o [1]
OSMemMax                0x0002af7e     0x2  Data  Gb  os_dbg.o [1]
OSMemNameSize           0x0002af80     0x2  Data  Gb  os_dbg.o [1]
OSMemPut                0x00025f48    0x50  Code  Gb  os_mem.o [1]
OSMemSize               0x0002af82     0x2  Data  Gb  os_dbg.o [1]
OSMemTbl                0x40005d20    0x8c  Data  Gb  os_core.o [1]
OSMemTblSize            0x0002af84     0x2  Data  Gb  os_dbg.o [1]
OSMutexEn               0x0002af86     0x2  Data  Gb  os_dbg.o [1]
OSPrioCur               0x40004a78     0x1  Data  Gb  os_core.o [1]
OSPrioHighRdy           0x40004a79     0x1  Data  Gb  os_core.o [1]
OSPtrSize               0x0002af88     0x2  Data  Gb  os_dbg.o [1]
OSQCreate               0x0002289c    0xd4  Code  Gb  os_q.o [1]
OSQEn                   0x0002af8a     0x2  Data  Gb  os_dbg.o [1]
OSQFreeList             0x40006018     0x4  Data  Gb  os_core.o [1]
OSQMax                  0x0002af8c     0x2  Data  Gb  os_dbg.o [1]
OSQPend                 0x00022970   0x168  Code  Gb  os_q.o [1]
OSQPost                 0x00022ad8    0xc4  Code  Gb  os_q.o [1]
OSQSize                 0x0002af8e     0x2  Data  Gb  os_dbg.o [1]
OSQTbl                  0x40005b68    0xf0  Data  Gb  os_core.o [1]
OSRdyGrp                0x40004a7a     0x1  Data  Gb  os_core.o [1]
OSRdyTbl                0x40004a80     0x4  Data  Gb  os_core.o [1]
OSRdyTblSize            0x0002af90     0x2  Data  Gb  os_dbg.o [1]
OSRunning               0x40004a7b     0x1  Data  Gb  os_core.o [1]
OSSemCreate             0x00023f40    0x78  Code  Gb  os_sem.o [1]
OSSemEn                 0x0002af92     0x2  Data  Gb  os_dbg.o [1]
OSSemPend               0x00023fb8   0x124  Code  Gb  os_sem.o [1]
OSSemPost               0x000240ec    0x98  Code  Gb  os_sem.o [1]
OSStart                 0x00025470    0x3c  Code  Gb  os_core.o [1]
OSStartHighRdy          0x000203cc          Code  Gb  os_cpu_a.o [1]
OSStatRdy               0x40004a75     0x1  Data  Gb  os_core.o [1]
OSStkWidth              0x0002af94     0x2  Data  Gb  os_dbg.o [1]
OSTCBCur                0x400049e0     0x4  Data  Gb  os_core.o [1]
OSTCBFreeList           0x400049e4     0x4  Data  Gb  os_core.o [1]
OSTCBHighRdy            0x400049e8     0x4  Data  Gb  os_core.o [1]
OSTCBList               0x400049ec     0x4  Data  Gb  os_core.o [1]
OSTCBPrioTbl            0x400049f0    0x80  Data  Gb  os_core.o [1]
OSTCBPrioTblMax         0x0002afac     0x2  Data  Gb  os_dbg.o [1]
OSTCBSize               0x0002afae     0x2  Data  Gb  os_dbg.o [1]
OSTCBTbl                0x40004a84   0x420  Data  Gb  os_core.o [1]
OSTaskCreateEn          0x0002af96     0x2  Data  Gb  os_dbg.o [1]
OSTaskCreateExt         0x00028130    0xf0  Code  Gb  os_task.o [1]
OSTaskCreateExtEn       0x0002af98     0x2  Data  Gb  os_dbg.o [1]
OSTaskCtr               0x40004a7c     0x1  Data  Gb  os_core.o [1]
OSTaskDelEn             0x0002af9a     0x2  Data  Gb  os_dbg.o [1]
OSTaskIdleStk           0x40005760   0x200  Data  Gb  os_core.o [1]
OSTaskIdleStkSize       0x0002af9c     0x2  Data  Gb  os_dbg.o [1]
OSTaskMax               0x0002afa0     0x2  Data  Gb  os_dbg.o [1]
OSTaskNameSet           0x00028220    0xbc  Code  Gb  os_task.o [1]
OSTaskNameSize          0x0002afa2     0x2  Data  Gb  os_dbg.o [1]
OSTaskProfileEn         0x0002af9e     0x2  Data  Gb  os_dbg.o [1]
OSTaskStatEn            0x0002afa4     0x2  Data  Gb  os_dbg.o [1]
OSTaskStatStk           0x40005560   0x200  Data  Gb  os_core.o [1]
OSTaskStatStkChkEn      0x0002afa8     0x2  Data  Gb  os_dbg.o [1]
OSTaskStatStkSize       0x0002afa6     0x2  Data  Gb  os_dbg.o [1]
OSTaskStkChk            0x000282dc    0xb0  Code  Gb  os_task.o [1]
OSTaskStkInit           0x000291b8    0x98  Code  Gb  os_cpu_c.o [1]
OSTaskSwHook            0x00029250     0x4  Code  Gb  os_cpu_c.o [1]
OSTaskSwHookEn          0x0002afaa     0x2  Data  Gb  os_dbg.o [1]
OSTickStepState         0x40004a7d     0x1  Data  Gb  os_core.o [1]
OSTicksPerSec           0x0002afb0     0x2  Data  Gb  os_dbg.o [1]
OSTime                  0x40004a70     0x4  Data  Gb  os_core.o [1]
OSTimeDly               0x0001f2f8    0x70  Code  Gb  os_time.o [1]
OSTimeDlyHMSM           0x0001f368    0x84  Code  Gb  os_time.o [1]
OSTimeTick              0x000254ac   0x118  Code  Gb  os_core.o [1]
OSTimeTickHookEn        0x0002afb2     0x2  Data  Gb  os_dbg.o [1]
OSTmrCfgMax             0x0002afb8     0x2  Data  Gb  os_dbg.o [1]
OSTmrCfgNameSize        0x0002afba     0x2  Data  Gb  os_dbg.o [1]
OSTmrCfgTicksPerSec     0x0002afbe     0x2  Data  Gb  os_dbg.o [1]
OSTmrCfgWheelSize       0x0002afbc     0x2  Data  Gb  os_dbg.o [1]
OSTmrEn                 0x0002afb6     0x2  Data  Gb  os_dbg.o [1]
OSTmrSize               0x0002afc0     0x2  Data  Gb  os_dbg.o [1]
OSTmrTblSize            0x0002afc2     0x2  Data  Gb  os_dbg.o [1]
OSTmrWheelSize          0x0002afc4     0x2  Data  Gb  os_dbg.o [1]
OSTmrWheelTblSize       0x0002afc6     0x2  Data  Gb  os_dbg.o [1]
OSUnMapTbl              0x00025d4c   0x100  Data  Gb  os_core.o [1]
OSVersionNbr            0x0002afb4     0x2  Data  Gb  os_dbg.o [1]
OS_CPU_ARM_ExceptAddrAbortHndlr
                        0x000204f8          Code  Gb  os_cpu_a.o [1]
OS_CPU_ARM_ExceptDataAbortHndlr
                        0x000204e4          Code  Gb  os_cpu_a.o [1]
OS_CPU_ARM_ExceptFiqHndlr
                        0x00020520          Code  Gb  os_cpu_a.o [1]
OS_CPU_ARM_ExceptIrqHndlr
                        0x0002050c          Code  Gb  os_cpu_a.o [1]
OS_CPU_ARM_ExceptPrefetchAbortHndlr
                        0x000204d0          Code  Gb  os_cpu_a.o [1]
OS_CPU_ARM_ExceptResetHndlr
                        0x000204a0          Code  Gb  os_cpu_a.o [1]
OS_CPU_ARM_ExceptSwiHndlr
                        0x000204c0          Code  Gb  os_cpu_a.o [1]
OS_CPU_ARM_ExceptUndefInstrHndlr
                        0x000204b0          Code  Gb  os_cpu_a.o [1]
OS_CPU_ExceptHndlr      0x00023864   0x130  Code  Gb  target.o [1]
OS_CPU_SR_FIQ_Dis       0x000203ac          Code  Gb  os_cpu_a.o [1]
OS_CPU_SR_FIQ_En        0x000203bc          Code  Gb  os_cpu_a.o [1]
OS_CPU_SR_INT_Dis       0x00020368          Code  Gb  os_cpu_a.o [1]
OS_CPU_SR_INT_En        0x00020378          Code  Gb  os_cpu_a.o [1]
OS_CPU_SR_IRQ_Dis       0x0002038c          Code  Gb  os_cpu_a.o [1]
OS_CPU_SR_IRQ_En        0x0002039c          Code  Gb  os_cpu_a.o [1]
OS_CPU_SR_Restore       0x00020360          Code  Gb  os_cpu_a.o [1]
OS_CPU_SR_Save          0x00020350          Code  Gb  os_cpu_a.o [1]
OS_EventTOAbort         0x000256ec    0x58  Code  Gb  os_core.o [1]
OS_EventTaskRdy         0x000255c4    0xb8  Code  Gb  os_core.o [1]
OS_EventTaskWait        0x0002567c    0x70  Code  Gb  os_core.o [1]
OS_EventWaitListInit    0x00025744    0x30  Code  Gb  os_core.o [1]
OS_FlagInit             0x000280b0    0x74  Code  Gb  os_flag.o [1]
OS_InitEventList        0x00025774    0x74  Code  Lc  os_core.o [1]
OS_InitMisc             0x000257e8    0x30  Code  Lc  os_core.o [1]
OS_InitRdyList          0x00025818    0x40  Code  Lc  os_core.o [1]
OS_InitTCBList          0x00025918    0x7c  Code  Lc  os_core.o [1]
OS_InitTaskIdle         0x00025858    0x60  Code  Lc  os_core.o [1]
OS_InitTaskStat         0x000258b8    0x60  Code  Lc  os_core.o [1]
OS_MemClr               0x00025994    0x20  Code  Gb  os_core.o [1]
OS_MemInit              0x00025f98    0x74  Code  Gb  os_mem.o [1]
OS_QInit                0x00022b9c    0x5c  Code  Gb  os_q.o [1]
OS_Sched                0x000259b4    0x68  Code  Gb  os_core.o [1]
OS_SchedNew             0x00025a1c    0x28  Code  Lc  os_core.o [1]
OS_StrCopy              0x00025a44    0x34  Code  Gb  os_core.o [1]
OS_StrLen               0x00025a78    0x28  Code  Gb  os_core.o [1]
OS_TCBInit              0x00025be4   0x14c  Code  Gb  os_core.o [1]
OS_TaskIdle             0x00025aa0    0x24  Code  Gb  os_core.o [1]
OS_TaskStat             0x00025ac4    0xac  Code  Gb  os_core.o [1]
OS_TaskStatStkChk       0x00025b70    0x74  Code  Gb  os_core.o [1]
OS_TaskStkClr           0x0002839c    0x28  Code  Gb  os_task.o [1]
On_MSG_OPTION           0x00012370    0x6c  Code  Gb  User_on_msg.o [1]
On_MSG_OPTION_AUTOTRACK_OFF
                        0x00010ecc    0x18  Code  Gb  User_on_msg.o [1]
On_MSG_OPTION_AUTOTRACK_ON
                        0x00010eb4    0x18  Code  Gb  User_on_msg.o [1]
On_MSG_OPTION_AUTO_OFF  0x00010c28    0x6c  Code  Gb  User_on_msg.o [1]
On_MSG_OPTION_AUTO_ON   0x00010bb8    0x70  Code  Gb  User_on_msg.o [1]
On_MSG_OPTION_CLASS_BEGIN
                        0x00010470   0x200  Code  Gb  User_on_msg.o [1]
On_MSG_OPTION_CLASS_OVER
                        0x00010670   0x1b4  Code  Gb  User_on_msg.o [1]
On_MSG_OPTION_CODE1_SPEED
                        0x00012eac   0x12c  Code  Gb  User_on_msg.o [1]
On_MSG_OPTION_COMM      0x0001dd80    0x64  Code  Gb  User_XCOM.o [1]
On_MSG_OPTION_CardContrl
                        0x00013d94   0x278  Code  Gb  User_on_msg.o [1]
On_MSG_OPTION_DEBUG     0x000119ec    0x68  Code  Gb  User_on_msg.o [1]
On_MSG_OPTION_DEV_REMOTE_OFF
                        0x00010d8c    0x94  Code  Gb  User_on_msg.o [1]
On_MSG_OPTION_DEV_REMOTE_ON
                        0x00010c94    0x7c  Code  Gb  User_on_msg.o [1]
On_MSG_OPTION_DEV_RESET
                        0x00011a58    0x10  Code  Gb  User_on_msg.o [1]
On_MSG_OPTION_FILE_REQ  0x00011a68    0x44  Code  Gb  User_on_msg.o [1]
On_MSG_OPTION_FILE_SEND
                        0x00011aac    0x68  Code  Gb  User_on_msg.o [1]
On_MSG_OPTION_FRAME     0x00012d7c   0x130  Code  Gb  User_on_msg.o [1]
On_MSG_OPTION_HD_OFF    0x00010f2c    0x18  Code  Gb  User_on_msg.o [1]
On_MSG_OPTION_HD_ON     0x00010f14    0x18  Code  Gb  User_on_msg.o [1]
On_MSG_OPTION_HELP_BREAK
                        0x00010b28    0x90  Code  Gb  User_on_msg.o [1]
On_MSG_OPTION_HELP_LINK
                        0x00010ab4    0x74  Code  Gb  User_on_msg.o [1]
On_MSG_OPTION_HELP_OFF  0x000108bc    0x94  Code  Gb  User_on_msg.o [1]
On_MSG_OPTION_HELP_ON   0x00010824    0x98  Code  Gb  User_on_msg.o [1]
On_MSG_OPTION_HELP_TEST
                        0x00010a14    0x2c  Code  Gb  User_on_msg.o [1]
On_MSG_OPTION_IO_TEST   0x00013ab4   0x230  Code  Gb  User_on_msg.o [1]
On_MSG_OPTION_IPPlay    0x00010a40    0x74  Code  Gb  User_on_msg.o [1]
On_MSG_OPTION_IP_DPlay  0x00010950    0x74  Code  Gb  User_on_msg.o [1]
On_MSG_OPTION_LEDContrl
                        0x00013cf0    0x3c  Code  Gb  User_on_msg.o [1]
On_MSG_OPTION_LMT_ReqStatus
                        0x00013414    0xe8  Code  Gb  User_on_msg.o [1]
On_MSG_OPTION_METRIC    0x00012c48   0x130  Code  Gb  User_on_msg.o [1]
On_MSG_OPTION_MSG_RUN   0x000101c4   0x290  Code  Gb  User_on_msg.o [1]
On_MSG_OPTION_PERSONAL_TALL
                        0x00012fd8   0x13c  Code  Gb  User_on_msg.o [1]
On_MSG_OPTION_POWER     0x00010454    0x1c  Code  Gb  User_on_msg.o [1]
On_MSG_OPTION_POWERCARD_ONOFF
                        0x0001a8b0   0x4f4  Code  Gb  User_power.o [1]
On_MSG_OPTION_RECORD    0x00012aec   0x15c  Code  Gb  User_on_msg.o [1]
On_MSG_OPTION_REC_Contrl
                        0x000132b8   0x15c  Code  Gb  User_on_msg.o [1]
On_MSG_OPTION_REC_REMOTE_OFF
                        0x00010e20    0x94  Code  Gb  User_on_msg.o [1]
On_MSG_OPTION_REC_REMOTE_ON
                        0x00010d10    0x7c  Code  Gb  User_on_msg.o [1]
On_MSG_OPTION_SCAMERA   0x0001350c   0x4a4  Code  Gb  User_on_msg.o [1]
On_MSG_OPTION_SCAMERA_CONTRL
                        0x00010f7c   0xa6c  Code  Gb  User_on_msg.o [1]
On_MSG_OPTION_SELECT_SCAMERA
                        0x00013114   0x1a4  Code  Gb  User_on_msg.o [1]
On_MSG_OPTION_SERVER_FILE_SEND
                        0x00011b14   0x168  Code  Gb  User_on_msg.o [1]
On_MSG_OPTION_SEVER_ACK
                        0x00011c7c    0x8c  Code  Gb  User_on_msg.o [1]
On_MSG_OPTION_SOUND_SELECT
                        0x000139bc    0x14  Code  Gb  User_on_msg.o [1]
On_MSG_OPTION_SOUND_VOL
                        0x000139d0    0x3c  Code  Gb  User_on_msg.o [1]
On_MSG_OPTION_STATUS_CHANGE
                        0x00011d08   0x188  Code  Gb  User_on_msg.o [1]
On_MSG_OPTION_STRATEGY_OFF
                        0x00010efc    0x18  Code  Gb  User_on_msg.o [1]
On_MSG_OPTION_STRATEGY_ON
                        0x00010ee4    0x18  Code  Gb  User_on_msg.o [1]
On_MSG_OPTION_SVRLINK_REQ
                        0x00011eac    0x50  Code  Gb  User_on_msg.o [1]
On_MSG_OPTION_TIMEACTIVE
                        0x00011efc   0x158  Code  Gb  User_on_msg.o [1]
On_MSG_OPTION_TYJ_DIS_VGA
                        0x00013d84    0x10  Code  Gb  User_on_msg.o [1]
On_MSG_OPTION_VGA_SELECT
                        0x00013a60    0x54  Code  Gb  User_on_msg.o [1]
On_MSG_OPTION_VIDEO_SELECT
                        0x00013a0c    0x54  Code  Gb  User_on_msg.o [1]
On_MSG_OPTION_YY_Teather
                        0x00013d2c    0x58  Code  Gb  User_on_msg.o [1]
On_MSG_Power_OPTION     0x000121f0   0x180  Code  Gb  User_on_msg.o [1]
On_MSG_RepeatPower_OPTION
                        0x00012094   0x15c  Code  Gb  User_on_msg.o [1]
Option_init             0x00017a90    0x98  Code  Gb  User_option.o [1]
PAD_ip                  0x40000414     0x4  Data  Gb  User_option.o [1]
PHYID                   0x40006024     0x2  Data  Gb  Hardware_int.o [1]
PINInit                 0x0001f7d4    0x50  Code  Gb  io.o [1]
PLL_Init                0x0002371c   0x10c  Code  Lc  target.o [1]
POWER_FLAG              0x40005ffc     0x4  Data  Gb  User_power.o [1]
POWER_FLAG_STATE        0x40006000     0x4  Data  Gb  User_power.o [1]
POWER_Set               0x00019e54   0x114  Code  Gb  User_power.o [1]
POWER_init              0x00019cf4    0xd4  Code  Gb  User_power.o [1]
POWER_msg_rev           0x0001adcc    0x2c  Code  Gb  User_power.o [1]
PT2258Init              0x00014f78   0x198  Code  Gb  PT2258.o [1]
Print_MSG_info          0x000199c8   0x218  Code  Gb  user_debug.o [1]
QXCOM                   0x40005448    0x28  Data  Gb  User_XCOM.o [1]
QXCOM0_Sbuf             0x40005470    0x28  Data  Gb  User_XCOM.o [1]
QXCOM1_Sbuf             0x40005498    0x28  Data  Gb  User_XCOM.o [1]
QXCOM2_Sbuf             0x400054c0    0x28  Data  Gb  User_XCOM.o [1]
QXCOM3_Sbuf             0x400054e8    0x28  Data  Gb  User_XCOM.o [1]
QXCOM4_Sbuf             0x40005510    0x28  Data  Gb  User_XCOM.o [1]
QXCOM5_Sbuf             0x40005538    0x28  Data  Gb  User_XCOM.o [1]
QXCOM_rev               0x40005444     0x4  Data  Gb  User_XCOM.o [1]
REC_ARP_REQ             0x0001b274    0x88  Code  Gb  ARP.o [1]
RF_CARD_Check           0x0001b944    0xd8  Code  Gb  User_DW.o [1]
RF_card_times           0x40005e84     0x4  Data  Lc  User_DW.o [1]
RTime                   0x40005960     0x8  Data  Gb  RealTime.o [1]
RamToFlash              0x00017648    0x44  Code  Gb  LP2368_FLASH.o [1]
Random                  0x00017974    0x54  Code  Gb  User_option.o [1]
Read_PHY                0x000260f4    0x54  Code  Gb  Hardware_int.o [1]
RealTime_Get            0x0002062c    0x64  Code  Gb  RealTime.o [1]
RealTime_Get_Minute     0x00020690    0x20  Code  Gb  RealTime.o [1]
RealTime_IRQ            0x00020728   0x108  Code  Gb  RealTime.o [1]
RealTime_Set            0x000208cc    0x5c  Code  Gb  RealTime.o [1]
RealTime_init           0x00020830    0x84  Code  Gb  RealTime.o [1]
Rec_Packet              0x000263ac    0x7c  Code  Gb  Hardware_int.o [1]
Region$$Table$$Base     0x0002aea4           --   Gb  - Linker created -
Region$$Table$$Limit    0x0002aed0           --   Gb  - Linker created -
Reset                   0x0002343c    0x10  Code  Gb  target.o [1]
Reset_BootLoader        0x00023538    0x10  Code  Gb  target.o [1]
Reset_boot              0x4000601c     0x4  Data  Gb  target.o [1]
Rev                     0x40005fdc     0x8  Data  Gb  io.o [1]
Rtime_IRQFlag           0x000206b0    0x78  Code  Gb  RealTime.o [1]
Run_Send_Flag           0x0001f6ac     0xc  Code  Gb  User_Run.o [1]
SAVE_IPAD_ip            0x00018b88    0x20  Code  Gb  User_option.o [1]
SEL                     0x40000408     0x8  Data  Gb  PT2258.o [1]
SOUND_DEVICE_Mute       0x0001469c   0x1e8  Code  Gb  PT2258.o [1]
SPI_Init                0x00022510    0x1c  Code  Gb  SC16IS752.o [1]
SPI_read                0x00022550    0x8c  Code  Gb  SC16IS752.o [1]
SPI_send                0x0002252c    0x24  Code  Gb  SC16IS752.o [1]
SPI_write               0x000225dc    0x90  Code  Gb  SC16IS752.o [1]
SPI_writeData           0x0002266c    0x84  Code  Gb  SC16IS752.o [1]
SVC_STACK$$Base         0x40006328           --   Gb  - Linker created -
SVC_STACK$$Limit        0x40006348           --   Gb  - Linker created -
SelSector               0x00017614    0x34  Code  Gb  LP2368_FLASH.o [1]
Send_Packet             0x00026280   0x11c  Code  Gb  Hardware_int.o [1]
Send_State              0x00012768    0xd0  Code  Gb  User_on_msg.o [1]
SetAddress              0x0001d344    0x28  Code  Gb  PelcoD.o [1]
SetMacID                0x00026248    0x38  Code  Gb  Hardware_int.o [1]
SetPowerDeltimemsg      0x00019f68    0x54  Code  Gb  User_power.o [1]
SetPrepositionCmd       0x0001db04    0x8c  Code  Gb  PelcoD.o [1]
SetVICIRQ               0x0002344c    0x38  Code  Gb  target.o [1]
SoundVolumeControl      0x0001405c   0x640  Code  Gb  PT2258.o [1]
Sound_Close             0x0001ca10   0x194  Code  Gb  Use_Sound.o [1]
Sound_Contrl            0x40005dac    0x78  Data  Gb  Use_Sound.o [1]
Sound_Echo_Contrl       0x0001c8dc    0x70  Code  Gb  Use_Sound.o [1]
Sound_Get_Play_No       0x0001cba4    0xb0  Code  Gb  Use_Sound.o [1]
Sound_Input_Int         0x0001ce74   0x110  Code  Gb  Use_Sound.o [1]
Sound_Open              0x0001c94c    0xc4  Code  Gb  Use_Sound.o [1]
Sound_Play_Int          0x0001cda0    0xac  Code  Gb  Use_Sound.o [1]
Sound_Pointer_Scan      0x0001cd1c    0x84  Code  Gb  Use_Sound.o [1]
Sound_Save_PlayData     0x0001cc54    0xc8  Code  Gb  Use_Sound.o [1]
Sound_init              0x0001cf84   0x144  Code  Gb  Use_Sound.o [1]
SpiSendData             0x00014884    0x80  Code  Gb  PT2258.o [1]
SpiSendData1            0x00014904    0x74  Code  Gb  PT2258.o [1]
StopCmd                 0x0001d9f4    0x80  Code  Gb  PelcoD.o [1]
StopFocus               0x0001d940    0x3c  Code  Gb  PelcoD.o [1]
StopPanTilt             0x0001d9b8    0x3c  Code  Gb  PelcoD.o [1]
StopZoom                0x0001d97c    0x3c  Code  Gb  PelcoD.o [1]
Str_Cmp                 0x00023318    0xd8  Code  Gb  lib_str.o [1]
Str_Len                 0x000232ec    0x2c  Code  Gb  lib_str.o [1]
Switch_HDMI             0x0001ec50   0x118  Code  Gb  User_XCOM.o [1]
TASK_RUN                0x0001f6b8    0xbc  Code  Gb  User_Run.o [1]
TASK_RUN_stack          0x40003a80   0x4b0  Data  Gb  main.o [1]
TASK_START              0x00029b5c   0x340  Code  Gb  main.o [1]
TASK_START_stack        0x40002f90   0x640  Data  Gb  main.o [1]
TASK_TABLE              0x40005a74    0xf4  Data  Gb  User_option.o [1]
TASK_UART               0x0001f1a4    0xf4  Code  Gb  User_XCOM.o [1]
TASK_UART0Send          0x0001eea8    0x60  Code  Gb  User_XCOM.o [1]
TASK_UART0Send_stack    0x40003f30   0x190  Data  Gb  main.o [1]
TASK_UART1Send          0x0001ef08    0x6c  Code  Gb  User_XCOM.o [1]
TASK_UART1Send_stack    0x400040c0   0x190  Data  Gb  main.o [1]
TASK_UART2Send          0x0001ef74    0x60  Code  Gb  User_XCOM.o [1]
TASK_UART2Send_stack    0x40004250   0x190  Data  Gb  main.o [1]
TASK_UART3Send          0x0001efd4    0x60  Code  Gb  User_XCOM.o [1]
TASK_UART3Send_stack    0x400043e0   0x190  Data  Gb  main.o [1]
TASK_UART4Send          0x0001f034    0xbc  Code  Gb  User_XCOM.o [1]
TASK_UART4Send_stack    0x40004570   0x190  Data  Gb  main.o [1]
TASK_UART5Send          0x0001f0f0    0xb4  Code  Gb  User_XCOM.o [1]
TASK_UART5Send_stack    0x40004700   0x2d0  Data  Gb  main.o [1]
TASK_UART_stack         0x400035d0   0x4b0  Data  Gb  main.o [1]
TB_REC_UnFreez          0x00021c24    0x78  Code  Gb  User_TB.o [1]
TB_ReadVer              0x00021ac4    0x3c  Code  Gb  User_TB.o [1]
TB_Read_Csingle         0x00021b00    0x40  Code  Gb  User_TB.o [1]
TB_Read_state           0x00021b40    0x40  Code  Gb  User_TB.o [1]
TB_SelectAV             0x00021bd0    0x4c  Code  Gb  User_TB.o [1]
TB_SelectVGA            0x00021b80    0x50  Code  Gb  User_TB.o [1]
TB_SingleChage          0x00021aa4    0x20  Code  Gb  User_TB.o [1]
TB_init                 0x00021ca8   0x174  Code  Gb  User_TB.o [1]
TMS320AIC23_Reg_Write   0x0001d180    0x8c  Code  Gb  TMS320AIC23.o [1]
TMS320AIC23_Set_Vol     0x0001d20c    0xa8  Code  Gb  TMS320AIC23.o [1]
TMS320AIC23_init        0x0001d2b4    0x90  Code  Gb  TMS320AIC23.o [1]
TargetInit              0x000234f8    0x40  Code  Gb  target.o [1]
TargetResetInit         0x00023828    0x3c  Code  Gb  target.o [1]
Task_Rec_Del            0x00018850    0xd4  Code  Gb  User_option.o [1]
Task_Rec_Find           0x00018924    0x84  Code  Gb  User_option.o [1]
Task_Run_Delay          0x000189b0    0xec  Code  Gb  User_option.o [1]
Timer2Init              0x00023498    0x60  Code  Gb  target.o [1]
Timer2_Exception        0x00023484    0x14  Code  Gb  target.o [1]
Timer3Init              0x0001f948    0x48  Code  Gb  io.o [1]
Timer3_Exception        0x0001f990    0x38  Code  Gb  io.o [1]
TurnDownCmd             0x0001d544    0x90  Code  Gb  PelcoD.o [1]
TurnLeftCmd             0x0001d42c    0x8c  Code  Gb  PelcoD.o [1]
TurnLeftDownCmd         0x0001d79c    0x8c  Code  Gb  PelcoD.o [1]
TurnLeftUpCmd           0x0001d714    0x88  Code  Gb  PelcoD.o [1]
TurnRightCmd            0x0001d3a0    0x8c  Code  Gb  PelcoD.o [1]
TurnRightDownCmd        0x0001d8b4    0x8c  Code  Gb  PelcoD.o [1]
TurnRightUpCmd          0x0001d828    0x8c  Code  Gb  PelcoD.o [1]
TurnUpCmd               0x0001d4b8    0x8c  Code  Gb  PelcoD.o [1]
UART0_Exception         0x00025200    0x4c  Code  Gb  uart.o [1]
UART1_Exception         0x0002524c    0x4c  Code  Gb  uart.o [1]
UART2_Exception         0x00025298    0x4c  Code  Gb  uart.o [1]
UART3_Exception         0x000252e4    0x4c  Code  Gb  uart.o [1]
UART_REV                0x00024e58   0x27c  Code  Gb  uart.o [1]
UART_Send_Data          0x00024610   0x5c8  Code  Gb  uart.o [1]
UART_Write              0x0001edec    0xbc  Code  Gb  User_XCOM.o [1]
UART_init               0x00025334    0x70  Code  Gb  uart.o [1]
UART_printf             0x00019708    0x80  Code  Gb  user_debug.o [1]
UART_set_bps            0x000244bc   0x154  Code  Gb  uart.o [1]
UDP_ReceivePacket       0x00023b0c   0x1ac  Code  Gb  Udp.o [1]
UDP_Send_ACK            0x0001b6d0    0xb0  Code  Gb  User_udp.o [1]
UDP_Send_CMD            0x0001b4dc   0x1f4  Code  Gb  User_udp.o [1]
UDP_msg_rev             0x0001b780    0xd4  Code  Gb  User_udp.o [1]
UND_STACK$$Base         0x40006658           --   Gb  - Linker created -
UND_STACK$$Limit        0x40006668           --   Gb  - Linker created -
Udp_SendPacked          0x00023cbc   0x108  Code  Gb  Udp.o [1]
User_ID_Read            0x00017d78   0x160  Code  Gb  User_option.o [1]
User_Option             0x00018bc8   0x934  Code  Gb  User_option.o [1]
User_mem_allco          0x000201ac    0x90  Code  Gb  user_mem.o [1]
User_mem_free           0x0002023c    0x94  Code  Gb  user_mem.o [1]
User_mem_init           0x00020164    0x48  Code  Gb  user_mem.o [1]
VGACD22M3494Reset       0x00020f80   0x12c  Code  Gb  CD22M3494.o [1]
VGA_BUF                 0x40005fd0     0xc  Data  Gb  CD22M3494.o [1]
VGA_Select              0x000210e8   0x6dc  Code  Gb  CD22M3494.o [1]
VIC_Init                0x000233f0    0x4c  Code  Gb  target.o [1]
ViscaCount              0x40006026     0x1  Data  Lc  User_on_msg.o [1]
Write_PHY               0x000260b0    0x44  Code  Gb  Hardware_int.o [1]
XCOM_DEV_Read           0x00024c54   0x1d0  Code  Gb  uart.o [1]
XCOM_DW                 0x0001e244    0x94  Code  Gb  User_XCOM.o [1]
XCOM_Data_Read          0x0001df34    0xd4  Code  Gb  User_XCOM.o [1]
XCOM_Data_send          0x0001dde4   0x150  Code  Gb  User_XCOM.o [1]
XCOM_HDMI               0x0001ebc4    0x88  Code  Gb  User_XCOM.o [1]
XCOM_MB                 0x0001e2d8    0xc4  Code  Gb  User_XCOM.o [1]
XCOM_PORT               0x40005268   0x1dc  Data  Gb  User_XCOM.o [1]
XCOM_Q_Send             0x0001ed68    0x84  Code  Gb  User_XCOM.o [1]
XCOM_SCAMERA            0x0001e39c   0x408  Code  Gb  User_XCOM.o [1]
XCOM_SCAMERA1           0x0001e7a4   0x420  Code  Gb  User_XCOM.o [1]
XCOM_Send_ACK           0x0001e1d4    0x70  Code  Gb  User_XCOM.o [1]
XCOM_Wait_Ack           0x0001dd08    0x3c  Code  Gb  User_XCOM.o [1]
XCOM_init               0x0001e054   0x180  Code  Gb  User_XCOM.o [1]
Xcom_set                0x0001e008    0x4c  Code  Gb  User_XCOM.o [1]
Xcom_sum                0x0001dd44    0x3c  Code  Gb  User_XCOM.o [1]
ZoomInCmd               0x0001d5d4    0xa0  Code  Gb  PelcoD.o [1]
ZoomOutCmd              0x0001d674    0xa0  Code  Gb  PelcoD.o [1]
_GenldFull              0x00027c38   0x3d4  Code  Lc  xprintffull.o [3]
_LdtobFull              0x00027570   0x6bc  Code  Lc  xprintffull.o [3]
_LitobFull              0x000273b8   0x1b8  Code  Lc  xprintffull.o [3]
_PrintfFull             0x000269b0   0x940  Code  Gb  xprintffull.o [3]
_PutcharsFull           0x0002800c    0x60  Code  Lc  xprintffull.o [3]
_SProut                 0x0002af28    0x14  Code  Gb  xsprout.o [3]
__aeabi_cdcmple         0x00028704          Code  Gb  DblCmpLe.o [4]
__aeabi_cdrcmple        0x0002873c          Code  Gb  DblCmpGe.o [4]
__aeabi_d2iz            0x00028954          Code  Gb  DblToS32.o [4]
__aeabi_d2uiz           0x00029134          Code  Gb  DblToU32.o [4]
__aeabi_ddiv            0x00028dfc          Code  Gb  DblDiv.o [4]
__aeabi_dmul            0x00028c04          Code  Gb  DblMul.o [4]
__aeabi_dsub            0x00028a14          Code  Gb  DblSub.o [4]
__aeabi_i2d             0x000289b4          Code  Gb  S32ToDbl.o [4]
__aeabi_idiv            0x00021e58          Code  Gb  I32DivMod.o [5]
__aeabi_idiv0           0x00026014          Code  Gb  IntDivZer.o [5]
__aeabi_idivmod         0x00021e58          Code  Gb  I32DivMod.o [5]
__aeabi_ldiv0           0x00029284          Code  Gb  I64DivZer.o [5]
__aeabi_memclr4         0x00021e50          Code  Gb  ABImemclr4.o [5]
__aeabi_memcpy          0x00017710          Code  Gb  ABImemcpy.o [5]
__aeabi_memcpy4         0x00017734          Code  Gb  ABImemcpy.o [5]
__aeabi_memcpy8         0x00017734          Code  Gb  ABImemcpy.o [5]
__aeabi_memset          0x000202d4          Code  Gb  ABImemset.o [5]
__aeabi_memset4         0x0001c894          Code  Gb  ABImemset48.o [5]
__aeabi_memset8         0x0001c894          Code  Gb  ABImemset48.o [5]
__aeabi_ui2d            0x00029170          Code  Gb  U32ToDbl.o [4]
__aeabi_uidiv           0x00021e88          Code  Gb  I32DivMod.o [5]
__aeabi_uidivmod        0x00021e88          Code  Gb  I32DivMod.o [5]
__aeabi_uldivmod        0x000285b4          Code  Gb  I64DivMod.o [5]
__cmain                 0x0002ae14          Code  Gb  cmain.o [5]
__exit                  0x0002aba8          Code  Gb  XXexit.o [5]
__iar_Dnorm             0x00028688    0x7c  Code  Gb  xdnorm.o [4]
__iar_Dscale            0x00028774   0x1e0  Code  Gb  xdscale.o [4]
__iar_Memchr            0x00028520          Code  Gb  memchr.o [5]
__iar_Memset            0x000202d4          Code  Gb  ABImemset.o [5]
__iar_Memset4_word      0x0001c8a0          Code  Gb  ABImemset48.o [5]
__iar_Memset8_word      0x0001c8a0          Code  Gb  ABImemset48.o [5]
__iar_Memset_word       0x000202e0          Code  Gb  ABImemset.o [5]
__iar_Strchr            0x00028500          Code  Gb  strchr.o [5]
__iar_dadd              0x00029288          Code  Gb  DblAdd.o [4]
__iar_data_init3        0x0002ada5    0x30  Code  Gb  data_init.o [5]
__iar_dsub              0x00028a24          Code  Gb  DblSub.o [4]
__iar_dsubStart         0x00028a44          Code  Gb  DblSub.o [4]
__iar_i2d               0x000289c8          Code  Gb  S32ToDbl.o [4]
__iar_packbits_init3    0x0002aadf    0xbc  Code  Gb  packbits_init.o [5]
__iar_program_start     0x0002ac8c          Code  Gb  cstartup.o [1]
__iar_zero_init3        0x00028087    0x2a  Code  Gb  zero_init3.o [5]
__mem256                0x40000420  0x1400  Data  Gb  user_mem.o [1]
__mem512                0x40001820  0x1770  Data  Gb  user_mem.o [1]
__pm256                 0x40000418     0x4  Data  Gb  user_mem.o [1]
__pm512                 0x4000041c     0x4  Data  Gb  user_mem.o [1]
__vector                0x00010000          Code  Gb  cstartup.o [1]
_call_main              0x0002ae28          Code  Gb  cmain.o [5]
_exit                   0x0002ae44          Code  Gb  cexit.o [5]
_main                   0x0002ae30          Code  Gb  cmain.o [5]
abort                   0x0002aba0     0x8  Code  Gb  abort.o [3]
aic23_delay             0x0001d15c    0x24  Code  Gb  TMS320AIC23.o [1]
baktime                 0x40005968     0x8  Data  Gb  RealTime.o [1]
buf                     0x40005fe4     0x4  Data  Gb  io.o [1]
def_classname           0x0002a764    0x10  Data  Gb  User_option.o [1]
def_gateip              0x0002a79c     0x4  Data  Gb  User_option.o [1]
def_housename           0x0002a788     0xc  Data  Gb  User_option.o [1]
def_ip                  0x0002a794     0x4  Data  Gb  User_option.o [1]
def_mark                0x0002a798     0x4  Data  Gb  User_option.o [1]
def_schoolname          0x0002a774    0x14  Data  Gb  User_option.o [1]
div                     0x00029180    0x38  Code  Gb  div.o [3]
exit                    0x0002ae40     0x4  Code  Gb  exit.o [3]
gClassT                 0x40005970   0x104  Data  Gb  RealTime.o [1]
gDCS                    0x400000c4     0x4  Data  Gb  User_option.o [1]
gDeviceStatus           0x40000040    0x48  Data  Gb  User_option.o [1]
gDeviceTable            0x40000088    0x38  Data  Gb  User_option.o [1]
gLMT_Power              0x40005f9c     0x8  Data  Gb  User_Run.o [1]
gPC_power               0x40005fa4     0x8  Data  Gb  User_Run.o [1]
gRF                     0x40005e24    0x1c  Data  Gb  User_DW.o [1]
gRFIC                   0x40005e40    0x44  Data  Gb  User_DW.o [1]
gSYS_Fcclk              0x40005ff4     0x4  Data  Gb  target.o [1]
gSYS_Fpclk              0x40005ff8     0x4  Data  Gb  target.o [1]
gStat_Rec               0x40000124   0x14c  Data  Gb  User_option.o [1]
gTB_State               0x40005fe8     0xc  Data  Gb  User_TB.o [1]
gTB_VGAChage            0x0002af4c     0x8  Data  Gb  User_TB.o [1]
gTB_VideoChage          0x0002af54     0x8  Data  Gb  User_TB.o [1]
gYXJ                    0x40005e88     0x4  Data  Gb  User_DW.o [1]
key_init                0x000155f4   0x2c8  Code  Gb  Use_key.o [1]
key_msg_rev             0x00017408    0xa4  Code  Gb  Use_key.o [1]
main                    0x00029a30   0x12c  Code  Gb  main.o [1]
memchr                  0x00028520          Code  Gb  memchr.o [5]
mic_play_add            0x0001ce4c    0x28  Code  Gb  Use_Sound.o [1]
on_MSG_OPTION_IP_HPVol  0x000109ec    0x28  Code  Gb  User_on_msg.o [1]
on_MSG_OPTION_IP_MICVol
                        0x000109c4    0x28  Code  Gb  User_on_msg.o [1]
on_MSG_OPTION_TB_ReqStatus
                        0x00014034    0x14  Code  Gb  User_on_msg.o [1]
pDGB_XCOM               0x40006020     0x4  Data  Gb  user_debug.o [1]
pPelcodData             0x40005f94     0x8  Data  Gb  PelcoD.o [1]
pViscaData              0x40005f88     0xc  Data  Gb  PelcoD.o [1]
paramin                 0x40005ed4    0x20  Data  Gb  LP2368_FLASH.o [1]
paramout                0x40005ef8    0x20  Data  Gb  LP2368_FLASH.o [1]
power_ostr              0x0002a89c    0x20  Data  Gb  User_power.o [1]
power_str               0x0002a8bc    0x84  Data  Gb  User_power.o [1]
set_IS752_bps           0x000227ac    0xf0  Code  Gb  SC16IS752.o [1]
strchr                  0x00028500          Code  Gb  strchr.o [5]
strcpy                  0x00022c10          Code  Gb  strcpy.o [5]
strlen                  0x00023e10          Code  Gb  strlen.o [5]
sum_check               0x00024e24    0x34  Code  Gb  uart.o [1]
swap_int16              0x000265f8    0x14  Code  Gb  Hardware_int.o [1]
tyjcounterFlagOFF       0x4000600f     0x1  Data  Gb  io.o [1]
tyjcounterFlagON        0x4000600e     0x1  Data  Gb  io.o [1]
tyjcounterOFF           0x4000600d     0x1  Data  Gb  io.o [1]
tyjcounterON            0x4000600c     0x1  Data  Gb  io.o [1]
uart_Debug_init         0x00019684    0x5c  Code  Gb  user_debug.o [1]
vsprintf                0x00023dc4    0x4c  Code  Gb  vsprintf.o [3]


[1] = F:\code\YTJ\一体机\bp\EvalBoards\NXP\MCB2300\IAR\LSZHV20\Release\Obj
[2] = command line
[3] = dl4t_aln.a
[4] = m4t_al.a
[5] = rt4t_al.a

  105 232 bytes of readonly  code memory
    5 345 bytes of readonly  data memory
   26 535 bytes of readwrite data memory

Errors: none
Warnings: none
