###############################################################################
#
# IAR ELF Linker V7.30.3.8024/W32 for ARM                 05/Jan/2016  15:12:27
# Copyright 2007-2014 IAR Systems AB.
#
#    Output file  =  
#        F:\code\YTJ\一体机\bp\EvalBoards\NXP\MCB2300\IAR\LSZHV20\Release\Exe\LSZH_V20_FLASH.out.tmp
#    Map file     =  
#        F:\code\YTJ\一体机\bp\EvalBoards\NXP\MCB2300\IAR\LSZHV20\Release\List\LSZH_V20_FLASH.map
#    Command line =  
#        F:\code\YTJ\一体机\bp\EvalBoards\NXP\MCB2300\IAR\LSZHV20\Release\Obj\ARP.o
#        F:\code\YTJ\一体机\bp\EvalBoards\NXP\MCB2300\IAR\LSZHV20\Release\Obj\CD22M3494.o
#        F:\code\YTJ\一体机\bp\EvalBoards\NXP\MCB2300\IAR\LSZHV20\Release\Obj\cpu_a.o
#        F:\code\YTJ\一体机\bp\EvalBoards\NXP\MCB2300\IAR\LSZHV20\Release\Obj\cstartup.o
#        F:\code\YTJ\一体机\bp\EvalBoards\NXP\MCB2300\IAR\LSZHV20\Release\Obj\dma.o
#        F:\code\YTJ\一体机\bp\EvalBoards\NXP\MCB2300\IAR\LSZHV20\Release\Obj\Ethernet.o
#        F:\code\YTJ\一体机\bp\EvalBoards\NXP\MCB2300\IAR\LSZHV20\Release\Obj\Hardware_int.o
#        F:\code\YTJ\一体机\bp\EvalBoards\NXP\MCB2300\IAR\LSZHV20\Release\Obj\hw.o
#        F:\code\YTJ\一体机\bp\EvalBoards\NXP\MCB2300\IAR\LSZHV20\Release\Obj\I2C0INT.o
#        F:\code\YTJ\一体机\bp\EvalBoards\NXP\MCB2300\IAR\LSZHV20\Release\Obj\I2C1INT.o
#        F:\code\YTJ\一体机\bp\EvalBoards\NXP\MCB2300\IAR\LSZHV20\Release\Obj\i2s.o
#        F:\code\YTJ\一体机\bp\EvalBoards\NXP\MCB2300\IAR\LSZHV20\Release\Obj\ICMP.o
#        F:\code\YTJ\一体机\bp\EvalBoards\NXP\MCB2300\IAR\LSZHV20\Release\Obj\io.o
#        F:\code\YTJ\一体机\bp\EvalBoards\NXP\MCB2300\IAR\LSZHV20\Release\Obj\IP.o
#        F:\code\YTJ\一体机\bp\EvalBoards\NXP\MCB2300\IAR\LSZHV20\Release\Obj\lib_mem.o
#        F:\code\YTJ\一体机\bp\EvalBoards\NXP\MCB2300\IAR\LSZHV20\Release\Obj\lib_str.o
#        F:\code\YTJ\一体机\bp\EvalBoards\NXP\MCB2300\IAR\LSZHV20\Release\Obj\LP2368_FLASH.o
#        F:\code\YTJ\一体机\bp\EvalBoards\NXP\MCB2300\IAR\LSZHV20\Release\Obj\main.o
#        F:\code\YTJ\一体机\bp\EvalBoards\NXP\MCB2300\IAR\LSZHV20\Release\Obj\os_api.o
#        F:\code\YTJ\一体机\bp\EvalBoards\NXP\MCB2300\IAR\LSZHV20\Release\Obj\os_core.o
#        F:\code\YTJ\一体机\bp\EvalBoards\NXP\MCB2300\IAR\LSZHV20\Release\Obj\os_cpu_a.o
#        F:\code\YTJ\一体机\bp\EvalBoards\NXP\MCB2300\IAR\LSZHV20\Release\Obj\os_cpu_c.o
#        F:\code\YTJ\一体机\bp\EvalBoards\NXP\MCB2300\IAR\LSZHV20\Release\Obj\os_dbg.o
#        F:\code\YTJ\一体机\bp\EvalBoards\NXP\MCB2300\IAR\LSZHV20\Release\Obj\os_dcc.o
#        F:\code\YTJ\一体机\bp\EvalBoards\NXP\MCB2300\IAR\LSZHV20\Release\Obj\os_flag.o
#        F:\code\YTJ\一体机\bp\EvalBoards\NXP\MCB2300\IAR\LSZHV20\Release\Obj\os_mbox.o
#        F:\code\YTJ\一体机\bp\EvalBoards\NXP\MCB2300\IAR\LSZHV20\Release\Obj\os_mem.o
#        F:\code\YTJ\一体机\bp\EvalBoards\NXP\MCB2300\IAR\LSZHV20\Release\Obj\os_mutex.o
#        F:\code\YTJ\一体机\bp\EvalBoards\NXP\MCB2300\IAR\LSZHV20\Release\Obj\os_q.o
#        F:\code\YTJ\一体机\bp\EvalBoards\NXP\MCB2300\IAR\LSZHV20\Release\Obj\os_sem.o
#        F:\code\YTJ\一体机\bp\EvalBoards\NXP\MCB2300\IAR\LSZHV20\Release\Obj\os_task.o
#        F:\code\YTJ\一体机\bp\EvalBoards\NXP\MCB2300\IAR\LSZHV20\Release\Obj\os_time.o
#        F:\code\YTJ\一体机\bp\EvalBoards\NXP\MCB2300\IAR\LSZHV20\Release\Obj\os_tmr.o
#        F:\code\YTJ\一体机\bp\EvalBoards\NXP\MCB2300\IAR\LSZHV20\Release\Obj\PelcoD.o
#        F:\code\YTJ\一体机\bp\EvalBoards\NXP\MCB2300\IAR\LSZHV20\Release\Obj\PT2258.o
#        F:\code\YTJ\一体机\bp\EvalBoards\NXP\MCB2300\IAR\LSZHV20\Release\Obj\RealTime.o
#        F:\code\YTJ\一体机\bp\EvalBoards\NXP\MCB2300\IAR\LSZHV20\Release\Obj\SC16IS752.o
#        F:\code\YTJ\一体机\bp\EvalBoards\NXP\MCB2300\IAR\LSZHV20\Release\Obj\target.o
#        F:\code\YTJ\一体机\bp\EvalBoards\NXP\MCB2300\IAR\LSZHV20\Release\Obj\TMS320AIC23.o
#        F:\code\YTJ\一体机\bp\EvalBoards\NXP\MCB2300\IAR\LSZHV20\Release\Obj\uart.o
#        F:\code\YTJ\一体机\bp\EvalBoards\NXP\MCB2300\IAR\LSZHV20\Release\Obj\Udp.o
#        F:\code\YTJ\一体机\bp\EvalBoards\NXP\MCB2300\IAR\LSZHV20\Release\Obj\Use_key.o
#        F:\code\YTJ\一体机\bp\EvalBoards\NXP\MCB2300\IAR\LSZHV20\Release\Obj\Use_Sound.o
#        F:\code\YTJ\一体机\bp\EvalBoards\NXP\MCB2300\IAR\LSZHV20\Release\Obj\user_debug.o
#        F:\code\YTJ\一体机\bp\EvalBoards\NXP\MCB2300\IAR\LSZHV20\Release\Obj\User_DW.o
#        F:\code\YTJ\一体机\bp\EvalBoards\NXP\MCB2300\IAR\LSZHV20\Release\Obj\user_mem.o
#        F:\code\YTJ\一体机\bp\EvalBoards\NXP\MCB2300\IAR\LSZHV20\Release\Obj\User_on_msg.o
#        F:\code\YTJ\一体机\bp\EvalBoards\NXP\MCB2300\IAR\LSZHV20\Release\Obj\User_option.o
#        F:\code\YTJ\一体机\bp\EvalBoards\NXP\MCB2300\IAR\LSZHV20\Release\Obj\User_power.o
#        F:\code\YTJ\一体机\bp\EvalBoards\NXP\MCB2300\IAR\LSZHV20\Release\Obj\User_Run.o
#        F:\code\YTJ\一体机\bp\EvalBoards\NXP\MCB2300\IAR\LSZHV20\Release\Obj\User_table.o
#        F:\code\YTJ\一体机\bp\EvalBoards\NXP\MCB2300\IAR\LSZHV20\Release\Obj\User_TB.o
#        F:\code\YTJ\一体机\bp\EvalBoards\NXP\MCB2300\IAR\LSZHV20\Release\Obj\User_udp.o
#        F:\code\YTJ\一体机\bp\EvalBoards\NXP\MCB2300\IAR\LSZHV20\Release\Obj\User_XCOM.o
#        --redirect _Printf=_PrintfFull --redirect _Scanf=_ScanfFull -o
#        F:\code\YTJ\一体机\bp\EvalBoards\NXP\MCB2300\IAR\LSZHV20\Release\Exe\LSZH_V20_FLASH.out.tmp
#        --map
#        F:\code\YTJ\一体机\bp\EvalBoards\NXP\MCB2300\IAR\LSZHV20\Release\List\LSZH_V20_FLASH.map
#        --log initialization,modules,sections,veneers --log_file
#        F:\code\YTJ\一体机\bp\EvalBoards\NXP\MCB2300\IAR\LSZHV20\Release\List\LSZH_V20_FLASH.log
#        --config
#        F:\code\YTJ\一体机\bp\EvalBoards\NXP\MCB2300\IAR\LSZHV20\..\BSP\LSZH_V20_Relase.icf
#        --entry __iar_program_start --inline --vfe
#
###############################################################################

*******************************************************************************
*** RUNTIME MODEL ATTRIBUTES
***

CppFlavor       = *
__SystemLibrary = DLib


*******************************************************************************
*** PLACEMENT SUMMARY
***

"A1":  place at 0x00010000 { ro section .intvec };
"P1":  place in [from 0x00010044 to 0x0007ffff] { ro };
"P2":  place in [from 0x40000040 to 0x40007fff] {
          rw, block CSTACK, block SVC_STACK, block IRQ_STACK, block FIQ_STACK,
          block UND_STACK, block ABT_STACK, block HEAP };

  Section            Kind        Address     Size  Object
  -------            ----        -------     ----  ------
"A1":                                        0x40
  .intvec            ro code  0x00010000     0x40  cstartup.o [1]
                            - 0x00010040     0x40

"P1":                                     0x1b051
  .text              ro code  0x00010044   0x40dc  User_on_msg.o [1]
  .text              ro code  0x00014120   0x10f4  PT2258.o [1]
  .text              ro code  0x00015214   0x2370  Use_key.o [1]
  .text              ro code  0x00017584    0x158  lib_mem.o [1]
  .text              ro code  0x000176dc    0x10c  LP2368_FLASH.o [1]
  .text              ro code  0x000177e8     0xd4  ABImemcpy.o [5]
  .text              ro code  0x000178bc   0x1d60  User_option.o [1]
  .text              ro code  0x0001961c    0x7b0  user_debug.o [1]
  .text              ro code  0x00019dcc   0x11e0  User_power.o [1]
  .text              ro code  0x0001afac    0x69c  ARP.o [1]
  .text              ro code  0x0001b648    0x4b0  User_udp.o [1]
  .text              ro code  0x0001baf8    0x51c  User_DW.o [1]
  .text              ro code  0x0001c014    0xa34  User_table.o [1]
  .text              ro code  0x0001ca48     0x48  ABImemset48.o [5]
  .text              ro code  0x0001ca90    0x880  Use_Sound.o [1]
  .text              ro code  0x0001d310    0x1e8  TMS320AIC23.o [1]
  .text              ro code  0x0001d4f8    0x9b4  PelcoD.o [1]
  .text              ro code  0x0001deac   0x153c  User_XCOM.o [1]
  .text              ro code  0x0001f3e8    0x104  os_time.o [1]
  .text              ro code  0x0001f4ec    0x3d8  User_Run.o [1]
  .text              ro code  0x0001f8c4    0x990  io.o [1]
  .text              ro code  0x00020254    0x170  user_mem.o [1]
  .text              ro code  0x000203c4     0x7c  ABImemset.o [5]
  CODE               ro code  0x00020440    0x2dc  os_cpu_a.o [1]
  .text              ro code  0x0002071c    0x314  RealTime.o [1]
  .text              ro code  0x00020a30    0x520  hw.o [1]
  .text              ro code  0x00020f50    0xc4c  CD22M3494.o [1]
  .text              ro code  0x00021b9c    0x3ac  User_TB.o [1]
  .text              ro code  0x00021f48      0x8  ABImemclr4.o [5]
  .text              ro code  0x00021f50    0x1d4  I32DivMod.o [5]
  .text              ro code  0x00022124    0x4e4  I2C0INT.o [1]
  .text              ro code  0x00022608    0x38c  SC16IS752.o [1]
  .text              ro code  0x00022994    0x374  os_q.o [1]
  .text              ro code  0x00022d08     0x6c  strcpy.o [5]
  .text              ro code  0x00022d74    0x670  I2C1INT.o [1]
  .text              ro code  0x000233e4    0x104  lib_str.o [1]
  .text              ro code  0x000234e8    0x71c  target.o [1]
  .text              ro code  0x00023c04    0x2b8  Udp.o [1]
  .text              ro code  0x00023ebc     0x4c  vsprintf.o [3]
  .text              ro code  0x00023f08     0x54  strlen.o [5]
  .text              ro code  0x00023f5c     0xdc  Ethernet.o [1]
  .text              ro code  0x00024038    0x244  os_sem.o [1]
  .text              ro code  0x0002427c    0x250  dma.o [1]
  .text              ro code  0x000244cc     0xe8  i2s.o [1]
  .text              ro code  0x000245b4    0xef0  uart.o [1]
  .text              ro code  0x000254a4    0xaa0  os_core.o [1]
  .text              ro code  0x00025f44    0x1c8  os_mem.o [1]
  .text              ro code  0x0002610c      0x4  IntDivZer.o [5]
  CODE               ro code  0x00026110     0x28  cpu_a.o [1]
  .text              ro code  0x00026138    0x5cc  Hardware_int.o [1]
  .text              ro code  0x00026704    0x3a4  IP.o [1]
  .text              ro code  0x00026aa8   0x16d6  xprintffull.o [3]
  .text              ro code  0x0002817e     0x2a  zero_init3.o [5]
  .text              ro code  0x000281a8     0x7c  os_flag.o [1]
  .text              ro code  0x00028224      0x4  os_dbg.o [1]
  .text              ro code  0x00028228    0x294  os_task.o [1]
  .text              ro code  0x000284bc    0x13c  ICMP.o [1]
  .text              ro code  0x000285f8     0x20  strchr.o [5]
  .text              ro code  0x00028618     0x94  memchr.o [5]
  .text              ro code  0x000286ac     0xd4  I64DivMod.o [5]
  .text              ro code  0x00028780     0x7c  xdnorm.o [4]
  .text              ro code  0x000287fc     0x38  DblCmpLe.o [4]
  .text              ro code  0x00028834     0x38  DblCmpGe.o [4]
  .text              ro code  0x0002886c    0x1e0  xdscale.o [4]
  .text              ro code  0x00028a4c     0x60  DblToS32.o [4]
  .text              ro code  0x00028aac     0x60  S32ToDbl.o [4]
  .text              ro code  0x00028b0c    0x1f0  DblSub.o [4]
  .text              ro code  0x00028cfc    0x1f8  DblMul.o [4]
  .text              ro code  0x00028ef4    0x338  DblDiv.o [4]
  .text              ro code  0x0002922c     0x3c  DblToU32.o [4]
  .text              ro code  0x00029268     0x10  U32ToDbl.o [4]
  .text              ro code  0x00029278     0x38  div.o [3]
  .text              ro code  0x000292b0     0xcc  os_cpu_c.o [1]
  .text              ro code  0x0002937c      0x4  I64DivZer.o [5]
  .text              ro code  0x00029380    0x130  DblAdd.o [4]
  .rodata            const    0x000294b0    0x688  User_on_msg.o [1]
  .text              ro code  0x00029b38    0x544  main.o [1]
  .rodata            const    0x0002a07c    0x4c8  Use_key.o [1]
  .rodata            const    0x0002a544    0x1f8  User_Run.o [1]
  .rodata            const    0x0002a73c    0x190  User_option.o [1]
  .rodata            const    0x0002a8cc    0x17c  User_power.o [1]
  .rodata            const    0x0002aa48    0x114  User_XCOM.o [1]
  .text              ro code  0x0002ab5c     0xde  packbits_init.o [5]
  .rodata            const    0x0002ac3a      0x2  os_dbg.o [1]
  Veneer             ro code  0x0002ac3c      0x4  - Linker created -
  .text              ro code  0x0002ac40      0x8  abort.o [3]
  .text              ro code  0x0002ac48     0x14  XXexit.o [5]
  .rodata            const    0x0002ac5c     0xd0  PT2258.o [1]
  text               ro code  0x0002ad2c     0x88  cstartup.o [1]
  .rodata            const    0x0002adb4     0x4c  Use_Sound.o [1]
  .rodata            const    0x0002ae00     0x44  hw.o [1]
  .text              ro code  0x0002ae44     0x32  data_init.o [5]
  .rodata            const    0x0002ae76      0x2  os_dbg.o [1]
  .rodata            const    0x0002ae78     0x30  User_table.o [1]
  Veneer             ro code  0x0002aea8      0xc  - Linker created -
  .text              ro code  0x0002aeb4     0x2c  cmain.o [5]
  .text              ro code  0x0002aee0      0x4  exit.o [3]
  .text              ro code  0x0002aee4     0x10  cexit.o [5]
  .rodata            const    0x0002aef4     0x28  ARP.o [1]
  .rodata            const    0x0002af1c     0x28  CD22M3494.o [1]
  .iar.init_table    const    0x0002af44     0x2c  - Linker created -
  .rodata            const    0x0002af70     0x20  os_core.o [1]
  .rodata            const    0x0002af90     0x1c  user_debug.o [1]
  .rodata            const    0x0002afac     0x1c  User_DW.o [1]
  .text              ro code  0x0002afc8     0x14  xsprout.o [3]
  .rodata            const    0x0002afdc     0x10  main.o [1]
  .rodata            const    0x0002afec     0x10  User_TB.o [1]
  .rodata            const    0x0002affc      0x4  os_dbg.o [1]
  .rodata            const    0x0002b000      0x4  User_udp.o [1]
  .rodata            const    0x0002b004      0x2  os_dbg.o [1]
  .rodata            const    0x0002b006      0x2  os_dbg.o [1]
  .rodata            const    0x0002b008      0x2  os_dbg.o [1]
  .rodata            const    0x0002b00a      0x2  os_dbg.o [1]
  .rodata            const    0x0002b00c      0x2  os_dbg.o [1]
  .rodata            const    0x0002b00e      0x2  os_dbg.o [1]
  .rodata            const    0x0002b010      0x2  os_dbg.o [1]
  .rodata            const    0x0002b012      0x2  os_dbg.o [1]
  .rodata            const    0x0002b014      0x2  os_dbg.o [1]
  .rodata            const    0x0002b016      0x2  os_dbg.o [1]
  .rodata            const    0x0002b018      0x2  os_dbg.o [1]
  .rodata            const    0x0002b01a      0x2  os_dbg.o [1]
  .rodata            const    0x0002b01c      0x2  os_dbg.o [1]
  .rodata            const    0x0002b01e      0x2  os_dbg.o [1]
  .rodata            const    0x0002b020      0x2  os_dbg.o [1]
  .rodata            const    0x0002b022      0x2  os_dbg.o [1]
  .rodata            const    0x0002b024      0x2  os_dbg.o [1]
  .rodata            const    0x0002b026      0x2  os_dbg.o [1]
  .rodata            const    0x0002b028      0x2  os_dbg.o [1]
  .rodata            const    0x0002b02a      0x2  os_dbg.o [1]
  .rodata            const    0x0002b02c      0x2  os_dbg.o [1]
  .rodata            const    0x0002b02e      0x2  os_dbg.o [1]
  .rodata            const    0x0002b030      0x2  os_dbg.o [1]
  .rodata            const    0x0002b032      0x2  os_dbg.o [1]
  .rodata            const    0x0002b034      0x2  os_dbg.o [1]
  .rodata            const    0x0002b036      0x2  os_dbg.o [1]
  .rodata            const    0x0002b038      0x2  os_dbg.o [1]
  .rodata            const    0x0002b03a      0x2  os_dbg.o [1]
  .rodata            const    0x0002b03c      0x2  os_dbg.o [1]
  .rodata            const    0x0002b03e      0x2  os_dbg.o [1]
  .rodata            const    0x0002b040      0x2  os_dbg.o [1]
  .rodata            const    0x0002b042      0x2  os_dbg.o [1]
  .rodata            const    0x0002b044      0x2  os_dbg.o [1]
  .rodata            const    0x0002b046      0x2  os_dbg.o [1]
  .rodata            const    0x0002b048      0x2  os_dbg.o [1]
  .rodata            const    0x0002b04a      0x2  os_dbg.o [1]
  .rodata            const    0x0002b04c      0x2  os_dbg.o [1]
  .rodata            const    0x0002b04e      0x2  os_dbg.o [1]
  .rodata            const    0x0002b050      0x2  os_dbg.o [1]
  .rodata            const    0x0002b052      0x2  os_dbg.o [1]
  .rodata            const    0x0002b054      0x2  os_dbg.o [1]
  .rodata            const    0x0002b056      0x2  os_dbg.o [1]
  .rodata            const    0x0002b058      0x2  os_dbg.o [1]
  .rodata            const    0x0002b05a      0x2  os_dbg.o [1]
  .rodata            const    0x0002b05c      0x2  os_dbg.o [1]
  .rodata            const    0x0002b05e      0x2  os_dbg.o [1]
  .rodata            const    0x0002b060      0x2  os_dbg.o [1]
  .rodata            const    0x0002b062      0x2  os_dbg.o [1]
  .rodata            const    0x0002b064      0x2  os_dbg.o [1]
  .rodata            const    0x0002b066      0x2  os_dbg.o [1]
  .rodata            const    0x0002b068      0x2  os_dbg.o [1]
  .rodata            const    0x0002b06a      0x0  zero_init3.o [5]
  .rodata            const    0x0002b06a      0x0  packbits_init.o [5]
  Initializer bytes  ro data  0x0002b06a     0x2b  <for P2 s0>
                            - 0x0002b095  0x1b051

"P2":                                      0x67a8
  P2 s0                       0x40000040    0x3d8  <Init block>
    .data            inited   0x40000040    0x238  User_option.o [1]
    .data            inited   0x40000278    0x190  ARP.o [1]
    .data            inited   0x40000408      0x8  PT2258.o [1]
    .data            inited   0x40000410      0x4  user_debug.o [1]
    .data            inited   0x40000414      0x4  User_option.o [1]
  .bss               zero     0x40000418   0x2b78  user_mem.o [1]
  .bss               zero     0x40002f90   0x1a40  main.o [1]
  .bss               zero     0x400049d0    0x4d4  os_core.o [1]
  .bss               zero     0x40004ea4    0x3c4  os_core.o [1]
  .bss               zero     0x40005268    0x2f8  User_XCOM.o [1]
  .bss               zero     0x40005560    0x200  os_core.o [1]
  .bss               zero     0x40005760    0x200  os_core.o [1]
  .bss               zero     0x40005960    0x114  RealTime.o [1]
  .bss               zero     0x40005a74     0xf4  User_option.o [1]
  .bss               zero     0x40005b68     0xf0  os_core.o [1]
  .bss               zero     0x40005c58     0xc8  os_core.o [1]
  .bss               zero     0x40005d20     0x8c  os_core.o [1]
  .bss               zero     0x40005dac     0x78  Use_Sound.o [1]
  .bss               zero     0x40005e24     0x68  User_DW.o [1]
  .bss               zero     0x40005e8c     0x48  CD22M3494.o [1]
  .bss               zero     0x40005ed4     0x44  LP2368_FLASH.o [1]
  .bss               zero     0x40005f18     0x34  Use_key.o [1]
  .bss               zero     0x40005f4c     0x20  hw.o [1]
  .bss               zero     0x40005f6c     0x1c  Use_key.o [1]
  .bss               zero     0x40005f88     0x14  PelcoD.o [1]
  .bss               zero     0x40005f9c     0x14  User_Run.o [1]
  .bss               zero     0x40005fb0     0x10  I2C0INT.o [1]
  .bss               zero     0x40005fc0     0x10  I2C1INT.o [1]
  .bss               zero     0x40005fd0      0xc  CD22M3494.o [1]
  .bss               zero     0x40005fdc      0xc  io.o [1]
  .bss               zero     0x40005fe8      0xc  User_TB.o [1]
  .bss               zero     0x40005ff4      0x8  target.o [1]
  .bss               zero     0x40005ffc      0x8  User_power.o [1]
  .bss               zero     0x40006004      0x8  User_XCOM.o [1]
  .bss               zero     0x4000600c      0x4  io.o [1]
  .bss               zero     0x40006010      0x4  os_core.o [1]
  .bss               zero     0x40006014      0x4  os_core.o [1]
  .bss               zero     0x40006018      0x4  os_core.o [1]
  .bss               zero     0x4000601c      0x4  target.o [1]
  .bss               zero     0x40006020      0x4  user_debug.o [1]
  .bss               zero     0x40006024      0x2  Hardware_int.o [1]
  .bss               zero     0x40006026      0x1  User_on_msg.o [1]
  CSTACK                      0x40006028    0x300  <Block>
    CSTACK           uninit   0x40006028    0x300  <Block tail>
  SVC_STACK                   0x40006328     0x20  <Block>
    SVC_STACK        uninit   0x40006328     0x20  <Block tail>
  IRQ_STACK                   0x40006348    0x300  <Block>
    IRQ_STACK        uninit   0x40006348    0x300  <Block tail>
  FIQ_STACK                   0x40006648     0x10  <Block>
    FIQ_STACK        uninit   0x40006648     0x10  <Block tail>
  UND_STACK                   0x40006658     0x10  <Block>
    UND_STACK        uninit   0x40006658     0x10  <Block tail>
  ABT_STACK                   0x40006668    0x180  <Block>
    ABT_STACK        uninit   0x40006668    0x180  <Block tail>
                            - 0x400067e8   0x67a8


*******************************************************************************
*** INIT TABLE
***

          Address     Size
          -------     ----
Zero (__iar_zero_init3)
    1 destination range, total size 0x5c0f:
          0x40000418  0x5c0f

Copy/packbits (__iar_packbits_init3)
    1 source range, total size 0x2b (4% of destination):
          0x0002b06a    0x2b
    1 destination range, total size 0x3d8:
          0x40000040   0x3d8



*******************************************************************************
*** MODULE SUMMARY
***

    Module           ro code  ro data  rw data
    ------           -------  -------  -------
F:\code\YTJ\一体机\bp\EvalBoards\NXP\MCB2300\IAR\LSZHV20\Release\Obj: [1]
    ARP.o              1 692       58      400
    CD22M3494.o        3 148       40       84
    Ethernet.o           220
    Hardware_int.o     1 484                 2
    I2C0INT.o          1 252                16
    I2C1INT.o          1 648                16
    ICMP.o               316
    IP.o                 932
    LP2368_FLASH.o       268                68
    PT2258.o           4 340      208        8
    PelcoD.o           2 484                20
    RealTime.o           788               276
    SC16IS752.o          908
    TMS320AIC23.o        488
    Udp.o                696
    Use_Sound.o        2 176       76      120
    Use_key.o          9 072    1 224       80
    User_DW.o          1 308       28      104
    User_Run.o           984      504       20
    User_TB.o            940       16       12
    User_XCOM.o        5 436      276      768
    User_on_msg.o     16 604    1 672        1
    User_option.o      7 520      425      816
    User_power.o       4 576      380        8
    User_table.o       2 612       48
    User_udp.o         1 200        4
    cpu_a.o               40
    cstartup.o           200
    dma.o                592
    hw.o               1 312       68       32
    i2s.o                232
    io.o               2 448                16
    lib_mem.o            344
    lib_str.o            260
    main.o             1 348       16    6 720
    os_core.o          2 720       32    3 816
    os_cpu_a.o           732
    os_cpu_c.o           204
    os_dbg.o               4      110
    os_flag.o            124
    os_mem.o             456
    os_q.o               884
    os_sem.o             580
    os_task.o            660
    os_time.o            260
    target.o           1 820                12
    uart.o             3 824
    user_debug.o       1 968       28        8
    user_mem.o           368            11 128
    ------------------------------------------
    Total:            94 472    5 213   24 551

command line: [2]
    ------------------------------------------
    Total:

dl4t_aln.a: [3]
    abort.o                8
    div.o                 56
    exit.o                 4
    vsprintf.o            76
    xprintffull.o      5 846
    xsprout.o             20
    ------------------------------------------
    Total:             6 010

m4t_al.a: [4]
    DblAdd.o             304
    DblCmpGe.o            56
    DblCmpLe.o            56
    DblDiv.o             824
    DblMul.o             504
    DblSub.o             496
    DblToS32.o            96
    DblToU32.o            60
    S32ToDbl.o            96
    U32ToDbl.o            16
    xdnorm.o             124
    xdscale.o            480
    ------------------------------------------
    Total:             3 112

rt4t_al.a: [5]
    ABImemclr4.o           8
    ABImemcpy.o          212
    ABImemset.o          124
    ABImemset48.o         72
    I32DivMod.o          468
    I64DivMod.o          212
    I64DivZer.o            4
    IntDivZer.o            4
    XXexit.o              20
    cexit.o               16
    cmain.o               44
    data_init.o           50
    memchr.o             148
    packbits_init.o      222
    strchr.o              32
    strcpy.o             108
    strlen.o              84
    zero_init3.o          42
    ------------------------------------------
    Total:             1 870

    Linker created        16       44    1 984
----------------------------------------------
    Grand Total:     105 480    5 257   26 535


*******************************************************************************
*** ENTRY LIST
***

Entry                      Address    Size  Type      Object
-----                      -------    ----  ----      ------
?main                   0x0002aeb4          Code  Gb  cmain.o [5]
ABT_STACK$$Base         0x40006668           --   Gb  - Linker created -
ABT_STACK$$Limit        0x400067e8           --   Gb  - Linker created -
ARP_REP_MAC             0x40000400     0x8  Data  Gb  ARP.o [1]
ARP_Rec_Find            0x0001b16c    0xd0  Code  Gb  ARP.o [1]
ARP_Rec_Save            0x0001b23c    0x80  Code  Gb  ARP.o [1]
ARP_ReceivePacket       0x0001b4b0    0x20  Code  Gb  ARP.o [1]
AT24C16_Read            0x000231f0    0x34  Code  Gb  I2C1INT.o [1]
AT24C16_Write           0x00023224   0x14c  Code  Gb  I2C1INT.o [1]
AVCD22M3494Reset        0x00020f50   0x120  Code  Gb  CD22M3494.o [1]
AV_IN                   0x0002af1c    0x14  Data  Gb  CD22M3494.o [1]
AV_OUT                  0x0002af30    0x14  Data  Gb  CD22M3494.o [1]
AV_Select               0x0002119c    0x3c  Code  Gb  CD22M3494.o [1]
Able_CMD_TB             0x00024cd0    0x7c  Code  Gb  uart.o [1]
Alarm_Link              0x0001818c   0x13c  Code  Gb  User_option.o [1]
Alarmdev_id             0x400000c8     0xc  Data  Gb  User_option.o [1]
Arp_Answer              0x0001b340    0xe8  Code  Gb  ARP.o [1]
Arp_Request             0x0001b4d0    0xc8  Code  Gb  ARP.o [1]
BMK_Sound_Select        0x00014a50    0x38  Code  Gb  PT2258.o [1]
BSP_CPU_ClkFreq         0x00023670    0x8c  Code  Gb  target.o [1]
BSP_CPU_PclkFreq        0x000236fc    0xc0  Code  Gb  target.o [1]
BSP_IntDisAll           0x00023640    0x30  Code  Gb  target.o [1]
BinToChar               0x00017aa0    0x24  Code  Gb  User_option.o [1]
BlankCHK                0x000177a4    0x34  Code  Gb  LP2368_FLASH.o [1]
CPU_SR_Restore          0x00026130          Code  Gb  cpu_a.o [1]
CPU_SR_Save             0x00026110          Code  Gb  cpu_a.o [1]
CSTACK$$Base            0x40006028           --   Gb  - Linker created -
CSTACK$$Limit           0x40006328           --   Gb  - Linker created -
CameraInit              0x00019ea8    0x8c  Code  Gb  User_power.o [1]
CameraPowerInit         0x00018b8c    0xd0  Code  Gb  User_option.o [1]
Change_Encode_Num       0x000218b4    0x6c  Code  Gb  CD22M3494.o [1]
CheckSum1               0x0001d520    0x34  Code  Gb  PelcoD.o [1]
Check_FunctionMode      0x00017ac4    0xa4  Code  Gb  User_option.o [1]
Check_UDP_Paket         0x0001ba08    0xe4  Code  Gb  User_udp.o [1]
ClassInfo_init          0x00017c00   0x250  Code  Gb  User_option.o [1]
ClassTableWeekInit      0x000209a4    0x18  Code  Gb  RealTime.o [1]
Class_Table_Check       0x0001c62c   0x12c  Code  Gb  User_table.o [1]
Class_Task_Start        0x000182c8   0x10c  Code  Gb  User_option.o [1]
Config_printf           0x0001f4ec   0x218  Code  Gb  User_Run.o [1]
CoordinateBuf           0x40006004     0x8  Data  Gb  User_XCOM.o [1]
CreateIcmpCrc           0x000284bc    0x7c  Code  Gb  ICMP.o [1]
CreateIpHeadCrc         0x00026704    0x74  Code  Gb  IP.o [1]
DBG_HexToChar           0x000196bc    0xa0  Code  Gb  user_debug.o [1]
DBG_Log_write           0x0001961c    0x54  Code  Gb  user_debug.o [1]
DBG_Str_printf          0x00019670    0x4c  Code  Gb  user_debug.o [1]
DBG_XCOM_Printf         0x00019924    0x90  Code  Gb  user_debug.o [1]
DCS_TYPE_Str            0x40000270     0x8  Data  Gb  User_option.o [1]
DEVICE_LINK             0x40005e8c    0x48  Data  Gb  CD22M3494.o [1]
DMAHandler              0x000242e4    0x54  Code  Gb  dma.o [1]
DMA_Get_MICaddress      0x000242a8    0x3c  Code  Gb  dma.o [1]
DMA_Get_Play_Pointer    0x0002427c    0x2c  Code  Gb  dma.o [1]
DMA_Init                0x00024338   0x174  Code  Gb  dma.o [1]
DWQ_Contrl              0x0001bd4c    0x98  Code  Gb  User_DW.o [1]
DW_CMD_Contrl           0x0001bde4   0x1ec  Code  Gb  User_DW.o [1]
DW_Read_WD              0x0001bc24    0x3c  Code  Gb  User_DW.o [1]
DW_Wite_CoreIP          0x0001bbd0    0x54  Code  Gb  User_DW.o [1]
DW_init                 0x0001bc60    0xec  Code  Gb  User_DW.o [1]
Debug_SubCastIP         0x40000410     0x4  Data  Gb  user_debug.o [1]
DelPowerDeltimemsg      0x0001a09c    0x2c  Code  Gb  User_power.o [1]
Delay                   0x00014120    0x14  Code  Gb  PT2258.o [1]
Device_DCS_Contrl       0x000178d8   0x174  Code  Gb  User_option.o [1]
Device_DCS_open         0x000201e0    0x30  Code  Gb  io.o [1]
Device_Get_MIX          0x00014e08     0xc  Code  Gb  PT2258.o [1]
Device_Get_Vol          0x00014d90    0x78  Code  Gb  PT2258.o [1]
Device_IC_Reset         0x00020178    0x34  Code  Gb  io.o [1]
Device_InVol            0x00014b4c   0x158  Code  Gb  PT2258.o [1]
Device_KZ_Reset         0x000201ac    0x34  Code  Gb  io.o [1]
Device_Link_Scan        0x00021b4c    0x3c  Code  Gb  CD22M3494.o [1]
Device_OutVol           0x00014ca4    0xec  Code  Gb  PT2258.o [1]
Device_Rec_Find         0x0001803c   0x150  Code  Gb  User_option.o [1]
Device_Rec_Scan         0x000183d8   0x4b0  Code  Gb  User_option.o [1]
Device_Set_MIX          0x00014e14   0x108  Code  Gb  PT2258.o [1]
Device_Sound_Contrl     0x00014f1c    0x38  Code  Gb  PT2258.o [1]
Device_Sound_Select     0x00014f54    0xec  Code  Gb  PT2258.o [1]
Device_Stat_Option      0x0001c758    0xbc  Code  Gb  User_table.o [1]
Device_Stat_Save        0x0001c814    0x98  Code  Gb  User_table.o [1]
Device_Use_Stat_Read    0x0001c8ac   0x120  Code  Gb  User_table.o [1]
Device_VGA_Off          0x00021a28    0x5c  Code  Gb  CD22M3494.o [1]
Device_VGA_Select       0x00021a84    0xc8  Code  Gb  CD22M3494.o [1]
Device_Video_Off        0x000219cc    0x5c  Code  Gb  CD22M3494.o [1]
Device_Video_Select     0x00021920    0xac  Code  Gb  CD22M3494.o [1]
EINT1_Exception         0x000251cc   0x12c  Code  Gb  uart.o [1]
EINT3_Exception         0x0001fab8    0xb8  Code  Gb  io.o [1]
EMACHandler             0x00026494    0x10  Code  Gb  Hardware_int.o [1]
EMACRxDescriptorInit    0x000262bc    0x84  Code  Gb  Hardware_int.o [1]
EMACTxDescriptorInit    0x00026240    0x7c  Code  Gb  Hardware_int.o [1]
EMAC_RxDisable          0x00026184    0x24  Code  Gb  Hardware_int.o [1]
EMAC_RxEnable           0x00026160    0x24  Code  Gb  Hardware_int.o [1]
EMAC_TxDisable          0x0002614c    0x14  Code  Gb  Hardware_int.o [1]
EMAC_TxEnable           0x00026138    0x14  Code  Gb  Hardware_int.o [1]
Encode_TAB              0x00029b30     0x8  Data  Gb  User_on_msg.o [1]
EraseSector             0x00017764    0x40  Code  Gb  LP2368_FLASH.o [1]
Ethernet_Exception      0x00026520    0x2c  Code  Gb  Hardware_int.o [1]
Ethernet_ReceivePacket  0x00023ffc    0x3c  Code  Gb  Ethernet.o [1]
Ethernet_SendFrame      0x00023f5c    0xa0  Code  Gb  Ethernet.o [1]
FIQ_STACK$$Base         0x40006648           --   Gb  - Linker created -
FIQ_STACK$$Limit        0x40006658           --   Gb  - Linker created -
FRun                    0x40005fac     0x4  Data  Gb  User_Run.o [1]
File_ClassTable_Read    0x0001c488    0xa0  Code  Gb  User_table.o [1]
File_ClassTable_Read_CurDay
                        0x0001c528   0x104  Code  Gb  User_table.o [1]
File_ClassTable_Write   0x0001c3e8    0x74  Code  Gb  User_table.o [1]
File_ClassTable_Write_OneDay
                        0x0001c45c    0x2c  Code  Gb  User_table.o [1]
File_Req                0x0001c014    0x40  Code  Gb  User_table.o [1]
File_Table_Read         0x0001c270   0x178  Code  Gb  User_table.o [1]
File_Table_Write        0x0001c054   0x21c  Code  Gb  User_table.o [1]
File_UserProgram_Write  0x0001c9cc    0x44  Code  Gb  User_table.o [1]
FocusFarCmd             0x0001ddcc    0x84  Code  Gb  PelcoD.o [1]
FocusNearCmd            0x0001dd44    0x88  Code  Gb  PelcoD.o [1]
Get_ClassID             0x0001b01c     0x8  Code  Gb  ARP.o [1]
Get_ClassInfo_Table     0x000177d8     0xc  Code  Gb  LP2368_FLASH.o [1]
Get_Class_Stauts        0x000178c8    0x10  Code  Gb  User_option.o [1]
Get_Debug               0x000195d4    0x20  Code  Gb  User_option.o [1]
Get_DesIp               0x0001b068    0xb4  Code  Gb  ARP.o [1]
Get_Device_Status       0x000195f4     0x8  Code  Gb  User_option.o [1]
Get_KeyData             0x00015214     0x8  Code  Gb  Use_key.o [1]
Get_NetPort             0x0001b014     0x8  Code  Gb  ARP.o [1]
Get_TB_REC_State        0x00021d14     0x8  Code  Gb  User_TB.o [1]
Get_XCOM_Port           0x0001deac    0x10  Code  Gb  User_XCOM.o [1]
Get_ver                 0x000178bc     0xc  Code  Gb  User_option.o [1]
GotoPrepositionCmd      0x0001dc28    0x90  Code  Gb  PelcoD.o [1]
HW_DEVICE               0x40005f4c    0x20  Data  Gb  hw.o [1]
HW_XM_start             0x00020a30   0x2e4  Code  Gb  hw.o [1]
HW_init                 0x00020ef0    0x30  Code  Gb  hw.o [1]
HW_send                 0x00020d14   0x1dc  Code  Gb  hw.o [1]
I2C0_Exception          0x000222cc   0x2d0  Code  Gb  I2C0INT.o [1]
I2C0_WriteNByte         0x00022124    0xd0  Code  Gb  I2C0INT.o [1]
I2C0_WriteNByte1        0x000221f4    0xd8  Code  Gb  I2C0INT.o [1]
I2C1_Exception          0x00022f20   0x2d0  Code  Gb  I2C1INT.o [1]
I2C1_ReadNByte          0x00022d74    0xd4  Code  Gb  I2C1INT.o [1]
I2C1_WriteNByte         0x00022e48    0xd8  Code  Gb  I2C1INT.o [1]
I2C1_buf                0x40005fc4     0x4  Data  Gb  I2C1INT.o [1]
I2C1_end                0x40005fce     0x1  Data  Gb  I2C1INT.o [1]
I2C1_num                0x40005fc8     0x4  Data  Gb  I2C1INT.o [1]
I2C1_sla                0x40005fcc     0x1  Data  Gb  I2C1INT.o [1]
I2C1_suba               0x40005fc0     0x4  Data  Gb  I2C1INT.o [1]
I2C1_suba_en            0x40005fcf     0x1  Data  Gb  I2C1INT.o [1]
I2C1_suba_num           0x40005fcd     0x1  Data  Gb  I2C1INT.o [1]
I2C_buf                 0x40005fb4     0x4  Data  Gb  I2C0INT.o [1]
I2C_end                 0x40005fbe     0x1  Data  Gb  I2C0INT.o [1]
I2C_num                 0x40005fb8     0x4  Data  Gb  I2C0INT.o [1]
I2C_sla                 0x40005fbc     0x1  Data  Gb  I2C0INT.o [1]
I2C_suba                0x40005fb0     0x4  Data  Gb  I2C0INT.o [1]
I2C_suba_en             0x40005fbf     0x1  Data  Gb  I2C0INT.o [1]
I2C_suba_num            0x40005fbd     0x1  Data  Gb  I2C0INT.o [1]
I2SInit                 0x00024518    0x98  Code  Gb  i2s.o [1]
I2SStart                0x000244cc    0x24  Code  Gb  i2s.o [1]
I2SStop                 0x000244f0    0x28  Code  Gb  i2s.o [1]
I2c0Init                0x0002259c    0x60  Code  Gb  I2C0INT.o [1]
I2c1Init                0x00023370    0x60  Code  Gb  I2C1INT.o [1]
IAP_Entry               0x40005ef4     0x4  Data  Gb  LP2368_FLASH.o [1]
ICMP_ReceivePacket      0x00028538    0xc0  Code  Gb  ICMP.o [1]
ICReader_Power          0x00020210    0x44  Code  Gb  io.o [1]
IO_Contrl               0x0001fd6c    0x80  Code  Gb  io.o [1]
IO_FlagLingt_Flash      0x0001fd18    0x54  Code  Gb  io.o [1]
IO_IN_TAB               0x0002a8a8    0x24  Data  Gb  User_option.o [1]
IO_Out                  0x0001fb70   0x138  Code  Gb  io.o [1]
IO_PC_Power             0x0001a0c8    0x90  Code  Gb  User_power.o [1]
IO_Scan                 0x0001fdec   0x360  Code  Gb  io.o [1]
IO_in                   0x0001fca8    0x70  Code  Gb  io.o [1]
IPByte_TO_Dword         0x0001b044    0x24  Code  Gb  ARP.o [1]
IPDword_TO_Byte         0x0001b024    0x20  Code  Gb  ARP.o [1]
IPMASK_Compare          0x0001b2bc    0x84  Code  Gb  ARP.o [1]
IP_Check                0x0001b598    0x84  Code  Gb  ARP.o [1]
IP_Compare              0x0001b11c    0x50  Code  Gb  ARP.o [1]
IP_Debug_init           0x000197b8    0x28  Code  Gb  user_debug.o [1]
IP_ReceivePacket        0x00026a14    0x8c  Code  Gb  IP.o [1]
IP_SendFrame            0x00026778   0x29c  Code  Gb  IP.o [1]
IP_printf               0x00019860    0xc4  Code  Gb  user_debug.o [1]
IRQ_STACK$$Base         0x40006348           --   Gb  - Linker created -
IRQ_STACK$$Limit        0x40006648           --   Gb  - Linker created -
IS752_Scan              0x000227e8    0xb4  Code  Gb  SC16IS752.o [1]
InStream_Read           0x0002ab5d    0x22  Code  Lc  packbits_init.o [5]
InitIAP                 0x000176dc    0x10  Code  Gb  LP2368_FLASH.o [1]
InitNet                 0x0002654c   0x174  Code  Gb  Hardware_int.o [1]
Initial_arp             0x0001afac    0x68  Code  Gb  ARP.o [1]
Io_Init                 0x0001f914   0x124  Code  Gb  io.o [1]
IsImageRecognition      0x0001de54    0x54  Code  Gb  PelcoD.o [1]
KEY_CMD                 0x00015d18  0x16e8  Code  Gb  Use_key.o [1]
KEY_DATA                0x40005f18    0x34  Data  Gb  Use_key.o [1]
KEY_Set_Vol             0x0001521c    0x44  Code  Gb  Use_key.o [1]
Key_TB_state            0x00015cc0    0x28  Code  Gb  Use_key.o [1]
LAN_Sound_OUT           0x00014b14    0x38  Code  Gb  PT2258.o [1]
LAN_Sound_Select        0x00014a88    0x8c  Code  Gb  PT2258.o [1]
LAN_Test_Ack            0x0001b648    0x48  Code  Gb  User_udp.o [1]
LED_Contrl              0x00015260    0xd0  Code  Gb  Use_key.o [1]
LED_DATA                0x40005f6c    0x1c  Data  Gb  Use_key.o [1]
LED_SendFLASH           0x00015594   0x138  Code  Gb  Use_key.o [1]
LED_Set                 0x00015330   0x1c4  Code  Gb  Use_key.o [1]
LED_Time_Flash          0x000154f4    0xa0  Code  Gb  Use_key.o [1]
LED_device_set          0x00015994   0x32c  Code  Gb  Use_key.o [1]
LMT_Delay_Power         0x0001f734    0x1c  Code  Gb  User_Run.o [1]
LMT_Power_contrl        0x0001f750    0x4c  Code  Gb  User_Run.o [1]
LMT_init                0x0001f704    0x30  Code  Gb  User_Run.o [1]
Lan_TestFlag            0x0002b000     0x4  Data  Gb  User_udp.o [1]
LoadInt                 0x000273e8    0xc8  Code  Lc  xprintffull.o [3]
Log_Close               0x00019cb8    0x18  Code  Gb  user_debug.o [1]
Log_Create              0x000199b4    0xd8  Code  Gb  user_debug.o [1]
MAM_Init                0x000237bc    0x58  Code  Lc  target.o [1]
MSG_PQ                  0x400000c0     0x4  Data  Gb  User_option.o [1]
MSG_Q                   0x400000d4    0x50  Data  Gb  User_option.o [1]
Mem_Clr                 0x00017584     0xc  Code  Gb  lib_mem.o [1]
Mem_Copy                0x00017630    0xac  Code  Gb  lib_mem.o [1]
Mem_Set                 0x00017590    0xa0  Code  Gb  lib_mem.o [1]
Msg_Option_Find         0x00017fb0    0x8c  Code  Gb  User_option.o [1]
Msg_send                0x0001888c    0x98  Code  Gb  User_option.o [1]
NetPort                 0x40000278   0x188  Data  Gb  ARP.o [1]
ON_Change_State         0x00012914   0x2a4  Code  Gb  User_on_msg.o [1]
ON_Device_select        0x000124cc   0x364  Code  Gb  User_on_msg.o [1]
ON_POWER_option         0x0001a158   0x824  Code  Gb  User_power.o [1]
ON_Sound_Mute           0x00010044   0x180  Code  Gb  User_on_msg.o [1]
OSCPUUsage              0x40004a74     0x1  Data  Gb  os_core.o [1]
OSCtxSw                 0x000204f0          Code  Gb  os_cpu_a.o [1]
OSCtxSwCtr              0x400049d0     0x4  Data  Gb  os_core.o [1]
OSDataSize              0x0002b068     0x2  Data  Gb  os_dbg.o [1]
OSDebugEn               0x0002ac3a     0x2  Data  Gb  os_dbg.o [1]
OSDebugInit             0x00028224     0x4  Code  Gb  os_dbg.o [1]
OSEndiannessTest        0x0002affc     0x4  Data  Gb  os_dbg.o [1]
OSEventEn               0x0002b006     0x2  Data  Gb  os_dbg.o [1]
OSEventFreeList         0x40004ea4     0x4  Data  Gb  os_core.o [1]
OSEventMax              0x0002ae76     0x2  Data  Gb  os_dbg.o [1]
OSEventNameSize         0x0002b004     0x2  Data  Gb  os_dbg.o [1]
OSEventSize             0x0002b008     0x2  Data  Gb  os_dbg.o [1]
OSEventTbl              0x40004ea8   0x3c0  Data  Gb  os_core.o [1]
OSEventTblSize          0x0002b00a     0x2  Data  Gb  os_dbg.o [1]
OSFlagEn                0x0002b00c     0x2  Data  Gb  os_dbg.o [1]
OSFlagFreeList          0x40006010     0x4  Data  Gb  os_core.o [1]
OSFlagGrpSize           0x0002b00e     0x2  Data  Gb  os_dbg.o [1]
OSFlagMax               0x0002b014     0x2  Data  Gb  os_dbg.o [1]
OSFlagNameSize          0x0002b016     0x2  Data  Gb  os_dbg.o [1]
OSFlagNodeSize          0x0002b010     0x2  Data  Gb  os_dbg.o [1]
OSFlagTbl               0x40005c58    0xc8  Data  Gb  os_core.o [1]
OSFlagWidth             0x0002b012     0x2  Data  Gb  os_dbg.o [1]
OSIdleCtr               0x400049dc     0x4  Data  Gb  os_core.o [1]
OSIdleCtrMax            0x400049d4     0x4  Data  Gb  os_core.o [1]
OSIdleCtrRun            0x400049d8     0x4  Data  Gb  os_core.o [1]
OSInit                  0x000254a4    0x38  Code  Gb  os_core.o [1]
OSIntCtxSw              0x00020554          Code  Gb  os_cpu_a.o [1]
OSIntExit               0x000254dc    0x8c  Code  Gb  os_core.o [1]
OSIntNesting            0x40004a76     0x1  Data  Gb  os_core.o [1]
OSLockNesting           0x40004a77     0x1  Data  Gb  os_core.o [1]
OSLowestPrio            0x0002b018     0x2  Data  Gb  os_dbg.o [1]
OSMboxEn                0x0002b01a     0x2  Data  Gb  os_dbg.o [1]
OSMemCreate             0x00025f44    0xa0  Code  Gb  os_mem.o [1]
OSMemEn                 0x0002b01c     0x2  Data  Gb  os_dbg.o [1]
OSMemFreeList           0x40006014     0x4  Data  Gb  os_core.o [1]
OSMemGet                0x00025fe4    0x5c  Code  Gb  os_mem.o [1]
OSMemMax                0x0002b01e     0x2  Data  Gb  os_dbg.o [1]
OSMemNameSize           0x0002b020     0x2  Data  Gb  os_dbg.o [1]
OSMemPut                0x00026040    0x50  Code  Gb  os_mem.o [1]
OSMemSize               0x0002b022     0x2  Data  Gb  os_dbg.o [1]
OSMemTbl                0x40005d20    0x8c  Data  Gb  os_core.o [1]
OSMemTblSize            0x0002b024     0x2  Data  Gb  os_dbg.o [1]
OSMutexEn               0x0002b026     0x2  Data  Gb  os_dbg.o [1]
OSPrioCur               0x40004a78     0x1  Data  Gb  os_core.o [1]
OSPrioHighRdy           0x40004a79     0x1  Data  Gb  os_core.o [1]
OSPtrSize               0x0002b028     0x2  Data  Gb  os_dbg.o [1]
OSQCreate               0x00022994    0xd4  Code  Gb  os_q.o [1]
OSQEn                   0x0002b02a     0x2  Data  Gb  os_dbg.o [1]
OSQFreeList             0x40006018     0x4  Data  Gb  os_core.o [1]
OSQMax                  0x0002b02c     0x2  Data  Gb  os_dbg.o [1]
OSQPend                 0x00022a68   0x168  Code  Gb  os_q.o [1]
OSQPost                 0x00022bd0    0xc4  Code  Gb  os_q.o [1]
OSQSize                 0x0002b02e     0x2  Data  Gb  os_dbg.o [1]
OSQTbl                  0x40005b68    0xf0  Data  Gb  os_core.o [1]
OSRdyGrp                0x40004a7a     0x1  Data  Gb  os_core.o [1]
OSRdyTbl                0x40004a80     0x4  Data  Gb  os_core.o [1]
OSRdyTblSize            0x0002b030     0x2  Data  Gb  os_dbg.o [1]
OSRunning               0x40004a7b     0x1  Data  Gb  os_core.o [1]
OSSemCreate             0x00024038    0x78  Code  Gb  os_sem.o [1]
OSSemEn                 0x0002b032     0x2  Data  Gb  os_dbg.o [1]
OSSemPend               0x000240b0   0x124  Code  Gb  os_sem.o [1]
OSSemPost               0x000241e4    0x98  Code  Gb  os_sem.o [1]
OSStart                 0x00025568    0x3c  Code  Gb  os_core.o [1]
OSStartHighRdy          0x000204bc          Code  Gb  os_cpu_a.o [1]
OSStatRdy               0x40004a75     0x1  Data  Gb  os_core.o [1]
OSStkWidth              0x0002b034     0x2  Data  Gb  os_dbg.o [1]
OSTCBCur                0x400049e0     0x4  Data  Gb  os_core.o [1]
OSTCBFreeList           0x400049e4     0x4  Data  Gb  os_core.o [1]
OSTCBHighRdy            0x400049e8     0x4  Data  Gb  os_core.o [1]
OSTCBList               0x400049ec     0x4  Data  Gb  os_core.o [1]
OSTCBPrioTbl            0x400049f0    0x80  Data  Gb  os_core.o [1]
OSTCBPrioTblMax         0x0002b04c     0x2  Data  Gb  os_dbg.o [1]
OSTCBSize               0x0002b04e     0x2  Data  Gb  os_dbg.o [1]
OSTCBTbl                0x40004a84   0x420  Data  Gb  os_core.o [1]
OSTaskCreateEn          0x0002b036     0x2  Data  Gb  os_dbg.o [1]
OSTaskCreateExt         0x00028228    0xf0  Code  Gb  os_task.o [1]
OSTaskCreateExtEn       0x0002b038     0x2  Data  Gb  os_dbg.o [1]
OSTaskCtr               0x40004a7c     0x1  Data  Gb  os_core.o [1]
OSTaskDelEn             0x0002b03a     0x2  Data  Gb  os_dbg.o [1]
OSTaskIdleStk           0x40005760   0x200  Data  Gb  os_core.o [1]
OSTaskIdleStkSize       0x0002b03c     0x2  Data  Gb  os_dbg.o [1]
OSTaskMax               0x0002b040     0x2  Data  Gb  os_dbg.o [1]
OSTaskNameSet           0x00028318    0xbc  Code  Gb  os_task.o [1]
OSTaskNameSize          0x0002b042     0x2  Data  Gb  os_dbg.o [1]
OSTaskProfileEn         0x0002b03e     0x2  Data  Gb  os_dbg.o [1]
OSTaskStatEn            0x0002b044     0x2  Data  Gb  os_dbg.o [1]
OSTaskStatStk           0x40005560   0x200  Data  Gb  os_core.o [1]
OSTaskStatStkChkEn      0x0002b048     0x2  Data  Gb  os_dbg.o [1]
OSTaskStatStkSize       0x0002b046     0x2  Data  Gb  os_dbg.o [1]
OSTaskStkChk            0x000283d4    0xb0  Code  Gb  os_task.o [1]
OSTaskStkInit           0x000292b0    0x98  Code  Gb  os_cpu_c.o [1]
OSTaskSwHook            0x00029348     0x4  Code  Gb  os_cpu_c.o [1]
OSTaskSwHookEn          0x0002b04a     0x2  Data  Gb  os_dbg.o [1]
OSTickStepState         0x40004a7d     0x1  Data  Gb  os_core.o [1]
OSTicksPerSec           0x0002b050     0x2  Data  Gb  os_dbg.o [1]
OSTime                  0x40004a70     0x4  Data  Gb  os_core.o [1]
OSTimeDly               0x0001f3e8    0x70  Code  Gb  os_time.o [1]
OSTimeDlyHMSM           0x0001f458    0x84  Code  Gb  os_time.o [1]
OSTimeTick              0x000255a4   0x118  Code  Gb  os_core.o [1]
OSTimeTickHookEn        0x0002b052     0x2  Data  Gb  os_dbg.o [1]
OSTmrCfgMax             0x0002b058     0x2  Data  Gb  os_dbg.o [1]
OSTmrCfgNameSize        0x0002b05a     0x2  Data  Gb  os_dbg.o [1]
OSTmrCfgTicksPerSec     0x0002b05e     0x2  Data  Gb  os_dbg.o [1]
OSTmrCfgWheelSize       0x0002b05c     0x2  Data  Gb  os_dbg.o [1]
OSTmrEn                 0x0002b056     0x2  Data  Gb  os_dbg.o [1]
OSTmrSize               0x0002b060     0x2  Data  Gb  os_dbg.o [1]
OSTmrTblSize            0x0002b062     0x2  Data  Gb  os_dbg.o [1]
OSTmrWheelSize          0x0002b064     0x2  Data  Gb  os_dbg.o [1]
OSTmrWheelTblSize       0x0002b066     0x2  Data  Gb  os_dbg.o [1]
OSUnMapTbl              0x00025e44   0x100  Data  Gb  os_core.o [1]
OSVersionNbr            0x0002b054     0x2  Data  Gb  os_dbg.o [1]
OS_CPU_ARM_ExceptAddrAbortHndlr
                        0x000205e8          Code  Gb  os_cpu_a.o [1]
OS_CPU_ARM_ExceptDataAbortHndlr
                        0x000205d4          Code  Gb  os_cpu_a.o [1]
OS_CPU_ARM_ExceptFiqHndlr
                        0x00020610          Code  Gb  os_cpu_a.o [1]
OS_CPU_ARM_ExceptIrqHndlr
                        0x000205fc          Code  Gb  os_cpu_a.o [1]
OS_CPU_ARM_ExceptPrefetchAbortHndlr
                        0x000205c0          Code  Gb  os_cpu_a.o [1]
OS_CPU_ARM_ExceptResetHndlr
                        0x00020590          Code  Gb  os_cpu_a.o [1]
OS_CPU_ARM_ExceptSwiHndlr
                        0x000205b0          Code  Gb  os_cpu_a.o [1]
OS_CPU_ARM_ExceptUndefInstrHndlr
                        0x000205a0          Code  Gb  os_cpu_a.o [1]
OS_CPU_ExceptHndlr      0x0002395c   0x130  Code  Gb  target.o [1]
OS_CPU_SR_FIQ_Dis       0x0002049c          Code  Gb  os_cpu_a.o [1]
OS_CPU_SR_FIQ_En        0x000204ac          Code  Gb  os_cpu_a.o [1]
OS_CPU_SR_INT_Dis       0x00020458          Code  Gb  os_cpu_a.o [1]
OS_CPU_SR_INT_En        0x00020468          Code  Gb  os_cpu_a.o [1]
OS_CPU_SR_IRQ_Dis       0x0002047c          Code  Gb  os_cpu_a.o [1]
OS_CPU_SR_IRQ_En        0x0002048c          Code  Gb  os_cpu_a.o [1]
OS_CPU_SR_Restore       0x00020450          Code  Gb  os_cpu_a.o [1]
OS_CPU_SR_Save          0x00020440          Code  Gb  os_cpu_a.o [1]
OS_EventTOAbort         0x000257e4    0x58  Code  Gb  os_core.o [1]
OS_EventTaskRdy         0x000256bc    0xb8  Code  Gb  os_core.o [1]
OS_EventTaskWait        0x00025774    0x70  Code  Gb  os_core.o [1]
OS_EventWaitListInit    0x0002583c    0x30  Code  Gb  os_core.o [1]
OS_FlagInit             0x000281a8    0x74  Code  Gb  os_flag.o [1]
OS_InitEventList        0x0002586c    0x74  Code  Lc  os_core.o [1]
OS_InitMisc             0x000258e0    0x30  Code  Lc  os_core.o [1]
OS_InitRdyList          0x00025910    0x40  Code  Lc  os_core.o [1]
OS_InitTCBList          0x00025a10    0x7c  Code  Lc  os_core.o [1]
OS_InitTaskIdle         0x00025950    0x60  Code  Lc  os_core.o [1]
OS_InitTaskStat         0x000259b0    0x60  Code  Lc  os_core.o [1]
OS_MemClr               0x00025a8c    0x20  Code  Gb  os_core.o [1]
OS_MemInit              0x00026090    0x74  Code  Gb  os_mem.o [1]
OS_QInit                0x00022c94    0x5c  Code  Gb  os_q.o [1]
OS_Sched                0x00025aac    0x68  Code  Gb  os_core.o [1]
OS_SchedNew             0x00025b14    0x28  Code  Lc  os_core.o [1]
OS_StrCopy              0x00025b3c    0x34  Code  Gb  os_core.o [1]
OS_StrLen               0x00025b70    0x28  Code  Gb  os_core.o [1]
OS_TCBInit              0x00025cdc   0x14c  Code  Gb  os_core.o [1]
OS_TaskIdle             0x00025b98    0x24  Code  Gb  os_core.o [1]
OS_TaskStat             0x00025bbc    0xac  Code  Gb  os_core.o [1]
OS_TaskStatStkChk       0x00025c68    0x74  Code  Gb  os_core.o [1]
OS_TaskStkClr           0x00028494    0x28  Code  Gb  os_task.o [1]
On_MSG_OPTION           0x00012370    0x6c  Code  Gb  User_on_msg.o [1]
On_MSG_OPTION_AUTOTRACK_OFF
                        0x00010ecc    0x18  Code  Gb  User_on_msg.o [1]
On_MSG_OPTION_AUTOTRACK_ON
                        0x00010eb4    0x18  Code  Gb  User_on_msg.o [1]
On_MSG_OPTION_AUTO_OFF  0x00010c28    0x6c  Code  Gb  User_on_msg.o [1]
On_MSG_OPTION_AUTO_ON   0x00010bb8    0x70  Code  Gb  User_on_msg.o [1]
On_MSG_OPTION_CLASS_BEGIN
                        0x00010470   0x200  Code  Gb  User_on_msg.o [1]
On_MSG_OPTION_CLASS_OVER
                        0x00010670   0x1b4  Code  Gb  User_on_msg.o [1]
On_MSG_OPTION_CODE1_SPEED
                        0x00012f80   0x12c  Code  Gb  User_on_msg.o [1]
On_MSG_OPTION_COMM      0x0001df34    0x64  Code  Gb  User_XCOM.o [1]
On_MSG_OPTION_CardContrl
                        0x00013e6c   0x278  Code  Gb  User_on_msg.o [1]
On_MSG_OPTION_DEBUG     0x000119ec    0x68  Code  Gb  User_on_msg.o [1]
On_MSG_OPTION_DEV_REMOTE_OFF
                        0x00010d8c    0x94  Code  Gb  User_on_msg.o [1]
On_MSG_OPTION_DEV_REMOTE_ON
                        0x00010c94    0x7c  Code  Gb  User_on_msg.o [1]
On_MSG_OPTION_DEV_RESET
                        0x00011a58    0x10  Code  Gb  User_on_msg.o [1]
On_MSG_OPTION_FILE_REQ  0x00011a68    0x44  Code  Gb  User_on_msg.o [1]
On_MSG_OPTION_FILE_SEND
                        0x00011aac    0x68  Code  Gb  User_on_msg.o [1]
On_MSG_OPTION_FRAME     0x00012e50   0x130  Code  Gb  User_on_msg.o [1]
On_MSG_OPTION_HD_OFF    0x00010f2c    0x18  Code  Gb  User_on_msg.o [1]
On_MSG_OPTION_HD_ON     0x00010f14    0x18  Code  Gb  User_on_msg.o [1]
On_MSG_OPTION_HELP_BREAK
                        0x00010b28    0x90  Code  Gb  User_on_msg.o [1]
On_MSG_OPTION_HELP_LINK
                        0x00010ab4    0x74  Code  Gb  User_on_msg.o [1]
On_MSG_OPTION_HELP_OFF  0x000108bc    0x94  Code  Gb  User_on_msg.o [1]
On_MSG_OPTION_HELP_ON   0x00010824    0x98  Code  Gb  User_on_msg.o [1]
On_MSG_OPTION_HELP_TEST
                        0x00010a14    0x2c  Code  Gb  User_on_msg.o [1]
On_MSG_OPTION_IO_TEST   0x00013b8c   0x230  Code  Gb  User_on_msg.o [1]
On_MSG_OPTION_IPPlay    0x00010a40    0x74  Code  Gb  User_on_msg.o [1]
On_MSG_OPTION_IP_DPlay  0x00010950    0x74  Code  Gb  User_on_msg.o [1]
On_MSG_OPTION_LEDContrl
                        0x00013dc8    0x3c  Code  Gb  User_on_msg.o [1]
On_MSG_OPTION_LMT_ReqStatus
                        0x000134ec    0xe8  Code  Gb  User_on_msg.o [1]
On_MSG_OPTION_METRIC    0x00012d1c   0x130  Code  Gb  User_on_msg.o [1]
On_MSG_OPTION_MSG_RUN   0x000101c4   0x290  Code  Gb  User_on_msg.o [1]
On_MSG_OPTION_PERSONAL_TALL
                        0x000130ac   0x13c  Code  Gb  User_on_msg.o [1]
On_MSG_OPTION_POWER     0x00010454    0x1c  Code  Gb  User_on_msg.o [1]
On_MSG_OPTION_POWERCARD_ONOFF
                        0x0001a990   0x4f4  Code  Gb  User_power.o [1]
On_MSG_OPTION_RECORD    0x00012bc0   0x15c  Code  Gb  User_on_msg.o [1]
On_MSG_OPTION_REC_Contrl
                        0x00013390   0x15c  Code  Gb  User_on_msg.o [1]
On_MSG_OPTION_REC_REMOTE_OFF
                        0x00010e20    0x94  Code  Gb  User_on_msg.o [1]
On_MSG_OPTION_REC_REMOTE_ON
                        0x00010d10    0x7c  Code  Gb  User_on_msg.o [1]
On_MSG_OPTION_SCAMERA   0x000135e4   0x4a4  Code  Gb  User_on_msg.o [1]
On_MSG_OPTION_SCAMERA_CONTRL
                        0x00010f7c   0xa6c  Code  Gb  User_on_msg.o [1]
On_MSG_OPTION_SELECT_SCAMERA
                        0x000131e8   0x1a4  Code  Gb  User_on_msg.o [1]
On_MSG_OPTION_SERVER_FILE_SEND
                        0x00011b14   0x168  Code  Gb  User_on_msg.o [1]
On_MSG_OPTION_SEVER_ACK
                        0x00011c7c    0x8c  Code  Gb  User_on_msg.o [1]
On_MSG_OPTION_SOUND_SELECT
                        0x00013a94    0x14  Code  Gb  User_on_msg.o [1]
On_MSG_OPTION_SOUND_VOL
                        0x00013aa8    0x3c  Code  Gb  User_on_msg.o [1]
On_MSG_OPTION_STATUS_CHANGE
                        0x00011d08   0x188  Code  Gb  User_on_msg.o [1]
On_MSG_OPTION_STRATEGY_OFF
                        0x00010efc    0x18  Code  Gb  User_on_msg.o [1]
On_MSG_OPTION_STRATEGY_ON
                        0x00010ee4    0x18  Code  Gb  User_on_msg.o [1]
On_MSG_OPTION_SVRLINK_REQ
                        0x00011eac    0x50  Code  Gb  User_on_msg.o [1]
On_MSG_OPTION_TIMEACTIVE
                        0x00011efc   0x158  Code  Gb  User_on_msg.o [1]
On_MSG_OPTION_TYJ_DIS_VGA
                        0x00013e5c    0x10  Code  Gb  User_on_msg.o [1]
On_MSG_OPTION_VGA_SELECT
                        0x00013b38    0x54  Code  Gb  User_on_msg.o [1]
On_MSG_OPTION_VIDEO_SELECT
                        0x00013ae4    0x54  Code  Gb  User_on_msg.o [1]
On_MSG_OPTION_YY_Teather
                        0x00013e04    0x58  Code  Gb  User_on_msg.o [1]
On_MSG_Power_OPTION     0x000121f0   0x180  Code  Gb  User_on_msg.o [1]
On_MSG_RepeatPower_OPTION
                        0x00012094   0x15c  Code  Gb  User_on_msg.o [1]
Option_init             0x00017b68    0x98  Code  Gb  User_option.o [1]
PAD_ip                  0x40000414     0x4  Data  Gb  User_option.o [1]
PHYID                   0x40006024     0x2  Data  Gb  Hardware_int.o [1]
PINInit                 0x0001f8c4    0x50  Code  Gb  io.o [1]
PLL_Init                0x00023814   0x10c  Code  Lc  target.o [1]
POWER_FLAG              0x40005ffc     0x4  Data  Gb  User_power.o [1]
POWER_FLAG_STATE        0x40006000     0x4  Data  Gb  User_power.o [1]
POWER_Set               0x00019f34   0x114  Code  Gb  User_power.o [1]
POWER_init              0x00019dcc    0xdc  Code  Gb  User_power.o [1]
POWER_msg_rev           0x0001aeac    0x2c  Code  Gb  User_power.o [1]
PT2258Init              0x00015050   0x198  Code  Gb  PT2258.o [1]
Power_Beep              0x0001aed8    0xb8  Code  Gb  User_power.o [1]
Print_MSG_info          0x00019aa0   0x218  Code  Gb  user_debug.o [1]
QXCOM                   0x40005448    0x28  Data  Gb  User_XCOM.o [1]
QXCOM0_Sbuf             0x40005470    0x28  Data  Gb  User_XCOM.o [1]
QXCOM1_Sbuf             0x40005498    0x28  Data  Gb  User_XCOM.o [1]
QXCOM2_Sbuf             0x400054c0    0x28  Data  Gb  User_XCOM.o [1]
QXCOM3_Sbuf             0x400054e8    0x28  Data  Gb  User_XCOM.o [1]
QXCOM4_Sbuf             0x40005510    0x28  Data  Gb  User_XCOM.o [1]
QXCOM5_Sbuf             0x40005538    0x28  Data  Gb  User_XCOM.o [1]
QXCOM_rev               0x40005444     0x4  Data  Gb  User_XCOM.o [1]
REC_ARP_REQ             0x0001b428    0x88  Code  Gb  ARP.o [1]
RF_CARD_Check           0x0001baf8    0xd8  Code  Gb  User_DW.o [1]
RF_card_times           0x40005e84     0x4  Data  Lc  User_DW.o [1]
RTime                   0x40005960     0x8  Data  Gb  RealTime.o [1]
RamToFlash              0x00017720    0x44  Code  Gb  LP2368_FLASH.o [1]
Random                  0x00017a4c    0x54  Code  Gb  User_option.o [1]
Read_PHY                0x000261ec    0x54  Code  Gb  Hardware_int.o [1]
RealTime_Get            0x0002071c    0x64  Code  Gb  RealTime.o [1]
RealTime_Get_Minute     0x00020780    0x20  Code  Gb  RealTime.o [1]
RealTime_IRQ            0x00020818   0x108  Code  Gb  RealTime.o [1]
RealTime_Set            0x000209bc    0x5c  Code  Gb  RealTime.o [1]
RealTime_init           0x00020920    0x84  Code  Gb  RealTime.o [1]
Rec_Packet              0x000264a4    0x7c  Code  Gb  Hardware_int.o [1]
Region$$Table$$Base     0x0002af44           --   Gb  - Linker created -
Region$$Table$$Limit    0x0002af70           --   Gb  - Linker created -
Reset                   0x00023534    0x10  Code  Gb  target.o [1]
Reset_BootLoader        0x00023630    0x10  Code  Gb  target.o [1]
Reset_boot              0x4000601c     0x4  Data  Gb  target.o [1]
Rev                     0x40005fdc     0x8  Data  Gb  io.o [1]
Rtime_IRQFlag           0x000207a0    0x78  Code  Gb  RealTime.o [1]
Run_Send_Flag           0x0001f79c     0xc  Code  Gb  User_Run.o [1]
SAVE_IPAD_ip            0x00018c60    0x20  Code  Gb  User_option.o [1]
SEL                     0x40000408     0x8  Data  Gb  PT2258.o [1]
SOUND_DEVICE_Mute       0x00014774   0x1e8  Code  Gb  PT2258.o [1]
SPI_Init                0x00022608    0x1c  Code  Gb  SC16IS752.o [1]
SPI_read                0x00022648    0x8c  Code  Gb  SC16IS752.o [1]
SPI_send                0x00022624    0x24  Code  Gb  SC16IS752.o [1]
SPI_write               0x000226d4    0x90  Code  Gb  SC16IS752.o [1]
SPI_writeData           0x00022764    0x84  Code  Gb  SC16IS752.o [1]
SVC_STACK$$Base         0x40006328           --   Gb  - Linker created -
SVC_STACK$$Limit        0x40006348           --   Gb  - Linker created -
SelSector               0x000176ec    0x34  Code  Gb  LP2368_FLASH.o [1]
Send_Packet             0x00026378   0x11c  Code  Gb  Hardware_int.o [1]
Send_State              0x0001283c    0xd0  Code  Gb  User_on_msg.o [1]
SetAddress              0x0001d4f8    0x28  Code  Gb  PelcoD.o [1]
SetMacID                0x00026340    0x38  Code  Gb  Hardware_int.o [1]
SetPowerDeltimemsg      0x0001a048    0x54  Code  Gb  User_power.o [1]
SetPrepositionCmd       0x0001dcb8    0x8c  Code  Gb  PelcoD.o [1]
SetVICIRQ               0x00023544    0x38  Code  Gb  target.o [1]
SoundVolumeControl      0x00014134   0x640  Code  Gb  PT2258.o [1]
Sound_Close             0x0001cbc4   0x194  Code  Gb  Use_Sound.o [1]
Sound_Contrl            0x40005dac    0x78  Data  Gb  Use_Sound.o [1]
Sound_Echo_Contrl       0x0001ca90    0x70  Code  Gb  Use_Sound.o [1]
Sound_Get_Play_No       0x0001cd58    0xb0  Code  Gb  Use_Sound.o [1]
Sound_Input_Int         0x0001d028   0x110  Code  Gb  Use_Sound.o [1]
Sound_Open              0x0001cb00    0xc4  Code  Gb  Use_Sound.o [1]
Sound_Play_Int          0x0001cf54    0xac  Code  Gb  Use_Sound.o [1]
Sound_Pointer_Scan      0x0001ced0    0x84  Code  Gb  Use_Sound.o [1]
Sound_Save_PlayData     0x0001ce08    0xc8  Code  Gb  Use_Sound.o [1]
Sound_init              0x0001d138   0x144  Code  Gb  Use_Sound.o [1]
SpiSendData             0x0001495c    0x80  Code  Gb  PT2258.o [1]
SpiSendData1            0x000149dc    0x74  Code  Gb  PT2258.o [1]
StopCmd                 0x0001dba8    0x80  Code  Gb  PelcoD.o [1]
StopFocus               0x0001daf4    0x3c  Code  Gb  PelcoD.o [1]
StopPanTilt             0x0001db6c    0x3c  Code  Gb  PelcoD.o [1]
StopZoom                0x0001db30    0x3c  Code  Gb  PelcoD.o [1]
Str_Cmp                 0x00023410    0xd8  Code  Gb  lib_str.o [1]
Str_Len                 0x000233e4    0x2c  Code  Gb  lib_str.o [1]
Switch_DVI              0x000123dc    0xd4  Code  Gb  User_on_msg.o [1]
Switch_HDMI             0x0001edac    0xb0  Code  Gb  User_XCOM.o [1]
TASK_RUN                0x0001f7a8    0xbc  Code  Gb  User_Run.o [1]
TASK_RUN_stack          0x40003a80   0x4b0  Data  Gb  main.o [1]
TASK_START              0x00029c64   0x340  Code  Gb  main.o [1]
TASK_START_stack        0x40002f90   0x640  Data  Gb  main.o [1]
TASK_TABLE              0x40005a74    0xf4  Data  Gb  User_option.o [1]
TASK_UART               0x0001f298    0xf4  Code  Gb  User_XCOM.o [1]
TASK_UART0Send          0x0001ef9c    0x60  Code  Gb  User_XCOM.o [1]
TASK_UART0Send_stack    0x40003f30   0x190  Data  Gb  main.o [1]
TASK_UART1Send          0x0001effc    0x6c  Code  Gb  User_XCOM.o [1]
TASK_UART1Send_stack    0x400040c0   0x190  Data  Gb  main.o [1]
TASK_UART2Send          0x0001f068    0x60  Code  Gb  User_XCOM.o [1]
TASK_UART2Send_stack    0x40004250   0x190  Data  Gb  main.o [1]
TASK_UART3Send          0x0001f0c8    0x60  Code  Gb  User_XCOM.o [1]
TASK_UART3Send_stack    0x400043e0   0x190  Data  Gb  main.o [1]
TASK_UART4Send          0x0001f128    0xbc  Code  Gb  User_XCOM.o [1]
TASK_UART4Send_stack    0x40004570   0x190  Data  Gb  main.o [1]
TASK_UART5Send          0x0001f1e4    0xb4  Code  Gb  User_XCOM.o [1]
TASK_UART5Send_stack    0x40004700   0x2d0  Data  Gb  main.o [1]
TASK_UART_stack         0x400035d0   0x4b0  Data  Gb  main.o [1]
TB_REC_UnFreez          0x00021d1c    0x78  Code  Gb  User_TB.o [1]
TB_ReadVer              0x00021bbc    0x3c  Code  Gb  User_TB.o [1]
TB_Read_Csingle         0x00021bf8    0x40  Code  Gb  User_TB.o [1]
TB_Read_state           0x00021c38    0x40  Code  Gb  User_TB.o [1]
TB_SelectAV             0x00021cc8    0x4c  Code  Gb  User_TB.o [1]
TB_SelectVGA            0x00021c78    0x50  Code  Gb  User_TB.o [1]
TB_SingleChage          0x00021b9c    0x20  Code  Gb  User_TB.o [1]
TB_init                 0x00021da0   0x174  Code  Gb  User_TB.o [1]
TMS320AIC23_Reg_Write   0x0001d334    0x8c  Code  Gb  TMS320AIC23.o [1]
TMS320AIC23_Set_Vol     0x0001d3c0    0xa8  Code  Gb  TMS320AIC23.o [1]
TMS320AIC23_init        0x0001d468    0x90  Code  Gb  TMS320AIC23.o [1]
TargetInit              0x000235f0    0x40  Code  Gb  target.o [1]
TargetResetInit         0x00023920    0x3c  Code  Gb  target.o [1]
Task_Rec_Del            0x00018928    0xd4  Code  Gb  User_option.o [1]
Task_Rec_Find           0x000189fc    0x84  Code  Gb  User_option.o [1]
Task_Run_Delay          0x00018a88    0xec  Code  Gb  User_option.o [1]
Timer2Init              0x00023590    0x60  Code  Gb  target.o [1]
Timer2_Exception        0x0002357c    0x14  Code  Gb  target.o [1]
Timer3Init              0x0001fa38    0x48  Code  Gb  io.o [1]
Timer3_Exception        0x0001fa80    0x38  Code  Gb  io.o [1]
TurnDownCmd             0x0001d6f8    0x90  Code  Gb  PelcoD.o [1]
TurnLeftCmd             0x0001d5e0    0x8c  Code  Gb  PelcoD.o [1]
TurnLeftDownCmd         0x0001d950    0x8c  Code  Gb  PelcoD.o [1]
TurnLeftUpCmd           0x0001d8c8    0x88  Code  Gb  PelcoD.o [1]
TurnRightCmd            0x0001d554    0x8c  Code  Gb  PelcoD.o [1]
TurnRightDownCmd        0x0001da68    0x8c  Code  Gb  PelcoD.o [1]
TurnRightUpCmd          0x0001d9dc    0x8c  Code  Gb  PelcoD.o [1]
TurnUpCmd               0x0001d66c    0x8c  Code  Gb  PelcoD.o [1]
UART0_Exception         0x000252f8    0x4c  Code  Gb  uart.o [1]
UART1_Exception         0x00025344    0x4c  Code  Gb  uart.o [1]
UART2_Exception         0x00025390    0x4c  Code  Gb  uart.o [1]
UART3_Exception         0x000253dc    0x4c  Code  Gb  uart.o [1]
UART_REV                0x00024f50   0x27c  Code  Gb  uart.o [1]
UART_Send_Data          0x00024708   0x5c8  Code  Gb  uart.o [1]
UART_Write              0x0001eee0    0xbc  Code  Gb  User_XCOM.o [1]
UART_init               0x0002542c    0x70  Code  Gb  uart.o [1]
UART_printf             0x000197e0    0x80  Code  Gb  user_debug.o [1]
UART_set_bps            0x000245b4   0x154  Code  Gb  uart.o [1]
UDP_ReceivePacket       0x00023c04   0x1ac  Code  Gb  Udp.o [1]
UDP_Send_ACK            0x0001b884    0xb0  Code  Gb  User_udp.o [1]
UDP_Send_CMD            0x0001b690   0x1f4  Code  Gb  User_udp.o [1]
UDP_msg_rev             0x0001b934    0xd4  Code  Gb  User_udp.o [1]
UND_STACK$$Base         0x40006658           --   Gb  - Linker created -
UND_STACK$$Limit        0x40006668           --   Gb  - Linker created -
Udp_SendPacked          0x00023db4   0x108  Code  Gb  Udp.o [1]
User_ID_Read            0x00017e50   0x160  Code  Gb  User_option.o [1]
User_Option             0x00018ca0   0x934  Code  Gb  User_option.o [1]
User_mem_allco          0x0002029c    0x90  Code  Gb  user_mem.o [1]
User_mem_free           0x0002032c    0x94  Code  Gb  user_mem.o [1]
User_mem_init           0x00020254    0x48  Code  Gb  user_mem.o [1]
VGACD22M3494Reset       0x00021070   0x12c  Code  Gb  CD22M3494.o [1]
VGA_BUF                 0x40005fd0     0xc  Data  Gb  CD22M3494.o [1]
VGA_Select              0x000211d8   0x6dc  Code  Gb  CD22M3494.o [1]
VIC_Init                0x000234e8    0x4c  Code  Gb  target.o [1]
ViscaCount              0x40006026     0x1  Data  Lc  User_on_msg.o [1]
Write_PHY               0x000261a8    0x44  Code  Gb  Hardware_int.o [1]
XCOM_DEV_Read           0x00024d4c   0x1d0  Code  Gb  uart.o [1]
XCOM_DW                 0x0001e3f4    0x94  Code  Gb  User_XCOM.o [1]
XCOM_Data_Read          0x0001e0e8    0xd4  Code  Gb  User_XCOM.o [1]
XCOM_Data_send          0x0001df98   0x150  Code  Gb  User_XCOM.o [1]
XCOM_HDMI               0x0001ed74    0x34  Code  Gb  User_XCOM.o [1]
XCOM_MB                 0x0001e488    0xc4  Code  Gb  User_XCOM.o [1]
XCOM_PORT               0x40005268   0x1dc  Data  Gb  User_XCOM.o [1]
XCOM_Q_Send             0x0001ee5c    0x84  Code  Gb  User_XCOM.o [1]
XCOM_SCAMERA            0x0001e54c   0x408  Code  Gb  User_XCOM.o [1]
XCOM_SCAMERA1           0x0001e954   0x420  Code  Gb  User_XCOM.o [1]
XCOM_Send_ACK           0x0001e384    0x70  Code  Gb  User_XCOM.o [1]
XCOM_Wait_Ack           0x0001debc    0x3c  Code  Gb  User_XCOM.o [1]
XCOM_init               0x0001e208   0x17c  Code  Gb  User_XCOM.o [1]
Xcom_set                0x0001e1bc    0x4c  Code  Gb  User_XCOM.o [1]
Xcom_sum                0x0001def8    0x3c  Code  Gb  User_XCOM.o [1]
ZoomInCmd               0x0001d788    0xa0  Code  Gb  PelcoD.o [1]
ZoomOutCmd              0x0001d828    0xa0  Code  Gb  PelcoD.o [1]
_GenldFull              0x00027d30   0x3d4  Code  Lc  xprintffull.o [3]
_LdtobFull              0x00027668   0x6bc  Code  Lc  xprintffull.o [3]
_LitobFull              0x000274b0   0x1b8  Code  Lc  xprintffull.o [3]
_PrintfFull             0x00026aa8   0x940  Code  Gb  xprintffull.o [3]
_PutcharsFull           0x00028104    0x60  Code  Lc  xprintffull.o [3]
_SProut                 0x0002afc8    0x14  Code  Gb  xsprout.o [3]
__aeabi_cdcmple         0x000287fc          Code  Gb  DblCmpLe.o [4]
__aeabi_cdrcmple        0x00028834          Code  Gb  DblCmpGe.o [4]
__aeabi_d2iz            0x00028a4c          Code  Gb  DblToS32.o [4]
__aeabi_d2uiz           0x0002922c          Code  Gb  DblToU32.o [4]
__aeabi_ddiv            0x00028ef4          Code  Gb  DblDiv.o [4]
__aeabi_dmul            0x00028cfc          Code  Gb  DblMul.o [4]
__aeabi_dsub            0x00028b0c          Code  Gb  DblSub.o [4]
__aeabi_i2d             0x00028aac          Code  Gb  S32ToDbl.o [4]
__aeabi_idiv            0x00021f50          Code  Gb  I32DivMod.o [5]
__aeabi_idiv0           0x0002610c          Code  Gb  IntDivZer.o [5]
__aeabi_idivmod         0x00021f50          Code  Gb  I32DivMod.o [5]
__aeabi_ldiv0           0x0002937c          Code  Gb  I64DivZer.o [5]
__aeabi_memclr4         0x00021f48          Code  Gb  ABImemclr4.o [5]
__aeabi_memcpy          0x000177e8          Code  Gb  ABImemcpy.o [5]
__aeabi_memcpy4         0x0001780c          Code  Gb  ABImemcpy.o [5]
__aeabi_memcpy8         0x0001780c          Code  Gb  ABImemcpy.o [5]
__aeabi_memset          0x000203c4          Code  Gb  ABImemset.o [5]
__aeabi_memset4         0x0001ca48          Code  Gb  ABImemset48.o [5]
__aeabi_memset8         0x0001ca48          Code  Gb  ABImemset48.o [5]
__aeabi_ui2d            0x00029268          Code  Gb  U32ToDbl.o [4]
__aeabi_uidiv           0x00021f80          Code  Gb  I32DivMod.o [5]
__aeabi_uidivmod        0x00021f80          Code  Gb  I32DivMod.o [5]
__aeabi_uldivmod        0x000286ac          Code  Gb  I64DivMod.o [5]
__cmain                 0x0002aeb4          Code  Gb  cmain.o [5]
__exit                  0x0002ac48          Code  Gb  XXexit.o [5]
__iar_Dnorm             0x00028780    0x7c  Code  Gb  xdnorm.o [4]
__iar_Dscale            0x0002886c   0x1e0  Code  Gb  xdscale.o [4]
__iar_Memchr            0x00028618          Code  Gb  memchr.o [5]
__iar_Memset            0x000203c4          Code  Gb  ABImemset.o [5]
__iar_Memset4_word      0x0001ca54          Code  Gb  ABImemset48.o [5]
__iar_Memset8_word      0x0001ca54          Code  Gb  ABImemset48.o [5]
__iar_Memset_word       0x000203d0          Code  Gb  ABImemset.o [5]
__iar_Strchr            0x000285f8          Code  Gb  strchr.o [5]
__iar_dadd              0x00029380          Code  Gb  DblAdd.o [4]
__iar_data_init3        0x0002ae45    0x30  Code  Gb  data_init.o [5]
__iar_dsub              0x00028b1c          Code  Gb  DblSub.o [4]
__iar_dsubStart         0x00028b3c          Code  Gb  DblSub.o [4]
__iar_i2d               0x00028ac0          Code  Gb  S32ToDbl.o [4]
__iar_packbits_init3    0x0002ab7f    0xbc  Code  Gb  packbits_init.o [5]
__iar_program_start     0x0002ad2c          Code  Gb  cstartup.o [1]
__iar_zero_init3        0x0002817f    0x2a  Code  Gb  zero_init3.o [5]
__mem256                0x40000420  0x1400  Data  Gb  user_mem.o [1]
__mem512                0x40001820  0x1770  Data  Gb  user_mem.o [1]
__pm256                 0x40000418     0x4  Data  Gb  user_mem.o [1]
__pm512                 0x4000041c     0x4  Data  Gb  user_mem.o [1]
__vector                0x00010000          Code  Gb  cstartup.o [1]
_call_main              0x0002aec8          Code  Gb  cmain.o [5]
_exit                   0x0002aee4          Code  Gb  cexit.o [5]
_main                   0x0002aed0          Code  Gb  cmain.o [5]
abort                   0x0002ac40     0x8  Code  Gb  abort.o [3]
aic23_delay             0x0001d310    0x24  Code  Gb  TMS320AIC23.o [1]
baktime                 0x40005968     0x8  Data  Gb  RealTime.o [1]
buf                     0x40005fe4     0x4  Data  Gb  io.o [1]
def_classname           0x0002a86c    0x10  Data  Gb  User_option.o [1]
def_gateip              0x0002a8a4     0x4  Data  Gb  User_option.o [1]
def_housename           0x0002a890     0xc  Data  Gb  User_option.o [1]
def_ip                  0x0002a89c     0x4  Data  Gb  User_option.o [1]
def_mark                0x0002a8a0     0x4  Data  Gb  User_option.o [1]
def_schoolname          0x0002a87c    0x14  Data  Gb  User_option.o [1]
div                     0x00029278    0x38  Code  Gb  div.o [3]
exit                    0x0002aee0     0x4  Code  Gb  exit.o [3]
gClassT                 0x40005970   0x104  Data  Gb  RealTime.o [1]
gDCS                    0x400000c4     0x4  Data  Gb  User_option.o [1]
gDeviceStatus           0x40000040    0x48  Data  Gb  User_option.o [1]
gDeviceTable            0x40000088    0x38  Data  Gb  User_option.o [1]
gLMT_Power              0x40005f9c     0x8  Data  Gb  User_Run.o [1]
gPC_power               0x40005fa4     0x8  Data  Gb  User_Run.o [1]
gRF                     0x40005e24    0x1c  Data  Gb  User_DW.o [1]
gRFIC                   0x40005e40    0x44  Data  Gb  User_DW.o [1]
gSYS_Fcclk              0x40005ff4     0x4  Data  Gb  target.o [1]
gSYS_Fpclk              0x40005ff8     0x4  Data  Gb  target.o [1]
gStat_Rec               0x40000124   0x14c  Data  Gb  User_option.o [1]
gTB_State               0x40005fe8     0xc  Data  Gb  User_TB.o [1]
gTB_VGAChage            0x0002afec     0x8  Data  Gb  User_TB.o [1]
gTB_VideoChage          0x0002aff4     0x8  Data  Gb  User_TB.o [1]
gYXJ                    0x40005e88     0x4  Data  Gb  User_DW.o [1]
key_init                0x000156cc   0x2c8  Code  Gb  Use_key.o [1]
key_msg_rev             0x000174e0    0xa4  Code  Gb  Use_key.o [1]
main                    0x00029b38   0x12c  Code  Gb  main.o [1]
memchr                  0x00028618          Code  Gb  memchr.o [5]
mic_play_add            0x0001d000    0x28  Code  Gb  Use_Sound.o [1]
on_MSG_OPTION_IP_HPVol  0x000109ec    0x28  Code  Gb  User_on_msg.o [1]
on_MSG_OPTION_IP_MICVol
                        0x000109c4    0x28  Code  Gb  User_on_msg.o [1]
on_MSG_OPTION_TB_ReqStatus
                        0x0001410c    0x14  Code  Gb  User_on_msg.o [1]
pDGB_XCOM               0x40006020     0x4  Data  Gb  user_debug.o [1]
pPelcodData             0x40005f94     0x8  Data  Gb  PelcoD.o [1]
pViscaData              0x40005f88     0xc  Data  Gb  PelcoD.o [1]
paramin                 0x40005ed4    0x20  Data  Gb  LP2368_FLASH.o [1]
paramout                0x40005ef8    0x20  Data  Gb  LP2368_FLASH.o [1]
power_ostr              0x0002a9a4    0x20  Data  Gb  User_power.o [1]
power_str               0x0002a9c4    0x84  Data  Gb  User_power.o [1]
set_IS752_bps           0x000228a4    0xf0  Code  Gb  SC16IS752.o [1]
strchr                  0x000285f8          Code  Gb  strchr.o [5]
strcpy                  0x00022d08          Code  Gb  strcpy.o [5]
strlen                  0x00023f08          Code  Gb  strlen.o [5]
sum_check               0x00024f1c    0x34  Code  Gb  uart.o [1]
swap_int16              0x000266f0    0x14  Code  Gb  Hardware_int.o [1]
tyjcounterFlagOFF       0x4000600f     0x1  Data  Gb  io.o [1]
tyjcounterFlagON        0x4000600e     0x1  Data  Gb  io.o [1]
tyjcounterOFF           0x4000600d     0x1  Data  Gb  io.o [1]
tyjcounterON            0x4000600c     0x1  Data  Gb  io.o [1]
uart_Debug_init         0x0001975c    0x5c  Code  Gb  user_debug.o [1]
vsprintf                0x00023ebc    0x4c  Code  Gb  vsprintf.o [3]


[1] = F:\code\YTJ\一体机\bp\EvalBoards\NXP\MCB2300\IAR\LSZHV20\Release\Obj
[2] = command line
[3] = dl4t_aln.a
[4] = m4t_al.a
[5] = rt4t_al.a

  105 480 bytes of readonly  code memory
    5 257 bytes of readonly  data memory
   26 535 bytes of readwrite data memory

Errors: none
Warnings: none
