ARM Linker, RVCT4.0 [Build 524] for uVision [Standard]

==============================================================================

Section Cross References

    main.o(.text) refers to user_debug.o(.text) for UART_printf
    main.o(.text) refers to target.o(.text) for TargetInit
    main.o(.text) refers to cd22m3494.o(.text) for AVCD22M3494Reset
    main.o(.text) refers to user_mem.o(.text) for User_mem_init
    main.o(.text) refers to user_option.o(.text) for Option_init
    main.o(.text) refers to hardware_int.o(.text) for InitNet
    main.o(.text) refers to arp.o(.text) for Initial_arp
    main.o(.text) refers to io.o(.text) for IO_FlagLingt_Flash
    main.o(.text) refers to user_xcom.o(.text) for XCOM_init
    main.o(.text) refers to os_task.o(.text) for OSTaskCreateExt
    main.o(.text) refers to use_key.o(.text) for key_init
    main.o(.text) refers to pt2258.o(.text) for PT2258Init
    main.o(.text) refers to hw.o(.text) for HW_init
    main.o(.text) refers to user_power.o(.text) for POWER_init
    main.o(.text) refers to os_core.o(.text) for OSInit
    main.o(.text) refers to main.o(.bss) for TASK_UART_stack
    vectors.o(VECT) refers to init.o(INIT) for ResetHndlr
    vectors.o(VECT) refers to os_cpu_a.o(CODE) for OS_CPU_ARM_ExceptUndefInstrHndlr
    init.o(INIT) refers to __main.o(!!!main) for __main
    target.o(.text) refers to os_core.o(.text) for OSTimeTick
    target.o(.text) refers to io.o(.text) for PINInit
    target.o(.text) refers to sc16is752.o(.text) for SPI_Init
    target.o(.text) refers to i2c0int.o(.text) for I2c0Init
    target.o(.text) refers to i2c1int.o(.text) for I2c1Init
    target.o(.text) refers to aeabi_sdiv.o(.text_udiv) for __aeabi_uidivmod
    target.o(.text) refers to cpu_a.o(_CPU_A_CODE_) for CPU_SR_Save
    target.o(.text) refers to user_debug.o(.text) for uart_Debug_init
    target.o(.text) refers to target.o(.data) for Reset_boot
    hw.o(.text) refers to user_mem.o(.text) for User_mem_allco
    hw.o(.text) refers to user_option.o(.text) for Get_Debug
    hw.o(.text) refers to user_debug.o(.text) for IP_printf
    hw.o(.text) refers to os_cpu_a.o(CODE) for OS_CPU_SR_Save
    hw.o(.text) refers to user_udp.o(.text) for UDP_Send_CMD
    hw.o(.text) refers to io.o(.text) for IO_FlagLingt_Flash
    hw.o(.text) refers to hw.o(.bss) for HW_DEVICE
    hw.o(.text) refers to aeabi_sdiv.o(.text) for __aeabi_idivmod
    hw.o(.text) refers to rt_memclr_w.o(.text) for __aeabi_memclr4
    i2c0int.o(.text) refers to io.o(.text) for IO_FlagLingt_Flash
    i2c0int.o(.text) refers to aeabi_sdiv.o(.text_udiv) for __aeabi_uidivmod
    i2c0int.o(.text) refers to target.o(.text) for SetVICIRQ
    i2c0int.o(.text) refers to i2c0int.o(.data) for I2C_sla
    i2c1int.o(.text) refers to io.o(.text) for IO_FlagLingt_Flash
    i2c1int.o(.text) refers to aeabi_sdiv.o(.text_udiv) for __aeabi_uidivmod
    i2c1int.o(.text) refers to target.o(.text) for SetVICIRQ
    i2c1int.o(.text) refers to i2c1int.o(.data) for I2C1_sla
    dma.o(.text) refers to aeabi_sdiv.o(.text_udiv) for __aeabi_uidivmod
    dma.o(.text) refers to use_sound.o(.text) for Sound_Play_Int
    dma.o(.text) refers to rt_memclr_w.o(.text) for __aeabi_memclr4
    dma.o(.text) refers to target.o(.text) for SetVICIRQ
    tms320aic23.o(.text) refers to os_cpu_a.o(CODE) for OS_CPU_SR_Save
    tms320aic23.o(.text) refers to io.o(.text) for IO_Out
    tms320aic23.o(.text) refers to sc16is752.o(.text) for SPI_send
    tms320aic23.o(.text) refers to aeabi_sdiv.o(.text) for __aeabi_idivmod
    use_sound.o(.text) refers to rt_memcpy.o(.text) for __aeabi_memcpy
    use_sound.o(.text) refers to user_debug.o(.text) for IP_printf
    use_sound.o(.text) refers to arp.o(.text) for IP_Compare
    use_sound.o(.text) refers to use_sound.o(.bss) for Sound_Contrl
    use_sound.o(.text) refers to aeabi_sdiv.o(.text) for __aeabi_idivmod
    use_sound.o(.text) refers to dma.o(.text) for DMA_Get_Play_Pointer
    use_sound.o(.text) refers to udp.o(.text) for Udp_SendPacked
    use_sound.o(.text) refers to rt_memclr.o(.text) for __aeabi_memclr
    use_sound.o(.text) refers to tms320aic23.o(.text) for TMS320AIC23_init
    use_sound.o(.text) refers to i2s.o(.text) for I2SInit
    use_sound.o(.text) refers to io.o(.text) for IO_FlagLingt_Flash
    io.o(.text) refers to user_option.o(.text) for Get_Device_Status
    io.o(.text) refers to use_key.o(.text) for Key_TB_state
    io.o(.text) refers to os_time.o(.text) for OSTimeDly
    io.o(.text) refers to user_option.o(.bss) for gDeviceTable
    io.o(.text) refers to io.o(.data) for tyjcounterFlagOFF
    io.o(.text) refers to user_power.o(.data) for POWER_FLAG_STATE
    cd22m3494.o(.text) refers to pt2258.o(.text) for SpiSendData
    cd22m3494.o(.text) refers to cd22m3494.o(.data) for BakAVYAdd
    cd22m3494.o(.text) refers to pt2258.o(.data) for SEL
    cd22m3494.o(.text) refers to cd22m3494.o(.bss) for DEVICE_LINK
    pt2258.o(.text) refers to aeabi_sdiv.o(.text) for __aeabi_idivmod
[...]
    swap_int16                               0x00007b00   ARM Code      36  hardware_int.o(.text)
    swap_int32                               0x00007b24   ARM Code      56  hardware_int.o(.text)
    Char2ToInt16                             0x00007b5c   ARM Code      36  hardware_int.o(.text)
    Char4ToInt32                             0x00007b80   ARM Code      52  hardware_int.o(.text)
    CreateIpHeadCrc                          0x00007bec   ARM Code     132  ip.o(.text)
    IP_SendFrame                             0x00007c70   ARM Code     772  ip.o(.text)
    IP_ReceivePacket                         0x00007f74   ARM Code     152  ip.o(.text)
    CreateIcmpCrc                            0x00008014   ARM Code     128  icmp.o(.text)
    CreateIcmpCrc1                           0x00008094   ARM Code     128  icmp.o(.text)
    ICMP_ReceivePacket                       0x00008114   ARM Code     276  icmp.o(.text)
    Ping_Precess                             0x00008228   ARM Code     160  icmp.o(.text)
    CheckSumUdp                              0x000082d0   ARM Code     132  udp.o(.text)
    UDP_ReceivePacket                        0x00008354   ARM Code     348  udp.o(.text)
    Udp_SendPacked                           0x000084b0   ARM Code     272  udp.o(.text)
    UART_set_bps                             0x000085cc   ARM Code     488  uart.o(.text)
    UART_PutChar                             0x000087b4   ARM Code     160  uart.o(.text)
    UART_PutString                           0x00008854   ARM Code      48  uart.o(.text)
    UART_Send_Data                           0x00008884   ARM Code     168  uart.o(.text)
    EINT1_Exception                          0x0000892c   ARM Code     664  uart.o(.text)
    UART0_Exception                          0x00008bc4   ARM Code     268  uart.o(.text)
    UART1_Exception                          0x00008cd0   ARM Code     268  uart.o(.text)
    UART2_Exception                          0x00008ddc   ARM Code     312  uart.o(.text)
    UART3_Exception                          0x00008f14   ARM Code     268  uart.o(.text)
    UART_init                                0x00009020   ARM Code     116  uart.o(.text)
    OSInitHookBegin                          0x000090c0   ARM Code       4  os_cpu_c.o(.text)
    OSInitHookEnd                            0x000090c4   ARM Code       4  os_cpu_c.o(.text)
    OSTaskCreateHook                         0x000090c8   ARM Code       4  os_cpu_c.o(.text)
    OSTaskDelHook                            0x000090cc   ARM Code       4  os_cpu_c.o(.text)
    OSTaskIdleHook                           0x000090d0   ARM Code       4  os_cpu_c.o(.text)
    OSTaskStatHook                           0x000090d4   ARM Code       4  os_cpu_c.o(.text)
    OSTaskStkInit                            0x000090d8   ARM Code     296  os_cpu_c.o(.text)
    OSTaskSwHook                             0x00009200   ARM Code       4  os_cpu_c.o(.text)
    OSTCBInitHook                            0x00009204   ARM Code       4  os_cpu_c.o(.text)
    OSTimeTickHook                           0x00009208   ARM Code       4  os_cpu_c.o(.text)
    OS_CPU_InitExceptVect                    0x0000920c   ARM Code     120  os_cpu_c.o(.text)
    OSDebugInit                              0x000092b8   ARM Code     188  os_dbg.o(.text)
    OS_StrCopy                               0x00009428   ARM Code      52  os_core.o(.text)
    OSEventNameGet                           0x0000945c   ARM Code     188  os_core.o(.text)
    OS_StrLen                                0x00009518   ARM Code      40  os_core.o(.text)
    OSEventNameSet                           0x00009540   ARM Code     212  os_core.o(.text)
    OS_TaskStatStkChk                        0x00009614   ARM Code     108  os_core.o(.text)
    OS_TaskStat                              0x00009680   ARM Code     236  os_core.o(.text)
    OS_TaskIdle                              0x000097c0   ARM Code      56  os_core.o(.text)
    OS_MemClr                                0x0000984c   ARM Code      36  os_core.o(.text)
    OSInit                                   0x00009a90   ARM Code      60  os_core.o(.text)
    OSIntEnter                               0x00009acc   ARM Code      56  os_core.o(.text)
    OSIntExit                                0x00009b34   ARM Code     216  os_core.o(.text)
    OSSchedLock                              0x00009c0c   ARM Code     100  os_core.o(.text)
    OS_Sched                                 0x00009c70   ARM Code     164  os_core.o(.text)
    OSSchedUnlock                            0x00009d14   ARM Code     156  os_core.o(.text)
    OSStart                                  0x00009db0   ARM Code      92  os_core.o(.text)
    OSStatInit                               0x00009e0c   ARM Code     104  os_core.o(.text)
    OSTimeTick                               0x00009e74   ARM Code     388  os_core.o(.text)
    OSVersion                                0x00009ff8   ARM Code       8  os_core.o(.text)
    OS_Dummy                                 0x0000a000   ARM Code       4  os_core.o(.text)
    OS_EventTaskRdy                          0x0000a004   ARM Code     212  os_core.o(.text)
    OS_EventTaskWait                         0x0000a0d8   ARM Code     188  os_core.o(.text)
    OS_EventTOAbort                          0x0000a194   ARM Code     128  os_core.o(.text)
    OS_EventWaitListInit                     0x0000a214   ARM Code      48  os_core.o(.text)
    OS_MemCopy                               0x0000a244   ARM Code      36  os_core.o(.text)
    OS_TCBInit                               0x0000a268   ARM Code     424  os_core.o(.text)
    OSFlagAccept                             0x0000a448   ARM Code     432  os_flag.o(.text)
    OSFlagCreate                             0x0000a5f8   ARM Code     172  os_flag.o(.text)
    OS_FlagUnlink                            0x0000a6a4   ARM Code      84  os_flag.o(.text)
    OSFlagDel                                0x0000a78c   ARM Code     404  os_flag.o(.text)
    OSFlagNameGet                            0x0000a920   ARM Code     140  os_flag.o(.text)
    OSFlagNameSet                            0x0000a9ac   ARM Code     164  os_flag.o(.text)
    OSFlagPend                               0x0000ab3c   ARM Code    1016  os_flag.o(.text)
    OSFlagPendGetFlagsRdy                    0x0000af34   ARM Code      48  os_flag.o(.text)
    OSFlagPost                               0x0000af64   ARM Code     548  os_flag.o(.text)
    OSFlagQuery                              0x0000b188   ARM Code      84  os_flag.o(.text)
    OS_FlagInit                              0x0000b1dc   ARM Code     132  os_flag.o(.text)
    OSMboxAccept                             0x0000b27c   ARM Code      72  os_mbox.o(.text)
    OSMboxCreate                             0x0000b2c4   ARM Code     156  os_mbox.o(.text)
    OSMboxDel                                0x0000b360   ARM Code     408  os_mbox.o(.text)
    OSMboxPend                               0x0000b4f8   ARM Code     436  os_mbox.o(.text)
    OSMboxPendAbort                          0x0000b6ac   ARM Code     232  os_mbox.o(.text)
    OSMboxPost                               0x0000b794   ARM Code     148  os_mbox.o(.text)
    OSMboxPostOpt                            0x0000b828   ARM Code     208  os_mbox.o(.text)
    OSMboxQuery                              0x0000b8f8   ARM Code     120  os_mbox.o(.text)
    OSMemCreate                              0x0000b980   ARM Code     196  os_mem.o(.text)
    OSMemGet                                 0x0000ba44   ARM Code     112  os_mem.o(.text)
    OSMemNameGet                             0x0000bab4   ARM Code     104  os_mem.o(.text)
    OSMemNameSet                             0x0000bb1c   ARM Code     132  os_mem.o(.text)
    OSMemPut                                 0x0000bba0   ARM Code     100  os_mem.o(.text)
    OSMemQuery                               0x0000bc04   ARM Code     100  os_mem.o(.text)
    OS_MemInit                               0x0000bc68   ARM Code     128  os_mem.o(.text)
    OSMutexAccept                            0x0000bcf4   ARM Code     244  os_mutex.o(.text)
    OSMutexCreate                            0x0000bde8   ARM Code     256  os_mutex.o(.text)
    OSMutexDel                               0x0000bfac   ARM Code     504  os_mutex.o(.text)
    OSMutexPend                              0x0000c1a4   ARM Code    1008  os_mutex.o(.text)
    OSMutexPost                              0x0000c594   ARM Code     324  os_mutex.o(.text)
    OSMutexQuery                             0x0000c6d8   ARM Code     188  os_mutex.o(.text)
    OSQAccept                                0x0000c7b0   ARM Code     164  os_q.o(.text)
    OSQCreate                                0x0000c854   ARM Code     276  os_q.o(.text)
    OSQDel                                   0x0000c968   ARM Code     464  os_q.o(.text)
    OSQFlush                                 0x0000cb38   ARM Code      68  os_q.o(.text)
    OSQPend                                  0x0000cb7c   ARM Code     456  os_q.o(.text)
    OSQPendAbort                             0x0000cd44   ARM Code     232  os_q.o(.text)
    OSQPost                                  0x0000ce2c   ARM Code     208  os_q.o(.text)
    OSQPostFront                             0x0000cefc   ARM Code     212  os_q.o(.text)
    OSQPostOpt                               0x0000cfd0   ARM Code     324  os_q.o(.text)
    OSQQuery                                 0x0000d114   ARM Code     168  os_q.o(.text)
    OS_QInit                                 0x0000d1bc   ARM Code      88  os_q.o(.text)
    OSTaskChangePrio                         0x0000d22c   ARM Code     492  os_task.o(.text)
    OSTaskCreate                             0x0000d418   ARM Code     248  os_task.o(.text)
    OS_TaskStkClr                            0x0000d510   ARM Code      44  os_task.o(.text)
    OSTaskCreateExt                          0x0000d53c   ARM Code     288  os_task.o(.text)
    OSTaskDel                                0x0000d65c   ARM Code     580  os_task.o(.text)
    OSTaskDelReq                             0x0000d8a0   ARM Code     164  os_task.o(.text)
    OSTaskNameGet                            0x0000d944   ARM Code     196  os_task.o(.text)
    OSTaskNameSet                            0x0000da08   ARM Code     216  os_task.o(.text)
    OSTaskResume                             0x0000dae0   ARM Code     260  os_task.o(.text)
    OSTaskStkChk                             0x0000dbe4   ARM Code     212  os_task.o(.text)
    OSTaskSuspend                            0x0000dcb8   ARM Code     248  os_task.o(.text)
    OSTaskQuery                              0x0000ddb0   ARM Code     136  os_task.o(.text)
    OSTimeDly                                0x0000de60   ARM Code     172  os_time.o(.text)
    OSTimeDlyHMSM                            0x0000df0c   ARM Code     164  os_time.o(.text)
    OSTimeDlyResume                          0x0000dfb0   ARM Code     276  os_time.o(.text)
    OSTimeGet                                0x0000e0c4   ARM Code      44  os_time.o(.text)
    OSTimeSet                                0x0000e0f0   ARM Code      44  os_time.o(.text)
    uart_Debug_init                          0x0000e138   ARM Code     100  user_debug.o(.text)
    IP_Debug_init                            0x0000e19c   ARM Code      44  user_debug.o(.text)
    UART_printf                              0x0000e1c8   ARM Code     128  user_debug.o(.text)
    ID_Change                                0x0000e248   ARM Code      48  user_debug.o(.text)
    IP_printf                                0x0000e278   ARM Code     196  user_debug.o(.text)
    InitIAP                                  0x0000e34c   ARM Code      16  lp2368_flash.o(.text)
    SelSector                                0x0000e35c   ARM Code      72  lp2368_flash.o(.text)
    RamToFlash                               0x0000e3a4   ARM Code      92  lp2368_flash.o(.text)
    EraseSector                              0x0000e400   ARM Code      84  lp2368_flash.o(.text)
    BlankCHK                                 0x0000e454   ARM Code      72  lp2368_flash.o(.text)
    ReadParID                                0x0000e49c   ARM Code      56  lp2368_flash.o(.text)
    BootCodeID                               0x0000e4d4   ARM Code      56  lp2368_flash.o(.text)
    Get_ClassInfo_Table                      0x0000e50c   ARM Code      16  lp2368_flash.o(.text)
    Compare                                  0x0000e51c   ARM Code      80  lp2368_flash.o(.text)
    Test_Flash                               0x0000e56c   ARM Code     184  lp2368_flash.o(.text)
    User_mem_init                            0x0000e634   ARM Code      68  user_mem.o(.text)
    User_mem_allco                           0x0000e678   ARM Code     140  user_mem.o(.text)
    User_mem_free                            0x0000e704   ARM Code     232  user_mem.o(.text)
    SetAddress                               0x0000e7fc   ARM Code      24  pelcod.o(.text)
    CheckSum1                                0x0000e814   ARM Code      60  pelcod.o(.text)
    TurnRightCmd                             0x0000e850   ARM Code      68  pelcod.o(.text)
    TurnLeftCmd                              0x0000e894   ARM Code      76  pelcod.o(.text)
    TurnUpCmd                                0x0000e8e0   ARM Code      76  pelcod.o(.text)
    TurnDownCmd                              0x0000e92c   ARM Code      76  pelcod.o(.text)
    ZoomInCmd                                0x0000e978   ARM Code      72  pelcod.o(.text)
    ZoomOutCmd                               0x0000e9c0   ARM Code      72  pelcod.o(.text)
    TurnLeftUpCmd                            0x0000ea08   ARM Code      76  pelcod.o(.text)
    TurnLeftDownCmd                          0x0000ea54   ARM Code      76  pelcod.o(.text)
    TurnRightUpCmd                           0x0000eaa0   ARM Code      76  pelcod.o(.text)
    TurnRightDownCmd                         0x0000eaec   ARM Code      76  pelcod.o(.text)
    StopCmd                                  0x0000eb38   ARM Code      64  pelcod.o(.text)
    GotoPrepositionCmd                       0x0000eb78   ARM Code      80  pelcod.o(.text)
    SetPrepositionCmd                        0x0000ebc8   ARM Code      80  pelcod.o(.text)
    ClearPrepositionCmd                      0x0000ec18   ARM Code      80  pelcod.o(.text)
    FocusNearCmd                             0x0000ec68   ARM Code      72  pelcod.o(.text)
    FocusFarCmd                              0x0000ecb0   ARM Code      68  pelcod.o(.text)
    Get_KeyData                              0x0000ecf8   ARM Code       8  use_key.o(.text)
    KEY_Set_Vol                              0x0000ed00   ARM Code     104  use_key.o(.text)
    LED_Contrl                               0x0000ed68   ARM Code     184  use_key.o(.text)
    LED_Set                                  0x0000ee20   ARM Code     532  use_key.o(.text)
    LED_Time_Flash                           0x0000f034   ARM Code     156  use_key.o(.text)
    LED_SendFLASH                            0x0000f0d0   ARM Code     364  use_key.o(.text)
    key_init                                 0x0000f23c   ARM Code     576  use_key.o(.text)
    LED_device_set                           0x0000f47c   ARM Code    1060  use_key.o(.text)
    Key_TB_state                             0x0000f8a0   ARM Code      56  use_key.o(.text)
    KEY_CMD                                  0x0000f8d8   ARM Code    5156  use_key.o(.text)
    key_msg_rev                              0x00010cfc   ARM Code     292  use_key.o(.text)
    ON_Sound_Mute                            0x00010e20   ARM Code     540  user_on_msg.o(.text)
    On_MSG_OPTION_MSG_RUN                    0x0001103c   ARM Code     492  user_on_msg.o(.text)
    On_MSG_OPTION_POWER                      0x00011228   ARM Code      44  user_on_msg.o(.text)
    On_MSG_OPTION_CLASS_BEGIN                0x00011254   ARM Code     292  user_on_msg.o(.text)
    On_MSG_OPTION_CLASS_OVER                 0x00011378   ARM Code     336  user_on_msg.o(.text)
    On_MSG_OPTION_RF_ACTIVE                  0x000114c8   ARM Code      12  user_on_msg.o(.text)
    On_MSG_OPTION_HELP_ON                    0x000114d4   ARM Code     164  user_on_msg.o(.text)
    On_MSG_OPTION_HELP_OFF                   0x00011578   ARM Code     124  user_on_msg.o(.text)
    On_MSG_OPTION_HELP_TEST                  0x000115f4   ARM Code      44  user_on_msg.o(.text)
    On_MSG_OPTION_HELP_LINK                  0x00011620   ARM Code     104  user_on_msg.o(.text)
    On_MSG_OPTION_HELP_BREAK                 0x00011688   ARM Code     152  user_on_msg.o(.text)
    On_MSG_OPTION_AUTO_ON                    0x00011720   ARM Code      36  user_on_msg.o(.text)
    On_MSG_OPTION_AUTO_OFF                   0x00011744   ARM Code      44  user_on_msg.o(.text)
    On_MSG_OPTION_DEV_REMOTE_ON              0x00011770   ARM Code      88  user_on_msg.o(.text)
    On_MSG_OPTION_REC_REMOTE_ON              0x000117c8   ARM Code      88  user_on_msg.o(.text)
    On_MSG_OPTION_DEV_REMOTE_OFF             0x00011820   ARM Code      32  user_on_msg.o(.text)
    On_MSG_OPTION_REC_REMOTE_OFF             0x00011840   ARM Code      32  user_on_msg.o(.text)
    On_MSG_OPTION_AUTOTRACK_ON               0x00011860   ARM Code      32  user_on_msg.o(.text)
    On_MSG_OPTION_AUTOTRACK_OFF              0x00011880   ARM Code      32  user_on_msg.o(.text)
    On_MSG_OPTION_STRATEGY_ON                0x000118a0   ARM Code      32  user_on_msg.o(.text)
    On_MSG_OPTION_STRATEGY_OFF               0x000118c0   ARM Code      32  user_on_msg.o(.text)
    On_MSG_OPTION_HD_ON                      0x000118e0   ARM Code      32  user_on_msg.o(.text)
    On_MSG_OPTION_HD_OFF                     0x00011900   ARM Code      32  user_on_msg.o(.text)
    On_MSG_OPTION_HD_VAL                     0x00011920   ARM Code      12  user_on_msg.o(.text)
    On_MSG_OPTION_SCAMERA_CONTRL             0x0001192c   ARM Code      12  user_on_msg.o(.text)
    On_MSG_OPTION_SCAMERA_VAL                0x00011938   ARM Code      12  user_on_msg.o(.text)
    On_MSG_OPTION_DEBUG                      0x00011944   ARM Code      88  user_on_msg.o(.text)
    On_MSG_OPTION_DEV_RESET                  0x0001199c   ARM Code      12  user_on_msg.o(.text)
    On_MSG_OPTION_FILE_REQ                   0x000119a8   ARM Code     128  user_on_msg.o(.text)
    On_MSG_OPTION_FILE_SEND                  0x00011a28   ARM Code     156  user_on_msg.o(.text)
    On_MSG_OPTION_SERVER_FILE_SEND           0x00011ac4   ARM Code     452  user_on_msg.o(.text)
    On_MSG_OPTION_SEVER_ACK                  0x00011c88   ARM Code     152  user_on_msg.o(.text)
    On_MSG_OPTION_STATUS_CHANGE              0x00011d20   ARM Code     420  user_on_msg.o(.text)
    On_MSG_OPTION_SVRLINK_REQ                0x00011ec4   ARM Code     104  user_on_msg.o(.text)
    On_MSG_OPTION_HW_SEND                    0x00011f2c   ARM Code      12  user_on_msg.o(.text)
    On_MSG_OPTION_TIMEACTIVE                 0x00011f38   ARM Code     424  user_on_msg.o(.text)
    On_MSG_RepeatPower_OPTION                0x000120e0   ARM Code     432  user_on_msg.o(.text)
    On_MSG_Power_OPTION                      0x00012290   ARM Code     416  user_on_msg.o(.text)
    On_MSG_OPTION                            0x00012430   ARM Code     208  user_on_msg.o(.text)
    ON_Device_select                         0x00012500   ARM Code    1032  user_on_msg.o(.text)
    Send_State                               0x00012908   ARM Code     148  user_on_msg.o(.text)
    ON_Change_State                          0x0001299c   ARM Code     872  user_on_msg.o(.text)
    On_MSG_OPTION_RECORD                     0x00012d04   ARM Code     180  user_on_msg.o(.text)
    On_MSG_OPTION_METRIC                     0x00012db8   ARM Code     192  user_on_msg.o(.text)
    On_MSG_OPTION_FRAME                      0x00012e78   ARM Code     192  user_on_msg.o(.text)
    On_MSG_OPTION_CODE1_SPEED                0x00012f38   ARM Code     192  user_on_msg.o(.text)
    On_MSG_OPTION_PERSONAL_TALL              0x00012ff8   ARM Code     180  user_on_msg.o(.text)
    On_MSG_OPTION_SELECT_SCAMERA             0x000130ac   ARM Code     184  user_on_msg.o(.text)
    On_MSG_OPTION_SCAMERA                    0x00013164   ARM Code    1000  user_on_msg.o(.text)
    On_MSG_OPTION_SOUND_SELECT               0x0001354c   ARM Code      32  user_on_msg.o(.text)
    On_MSG_OPTION_SOUND_VOL                  0x0001356c   ARM Code      92  user_on_msg.o(.text)
    On_MSG_OPTION_VIDEO_SELECT               0x000135c8   ARM Code      68  user_on_msg.o(.text)
    On_MSG_OPTION_VGA_SELECT                 0x0001360c   ARM Code      68  user_on_msg.o(.text)
    On_MSG_OPTION_ARLM                       0x00013650   ARM Code      12  user_on_msg.o(.text)
    On_MSG_OPTION_IO_OUT                     0x0001365c   ARM Code      12  user_on_msg.o(.text)
    On_MSG_OPTION_JT                         0x00013668   ARM Code      12  user_on_msg.o(.text)
    On_MSG_OPTION_TEST_IO                    0x00013674   ARM Code     404  user_on_msg.o(.text)
    On_MSG_OPTION_IO_TEST                    0x00013808   ARM Code    1032  user_on_msg.o(.text)
    On_MSG_OPTION_LEDContrl                  0x00013c10   ARM Code      76  user_on_msg.o(.text)
    Random                                   0x00013c78   ARM Code      92  user_option.o(.text)
    BinToChar                                0x00013cd4   ARM Code      36  user_option.o(.text)
    User_ID_Read                             0x00013cf8   ARM Code     400  user_option.o(.text)
    Get_Device_Status                        0x00013e88   ARM Code       8  user_option.o(.text)
    ClassInfo_init                           0x00013e90   ARM Code     780  user_option.o(.text)
    Option_init                              0x0001419c   ARM Code      96  user_option.o(.text)
    Msg_Option_Find                          0x000141fc   ARM Code     156  user_option.o(.text)
    Device_Rec_Find                          0x00014298   ARM Code     436  user_option.o(.text)
    Alarm_Link                               0x0001444c   ARM Code     412  user_option.o(.text)
    Task_Run_Delay                           0x000145e8   ARM Code     312  user_option.o(.text)
    Class_Task_Start                         0x00014720   ARM Code     300  user_option.o(.text)
    Device_Rec_Scan                          0x0001484c   ARM Code     944  user_option.o(.text)
    Msg_send                                 0x00014bfc   ARM Code     160  user_option.o(.text)
    Task_Rec_Del                             0x00014c9c   ARM Code     244  user_option.o(.text)
    Task_Rec_Find                            0x00014d90   ARM Code     140  user_option.o(.text)
    CameraPowerInit                          0x00014e1c   ARM Code      80  user_option.o(.text)
    Get_Debug                                0x00014e6c   ARM Code      36  user_option.o(.text)
    User_Option                              0x00014e90   ARM Code    3288  user_option.o(.text)
    Power_Beep                               0x00015b7c   ARM Code       4  user_power.o(.text)
    POWER_init                               0x00015b80   ARM Code     156  user_power.o(.text)
    CameraInit                               0x00015c1c   ARM Code     148  user_power.o(.text)
    POWER_Set                                0x00015cb0   ARM Code     452  user_power.o(.text)
    SetPowerDeltimemsg                       0x00015e74   ARM Code      96  user_power.o(.text)
    DelPowerDeltimemsg                       0x00015ed4   ARM Code      60  user_power.o(.text)
    IO_PC_Power                              0x00015f10   ARM Code     152  user_power.o(.text)
    ON_POWER_option                          0x00015fa8   ARM Code    2716  user_power.o(.text)
    On_MSG_OPTION_POWERCARD_ONOFF            0x00016a44   ARM Code    1720  user_power.o(.text)
    POWER_msg_rev                            0x000170fc   ARM Code      64  user_power.o(.text)
    File_Req                                 0x00017140   ARM Code     156  user_table.o(.text)
    File_Table_Write                         0x000171dc   ARM Code     640  user_table.o(.text)
    File_Table_Read                          0x0001745c   ARM Code     428  user_table.o(.text)
    File_ClassTable_Read_CurDay              0x00017608   ARM Code     336  user_table.o(.text)
    File_ClassTable_Write                    0x00017758   ARM Code     108  user_table.o(.text)
    File_ClassTable_Write_OneDay             0x000177c4   ARM Code      52  user_table.o(.text)
    File_ClassTable_Read                     0x000177f8   ARM Code     164  user_table.o(.text)
    Class_Table_Check                        0x0001789c   ARM Code     320  user_table.o(.text)
    Device_Stat_Option                       0x000179dc   ARM Code     296  user_table.o(.text)
    Device_Stat_Save                         0x00017b04   ARM Code     184  user_table.o(.text)
    Device_Use_Stat_Read                     0x00017bbc   ARM Code     380  user_table.o(.text)
    File_UserProgram_Write                   0x00017d38   ARM Code      92  user_table.o(.text)
    TB_Select                                0x00017dbc   ARM Code     488  user_tb.o(.text)
    TB_set                                   0x00017fa4   ARM Code      60  user_tb.o(.text)
    TB_msg_rev                               0x00017fe0   ARM Code       4  user_tb.o(.text)
    LAN_Test_Ack                             0x00017fe8   ARM Code      76  user_udp.o(.text)
    UDP_Send_CMD                             0x00018034   ARM Code     524  user_udp.o(.text)
    UDP_Send_ACK                             0x00018240   ARM Code     216  user_udp.o(.text)
    UDP_msg_rev                              0x00018318   ARM Code     244  user_udp.o(.text)
    Get_XCOM_Port                            0x00018420   ARM Code      16  user_xcom.o(.text)
    XCOM_IRQ_Recive_Open                     0x00018430   ARM Code      64  user_xcom.o(.text)
    XCOM_IRQ_Read                            0x00018470   ARM Code     120  user_xcom.o(.text)
    Xcom_sum                                 0x000184e8   ARM Code      64  user_xcom.o(.text)
    On_MSG_OPTION_COMM                       0x00018528   ARM Code     196  user_xcom.o(.text)
    XCOM_Data_send                           0x000185ec   ARM Code     460  user_xcom.o(.text)
    XCOM_Data_Read                           0x000187b8   ARM Code     116  user_xcom.o(.text)
    Xcom_set                                 0x0001882c   ARM Code     124  user_xcom.o(.text)
    XCOM_init                                0x000188a8   ARM Code     304  user_xcom.o(.text)
    XCOM_Send_ACK                            0x000189d8   ARM Code     160  user_xcom.o(.text)
    XCOM_DW                                  0x00018a78   ARM Code      24  user_xcom.o(.text)
    XCOM_TB                                  0x00018a90   ARM Code      24  user_xcom.o(.text)
    XCOM_MB                                  0x00018aa8   ARM Code     196  user_xcom.o(.text)
    XCOM_SCAMERA                             0x00018b6c   ARM Code       4  user_xcom.o(.text)
    XCOM_Q_Send                              0x00018b70   ARM Code     160  user_xcom.o(.text)
    TASK_UART                                0x00018c10   ARM Code     276  user_xcom.o(.text)
    Inline ARM to Thumb Veneer to __c89vsprintf 0x00018d64   ARM Code       8  c89vsprintf.o(.text)
    __c89vsprintf                            0x00018d6d   Thumb Code    38  c89vsprintf.o(.text)
    Inline ARM to Thumb Veneer to strcpy     0x00018d98   ARM Code       8  strcpy.o(.text)
    strcpy                                   0x00018da1   Thumb Code    74  strcpy.o(.text)
    Inline ARM to Thumb Veneer to strlen     0x00018df0   ARM Code       8  strlen.o(.text)
    strlen                                   0x00018df9   Thumb Code    64  strlen.o(.text)
    __aeabi_memset                           0x00018e3c   ARM Code      16  aeabi_memset.o(.text)
    __aeabi_memcpy                           0x00018e4c   ARM Code       0  rt_memcpy.o(.text)
    __rt_memcpy                              0x00018e4c   ARM Code     212  rt_memcpy.o(.text)
    _memcpy_lastbytes                        0x00018f00   ARM Code       0  rt_memcpy.o(.text)
    __aeabi_memclr                           0x00018f20   ARM Code       0  rt_memclr.o(.text)
    __rt_memclr                              0x00018f20   ARM Code      64  rt_memclr.o(.text)
    _memset                                  0x00018f24   ARM Code       0  rt_memclr.o(.text)
    __aeabi_memcpy4                          0x00018f60   ARM Code       0  rt_memcpy_w.o(.text)
    __aeabi_memcpy8                          0x00018f60   ARM Code       0  rt_memcpy_w.o(.text)
    __rt_memcpy_w                            0x00018f60   ARM Code     100  rt_memcpy_w.o(.text)
    _memcpy_lastbytes_aligned                0x00018fac   ARM Code       0  rt_memcpy_w.o(.text)
    __aeabi_memclr4                          0x00018fc4   ARM Code       0  rt_memclr_w.o(.text)
    __aeabi_memclr8                          0x00018fc4   ARM Code       0  rt_memclr_w.o(.text)
    __rt_memclr_w                            0x00018fc4   ARM Code      84  rt_memclr_w.o(.text)
    _memset_w                                0x00018fc8   ARM Code       0  rt_memclr_w.o(.text)
    Inline Thumb to ARM Veneer to __aeabi_idivmod 0x00019019   Thumb Code     4  aeabi_sdiv.o(.text)
    __aeabi_idiv                             0x0001901c   ARM Code       0  aeabi_sdiv.o(.text)
    __aeabi_idivmod                          0x0001901c   ARM Code     384  aeabi_sdiv.o(.text)
    _printf_pre_padding                      0x0001919d   Thumb Code    48  _printf_pad.o(.text)
    _printf_post_padding                     0x000191cd   Thumb Code    36  _printf_pad.o(.text)
    _printf_truncate_signed                  0x000191f1   Thumb Code    22  _printf_truncate.o(.text)
    _printf_truncate_unsigned                0x00019207   Thumb Code    22  _printf_truncate.o(.text)
    _printf_str                              0x0001921d   Thumb Code    88  _printf_str.o(.text)
    Inline ARM to Thumb Veneer to _printf_int_dec 0x00019274   ARM Code       8  _printf_dec.o(.text)
    _printf_int_dec                          0x0001927d   Thumb Code    94  _printf_dec.o(.text)
    Inline ARM to Thumb Veneer to _printf_charcount 0x000192ec   ARM Code       8  _printf_charcount.o(.text)
    _printf_charcount                        0x000192f5   Thumb Code    40  _printf_charcount.o(.text)
    _printf_char_common                      0x00019327   Thumb Code    38  _printf_char_common.o(.text)
    _sputc                                   0x00019351   Thumb Code    10  _sputc.o(.text)
    _printf_wctomb                           0x0001935d   Thumb Code   188  _printf_wctomb.o(.text)
    Inline ARM to Thumb Veneer to _printf_longlong_dec 0x0001941c   ARM Code       8  _printf_longlong_dec.o(.text)
    _printf_longlong_dec                     0x00019425   Thumb Code   128  _printf_longlong_dec.o(.text)
    Inline ARM to Thumb Veneer to _printf_int_oct 0x000194b4   ARM Code       8  _printf_oct_int_ll.o(.text)
    _printf_longlong_oct                     0x000194bd   Thumb Code    90  _printf_oct_int_ll.o(.text)
    _printf_int_oct                          0x00019517   Thumb Code    28  _printf_oct_int_ll.o(.text)
    _printf_ll_oct                           0x00019533   Thumb Code    10  _printf_oct_int_ll.o(.text)
    Inline ARM to Thumb Veneer to _printf_hex_ptr 0x00019544   ARM Code       8  _printf_hex_int_ll_ptr.o(.text)
    _printf_longlong_hex                     0x0001954d   Thumb Code   120  _printf_hex_int_ll_ptr.o(.text)
    _printf_int_hex                          0x000195c5   Thumb Code    32  _printf_hex_int_ll_ptr.o(.text)
    _printf_ll_hex                           0x000195e5   Thumb Code    10  _printf_hex_int_ll_ptr.o(.text)
    _printf_hex_ptr                          0x000195ef   Thumb Code    22  _printf_hex_int_ll_ptr.o(.text)
    __printf                                 0x00019609   Thumb Code   422  __printf_flags_ss_wp.o(.text)
    Inline Thumb to ARM Veneer to _ll_udiv10 0x000197b5   Thumb Code     4  lludiv10.o(.text)
    _ll_udiv10                               0x000197b8   ARM Code     160  lludiv10.o(.text)
    _printf_int_common                       0x00019859   Thumb Code   182  _printf_intcommon.o(.text)
    __lib_sel_fp_printf                      0x00019911   Thumb Code     2  _printf_fp_dec.o(.text)
    _printf_fp_dec_real                      0x00019af5   Thumb Code   616  _printf_fp_dec.o(.text)
    Inline ARM to Thumb Veneer to _printf_char 0x00019d68   ARM Code       8  _printf_char.o(.text)
    _printf_cs_common                        0x00019d71   Thumb Code    26  _printf_char.o(.text)
    _printf_char                             0x00019d8b   Thumb Code    16  _printf_char.o(.text)
    _printf_string                           0x00019d9b   Thumb Code     8  _printf_char.o(.text)
    Inline ARM to Thumb Veneer to _printf_wchar 0x00019da4   ARM Code       8  _printf_wchar.o(.text)
    _printf_lcs_common                       0x00019dad   Thumb Code    26  _printf_wchar.o(.text)
    _printf_wchar                            0x00019dc7   Thumb Code    16  _printf_wchar.o(.text)
    _printf_wstring                          0x00019dd7   Thumb Code     8  _printf_wchar.o(.text)
    _wcrtomb                                 0x00019ddf   Thumb Code    74  _wcrtomb.o(.text)
    Inline Thumb to ARM Veneer to __rt_udiv10 0x00019e29   Thumb Code     4  rtudiv10.o(.text)
    __rt_udiv10                              0x00019e2c   ARM Code      44  rtudiv10.o(.text)
    Inline Thumb to ARM Veneer to __rt_ctype_table 0x00019e59   Thumb Code     4  rt_ctype_table.o(.text)
    __rt_ctype_table                         0x00019e5c   ARM Code      24  rt_ctype_table.o(.text)
    Inline Thumb to ARM Veneer to __rt_locale 0x00019e75   Thumb Code     4  rt_locale_intlibspace.o(.text)
    __rt_locale                              0x00019e78   ARM Code      16  rt_locale_intlibspace.o(.text)
    _printf_fp_infnan                        0x00019e89   Thumb Code   122  _printf_fp_infnan.o(.text)
    _btod_etento                             0x00019f15   Thumb Code   196  bigflt0.o(.text)
    exit                                     0x00019fdd   Thumb Code    12  exit.o(.text)
    strcmp                                   0x00019fe8   ARM Code     156  strcmp.o(.text)
    _sys_exit                                0x0001a088   ARM Code      20  sys_exit.o(.text)
    __I$use$semihosting                      0x0001a0a0   ARM Code       0  use_no_semi.o(.text)
    __use_no_semihosting_swi                 0x0001a0a0   ARM Code       4  use_no_semi.o(.text)
    __aeabi_uidiv                            0x0001a0a4   ARM Code       0  aeabi_sdiv.o(.text_udiv)
    __aeabi_uidivmod                         0x0001a0a4   ARM Code      28  aeabi_sdiv.o(.text_udiv)
    Inline Thumb to ARM Veneer to _btod_d2e  0x0001a0c1   Thumb Code     4  btod.o(CL$$btod_d2e)
    _btod_d2e                                0x0001a0c4   ARM Code      56  btod.o(CL$$btod_d2e)
    _d2e_denorm_low                          0x0001a0fc   ARM Code      84  btod.o(CL$$btod_d2e_denorm_low)
    _d2e_norm_op1                            0x0001a150   ARM Code     104  btod.o(CL$$btod_d2e_norm_op1)
    __btod_div_common                        0x0001a1b8   ARM Code     716  btod.o(CL$$btod_div_common)
    _e2e                                     0x0001a504   ARM Code     220  btod.o(CL$$btod_e2e)
    Inline Thumb to ARM Veneer to _btod_ediv 0x0001a5e1   Thumb Code     4  btod.o(CL$$btod_ediv)
    _btod_ediv                               0x0001a5e4   ARM Code      52  btod.o(CL$$btod_ediv)
    Inline Thumb to ARM Veneer to _btod_emul 0x0001a619   Thumb Code     4  btod.o(CL$$btod_emul)
    _btod_emul                               0x0001a61c   ARM Code      52  btod.o(CL$$btod_emul)
    __btod_mult_common                       0x0001a650   ARM Code     616  btod.o(CL$$btod_mult_common)
    OS_CPU_SR_Save                           0x0001a8b8   ARM Code       0  os_cpu_a.o(CODE)
    OS_CPU_SR_Restore                        0x0001a8c8   ARM Code       0  os_cpu_a.o(CODE)
    OSStartHighRdy                           0x0001a8d0   ARM Code       0  os_cpu_a.o(CODE)
    OSCtxSw                                  0x0001a904   ARM Code       0  os_cpu_a.o(CODE)
    OSIntCtxSw                               0x0001a968   ARM Code       0  os_cpu_a.o(CODE)
    OS_CPU_ARM_ExceptResetHndlr              0x0001a9a4   ARM Code       0  os_cpu_a.o(CODE)
    OS_CPU_ARM_ExceptUndefInstrHndlr         0x0001a9b4   ARM Code       0  os_cpu_a.o(CODE)
    OS_CPU_ARM_ExceptSwiHndlr                0x0001a9c4   ARM Code       0  os_cpu_a.o(CODE)
    OS_CPU_ARM_ExceptPrefetchAbortHndlr      0x0001a9d4   ARM Code       0  os_cpu_a.o(CODE)
    OS_CPU_ARM_ExceptDataAbortHndlr          0x0001a9e8   ARM Code       0  os_cpu_a.o(CODE)
    OS_CPU_ARM_ExceptAddrAbortHndlr          0x0001a9fc   ARM Code       0  os_cpu_a.o(CODE)
    OS_CPU_ARM_ExceptIrqHndlr                0x0001aa10   ARM Code       0  os_cpu_a.o(CODE)
    OS_CPU_ARM_ExceptFiqHndlr                0x0001aa24   ARM Code       0  os_cpu_a.o(CODE)
    ResetHndlr                               0x0001ab30   ARM Code       0  init.o(INIT)
    Long ARM to Thumb Veneer to _printf_int_hex 0x0001abbc   ARM Code      12  anon$$obj.o(Veneer$$Code)
    Long ARM to Thumb Veneer to _printf_ll_oct 0x0001abc8   ARM Code      12  anon$$obj.o(Veneer$$Code)
    Long ARM to Thumb Veneer to _printf_ll_hex 0x0001abd4   ARM Code      12  anon$$obj.o(Veneer$$Code)
    Long ARM to Thumb Veneer to _printf_string 0x0001abe0   ARM Code      12  anon$$obj.o(Veneer$$Code)
    Long ARM to Thumb Veneer to _printf_wstring 0x0001abec   ARM Code      12  anon$$obj.o(Veneer$$Code)
    Long ARM to Thumb Veneer to _printf_fp_dec_real 0x0001abf8   ARM Code      12  anon$$obj.o(Veneer$$Code)
    CPU_SR_Save                              0x0001ac04   ARM Code       0  cpu_a.o(_CPU_A_CODE_)
    CPU_SR_Restore                           0x0001ac24   ARM Code       0  cpu_a.o(_CPU_A_CODE_)
    __ARM_common_call_via_r1                 0x0001ac2d   Thumb Code     2  __printf.o(i.__ARM_common_call_via_r1)
    __ARM_common_call_via_r2                 0x0001ac2f   Thumb Code     2  _printf_wctomb.o(i.__ARM_common_call_via_r2)
    __ARM_common_call_via_r3                 0x0001ac31   Thumb Code     2  _wcrtomb.o(i.__ARM_common_call_via_r3)
    Inline Thumb to ARM Veneer to __ARM_fpclassify 0x0001ac35   Thumb Code     4  fpclassify.o(i.__ARM_fpclassify)
    __ARM_fpclassify                         0x0001ac38   ARM Code      44  fpclassify.o(i.__ARM_fpclassify)
    Inline Thumb to ARM Veneer to _get_lc_numeric 0x0001ac69   Thumb Code     4  lc_numeric_c.o(locale$$code)
    _get_lc_numeric                          0x0001ac6c   ARM Code      80  lc_numeric_c.o(locale$$code)
    Inline Thumb to ARM Veneer to _get_lc_ctype 0x0001acbd   Thumb Code     4  lc_ctype_c.o(locale$$code)
    _get_lc_ctype                            0x0001acc0   ARM Code      80  lc_ctype_c.o(locale$$code)
    Inline Thumb to ARM Veneer to _fp_init   0x0001ad11   Thumb Code     4  fpinit.o(x$fpl$fpinit)
    __fplib_config_pureend_doubles           0x0001ad14   ARM Code       0  fpinit.o(x$fpl$fpinit)
    _fp_init                                 0x0001ad14   ARM Code       4  fpinit.o(x$fpl$fpinit)
    Inline Thumb to ARM Veneer to __ieee_status 0x0001ad19   Thumb Code     4  istatus.o(x$fpl$ieeestatus)
    __ieee_status                            0x0001ad1c   ARM Code       8  istatus.o(x$fpl$ieeestatus)
    _printf_fp_dec                           0x0001ad24   ARM Code       4  printf1.o(x$fpl$printf1)
    OSDebugEn                                0x0001ad28   Data           2  os_dbg.o(.constdata)
    __I$use$fp                               0x0001ad28   ARM Code       0  usenofp.o(x$fpl$usenofp)
    OSEndiannessTest                         0x0001ad2c   Data           4  os_dbg.o(.constdata)
    OSEventMax                               0x0001ad30   Data           2  os_dbg.o(.constdata)
    OSEventNameSize                          0x0001ad32   Data           2  os_dbg.o(.constdata)
    OSEventEn                                0x0001ad34   Data           2  os_dbg.o(.constdata)
    OSEventSize                              0x0001ad36   Data           2  os_dbg.o(.constdata)
    OSEventTblSize                           0x0001ad38   Data           2  os_dbg.o(.constdata)
    OSFlagEn                                 0x0001ad3a   Data           2  os_dbg.o(.constdata)
    OSFlagGrpSize                            0x0001ad3c   Data           2  os_dbg.o(.constdata)
    OSFlagNodeSize                           0x0001ad3e   Data           2  os_dbg.o(.constdata)
    OSFlagWidth                              0x0001ad40   Data           2  os_dbg.o(.constdata)
    OSFlagMax                                0x0001ad42   Data           2  os_dbg.o(.constdata)
    OSFlagNameSize                           0x0001ad44   Data           2  os_dbg.o(.constdata)
    OSLowestPrio                             0x0001ad46   Data           2  os_dbg.o(.constdata)
    OSMboxEn                                 0x0001ad48   Data           2  os_dbg.o(.constdata)
    OSMemEn                                  0x0001ad4a   Data           2  os_dbg.o(.constdata)
    OSMemMax                                 0x0001ad4c   Data           2  os_dbg.o(.constdata)
    OSMemNameSize                            0x0001ad4e   Data           2  os_dbg.o(.constdata)
    OSMemSize                                0x0001ad50   Data           2  os_dbg.o(.constdata)
    OSMemTblSize                             0x0001ad52   Data           2  os_dbg.o(.constdata)
    OSMutexEn                                0x0001ad54   Data           2  os_dbg.o(.constdata)
    OSPtrSize                                0x0001ad56   Data           2  os_dbg.o(.constdata)
    OSQEn                                    0x0001ad58   Data           2  os_dbg.o(.constdata)
    OSQMax                                   0x0001ad5a   Data           2  os_dbg.o(.constdata)
    OSQSize                                  0x0001ad5c   Data           2  os_dbg.o(.constdata)
    OSRdyTblSize                             0x0001ad5e   Data           2  os_dbg.o(.constdata)
    OSSemEn                                  0x0001ad60   Data           2  os_dbg.o(.constdata)
    OSStkWidth                               0x0001ad62   Data           2  os_dbg.o(.constdata)
    OSTaskCreateEn                           0x0001ad64   Data           2  os_dbg.o(.constdata)
    OSTaskCreateExtEn                        0x0001ad66   Data           2  os_dbg.o(.constdata)
    OSTaskDelEn                              0x0001ad68   Data           2  os_dbg.o(.constdata)
    OSTaskIdleStkSize                        0x0001ad6a   Data           2  os_dbg.o(.constdata)
    OSTaskProfileEn                          0x0001ad6c   Data           2  os_dbg.o(.constdata)
    OSTaskMax                                0x0001ad6e   Data           2  os_dbg.o(.constdata)
    OSTaskNameSize                           0x0001ad70   Data           2  os_dbg.o(.constdata)
    OSTaskStatEn                             0x0001ad72   Data           2  os_dbg.o(.constdata)
    OSTaskStatStkSize                        0x0001ad74   Data           2  os_dbg.o(.constdata)
    OSTaskStatStkChkEn                       0x0001ad76   Data           2  os_dbg.o(.constdata)
    OSTaskSwHookEn                           0x0001ad78   Data           2  os_dbg.o(.constdata)
    OSTCBPrioTblMax                          0x0001ad7a   Data           2  os_dbg.o(.constdata)
    OSTCBSize                                0x0001ad7c   Data           2  os_dbg.o(.constdata)
    OSTicksPerSec                            0x0001ad7e   Data           2  os_dbg.o(.constdata)
    OSTimeTickHookEn                         0x0001ad80   Data           2  os_dbg.o(.constdata)
    OSVersionNbr                             0x0001ad82   Data           2  os_dbg.o(.constdata)
    OSTmrEn                                  0x0001ad84   Data           2  os_dbg.o(.constdata)
    OSTmrCfgMax                              0x0001ad86   Data           2  os_dbg.o(.constdata)
    OSTmrCfgNameSize                         0x0001ad88   Data           2  os_dbg.o(.constdata)
    OSTmrCfgWheelSize                        0x0001ad8a   Data           2  os_dbg.o(.constdata)
    OSTmrCfgTicksPerSec                      0x0001ad8c   Data           2  os_dbg.o(.constdata)
    OSTmrSize                                0x0001ad8e   Data           2  os_dbg.o(.constdata)
    OSTmrTblSize                             0x0001ad90   Data           2  os_dbg.o(.constdata)
    OSTmrWheelSize                           0x0001ad92   Data           2  os_dbg.o(.constdata)
    OSTmrWheelTblSize                        0x0001ad94   Data           2  os_dbg.o(.constdata)
    OSDataSize                               0x0001ad96   Data           2  os_dbg.o(.constdata)
    OSUnMapTbl                               0x0001ad98   Data         256  os_core.o(.constdata)
    def_classname                            0x0001ae98   Data          13  user_option.o(.constdata)
    def_schoolname                           0x0001aea5   Data          17  user_option.o(.constdata)
    def_housename                            0x0001aeb6   Data          11  user_option.o(.constdata)
    def_ip                                   0x0001aec1   Data           4  user_option.o(.constdata)
    def_mark                                 0x0001aec5   Data           4  user_option.o(.constdata)
    def_gateip                               0x0001aec9   Data           4  user_option.o(.constdata)
    power_ostr                               0x0001aecd   Data          30  user_power.o(.constdata)
    power_str                                0x0001aeeb   Data         130  user_power.o(.constdata)
    Lan_TestFlag                             0x0001af6d   Data           4  user_udp.o(.constdata)
    Region$$Table$$Base                      0x0001b04c   Number         0  anon$$obj.o(Region$$Table)
    Region$$Table$$Limit                     0x0001b06c   Number         0  anon$$obj.o(Region$$Table)
    __ctype                                  0x0001b095   Data           0  lc_ctype_c.o(locale$$data)
    gSYS_Fcclk                               0x40000000   Data           4  target.o(.data)
    gSYS_Fpclk                               0x40000004   Data           4  target.o(.data)
    Reset_boot                               0x40000008   Data           4  target.o(.data)
    I2C_sla                                  0x4000000c   Data           1  i2c0int.o(.data)
    I2C_suba                                 0x40000010   Data           4  i2c0int.o(.data)
    I2C_suba_num                             0x40000014   Data           1  i2c0int.o(.data)
    I2C_buf                                  0x40000018   Data           4  i2c0int.o(.data)
    I2C_num                                  0x4000001c   Data           4  i2c0int.o(.data)
    I2C_end                                  0x40000020   Data           1  i2c0int.o(.data)
    I2C_suba_en                              0x40000021   Data           1  i2c0int.o(.data)
    I2C1_sla                                 0x40000024   Data           1  i2c1int.o(.data)
    I2C1_suba                                0x40000028   Data           4  i2c1int.o(.data)
    I2C1_suba_num                            0x4000002c   Data           1  i2c1int.o(.data)
    I2C1_buf                                 0x40000030   Data           4  i2c1int.o(.data)
    I2C1_num                                 0x40000034   Data           4  i2c1int.o(.data)
    I2C1_end                                 0x40000038   Data           1  i2c1int.o(.data)
    I2C1_suba_en                             0x40000039   Data           1  i2c1int.o(.data)
    tyjcounterON                             0x4000003a   Data           1  io.o(.data)
    tyjcounterOFF                            0x4000003b   Data           1  io.o(.data)
    tyjcounterFlagON                         0x4000003c   Data           1  io.o(.data)
    tyjcounterFlagOFF                        0x4000003d   Data           1  io.o(.data)
    BakAVYAdd                                0x4000003e   Data           1  cd22m3494.o(.data)
    BakVGAOUT                                0x4000003f   Data           1  cd22m3494.o(.data)
    BakAV0YAdd                               0x40000040   Data           1  cd22m3494.o(.data)
    SEL                                      0x40000042   Data           6  pt2258.o(.data)
    RTime                                    0x40000048   Data           8  realtime.o(.data)
    baktime                                  0x40000050   Data           8  realtime.o(.data)
    ARP_REP_MAC                              0x40000058   Data           6  arp.o(.data)
    PHYID                                    0x4000005e   Data           2  hardware_int.o(.data)
    UartSendPOWERFlag                        0x40000062   Data           1  uart.o(.data)
    UartSendQIUFlag                          0x40000063   Data           1  uart.o(.data)
    OSCtxSwCtr                               0x40000064   Data           4  os_core.o(.data)
    OSEventFreeList                          0x40000068   Data           4  os_core.o(.data)
    OSFlagFreeList                           0x4000006c   Data           4  os_core.o(.data)
    OSCPUUsage                               0x40000070   Data           1  os_core.o(.data)
    OSIdleCtrMax                             0x40000074   Data           4  os_core.o(.data)
    OSIdleCtrRun                             0x40000078   Data           4  os_core.o(.data)
    OSStatRdy                                0x4000007c   Data           1  os_core.o(.data)
    OSIntNesting                             0x4000007d   Data           1  os_core.o(.data)
    OSLockNesting                            0x4000007e   Data           1  os_core.o(.data)
    OSPrioCur                                0x4000007f   Data           1  os_core.o(.data)
    OSPrioHighRdy                            0x40000080   Data           1  os_core.o(.data)
    OSRdyGrp                                 0x40000081   Data           1  os_core.o(.data)
    OSRdyTbl                                 0x40000082   Data           4  os_core.o(.data)
    OSRunning                                0x40000086   Data           1  os_core.o(.data)
    OSTaskCtr                                0x40000087   Data           1  os_core.o(.data)
    OSIdleCtr                                0x40000088   Data           4  os_core.o(.data)
    OSTCBCur                                 0x4000008c   Data           4  os_core.o(.data)
    OSTCBFreeList                            0x40000090   Data           4  os_core.o(.data)
    OSTCBHighRdy                             0x40000094   Data           4  os_core.o(.data)
    OSTCBList                                0x40000098   Data           4  os_core.o(.data)
    OSTickStepState                          0x4000009c   Data           1  os_core.o(.data)
    OSMemFreeList                            0x400000a0   Data           4  os_core.o(.data)
    OSQFreeList                              0x400000a4   Data           4  os_core.o(.data)
    OSTime                                   0x400000a8   Data           4  os_core.o(.data)
    Debug_SubCastIP                          0x400000ac   Data           4  user_debug.o(.data)
    IAP_Entry                                0x400000b0   Data           4  lp2368_flash.o(.data)
    __pm256                                  0x400000b4   Data           4  user_mem.o(.data)
    __pm512                                  0x400000b8   Data           4  user_mem.o(.data)
    pData                                    0x400000bc   Data           7  pelcod.o(.data)
    IOTestflag                               0x400000c4   Data           4  user_option.o(.data)
    gTestIOFlag                              0x400000c8   Data           1  user_option.o(.data)
    gTestUartFlag                            0x400000c9   Data           1  user_option.o(.data)
    MSG_PQ                                   0x400000cc   Data           4  user_option.o(.data)
    POWER_FLAG                               0x400000d0   Data           4  user_power.o(.data)
    POWER_FLAG_STATE                         0x400000d4   Data           4  user_power.o(.data)
    TB_LINK                                  0x400000d8   Data           4  user_tb.o(.data)
    QXCOM_rev                                0x400000dc   Data           4  user_xcom.o(.data)
    TASK_START_stack                         0x400000e0   Data        4096  main.o(.bss)
    TASK_UART_stack                          0x400010e0   Data        4096  main.o(.bss)
    HW_DEVICE                                0x400020e0   Data          32  hw.o(.bss)
    Sound_Contrl                             0x40002100   Data         120  use_sound.o(.bss)
    blank_buf                                0x40002178   Data         512  use_sound.o(.bss)
    DEVICE_LINK                              0x40002378   Data          72  cd22m3494.o(.bss)
    gClassT                                  0x400023c0   Data         260  realtime.o(.bss)
    NetPort                                  0x400024c4   Data         386  arp.o(.bss)
    OSEventTbl                               0x40002648   Data         320  os_core.o(.bss)
    OSFlagTbl                                0x40002788   Data         140  os_core.o(.bss)
    OSTaskStatStk                            0x40002814   Data         512  os_core.o(.bss)
    OSTaskIdleStk                            0x40002a14   Data         512  os_core.o(.bss)
    OSTCBPrioTbl                             0x40002c14   Data         128  os_core.o(.bss)
    OSTCBTbl                                 0x40002c94   Data        1584  os_core.o(.bss)
    OSMemTbl                                 0x400032c4   Data         180  os_core.o(.bss)
    OSQTbl                                   0x40003378   Data          96  os_core.o(.bss)
    paramin                                  0x400033d8   Data          32  lp2368_flash.o(.bss)
    paramout                                 0x400033f8   Data          32  lp2368_flash.o(.bss)
    __mem256                                 0x40003418   Data        5120  user_mem.o(.bss)
    __mem512                                 0x40004818   Data        6000  user_mem.o(.bss)
    KEY_DATA                                 0x40005f88   Data          52  use_key.o(.bss)
    LED_DATA                                 0x40005fbc   Data          22  use_key.o(.bss)
    MSG_Q                                    0x40005fd4   Data          80  user_option.o(.bss)
    gDeviceStatus                            0x40006024   Data          60  user_option.o(.bss)
    gDeviceTable                             0x40006060   Data          52  user_option.o(.bss)
    TASK_TABLE                               0x40006094   Data         244  user_option.o(.bss)
    gStat_Rec                                0x40006188   Data         332  user_option.o(.bss)
    Alarmdev_id                              0x400062d4   Data           9  user_option.o(.bss)
    QXCOM                                    0x400062e0   Data          40  user_xcom.o(.bss)
    XCOM_PORT                                0x40006308   Data         224  user_xcom.o(.bss)
    __libspace_start                         0x400063e8   Data          96  libspace.o(.bss)
    __temporary_stack_top$libspace           0x40006448   Data           0  libspace.o(.bss)
    Image$$ARM_LIB_HEAP$$ZI$$Base            0x40007000   Number         0  anon$$obj.o(ARM_LIB_HEAP.bss)
    Image$$ARM_LIB_HEAP$$ZI$$Limit           0x40007100   Number         0  anon$$obj.o(ARM_LIB_HEAP.bss)
    Image$$ARM_LIB_STACK$$ZI$$Limit          0x40008000   Number         0  anon$$obj.o(ARM_LIB_STACK.bss)



==============================================================================

Memory Map of the image

  Image entry point : Not specified.

  Load Region LR_IROM1 (Base: 0x00000000, Size: 0x0001b278, Max: 0x00080000, ABSOLUTE)

    Execution Region ER_IROM1 (Base: 0x00000000, Size: 0x0001b198, Max: 0x00080000, ABSOLUTE)

    Base Addr    Size         Type   Attr      Idx    E Section Name        Object

    0x00000000   0x00000040   Code   RO          194  * VECT                vectors.o
    0x00000040   0x00000008   Code   RO          951  * !!!main             __main.o(c_t.l)
    0x00000048   0x0000003c   Code   RO         1293    !!!scatter          __scatter.o(c_t.l)
    0x00000084   0x00000028   Code   RO         1295    !!handler_copy      __scatter_copy.o(c_t.l)
    0x000000ac   0x0000002c   Code   RO         1297    !!handler_zi        __scatter_zi.o(c_t.l)
    0x000000d8   0x00000004   Ven    RO         1045    .ARM.Collect$$_printf_percent$$00000000  _printf_percent.o(c_t.l)
    0x000000dc   0x00000000   Code   RO         1045    .ARM.Collect$$_printf_percent$$00000000  _printf_percent.o(c_t.l)
    0x000000dc   0x00000008   Code   RO         1034    .ARM.Collect$$_printf_percent$$00000001  _printf_n.o(c_t.l)
    0x000000e4   0x00000008   Code   RO         1036    .ARM.Collect$$_printf_percent$$00000002  _printf_p.o(c_t.l)
    0x000000ec   0x00000008   Code   RO         1041    .ARM.Collect$$_printf_percent$$00000003  _printf_f.o(c_t.l)
    0x000000f4   0x00000008   Code   RO         1042    .ARM.Collect$$_printf_percent$$00000004  _printf_e.o(c_t.l)
    0x000000fc   0x00000008   Code   RO         1043    .ARM.Collect$$_printf_percent$$00000005  _printf_g.o(c_t.l)
    0x00000104   0x00000008   Code   RO         1044    .ARM.Collect$$_printf_percent$$00000006  _printf_a.o(c_t.l)
    0x0000010c   0x0000000c   Code   RO         1049    .ARM.Collect$$_printf_percent$$00000007  _printf_ll.o(c_t.l)
    0x00000118   0x00000008   Code   RO         1038    .ARM.Collect$$_printf_percent$$00000008  _printf_i.o(c_t.l)
    0x00000120   0x00000008   Code   RO         1039    .ARM.Collect$$_printf_percent$$00000009  _printf_d.o(c_t.l)
    0x00000128   0x00000008   Code   RO         1040    .ARM.Collect$$_printf_percent$$0000000A  _printf_u.o(c_t.l)
    0x00000130   0x00000008   Code   RO         1037    .ARM.Collect$$_printf_percent$$0000000B  _printf_o.o(c_t.l)
    0x00000138   0x00000008   Code   RO         1035    .ARM.Collect$$_printf_percent$$0000000C  _printf_x.o(c_t.l)
    0x00000140   0x00000008   Code   RO         1046    .ARM.Collect$$_printf_percent$$0000000D  _printf_lli.o(c_t.l)
    0x00000148   0x00000008   Code   RO         1047    .ARM.Collect$$_printf_percent$$0000000E  _printf_lld.o(c_t.l)
    0x00000150   0x00000008   Code   RO         1048    .ARM.Collect$$_printf_percent$$0000000F  _printf_llu.o(c_t.l)
    0x00000158   0x00000008   Code   RO         1053    .ARM.Collect$$_printf_percent$$00000010  _printf_llo.o(c_t.l)
    0x00000160   0x00000008   Code   RO         1054    .ARM.Collect$$_printf_percent$$00000011  _printf_llx.o(c_t.l)
    0x00000168   0x0000000c   Code   RO         1050    .ARM.Collect$$_printf_percent$$00000012  _printf_l.o(c_t.l)
    0x00000174   0x00000008   Code   RO         1032    .ARM.Collect$$_printf_percent$$00000013  _printf_c.o(c_t.l)
    0x0000017c   0x00000008   Code   RO         1033    .ARM.Collect$$_printf_percent$$00000014  _printf_s.o(c_t.l)
    0x00000184   0x00000008   Code   RO         1051    .ARM.Collect$$_printf_percent$$00000015  _printf_lc.o(c_t.l)
    0x0000018c   0x00000008   Code   RO         1052    .ARM.Collect$$_printf_percent$$00000016  _printf_ls.o(c_t.l)
    0x00000194   0x00000008   Code   RO         1097    .ARM.Collect$$_printf_percent$$00000017  _printf_percent_end.o(c_t.l)
    0x0000019c   0x00000008   Ven    RO         1155    .ARM.Collect$$libinit$$00000000  libinit.o(c_t.l)
    0x000001a4   0x00000006   Code   RO         1155    .ARM.Collect$$libinit$$00000000  libinit.o(c_t.l)
    0x000001aa   0x00000000   Code   RO         1181    .ARM.Collect$$libinit$$00000006  libinit2.o(c_t.l)
    0x000001aa   0x00000000   Code   RO         1183    .ARM.Collect$$libinit$$00000008  libinit2.o(c_t.l)
    0x000001aa   0x00000000   Code   RO         1185    .ARM.Collect$$libinit$$0000000A  libinit2.o(c_t.l)
    0x000001aa   0x00000006   Code   RO         1186    .ARM.Collect$$libinit$$0000000B  libinit2.o(c_t.l)
    0x000001b0   0x00000000   Code   RO         1188    .ARM.Collect$$libinit$$0000000D  libinit2.o(c_t.l)
    0x000001b0   0x0000000c   Code   RO         1189    .ARM.Collect$$libinit$$0000000E  libinit2.o(c_t.l)
    0x000001bc   0x00000000   Code   RO         1190    .ARM.Collect$$libinit$$0000000F  libinit2.o(c_t.l)
    0x000001bc   0x00000000   Code   RO         1192    .ARM.Collect$$libinit$$00000011  libinit2.o(c_t.l)
    0x000001bc   0x0000000a   Code   RO         1193    .ARM.Collect$$libinit$$00000012  libinit2.o(c_t.l)
    0x000001c6   0x00000000   Code   RO         1194    .ARM.Collect$$libinit$$00000013  libinit2.o(c_t.l)
    0x000001c6   0x00000000   Code   RO         1196    .ARM.Collect$$libinit$$00000015  libinit2.o(c_t.l)
    0x000001c6   0x00000000   Code   RO         1198    .ARM.Collect$$libinit$$00000017  libinit2.o(c_t.l)
    0x000001c6   0x00000000   Code   RO         1200    .ARM.Collect$$libinit$$00000019  libinit2.o(c_t.l)
    0x000001c6   0x00000000   Code   RO         1202    .ARM.Collect$$libinit$$0000001B  libinit2.o(c_t.l)
    0x000001c6   0x00000000   Code   RO         1204    .ARM.Collect$$libinit$$0000001D  libinit2.o(c_t.l)
    0x000001c6   0x00000000   Code   RO         1206    .ARM.Collect$$libinit$$0000001F  libinit2.o(c_t.l)
    0x000001c6   0x00000000   Code   RO         1208    .ARM.Collect$$libinit$$00000021  libinit2.o(c_t.l)
    0x000001c6   0x00000000   Code   RO         1212    .ARM.Collect$$libinit$$00000028  libinit2.o(c_t.l)
    0x000001c6   0x00000000   Code   RO         1214    .ARM.Collect$$libinit$$0000002A  libinit2.o(c_t.l)
    0x000001c6   0x00000000   Code   RO         1216    .ARM.Collect$$libinit$$0000002C  libinit2.o(c_t.l)
    0x000001c6   0x00000000   Code   RO         1218    .ARM.Collect$$libinit$$0000002E  libinit2.o(c_t.l)
    0x000001c6   0x0000000c   Code   RO         1219    .ARM.Collect$$libinit$$0000002F  libinit2.o(c_t.l)
    0x000001d2   0x00000002   PAD
    0x000001d4   0x00000008   Ven    RO         1252    .ARM.Collect$$libshutdown$$00000000  libshutdown.o(c_t.l)
    0x000001dc   0x00000004   Code   RO         1252    .ARM.Collect$$libshutdown$$00000000  libshutdown.o(c_t.l)
    0x000001e0   0x00000000   Code   RO         1279    .ARM.Collect$$libshutdown$$00000003  libshutdown2.o(c_t.l)
    0x000001e0   0x00000000   Code   RO         1282    .ARM.Collect$$libshutdown$$00000006  libshutdown2.o(c_t.l)
    0x000001e0   0x00000000   Code   RO         1285    .ARM.Collect$$libshutdown$$00000009  libshutdown2.o(c_t.l)
    0x000001e0   0x00000000   Code   RO         1287    .ARM.Collect$$libshutdown$$0000000B  libshutdown2.o(c_t.l)
    0x000001e0   0x00000000   Code   RO         1290    .ARM.Collect$$libshutdown$$0000000E  libshutdown2.o(c_t.l)
    0x000001e0   0x00000006   Code   RO         1291    .ARM.Collect$$libshutdown$$0000000F  libshutdown2.o(c_t.l)
    0x000001e6   0x00000002   PAD
    0x000001e8   0x00000000   Code   RO          953    .ARM.Collect$$rtentry$$00000000  rtentry.o(c_t.l)
    0x000001e8   0x00000000   Code   RO         1058    .ARM.Collect$$rtentry$$00000002  rtentry2.o(c_t.l)
    0x000001e8   0x00000004   Code   RO         1075    .ARM.Collect$$rtentry$$00000007  rtentry7.o(c_t.l)
    0x000001ec   0x00000000   Code   RO         1060    .ARM.Collect$$rtentry$$00000009  rtentry2.o(c_t.l)
    0x000001ec   0x00000004   Code   RO         1061    .ARM.Collect$$rtentry$$0000000A  rtentry2.o(c_t.l)
    0x000001f0   0x00000000   Code   RO         1063    .ARM.Collect$$rtentry$$0000000C  rtentry2.o(c_t.l)
    0x000001f0   0x00000028   Code   RO         1064    .ARM.Collect$$rtentry$$0000000D  rtentry2.o(c_t.l)
    0x00000218   0x00000004   Code   RO         1076    .ARM.Collect$$rtentry$$00002718  rtentry7.o(c_t.l)
    0x0000021c   0x00000004   Ven    RO         1166    .ARM.Collect$$rtexit$$00000000  rtexit.o(c_t.l)
    0x00000220   0x00000000   Code   RO         1166    .ARM.Collect$$rtexit$$00000000  rtexit.o(c_t.l)
    0x00000220   0x00000000   Code   RO         1231    .ARM.Collect$$rtexit$$00000002  rtexit2.o(c_t.l)
    0x00000220   0x00000004   Code   RO         1232    .ARM.Collect$$rtexit$$00000003  rtexit2.o(c_t.l)
    0x00000224   0x00000004   Code   RO         1233    .ARM.Collect$$rtexit$$00000004  rtexit2.o(c_t.l)
    0x00000228   0x00000170   Code   RO            3    .text               main.o
    0x00000398   0x0000071c   Code   RO          201    .text               target.o
    0x00000ab4   0x00000728   Code   RO          219    .text               hw.o
    0x000011dc   0x00000874   Code   RO          234    .text               i2c0int.o
    0x00001a50   0x00000a3c   Code   RO          249    .text               i2c1int.o
    0x0000248c   0x000002c4   Code   RO          264    .text               dma.o
    0x00002750   0x000000f8   Code   RO          276    .text               i2s.o
    0x00002848   0x000001e0   Code   RO          288    .text               tms320aic23.o
    0x00002a28   0x000009d0   Code   RO          300    .text               use_sound.o
    0x000033f8   0x000009e8   Code   RO          315    .text               io.o
    0x00003de0   0x00000fdc   Code   RO          330    .text               cd22m3494.o
    0x00004dbc   0x0000114c   Code   RO          347    .text               pt2258.o
    0x00005f08   0x000004e4   Code   RO          363    .text               realtime.o
    0x000063ec   0x00000480   Code   RO          383    .text               sc16is752.o
    0x0000686c   0x0000008c   Code   RO          396    .text               os_api.o
    0x000068f8   0x00000a60   Code   RO          408    .text               arp.o
    0x00007358   0x000000f4   Code   RO          424    .text               ethernet.o
    0x0000744c   0x000007a0   Code   RO          436    .text               hardware_int.o
    0x00007bec   0x00000428   Code   RO          451    .text               ip.o
    0x00008014   0x000002bc   Code   RO          464    .text               icmp.o
    0x000082d0   0x000002fc   Code   RO          477    .text               udp.o
    0x000085cc   0x00000af4   Code   RO          489    .text               uart.o
    0x000090c0   0x000001f8   Code   RO          551    .text               os_cpu_c.o
    0x000092b8   0x00000170   Code   RO          570    .text               os_dbg.o
    0x00009428   0x00001020   Code   RO          585    .text               os_core.o
    0x0000a448   0x00000e34   Code   RO          605    .text               os_flag.o
    0x0000b27c   0x00000704   Code   RO          617    .text               os_mbox.o
    0x0000b980   0x00000374   Code   RO          629    .text               os_mem.o
    0x0000bcf4   0x00000abc   Code   RO          641    .text               os_mutex.o
    0x0000c7b0   0x00000a7c   Code   RO          653    .text               os_q.o
    0x0000d22c   0x00000c34   Code   RO          677    .text               os_task.o
    0x0000de60   0x000002d8   Code   RO          689    .text               os_time.o
    0x0000e138   0x00000214   Code   RO          707    .text               user_debug.o
    0x0000e34c   0x000002e8   Code   RO          729    .text               lp2368_flash.o
    0x0000e634   0x000001c8   Code   RO          745    .text               user_mem.o
    0x0000e7fc   0x000004fc   Code   RO          761    .text               pelcod.o
    0x0000ecf8   0x00002128   Code   RO          779    .text               use_key.o
    0x00010e20   0x00002e58   Code   RO          803    .text               user_on_msg.o
    0x00013c78   0x00001f04   Code   RO          816    .text               user_option.o
    0x00015b7c   0x000015c4   Code   RO          840    .text               user_power.o
    0x00017140   0x00000c7c   Code   RO          859    .text               user_table.o
    0x00017dbc   0x0000022c   Code   RO          871    .text               user_tb.o
    0x00017fe8   0x00000438   Code   RO          886    .text               user_udp.o
    0x00018420   0x00000944   Code   RO          901    .text               user_xcom.o
    0x00018d64   0x00000008   Ven    RO          919    .text               c89vsprintf.o(c_t.l)
    0x00018d6c   0x0000002c   Code   RO          919    .text               c89vsprintf.o(c_t.l)
    0x00018d98   0x00000008   Ven    RO          921    .text               strcpy.o(c_t.l)
    0x00018da0   0x00000050   Code   RO          921    .text               strcpy.o(c_t.l)
    0x00018df0   0x00000008   Ven    RO          923    .text               strlen.o(c_t.l)
    0x00018df8   0x00000044   Code   RO          923    .text               strlen.o(c_t.l)
    0x00018e3c   0x00000010   Code   RO          925    .text               aeabi_memset.o(c_t.l)
    0x00018e4c   0x000000d4   Code   RO          927    .text               rt_memcpy.o(c_t.l)
    0x00018f20   0x00000040   Code   RO          929    .text               rt_memclr.o(c_t.l)
    0x00018f60   0x00000064   Code   RO          931    .text               rt_memcpy_w.o(c_t.l)
    0x00018fc4   0x00000054   Code   RO          933    .text               rt_memclr_w.o(c_t.l)
    0x00019018   0x00000004   Ven    RO          935    .text               aeabi_sdiv.o(c_t.l)
    0x0001901c   0x00000180   Code   RO          935    .text               aeabi_sdiv.o(c_t.l)
    0x0001919c   0x00000054   Code   RO          965    .text               _printf_pad.o(c_t.l)
    0x000191f0   0x0000002c   Code   RO          967    .text               _printf_truncate.o(c_t.l)
    0x0001921c   0x00000058   Code   RO          969    .text               _printf_str.o(c_t.l)
    0x00019274   0x00000008   Ven    RO          971    .text               _printf_dec.o(c_t.l)
    0x0001927c   0x00000070   Code   RO          971    .text               _printf_dec.o(c_t.l)
    0x000192ec   0x00000008   Ven    RO          973    .text               _printf_charcount.o(c_t.l)
    0x000192f4   0x00000028   Code   RO          973    .text               _printf_charcount.o(c_t.l)
    0x0001931c   0x00000034   Code   RO          975    .text               _printf_char_common.o(c_t.l)
    0x00019350   0x0000000a   Code   RO          977    .text               _sputc.o(c_t.l)
    0x0001935a   0x00000002   PAD
    0x0001935c   0x000000c0   Code   RO          979    .text               _printf_wctomb.o(c_t.l)
    0x0001941c   0x00000008   Ven    RO          985    .text               _printf_longlong_dec.o(c_t.l)
    0x00019424   0x00000090   Code   RO          985    .text               _printf_longlong_dec.o(c_t.l)
    0x000194b4   0x00000008   Ven    RO          991    .text               _printf_oct_int_ll.o(c_t.l)
    0x000194bc   0x00000088   Code   RO          991    .text               _printf_oct_int_ll.o(c_t.l)
    0x00019544   0x00000008   Ven    RO         1011    .text               _printf_hex_int_ll_ptr.o(c_t.l)
    0x0001954c   0x000000bc   Code   RO         1011    .text               _printf_hex_int_ll_ptr.o(c_t.l)
    0x00019608   0x000001ac   Code   RO         1029    .text               __printf_flags_ss_wp.o(c_t.l)
    0x000197b4   0x00000004   Ven    RO         1081    .text               lludiv10.o(c_t.l)
    0x000197b8   0x000000a0   Code   RO         1081    .text               lludiv10.o(c_t.l)
    0x00019858   0x000000b6   Code   RO         1083    .text               _printf_intcommon.o(c_t.l)
    0x0001990e   0x00000002   PAD
    0x00019910   0x00000458   Code   RO         1085    .text               _printf_fp_dec.o(c_t.l)
    0x00019d68   0x00000008   Ven    RO         1093    .text               _printf_char.o(c_t.l)
    0x00019d70   0x00000032   Code   RO         1093    .text               _printf_char.o(c_t.l)
    0x00019da2   0x00000002   PAD
    0x00019da4   0x00000008   Ven    RO         1095    .text               _printf_wchar.o(c_t.l)
    0x00019dac   0x00000032   Code   RO         1095    .text               _printf_wchar.o(c_t.l)
    0x00019dde   0x0000004a   Code   RO         1098    .text               _wcrtomb.o(c_t.l)
    0x00019e28   0x00000004   Ven    RO         1102    .text               rtudiv10.o(c_t.l)
    0x00019e2c   0x0000002c   Code   RO         1102    .text               rtudiv10.o(c_t.l)
    0x00019e58   0x00000004   Ven    RO         1106    .text               rt_ctype_table.o(c_t.l)
    0x00019e5c   0x00000018   Code   RO         1106    .text               rt_ctype_table.o(c_t.l)
    0x00019e74   0x00000004   Ven    RO         1111    .text               rt_locale_intlibspace.o(c_t.l)
    0x00019e78   0x00000010   Code   RO         1111    .text               rt_locale_intlibspace.o(c_t.l)
    0x00019e88   0x0000008c   Code   RO         1113    .text               _printf_fp_infnan.o(c_t.l)
    0x00019f14   0x000000c8   Code   RO         1115    .text               bigflt0.o(c_t.l)
    0x00019fdc   0x0000000c   Code   RO         1143    .text               exit.o(c_t.l)
    0x00019fe8   0x000000a0   Code   RO         1177    .text               strcmp.o(c_t.l)
    0x0001a088   0x00000018   Code   RO         1226    .text               sys_exit.o(c_t.l)
    0x0001a0a0   0x00000004   Code   RO         1228    .text               use_no_semi.o(c_t.l)
    0x0001a0a4   0x0000001c   Code   RO          936    .text_udiv          aeabi_sdiv.o(c_t.l)
    0x0001a0c0   0x00000004   Ven    RO         1118    CL$$btod_d2e        btod.o(c_t.l)
    0x0001a0c4   0x00000038   Code   RO         1118    CL$$btod_d2e        btod.o(c_t.l)
    0x0001a0fc   0x00000054   Code   RO         1120    CL$$btod_d2e_denorm_low  btod.o(c_t.l)
    0x0001a150   0x00000068   Code   RO         1119    CL$$btod_d2e_norm_op1  btod.o(c_t.l)
    0x0001a1b8   0x0000034c   Code   RO         1128    CL$$btod_div_common  btod.o(c_t.l)
    0x0001a504   0x000000dc   Code   RO         1125    CL$$btod_e2e        btod.o(c_t.l)
    0x0001a5e0   0x00000004   Ven    RO         1122    CL$$btod_ediv       btod.o(c_t.l)
    0x0001a5e4   0x00000034   Code   RO         1122    CL$$btod_ediv       btod.o(c_t.l)
    0x0001a618   0x00000004   Ven    RO         1121    CL$$btod_emul       btod.o(c_t.l)
    0x0001a61c   0x00000034   Code   RO         1121    CL$$btod_emul       btod.o(c_t.l)
    0x0001a650   0x00000268   Code   RO         1127    CL$$btod_mult_common  btod.o(c_t.l)
    0x0001a8b8   0x00000278   Code   RO          508    CODE                os_cpu_a.o
    0x0001ab30   0x0000008c   Code   RO          198  * INIT                init.o
    0x0001abbc   0x0000000c   Ven    RO         1326    Veneer$$Code        anon$$obj.o
    0x0001abc8   0x0000000c   Ven    RO         1327    Veneer$$Code        anon$$obj.o
    0x0001abd4   0x0000000c   Ven    RO         1328    Veneer$$Code        anon$$obj.o
    0x0001abe0   0x0000000c   Ven    RO         1329    Veneer$$Code        anon$$obj.o
    0x0001abec   0x0000000c   Ven    RO         1330    Veneer$$Code        anon$$obj.o
    0x0001abf8   0x0000000c   Ven    RO         1331    Veneer$$Code        anon$$obj.o
    0x0001ac04   0x00000028   Code   RO          505    _CPU_A_CODE_        cpu_a.o
    0x0001ac2c   0x00000002   Code   RO          963    i.__ARM_common_call_via_r1  __printf.o(c_t.l)
    0x0001ac2e   0x00000002   Code   RO          983    i.__ARM_common_call_via_r2  _printf_wctomb.o(c_t.l)
    0x0001ac30   0x00000002   Code   RO         1100    i.__ARM_common_call_via_r3  _wcrtomb.o(c_t.l)
    0x0001ac32   0x00000002   PAD
    0x0001ac34   0x00000004   Ven    RO         1159    i.__ARM_fpclassify  fpclassify.o(m_ts.l)
    0x0001ac38   0x00000030   Code   RO         1159    i.__ARM_fpclassify  fpclassify.o(m_ts.l)
    0x0001ac68   0x00000004   Ven    RO         1141    locale$$code        lc_numeric_c.o(c_t.l)
    0x0001ac6c   0x00000050   Code   RO         1141    locale$$code        lc_numeric_c.o(c_t.l)
    0x0001acbc   0x00000004   Ven    RO         1171    locale$$code        lc_ctype_c.o(c_t.l)
    0x0001acc0   0x00000050   Code   RO         1171    locale$$code        lc_ctype_c.o(c_t.l)
    0x0001ad10   0x00000004   Ven    RO         1224    x$fpl$fpinit        fpinit.o(fz_ts.l)
    0x0001ad14   0x00000004   Code   RO         1224    x$fpl$fpinit        fpinit.o(fz_ts.l)
    0x0001ad18   0x00000004   Ven    RO         1156    x$fpl$ieeestatus    istatus.o(fz_ts.l)
    0x0001ad1c   0x00000008   Code   RO         1156    x$fpl$ieeestatus    istatus.o(fz_ts.l)
    0x0001ad24   0x00000004   Code   RO         1055    x$fpl$printf1       printf1.o(fz_ts.l)
    0x0001ad28   0x00000000   Code   RO         1158    x$fpl$usenofp       usenofp.o(fz_ts.l)
    0x0001ad28   0x00000070   Data   RO          571    .constdata          os_dbg.o
    0x0001ad98   0x00000100   Data   RO          587    .constdata          os_core.o
    0x0001ae98   0x00000035   Data   RO          818    .constdata          user_option.o
    0x0001aecd   0x000000a0   Data   RO          841    .constdata          user_power.o
    0x0001af6d   0x00000004   Data   RO          887    .constdata          user_udp.o
    0x0001af71   0x00000003   PAD
    0x0001af74   0x00000008   Data   RO          980    .constdata          _printf_wctomb.o(c_t.l)
    0x0001af7c   0x00000028   Data   RO         1012    .constdata          _printf_hex_int_ll_ptr.o(c_t.l)
    0x0001afa4   0x00000011   Data   RO         1030    .constdata          __printf_flags_ss_wp.o(c_t.l)
    0x0001afb5   0x00000003   PAD
    0x0001afb8   0x00000094   Data   RO         1116    .constdata          bigflt0.o(c_t.l)
    0x0001b04c   0x00000020   Data   RO         1292    Region$$Table       anon$$obj.o
    0x0001b06c   0x0000001c   Data   RO         1140    locale$$data        lc_numeric_c.o(c_t.l)
    0x0001b088   0x00000110   Data   RO         1170    locale$$data        lc_ctype_c.o(c_t.l)


    Execution Region RW_IRAM1 (Base: 0x40000000, Size: 0x00006448, Max: 0x00007000, ABSOLUTE)

    Base Addr    Size         Type   Attr      Idx    E Section Name        Object

    0x40000000   0x0000000c   Data   RW          202    .data               target.o
    0x4000000c   0x00000016   Data   RW          235    .data               i2c0int.o
    0x40000022   0x00000002   PAD
    0x40000024   0x00000016   Data   RW          250    .data               i2c1int.o
    0x4000003a   0x00000004   Data   RW          316    .data               io.o
    0x4000003e   0x00000003   Data   RW          332    .data               cd22m3494.o
    0x40000041   0x00000001   PAD
    0x40000042   0x00000006   Data   RW          348    .data               pt2258.o
    0x40000048   0x00000010   Data   RW          365    .data               realtime.o
    0x40000058   0x00000006   Data   RW          410    .data               arp.o
    0x4000005e   0x00000002   Data   RW          437    .data               hardware_int.o
    0x40000060   0x00000002   Data   RW          465    .data               icmp.o
    0x40000062   0x00000002   Data   RW          490    .data               uart.o
    0x40000064   0x00000048   Data   RW          588    .data               os_core.o
    0x400000ac   0x00000004   Data   RW          708    .data               user_debug.o
    0x400000b0   0x00000004   Data   RW          731    .data               lp2368_flash.o
    0x400000b4   0x00000008   Data   RW          747    .data               user_mem.o
    0x400000bc   0x00000007   Data   RW          762    .data               pelcod.o
    0x400000c3   0x00000001   PAD
    0x400000c4   0x0000000c   Data   RW          819    .data               user_option.o
    0x400000d0   0x00000008   Data   RW          842    .data               user_power.o
    0x400000d8   0x00000004   Data   RW          872    .data               user_tb.o
    0x400000dc   0x00000004   Data   RW          903    .data               user_xcom.o
    0x400000e0   0x00002000   Zero   RW            4    .bss                main.o
    0x400020e0   0x00000020   Zero   RW          220    .bss                hw.o
    0x40002100   0x00000278   Zero   RW          301    .bss                use_sound.o
    0x40002378   0x00000048   Zero   RW          331    .bss                cd22m3494.o
    0x400023c0   0x00000104   Zero   RW          364    .bss                realtime.o
    0x400024c4   0x00000182   Zero   RW          409    .bss                arp.o
    0x40002646   0x00000002   PAD
    0x40002648   0x00000d90   Zero   RW          586    .bss                os_core.o
    0x400033d8   0x00000040   Zero   RW          730    .bss                lp2368_flash.o
    0x40003418   0x00002b70   Zero   RW          746    .bss                user_mem.o
    0x40005f88   0x0000004a   Zero   RW          780    .bss                use_key.o
    0x40005fd2   0x00000002   PAD
    0x40005fd4   0x00000309   Zero   RW          817    .bss                user_option.o
    0x400062dd   0x00000003   PAD
    0x400062e0   0x00000108   Zero   RW          902    .bss                user_xcom.o
    0x400063e8   0x00000060   Zero   RW         1164    .bss                libspace.o(c_t.l)


    Execution Region ARM_LIB_HEAP (Base: 0x40007000, Size: 0x00000100, Max: 0x00000100, ABSOLUTE, UNINIT)

    Base Addr    Size         Type   Attr      Idx    E Section Name        Object

    0x40007000   0x00000100   Zero   RW            1    ARM_LIB_HEAP.bss    anon$$obj.o


    Execution Region ARM_LIB_STACK (Base: 0x40007200, Size: 0x00000e00, Max: 0x00000e00, ABSOLUTE, UNINIT)

    Base Addr    Size         Type   Attr      Idx    E Section Name        Object

    0x40007200   0x00000e00   Zero   RW            2    ARM_LIB_STACK.bss   anon$$obj.o


==============================================================================

Image component sizes


      Code (inc. data)   RO Data    RW Data    ZI Data      Debug   Object Name

      2656        104          0          6        386       6142   arp.o
      4060         24          0          3         72       5315   cd22m3494.o
        40          0          0          0          0        264   cpu_a.o
       708         60          0          0          0       1602   dma.o
       244          4          0          0          0       1464   ethernet.o
      1952         56          0          2          0       5328   hardware_int.o
      1832        112          0          0         32       3251   hw.o
      2164         48          0         22          0       3498   i2c0int.o
      2620         56          0         22          0       4504   i2c1int.o
       248         20          0          0          0        767   i2s.o
       700          8          0          2          0       2003   icmp.o
       140          8          0          0          0        228   init.o
      2536        112          0          4          0       3872   io.o
      1064          8          0          0          0       2338   ip.o
       744         16          0          4         64       3405   lp2368_flash.o
       368        108          0          0       8192      40931   main.o
       140          4          0          0          0        920   os_api.o
      4128        152        256         72       3472      18276   os_core.o
       632         36          0          0          0        472   os_cpu_a.o
       504         52          0          0          0      14642   os_cpu_c.o
       368        180        112          0          0       3444   os_dbg.o
      3636         28          0          0          0       7124   os_flag.o
      1796         16          0          0          0       4390   os_mbox.o
       884         12          0          0          0       3312   os_mem.o
      2748         28          0          0          0       4470   os_mutex.o
      2684         24          0          0          0       5709   os_q.o
      3124         40          0          0          0       6605   os_task.o
       728         28          0          0          0       1978   os_time.o
      1276          4          0          7          0       5187   pelcod.o
      4428         48          0          6          0       5737   pt2258.o
      1252         36          0         16        260       5054   realtime.o
      1152         20          0          0          0       3307   sc16is752.o
      1820         76          0         12          0       4358   target.o
       480          4          0          0          0       1521   tms320aic23.o
      2804         44          0          2          0       4546   uart.o
       764         12          0          0          0       2091   udp.o
      8488        740          0          0         74      10547   use_key.o
      2512        188          0          0        632       4375   use_sound.o
       532         16          0          4          0       2642   user_debug.o
       456         16          0          8      11120       1833   user_mem.o
     11864        440          0          0          0      19779   user_on_msg.o
      7940        364         53         12        777      18604   user_option.o
      5572        220        160          8          0       6702   user_power.o
      3196        120          0          0          0       5890   user_table.o
       556          4          0          4          0       1644   user_tb.o
      1080         20          4          0          0       2772   user_udp.o
      2372         64          0          4        264       6325   user_xcom.o
        64         28          0          0          0        240   vectors.o

    ----------------------------------------------------------------------
    102128       3832        620        224      29192     269408   Object Totals
        72         24         32          0       3840          0   (incl. Generated)
         0          0          3          4          7          0   (incl. Padding)

    ----------------------------------------------------------------------

      Code (inc. data)   RO Data    RW Data    ZI Data      Debug   Library Member Name

         8          0          0          0          0         68   __main.o
         2          0          0          0          0         60   __printf.o
       428          6         17          0          0         88   __printf_flags_ss_wp.o
        60          8          0          0          0          0   __scatter.o
        40          0          0          0          0          0   __scatter_copy.o
        44          0          0          0          0          0   __scatter_zi.o
         8          0          0          0          0          0   _printf_a.o
         8          0          0          0          0          0   _printf_c.o
        58          0          0          0          0        108   _printf_char.o
        52          4          0          0          0        100   _printf_char_common.o
        48          0          0          0          0         60   _printf_charcount.o
         8          0          0          0          0          0   _printf_d.o
       120         18          0          0          0         84   _printf_dec.o
         8          0          0          0          0          0   _printf_e.o
         8          0          0          0          0          0   _printf_f.o
      1112         12          0          0          0        192   _printf_fp_dec.o
       140         18          0          0          0         84   _printf_fp_infnan.o
         8          0          0          0          0          0   _printf_g.o
       196          4         40          0          0        180   _printf_hex_int_ll_ptr.o
         8          0          0          0          0          0   _printf_i.o
       182          0          0          0          0         92   _printf_intcommon.o
        12          0          0          0          0          0   _printf_l.o
         8          0          0          0          0          0   _printf_lc.o
        12          0          0          0          0          0   _printf_ll.o
         8          0          0          0          0          0   _printf_lld.o
         8          0          0          0          0          0   _printf_lli.o
         8          0          0          0          0          0   _printf_llo.o
         8          0          0          0          0          0   _printf_llu.o
         8          0          0          0          0          0   _printf_llx.o
       152         16          0          0          0         92   _printf_longlong_dec.o
         8          0          0          0          0          0   _printf_ls.o
         8          0          0          0          0          0   _printf_n.o
         8          0          0          0          0          0   _printf_o.o
       144          8          0          0          0        136   _printf_oct_int_ll.o
         8          0          0          0          0          0   _printf_p.o
        84          0          0          0          0        108   _printf_pad.o
         4          0          0          0          0          0   _printf_percent.o
         8          0          0          0          0          0   _printf_percent_end.o
         8          0          0          0          0          0   _printf_s.o
        88          0          0          0          0         84   _printf_str.o
        44          0          0          0          0         76   _printf_truncate.o
         8          0          0          0          0          0   _printf_u.o
        58          0          0          0          0        108   _printf_wchar.o
       194          4          8          0          0        152   _printf_wctomb.o
         8          0          0          0          0          0   _printf_x.o
        10          0          0          0          0         60   _sputc.o
        76          0          0          0          0        144   _wcrtomb.o
        16          0          0          0          0         68   aeabi_memset.o
       416          0          0          0          0        148   aeabi_sdiv.o
       200          4        148          0          0         92   bigflt0.o
      2040        128          0          0          0        680   btod.o
        52          6          0          0          0         76   c89vsprintf.o
        12          0          0          0          0         60   exit.o
        52          4          0          0          0         68   fpclassify.o
         8          0          0          0          0         68   fpinit.o
        12          0          0          0          0         68   istatus.o
        84          8        272          0          0         92   lc_ctype_c.o
        84          8         28          0          0         92   lc_numeric_c.o
        14          0          0          0          0          0   libinit.o
        40          0          0          0          0          0   libinit2.o
        12          0          0          0          0          0   libshutdown.o
         6          0          0          0          0          0   libshutdown2.o
         0          0          0          0         96          0   libspace.o
       164          0          0          0          0         92   lludiv10.o
         4          0          0          0          0         68   printf1.o
        28          4          0          0          0         84   rt_ctype_table.o
        20          4          0          0          0         68   rt_locale_intlibspace.o
        64          0          0          0          0         68   rt_memclr.o
        84          0          0          0          0         76   rt_memclr_w.o
       212          0          0          0          0         68   rt_memcpy.o
       100          0          0          0          0         80   rt_memcpy_w.o
         0          0          0          0          0          0   rtentry.o
        44          4          0          0          0          0   rtentry2.o
         8          4          0          0          0          0   rtentry7.o
         4          0          0          0          0          0   rtexit.o
         8          0          0          0          0          0   rtexit2.o
        48          0          0          0          0         68   rtudiv10.o
       160          4          0          0          0         76   strcmp.o
        88          6          0          0          0         76   strcpy.o
        76          4          0          0          0         76   strlen.o
        24          8          0          0          0         68   sys_exit.o
         4          0          0          0          0         68   use_no_semi.o
         0          0          0          0          0          0   usenofp.o

    ----------------------------------------------------------------------
      7736        294        516          0         96       4624   Library Totals
        12          0          3          0          0          0   (incl. Padding)

    ----------------------------------------------------------------------

      Code (inc. data)   RO Data    RW Data    ZI Data      Debug   Library Name

      7648        290        513          0         96       4352   c_t.l
        24          0          0          0          0        204   fz_ts.l
        52          4          0          0          0         68   m_ts.l

    ----------------------------------------------------------------------
      7736        294        516          0         96       4624   Library Totals

    ----------------------------------------------------------------------

==============================================================================


      Code (inc. data)   RO Data    RW Data    ZI Data      Debug   

    109864       4126       1136        224      29288     267332   Grand Totals
    109864       4126       1136        224      29288     267332   ELF Image Totals
    109864       4126       1136        224          0          0   ROM Totals

==============================================================================

    Total RO  Size (Code + RO Data)               111000 ( 108.40kB)
    Total RW  Size (RW Data + ZI Data)             29512 (  28.82kB)
    Total ROM Size (Code + RO Data + RW Data)     111224 ( 108.62kB)

==============================================================================

