<!doctype html public "-//w3c//dtd html 4.0 transitional//en">
<html><head>
<title>Static Call Graph - [E:\bp\program\bp\EvalBoards\NXP\MCB2300\RVMDK\LSZHV20\LSZH_V20.axf]</title></head>
<body><HR>
<H1>Static Call Graph for image E:\bp\program\bp\EvalBoards\NXP\MCB2300\RVMDK\LSZHV20\LSZH_V20.axf</H1><HR>
<BR><P>#&#060CALLGRAPH&#062# ARM Linker, RVCT4.0 [Build 524]: Last Updated: Wed Apr 21 09:34:47 2010
<BR><P>
<H3>Maximum Stack Usage =        552 bytes + Unknown(Functions without stacksize, Untraceable Function Pointers)</H3><H3>
Call chain for Maximum Stack Depth:</H3>
TASK_UART &rArr; UDP_msg_rev &rArr; UDP_Send_ACK &rArr; Udp_SendPacked &rArr; IP_SendFrame &rArr; Arp_Request &rArr; Ethernet_SendFrame &rArr; Send_Packet
<P>
<H3>
Functions with no stack information
</H3><UL>
 <LI><a href="#[d16450]">OS_CPU_SR_Save</a>
 <LI><a href="#[d1648c]">OS_CPU_SR_Restore</a>
 <LI><a href="#[d0e9bc]">OSStartHighRdy</a>
 <LI><a href="#[d0e980]">OSCtxSw</a>
 <LI><a href="#[d0e944]">OSIntCtxSw</a>
 <LI><a href="#[d0e908]">OS_CPU_ARM_ExceptResetHndlr</a>
 <LI><a href="#[d177c4]">OS_CPU_ARM_ExceptUndefInstrHndlr</a>
 <LI><a href="#[d17800]">OS_CPU_ARM_ExceptSwiHndlr</a>
 <LI><a href="#[d1783c]">OS_CPU_ARM_ExceptPrefetchAbortHndlr</a>
 <LI><a href="#[d178f0]">OS_CPU_ARM_ExceptDataAbortHndlr</a>
 <LI><a href="#[d0e8cc]">OS_CPU_ARM_ExceptAddrAbortHndlr</a>
 <LI><a href="#[d17878]">OS_CPU_ARM_ExceptIrqHndlr</a>
 <LI><a href="#[d178b4]">OS_CPU_ARM_ExceptFiqHndlr</a>
 <LI><a href="#[d17788]">ResetHndlr</a>
 <LI><a href="#[d16cc0]">CPU_SR_Save</a>
 <LI><a href="#[d16cfc]">CPU_SR_Restore</a>
</UL>
</UL>
<P>
<H3>
Function Pointers
</H3><UL>
 <LI><a href="#[d17788]">ResetHndlr</a>
 <LI><a href="#[d177c4]">OS_CPU_ARM_ExceptUndefInstrHndlr</a>
 <LI><a href="#[d17800]">OS_CPU_ARM_ExceptSwiHndlr</a>
 <LI><a href="#[d1783c]">OS_CPU_ARM_ExceptPrefetchAbortHndlr</a>
 <LI><a href="#[d178f0]">OS_CPU_ARM_ExceptDataAbortHndlr</a>
 <LI><a href="#[d17878]">OS_CPU_ARM_ExceptIrqHndlr</a>
 <LI><a href="#[d178b4]">OS_CPU_ARM_ExceptFiqHndlr</a>
 <LI><a href="#[d17f80]">main</a>
 <LI><a href="#[d17c74]">TASK_UART</a>
 <LI><a href="#[d15c58]">I2C0_Exception</a>
 <LI><a href="#[d1558c]">I2C1_Exception</a>
 <LI><a href="#[d0edb8]">EINT1_Exception</a>
 <LI><a href="#[d177c4]">OS_CPU_ARM_ExceptUndefInstrHndlr</a>
 <LI><a href="#[d17800]">OS_CPU_ARM_ExceptSwiHndlr</a>
 <LI><a href="#[d1783c]">OS_CPU_ARM_ExceptPrefetchAbortHndlr</a>
 <LI><a href="#[d178f0]">OS_CPU_ARM_ExceptDataAbortHndlr</a>
 <LI><a href="#[d0e8cc]">OS_CPU_ARM_ExceptAddrAbortHndlr</a>
 <LI><a href="#[d17878]">OS_CPU_ARM_ExceptIrqHndlr</a>
 <LI><a href="#[d178b4]">OS_CPU_ARM_ExceptFiqHndlr</a>
 <LI><a href="#[d66864]">_sputc</a>
 <LI><a href="#[d669cc]">_printf_input_char</a>
 <LI><a href="#[169ac68]">_get_lc_ctype</a>
 <LI><a href="#[1698ae4]">__I$use$semihosting</a>
 <LI><a href="#[d0e6ec]">OSTaskSwHook</a>
 <LI><a href="#[d0e890]">OSIntExit</a>
 <LI><a href="#[d16d38]">OS_CPU_ExceptHndlr</a>
 <LI><a href="#[d677a0]">__main</a>
</UL>
<P>
<H3>
Global Symbols
</H3>
<P><STRONG><a name="[d677a0]"></a>__main</STRONG> (ARM, 8 bytes, Stack size 0 bytes, __main.o(!!!main))
<BR><BR>[Calls]<UL><LI><a href="#[d67674]">&gt;&gt;</a>&nbsp;&nbsp;&nbsp;__rt_entry
<LI><a href="#[1695f88]">&gt;&gt;</a>&nbsp;&nbsp;&nbsp;__scatterload
</UL>

<P><STRONG><a name="[1695f88]"></a>__scatterload</STRONG> (ARM, 0 bytes, Stack size unknown bytes, __scatter.o(!!!scatter))
<BR><BR>[Called By]<UL><LI><a href="#[d677a0]">&gt;&gt;</a>&nbsp;&nbsp;&nbsp;__main
</UL>

<P><STRONG><a name="[1695f4c]"></a>__scatterload_rt2</STRONG> (ARM, 52 bytes, Stack size unknown bytes, __scatter.o(!!!scatter), UNUSED)
<BR><BR>[Calls]<UL><LI><a href="#[d67674]">&gt;&gt;</a>&nbsp;&nbsp;&nbsp;__rt_entry
</UL>

<P><STRONG><a name="[1695f10]"></a>__scatterload_null</STRONG> (ARM, 0 bytes, Stack size unknown bytes, __scatter.o(!!!scatter), UNUSED)

<P><STRONG><a name="[1695d6c]"></a>__scatterload_copy</STRONG> (ARM, 40 bytes, Stack size unknown bytes, __scatter_copy.o(!!handler_copy), UNUSED)
<BR><BR>[Calls]<UL><LI><a href="#[1695d6c]">&gt;&gt;</a>&nbsp;&nbsp;&nbsp;__scatterload_copy
</UL>
<BR>[Called By]<UL><LI><a href="#[1695d6c]">&gt;&gt;</a>&nbsp;&nbsp;&nbsp;__scatterload_copy
</UL>

<P><STRONG><a name="[1695c7c]"></a>__scatterload_zeroinit</STRONG> (ARM, 44 bytes, Stack size unknown bytes, __scatter_zi.o(!!handler_zi), UNUSED)

<P><STRONG><a name="[16a0050]"></a>_printf_n</STRONG> (ARM, 0 bytes, Stack size unknown bytes, _printf_n.o(.ARM.Collect$$_printf_percent$$00000001))
<BR><BR>[Calls]<UL><LI><a href="#[d66abc]">&gt;&gt;</a>&nbsp;&nbsp;&nbsp;_printf_charcount (via Veneer)
</UL>

<P><STRONG><a name="[169f7a4]"></a>_printf_percent</STRONG> (ARM, 0 bytes, Stack size unknown bytes, _printf_percent.o(.ARM.Collect$$_printf_percent$$00000000))
<BR><BR>[Called By]<UL><LI><a href="#[16a02e4]">&gt;&gt;</a>&nbsp;&nbsp;&nbsp;__printf (via Veneer)
</UL>

<P><STRONG><a name="[169feac]"></a>_printf_p</STRONG> (ARM, 0 bytes, Stack size unknown bytes, _printf_p.o(.ARM.Collect$$_printf_percent$$00000002))
<BR><BR>[Stack]<UL><LI>Max Depth = 112 + Unknown Stack Size
<LI>Call Chain = _printf_p &rArr; _printf_hex_ptr &rArr; _printf_longlong_hex &rArr; _printf_int_common &rArr; _printf_post_padding
</UL>
<BR>[Calls]<UL><LI><a href="#[16a0b54]">&gt;&gt;</a>&nbsp;&nbsp;&nbsp;_printf_hex_ptr (via Veneer)
</UL>

<P><STRONG><a name="[169fab0]"></a>_printf_f</STRONG> (ARM, 0 bytes, Stack size unknown bytes, _printf_f.o(.ARM.Collect$$_printf_percent$$00000003))
<BR><BR>[Stack]<UL><LI>Max Depth = 320 + Unknown Stack Size
<LI>Call Chain = _printf_f &rArr; _printf_fp_dec &rArr; _printf_fp_dec_real &rArr; _fp_digits &rArr; _btod_etento &rArr; _btod_emul &rArr; _e2e
</UL>
<BR>[Calls]<UL><LI><a href="#[169ee08]">&gt;&gt;</a>&nbsp;&nbsp;&nbsp;_printf_fp_dec
</UL>

<P><STRONG><a name="[169f9fc]"></a>_printf_e</STRONG> (ARM, 0 bytes, Stack size unknown bytes, _printf_e.o(.ARM.Collect$$_printf_percent$$00000004))
<BR><BR>[Stack]<UL><LI>Max Depth = 320 + Unknown Stack Size
<LI>Call Chain = _printf_e &rArr; _printf_fp_dec &rArr; _printf_fp_dec_real &rArr; _fp_digits &rArr; _btod_etento &rArr; _btod_emul &rArr; _e2e
</UL>
<BR>[Calls]<UL><LI><a href="#[169ee08]">&gt;&gt;</a>&nbsp;&nbsp;&nbsp;_printf_fp_dec
</UL>

<P><STRONG><a name="[169f948]"></a>_printf_g</STRONG> (ARM, 0 bytes, Stack size unknown bytes, _printf_g.o(.ARM.Collect$$_printf_percent$$00000005))
<BR><BR>[Stack]<UL><LI>Max Depth = 320 + Unknown Stack Size
<LI>Call Chain = _printf_g &rArr; _printf_fp_dec &rArr; _printf_fp_dec_real &rArr; _fp_digits &rArr; _btod_etento &rArr; _btod_emul &rArr; _e2e
</UL>
<BR>[Calls]<UL><LI><a href="#[169ee08]">&gt;&gt;</a>&nbsp;&nbsp;&nbsp;_printf_fp_dec
</UL>

<P><STRONG><a name="[169f894]"></a>_printf_a</STRONG> (ARM, 0 bytes, Stack size unknown bytes, _printf_a.o(.ARM.Collect$$_printf_percent$$00000006))
<BR><BR>[Calls]<UL><LI><a href="#[169f858]">&gt;&gt;</a>&nbsp;&nbsp;&nbsp;_printf_fp_hex (Weak Reference)
</UL>

<P><STRONG><a name="[169f498]"></a>_printf_ll</STRONG> (ARM, 0 bytes, Stack size unknown bytes, _printf_ll.o(.ARM.Collect$$_printf_percent$$00000007))

<P><STRONG><a name="[169fccc]"></a>_printf_i</STRONG> (ARM, 0 bytes, Stack size unknown bytes, _printf_i.o(.ARM.Collect$$_printf_percent$$00000008))
<BR><BR>[Stack]<UL><LI>Max Depth = 88 + Unknown Stack Size
<LI>Call Chain = _printf_i &rArr; _printf_int_dec &rArr; _printf_int_common &rArr; _printf_post_padding
</UL>
<BR>[Calls]<UL><LI><a href="#[d66c24]">&gt;&gt;</a>&nbsp;&nbsp;&nbsp;_printf_int_dec (via Veneer)
</UL>

<P><STRONG><a name="[169fc18]"></a>_printf_d</STRONG> (ARM, 0 bytes, Stack size unknown bytes, _printf_d.o(.ARM.Collect$$_printf_percent$$00000009))
<BR><BR>[Stack]<UL><LI>Max Depth = 88 + Unknown Stack Size
<LI>Call Chain = _printf_d &rArr; _printf_int_dec &rArr; _printf_int_common &rArr; _printf_post_padding
</UL>
<BR>[Calls]<UL><LI><a href="#[d66c24]">&gt;&gt;</a>&nbsp;&nbsp;&nbsp;_printf_int_dec (via Veneer)
</UL>

<P><STRONG><a name="[169fb64]"></a>_printf_u</STRONG> (ARM, 0 bytes, Stack size unknown bytes, _printf_u.o(.ARM.Collect$$_printf_percent$$0000000A))
<BR><BR>[Stack]<UL><LI>Max Depth = 88 + Unknown Stack Size
<LI>Call Chain = _printf_u &rArr; _printf_int_dec &rArr; _printf_int_common &rArr; _printf_post_padding
</UL>
<BR>[Calls]<UL><LI><a href="#[d66c24]">&gt;&gt;</a>&nbsp;&nbsp;&nbsp;_printf_int_dec (via Veneer)
</UL>

<P><STRONG><a name="[169fdbc]"></a>_printf_o</STRONG> (ARM, 0 bytes, Stack size unknown bytes, _printf_o.o(.ARM.Collect$$_printf_percent$$0000000B))
<BR><BR>[Stack]<UL><LI>Max Depth = 88 + Unknown Stack Size
<LI>Call Chain = _printf_o &rArr; _printf_int_oct &rArr; _printf_longlong_oct &rArr; _printf_int_common &rArr; _printf_post_padding
</UL>
<BR>[Calls]<UL><LI><a href="#[d660a8]">&gt;&gt;</a>&nbsp;&nbsp;&nbsp;_printf_int_oct (via Veneer)
</UL>

<P><STRONG><a name="[169ff9c]"></a>_printf_x</STRONG> (ARM, 0 bytes, Stack size unknown bytes, _printf_x.o(.ARM.Collect$$_printf_percent$$0000000C))
<BR><BR>[Stack]<UL><LI>Max Depth = 120 + Unknown Stack Size
<LI>Call Chain = _printf_x &rArr; _printf_int_hex &rArr; _printf_longlong_hex &rArr; _printf_int_common &rArr; _printf_post_padding
</UL>
<BR>[Calls]<UL><LI><a href="#[16a0bcc]">&gt;&gt;</a>&nbsp;&nbsp;&nbsp;_printf_int_hex (via Veneer)
</UL>

<P><STRONG><a name="[169f6b4]"></a>_printf_lli</STRONG> (ARM, 0 bytes, Stack size unknown bytes, _printf_lli.o(.ARM.Collect$$_printf_percent$$0000000D))
<BR><BR>[Stack]<UL><LI>Max Depth = 96 + Unknown Stack Size
<LI>Call Chain = _printf_lli &rArr; _printf_longlong_dec &rArr; _printf_int_common &rArr; _printf_post_padding
</UL>
<BR>[Calls]<UL><LI><a href="#[d664e0]">&gt;&gt;</a>&nbsp;&nbsp;&nbsp;_printf_longlong_dec (via Veneer)
</UL>

<P><STRONG><a name="[169f600]"></a>_printf_lld</STRONG> (ARM, 0 bytes, Stack size unknown bytes, _printf_lld.o(.ARM.Collect$$_printf_percent$$0000000E))
<BR><BR>[Stack]<UL><LI>Max Depth = 96 + Unknown Stack Size
<LI>Call Chain = _printf_lld &rArr; _printf_longlong_dec &rArr; _printf_int_common &rArr; _printf_post_padding
</UL>
<BR>[Calls]<UL><LI><a href="#[d664e0]">&gt;&gt;</a>&nbsp;&nbsp;&nbsp;_printf_longlong_dec (via Veneer)
</UL>

<P><STRONG><a name="[169f54c]"></a>_printf_llu</STRONG> (ARM, 0 bytes, Stack size unknown bytes, _printf_llu.o(.ARM.Collect$$_printf_percent$$0000000F))
<BR><BR>[Stack]<UL><LI>Max Depth = 96 + Unknown Stack Size
<LI>Call Chain = _printf_llu &rArr; _printf_longlong_dec &rArr; _printf_int_common &rArr; _printf_post_padding
</UL>
<BR>[Calls]<UL><LI><a href="#[d664e0]">&gt;&gt;</a>&nbsp;&nbsp;&nbsp;_printf_longlong_dec (via Veneer)
</UL>

<P><STRONG><a name="[169f150]"></a>_printf_llo</STRONG> (ARM, 0 bytes, Stack size unknown bytes, _printf_llo.o(.ARM.Collect$$_printf_percent$$00000010))
<BR><BR>[Stack]<UL><LI>Max Depth = 80 + Unknown Stack Size
<LI>Call Chain = _printf_llo &rArr; _printf_ll_oct &rArr; _printf_longlong_oct &rArr; _printf_int_common &rArr; _printf_post_padding
</UL>
<BR>[Calls]<UL><LI><a href="#[d6606c]">&gt;&gt;</a>&nbsp;&nbsp;&nbsp;_printf_ll_oct (via Veneer)
</UL>

<P><STRONG><a name="[169f060]"></a>_printf_llx</STRONG> (ARM, 0 bytes, Stack size unknown bytes, _printf_llx.o(.ARM.Collect$$_printf_percent$$00000011))
<BR><BR>[Stack]<UL><LI>Max Depth = 104 + Unknown Stack Size
<LI>Call Chain = _printf_llx &rArr; _printf_ll_hex &rArr; _printf_longlong_hex &rArr; _printf_int_common &rArr; _printf_post_padding
</UL>
<BR>[Calls]<UL><LI><a href="#[16a0b90]">&gt;&gt;</a>&nbsp;&nbsp;&nbsp;_printf_ll_hex (via Veneer)
</UL>

<P><STRONG><a name="[169f3e4]"></a>_printf_l</STRONG> (ARM, 0 bytes, Stack size unknown bytes, _printf_l.o(.ARM.Collect$$_printf_percent$$00000012))

<P><STRONG><a name="[16a0230]"></a>_printf_c</STRONG> (ARM, 0 bytes, Stack size unknown bytes, _printf_c.o(.ARM.Collect$$_printf_percent$$00000013))
<BR><BR>[Stack]<UL><LI>Max Depth = 40 + Unknown Stack Size
<LI>Call Chain = _printf_c &rArr; _printf_char &rArr; _printf_cs_common &rArr; _printf_str &rArr; _printf_post_padding
</UL>
<BR>[Calls]<UL><LI><a href="#[169dbfc]">&gt;&gt;</a>&nbsp;&nbsp;&nbsp;_printf_char (via Veneer)
</UL>

<P><STRONG><a name="[16a0140]"></a>_printf_s</STRONG> (ARM, 0 bytes, Stack size unknown bytes, _printf_s.o(.ARM.Collect$$_printf_percent$$00000014))
<BR><BR>[Stack]<UL><LI>Max Depth = 40 + Unknown Stack Size
<LI>Call Chain = _printf_s &rArr; _printf_string &rArr; _printf_cs_common &rArr; _printf_str &rArr; _printf_post_padding
</UL>
<BR>[Calls]<UL><LI><a href="#[169dbc0]">&gt;&gt;</a>&nbsp;&nbsp;&nbsp;_printf_string (via Veneer)
</UL>

<P><STRONG><a name="[169f330]"></a>_printf_lc</STRONG> (ARM, 0 bytes, Stack size unknown bytes, _printf_lc.o(.ARM.Collect$$_printf_percent$$00000015))
<BR><BR>[Stack]<UL><LI>Max Depth = 88 + Unknown Stack Size
<LI>Call Chain = _printf_lc &rArr; _printf_wchar &rArr; _printf_lcs_common &rArr; _printf_wctomb &rArr; _wcrtomb &rArr; __rt_ctype_table
</UL>
<BR>[Calls]<UL><LI><a href="#[169da58]">&gt;&gt;</a>&nbsp;&nbsp;&nbsp;_printf_wchar (via Veneer)
</UL>

<P><STRONG><a name="[169f240]"></a>_printf_ls</STRONG> (ARM, 0 bytes, Stack size unknown bytes, _printf_ls.o(.ARM.Collect$$_printf_percent$$00000016))
<BR><BR>[Stack]<UL><LI>Max Depth = 88 + Unknown Stack Size
<LI>Call Chain = _printf_ls &rArr; _printf_wstring &rArr; _printf_lcs_common &rArr; _printf_wctomb &rArr; _wcrtomb &rArr; __rt_ctype_table
</UL>
<BR>[Calls]<UL><LI><a href="#[169da1c]">&gt;&gt;</a>&nbsp;&nbsp;&nbsp;_printf_wstring (via Veneer)
</UL>

<P><STRONG><a name="[169d92c]"></a>_printf_percent_end</STRONG> (ARM, 0 bytes, Stack size unknown bytes, _printf_percent_end.o(.ARM.Collect$$_printf_percent$$00000017))

<P><STRONG><a name="[169bc1c]"></a>__rt_lib_init</STRONG> (Thumb, 0 bytes, Stack size unknown bytes, libinit.o(.ARM.Collect$$libinit$$00000000))
<BR><BR>[Calls]<UL><LI><a href="#[1698cc4]">&gt;&gt;</a>&nbsp;&nbsp;&nbsp;_fp_init (via Veneer)
</UL>
<BR>[Called By]<UL><LI><a href="#[169ea84]">&gt;&gt;</a>&nbsp;&nbsp;&nbsp;__rt_entry_li (via Veneer)
</UL>

<P><STRONG><a name="[1699e1c]"></a>__rt_lib_init_heap_1</STRONG> (Thumb, 0 bytes, Stack size unknown bytes, libinit2.o(.ARM.Collect$$libinit$$00000006))

<P><STRONG><a name="[1699cf0]"></a>__rt_lib_init_lc_common</STRONG> (Thumb, 0 bytes, Stack size unknown bytes, libinit2.o(.ARM.Collect$$libinit$$0000000B))
<BR><BR>[Calls]<UL><LI><a href="#[169d170]">&gt;&gt;</a>&nbsp;&nbsp;&nbsp;__rt_locale (via Veneer)
</UL>

<P><STRONG><a name="[1699d2c]"></a>__rt_lib_init_rand_1</STRONG> (Thumb, 0 bytes, Stack size unknown bytes, libinit2.o(.ARM.Collect$$libinit$$0000000A))

<P><STRONG><a name="[1699da4]"></a>__rt_lib_init_user_alloc_1</STRONG> (Thumb, 0 bytes, Stack size unknown bytes, libinit2.o(.ARM.Collect$$libinit$$00000008))

<P><STRONG><a name="[1699c78]"></a>__rt_lib_init_lc_collate_1</STRONG> (Thumb, 0 bytes, Stack size unknown bytes, libinit2.o(.ARM.Collect$$libinit$$0000000D))

<P><STRONG><a name="[1699c3c]"></a>__rt_lib_init_lc_ctype_2</STRONG> (Thumb, 0 bytes, Stack size unknown bytes, libinit2.o(.ARM.Collect$$libinit$$0000000E))
<BR><BR>[Stack]<UL><LI>Max Depth = 12 + Unknown Stack Size
<LI>Call Chain = __rt_lib_init_lc_ctype_2 &rArr; _get_lc_ctype &rArr; strcmp
</UL>
<BR>[Calls]<UL><LI><a href="#[169ac68]">&gt;&gt;</a>&nbsp;&nbsp;&nbsp;_get_lc_ctype (via Veneer)
</UL>

<P><STRONG><a name="[1699c00]"></a>__rt_lib_init_lc_ctype_1</STRONG> (Thumb, 0 bytes, Stack size unknown bytes, libinit2.o(.ARM.Collect$$libinit$$0000000F))

<P><STRONG><a name="[1699b88]"></a>__rt_lib_init_lc_monetary_1</STRONG> (Thumb, 0 bytes, Stack size unknown bytes, libinit2.o(.ARM.Collect$$libinit$$00000011))

<P><STRONG><a name="[1699b4c]"></a>__rt_lib_init_lc_numeric_2</STRONG> (Thumb, 0 bytes, Stack size unknown bytes, libinit2.o(.ARM.Collect$$libinit$$00000012))
<BR><BR>[Stack]<UL><LI>Max Depth = 12 + Unknown Stack Size
<LI>Call Chain = __rt_lib_init_lc_numeric_2 &rArr; _get_lc_numeric &rArr; strcmp
</UL>
<BR>[Calls]<UL><LI><a href="#[169c414]">&gt;&gt;</a>&nbsp;&nbsp;&nbsp;_get_lc_numeric (via Veneer)
</UL>

<P><STRONG><a name="[16995e8]"></a>__rt_lib_init_alloca_1</STRONG> (Thumb, 0 bytes, Stack size unknown bytes, libinit2.o(.ARM.Collect$$libinit$$0000002A))

<P><STRONG><a name="[1699660]"></a>__rt_lib_init_argv_1</STRONG> (Thumb, 0 bytes, Stack size unknown bytes, libinit2.o(.ARM.Collect$$libinit$$00000028))

<P><STRONG><a name="[1699a20]"></a>__rt_lib_init_atexit_1</STRONG> (Thumb, 0 bytes, Stack size unknown bytes, libinit2.o(.ARM.Collect$$libinit$$00000017))

<P><STRONG><a name="[16998b8]"></a>__rt_lib_init_clock_1</STRONG> (Thumb, 0 bytes, Stack size unknown bytes, libinit2.o(.ARM.Collect$$libinit$$0000001D))

<P><STRONG><a name="[16994f8]"></a>__rt_lib_init_cpp_1</STRONG> (Thumb, 0 bytes, Stack size unknown bytes, libinit2.o(.ARM.Collect$$libinit$$0000002E))

<P><STRONG><a name="[1699570]"></a>__rt_lib_init_exceptions_1</STRONG> (Thumb, 0 bytes, Stack size unknown bytes, libinit2.o(.ARM.Collect$$libinit$$0000002C))

<P><STRONG><a name="[1699930]"></a>__rt_lib_init_fp_trap_1</STRONG> (Thumb, 0 bytes, Stack size unknown bytes, libinit2.o(.ARM.Collect$$libinit$$0000001B))

<P><STRONG><a name="[1699840]"></a>__rt_lib_init_getenv_1</STRONG> (Thumb, 0 bytes, Stack size unknown bytes, libinit2.o(.ARM.Collect$$libinit$$0000001F))

<P><STRONG><a name="[1699b10]"></a>__rt_lib_init_lc_numeric_1</STRONG> (Thumb, 0 bytes, Stack size unknown bytes, libinit2.o(.ARM.Collect$$libinit$$00000013))

<P><STRONG><a name="[1699a98]"></a>__rt_lib_init_lc_time_1</STRONG> (Thumb, 0 bytes, Stack size unknown bytes, libinit2.o(.ARM.Collect$$libinit$$00000015))

<P><STRONG><a name="[16994bc]"></a>__rt_lib_init_return</STRONG> (Thumb, 0 bytes, Stack size unknown bytes, libinit2.o(.ARM.Collect$$libinit$$0000002F))

<P><STRONG><a name="[16999a8]"></a>__rt_lib_init_signal_1</STRONG> (Thumb, 0 bytes, Stack size unknown bytes, libinit2.o(.ARM.Collect$$libinit$$00000019))

<P><STRONG><a name="[16997c8]"></a>__rt_lib_init_stdio_1</STRONG> (Thumb, 0 bytes, Stack size unknown bytes, libinit2.o(.ARM.Collect$$libinit$$00000021))

<P><STRONG><a name="[1697824]"></a>__rt_lib_shutdown</STRONG> (Thumb, 0 bytes, Stack size unknown bytes, libshutdown.o(.ARM.Collect$$libshutdown$$00000000))
<BR><BR>[Called By]<UL><LI><a href="#[16988c8]">&gt;&gt;</a>&nbsp;&nbsp;&nbsp;__rt_exit_ls (via Veneer)
</UL>

<P><STRONG><a name="[16964ec]"></a>__rt_lib_shutdown_fp_trap_1</STRONG> (Thumb, 0 bytes, Stack size unknown bytes, libshutdown2.o(.ARM.Collect$$libshutdown$$00000006))

<P><STRONG><a name="[169630c]"></a>__rt_lib_shutdown_heap_1</STRONG> (Thumb, 0 bytes, Stack size unknown bytes, libshutdown2.o(.ARM.Collect$$libshutdown$$0000000E))

<P><STRONG><a name="[16962d0]"></a>__rt_lib_shutdown_return</STRONG> (Thumb, 0 bytes, Stack size unknown bytes, libshutdown2.o(.ARM.Collect$$libshutdown$$0000000F))

<P><STRONG><a name="[1696438]"></a>__rt_lib_shutdown_signal_1</STRONG> (Thumb, 0 bytes, Stack size unknown bytes, libshutdown2.o(.ARM.Collect$$libshutdown$$00000009))

<P><STRONG><a name="[16965a0]"></a>__rt_lib_shutdown_stdio_1</STRONG> (Thumb, 0 bytes, Stack size unknown bytes, libshutdown2.o(.ARM.Collect$$libshutdown$$00000003))

<P><STRONG><a name="[16963c0]"></a>__rt_lib_shutdown_user_alloc_1</STRONG> (Thumb, 0 bytes, Stack size unknown bytes, libshutdown2.o(.ARM.Collect$$libshutdown$$0000000B))

<P><STRONG><a name="[d67674]"></a>__rt_entry</STRONG> (ARM, 0 bytes, Stack size unknown bytes, rtentry.o(.ARM.Collect$$rtentry$$00000000))
<BR><BR>[Called By]<UL><LI><a href="#[d677a0]">&gt;&gt;</a>&nbsp;&nbsp;&nbsp;__main
<LI><a href="#[1695f4c]">&gt;&gt;</a>&nbsp;&nbsp;&nbsp;__scatterload_rt2
</UL>

<P><STRONG><a name="[169eb38]"></a>__rt_entry_presh_1</STRONG> (ARM, 0 bytes, Stack size unknown bytes, rtentry2.o(.ARM.Collect$$rtentry$$00000002))

<P><STRONG><a name="[169e64c]"></a>__rt_entry_sh</STRONG> (ARM, 0 bytes, Stack size unknown bytes, rtentry7.o(.ARM.Collect$$rtentry$$00000007))

<P><STRONG><a name="[169ea84]"></a>__rt_entry_li</STRONG> (ARM, 0 bytes, Stack size unknown bytes, rtentry2.o(.ARM.Collect$$rtentry$$0000000A))
<BR><BR>[Calls]<UL><LI><a href="#[169bc1c]">&gt;&gt;</a>&nbsp;&nbsp;&nbsp;__rt_lib_init (via Veneer)
</UL>

<P><STRONG><a name="[169eac0]"></a>__rt_entry_postsh_1</STRONG> (ARM, 0 bytes, Stack size unknown bytes, rtentry2.o(.ARM.Collect$$rtentry$$00000009))

<P><STRONG><a name="[169e9d0]"></a>__rt_entry_main</STRONG> (ARM, 0 bytes, Stack size unknown bytes, rtentry2.o(.ARM.Collect$$rtentry$$0000000D))
<BR><BR>[Calls]<UL><LI><a href="#[169c2ac]">&gt;&gt;</a>&nbsp;&nbsp;&nbsp;exit (via BX)
</UL>

<P><STRONG><a name="[169ea0c]"></a>__rt_entry_postli_1</STRONG> (ARM, 0 bytes, Stack size unknown bytes, rtentry2.o(.ARM.Collect$$rtentry$$0000000C))

<P><STRONG><a name="[169b064]"></a>__rt_exit</STRONG> (ARM, 0 bytes, Stack size unknown bytes, rtexit.o(.ARM.Collect$$rtexit$$00000000))
<BR><BR>[Called By]<UL><LI><a href="#[169c2ac]">&gt;&gt;</a>&nbsp;&nbsp;&nbsp;exit (via Veneer)
</UL>

<P><STRONG><a name="[16988c8]"></a>__rt_exit_ls</STRONG> (ARM, 0 bytes, Stack size unknown bytes, rtexit2.o(.ARM.Collect$$rtexit$$00000003))
<BR><BR>[Calls]<UL><LI><a href="#[1697824]">&gt;&gt;</a>&nbsp;&nbsp;&nbsp;__rt_lib_shutdown (via Veneer)
</UL>

<P><STRONG><a name="[1698904]"></a>__rt_exit_prels_1</STRONG> (ARM, 0 bytes, Stack size unknown bytes, rtexit2.o(.ARM.Collect$$rtexit$$00000002))

<P><STRONG><a name="[169888c]"></a>__rt_exit_exit</STRONG> (ARM, 0 bytes, Stack size unknown bytes, rtexit2.o(.ARM.Collect$$rtexit$$00000004))
<BR><BR>[Calls]<UL><LI><a href="#[1698bd4]">&gt;&gt;</a>&nbsp;&nbsp;&nbsp;_sys_exit
</UL>

<P><STRONG><a name="[d17fbc]"></a>TASK_START</STRONG> (ARM, 176 bytes, Stack size 32 bytes, main.o(.text), UNUSED)
<BR><BR>[Calls]<UL><LI><a href="#[d17a94]">&gt;&gt;</a>&nbsp;&nbsp;&nbsp;key_init
<LI><a href="#[d17ad0]">&gt;&gt;</a>&nbsp;&nbsp;&nbsp;XCOM_init
<LI><a href="#[d17b0c]">&gt;&gt;</a>&nbsp;&nbsp;&nbsp;VGACD22M3494Reset
<LI><a href="#[d17b48]">&gt;&gt;</a>&nbsp;&nbsp;&nbsp;User_mem_init
<LI><a href="#[d17b84]">&gt;&gt;</a>&nbsp;&nbsp;&nbsp;User_Option
<LI><a href="#[d17bc0]">&gt;&gt;</a>&nbsp;&nbsp;&nbsp;UART_printf
<LI><a href="#[d17c38]">&gt;&gt;</a>&nbsp;&nbsp;&nbsp;TargetInit
<LI><a href="#[d17cb0]">&gt;&gt;</a>&nbsp;&nbsp;&nbsp;PT2258Init
<LI><a href="#[d17cec]">&gt;&gt;</a>&nbsp;&nbsp;&nbsp;POWER_init
<LI><a href="#[d17d28]">&gt;&gt;</a>&nbsp;&nbsp;&nbsp;Option_init
<LI><a href="#[d17d64]">&gt;&gt;</a>&nbsp;&nbsp;&nbsp;OSTaskCreateExt
<LI><a href="#[d17e18]">&gt;&gt;</a>&nbsp;&nbsp;&nbsp;Initial_arp
<LI><a href="#[d17e54]">&gt;&gt;</a>&nbsp;&nbsp;&nbsp;InitNet
<LI><a href="#[d17e90]">&gt;&gt;</a>&nbsp;&nbsp;&nbsp;IP_printf
<LI><a href="#[d17ecc]">&gt;&gt;</a>&nbsp;&nbsp;&nbsp;IO_FlagLingt_Flash
<LI><a href="#[d17f08]">&gt;&gt;</a>&nbsp;&nbsp;&nbsp;HW_init
<LI><a href="#[d17f44]">&gt;&gt;</a>&nbsp;&nbsp;&nbsp;AVCD22M3494Reset
</UL>

<P><STRONG><a name="[d17f80]"></a>main</STRONG> (ARM, 84 bytes, Stack size 24 bytes, main.o(.text))
<BR><BR>[Stack]<UL><LI>Max Depth = 264 + Unknown Stack Size
<LI>Call Chain = main &rArr; TargetResetInit &rArr; UART_printf &rArr; __c89vsprintf &rArr; _printf_char_common &rArr; __printf
</UL>
<BR>[Calls]<UL><LI><a href="#[d17bc0]">&gt;&gt;</a>&nbsp;&nbsp;&nbsp;UART_printf
<LI><a href="#[d17bfc]">&gt;&gt;</a>&nbsp;&nbsp;&nbsp;TargetResetInit
<LI><a href="#[d17d64]">&gt;&gt;</a>&nbsp;&nbsp;&nbsp;OSTaskCreateExt
<LI><a href="#[d17da0]">&gt;&gt;</a>&nbsp;&nbsp;&nbsp;OSStart
<LI><a href="#[d17ddc]">&gt;&gt;</a>&nbsp;&nbsp;&nbsp;OSInit
</UL>
<BR>[Address Reference Count : 1]<UL><LI> rtentry2.o(.ARM.Collect$$rtentry$$0000000D)
</UL>
<P><STRONG><a name="[d16fcc]"></a>VIC_Init</STRONG> (ARM, 76 bytes, Stack size 0 bytes, target.o(.text))
<BR><BR>[Called By]<UL><LI><a href="#[d17bfc]">&gt;&gt;</a>&nbsp;&nbsp;&nbsp;TargetResetInit
</UL>

<P><STRONG><a name="[d16f90]"></a>Reset</STRONG> (ARM, 8 bytes, Stack size 0 bytes, target.o(.text), UNUSED)
<BR><BR>[Called By]<UL><LI><a href="#[d17b84]">&gt;&gt;</a>&nbsp;&nbsp;&nbsp;User_Option
</UL>

<P><STRONG><a name="[d16f54]"></a>SetVICIRQ</STRONG> (ARM, 56 bytes, Stack size 0 bytes, target.o(.text), UNUSED)
<BR><BR>[Called By]<UL><LI><a href="#[d0ec8c]">&gt;&gt;</a>&nbsp;&nbsp;&nbsp;UART_init
<LI><a href="#[d12184]">&gt;&gt;</a>&nbsp;&nbsp;&nbsp;RealTime_init
<LI><a href="#[d150dc]">&gt;&gt;</a>&nbsp;&nbsp;&nbsp;DMA_Init
<LI><a href="#[d16bd0]">&gt;&gt;</a>&nbsp;&nbsp;&nbsp;I2c1Init
<LI><a href="#[d16c0c]">&gt;&gt;</a>&nbsp;&nbsp;&nbsp;I2c0Init
<LI><a href="#[d16ea0]">&gt;&gt;</a>&nbsp;&nbsp;&nbsp;Timer2Init
<LI><a href="#[d17e54]">&gt;&gt;</a>&nbsp;&nbsp;&nbsp;InitNet
</UL>

<P><STRONG><a name="[d16f18]"></a>GetTickCount</STRONG> (ARM, 12 bytes, Stack size 0 bytes, target.o(.text), UNUSED)

<P><STRONG><a name="[d16edc]"></a>Timer2_Exception</STRONG> (ARM, 64 bytes, Stack size 8 bytes, target.o(.text), UNUSED)
<BR><BR>[Calls]<UL><LI><a href="#[d16b58]">&gt;&gt;</a>&nbsp;&nbsp;&nbsp;OSTimeTick
</UL>

<P><STRONG><a name="[d16ea0]"></a>Timer2Init</STRONG> (ARM, 80 bytes, Stack size 4 bytes, target.o(.text), UNUSED)
<BR><BR>[Calls]<UL><LI><a href="#[d16f54]">&gt;&gt;</a>&nbsp;&nbsp;&nbsp;SetVICIRQ
</UL>
<BR>[Called By]<UL><LI><a href="#[d17c38]">&gt;&gt;</a>&nbsp;&nbsp;&nbsp;TargetInit
</UL>

<P><STRONG><a name="[d17c38]"></a>TargetInit</STRONG> (ARM, 52 bytes, Stack size 8 bytes, target.o(.text), UNUSED)
<BR><BR>[Calls]<UL><LI><a href="#[d16ae0]">&gt;&gt;</a>&nbsp;&nbsp;&nbsp;SPI_Init
<LI><a href="#[d16b1c]">&gt;&gt;</a>&nbsp;&nbsp;&nbsp;PINInit
<LI><a href="#[d16b94]">&gt;&gt;</a>&nbsp;&nbsp;&nbsp;Io_Init
<LI><a href="#[d16bd0]">&gt;&gt;</a>&nbsp;&nbsp;&nbsp;I2c1Init
<LI><a href="#[d16c0c]">&gt;&gt;</a>&nbsp;&nbsp;&nbsp;I2c0Init
<LI><a href="#[d16c48]">&gt;&gt;</a>&nbsp;&nbsp;&nbsp;Device_KZ_Reset
<LI><a href="#[d16c84]">&gt;&gt;</a>&nbsp;&nbsp;&nbsp;Device_IC_Reset
<LI><a href="#[d16ea0]">&gt;&gt;</a>&nbsp;&nbsp;&nbsp;Timer2Init
</UL>
<BR>[Called By]<UL><LI><a href="#[d17fbc]">&gt;&gt;</a>&nbsp;&nbsp;&nbsp;TASK_START
</UL>

<P><STRONG><a name="[d16e64]"></a>Reset_BootLoader</STRONG> (ARM, 40 bytes, Stack size 8 bytes, target.o(.text), UNUSED)
<BR><BR>[Called By]<UL><LI><a href="#[d6c0c0]">&gt;&gt;</a>&nbsp;&nbsp;&nbsp;File_UserProgram_Write
</UL>

<P><STRONG><a name="[d16e28]"></a>BSP_IntDisAll</STRONG> (ARM, 16 bytes, Stack size 0 bytes, target.o(.text))
<BR><BR>[Called By]<UL><LI><a href="#[d17bfc]">&gt;&gt;</a>&nbsp;&nbsp;&nbsp;TargetResetInit
</UL>

<P><STRONG><a name="[d16dec]"></a>BSP_CPU_ClkFreq</STRONG> (ARM, 220 bytes, Stack size 32 bytes, target.o(.text))
<BR><BR>[Stack]<UL><LI>Max Depth = 32 + Unknown Stack Size
<LI>Call Chain = BSP_CPU_ClkFreq
</UL>
<BR>[Calls]<UL><LI><a href="#[d6804c]">&gt;&gt;</a>&nbsp;&nbsp;&nbsp;__aeabi_uidivmod
</UL>
<BR>[Called By]<UL><LI><a href="#[d16db0]">&gt;&gt;</a>&nbsp;&nbsp;&nbsp;BSP_CPU_PclkFreq
<LI><a href="#[d172d8]">&gt;&gt;</a>&nbsp;&nbsp;&nbsp;MAM_Init
<LI><a href="#[d17bfc]">&gt;&gt;</a>&nbsp;&nbsp;&nbsp;TargetResetInit
</UL>

<P><STRONG><a name="[d16db0]"></a>BSP_CPU_PclkFreq</STRONG> (ARM, 432 bytes, Stack size 16 bytes, target.o(.text))
<BR><BR>[Stack]<UL><LI>Max Depth = 48 + Unknown Stack Size
<LI>Call Chain = BSP_CPU_PclkFreq &rArr; BSP_CPU_ClkFreq
</UL>
<BR>[Calls]<UL><LI><a href="#[d16dec]">&gt;&gt;</a>&nbsp;&nbsp;&nbsp;BSP_CPU_ClkFreq
</UL>
<BR>[Called By]<UL><LI><a href="#[d17bfc]">&gt;&gt;</a>&nbsp;&nbsp;&nbsp;TargetResetInit
</UL>

<P><STRONG><a name="[d17bfc]"></a>TargetResetInit</STRONG> (ARM, 68 bytes, Stack size 8 bytes, target.o(.text))
<BR><BR>[Stack]<UL><LI>Max Depth = 240 + Unknown Stack Size
<LI>Call Chain = TargetResetInit &rArr; UART_printf &rArr; __c89vsprintf &rArr; _printf_char_common &rArr; __printf
</UL>
<BR>[Calls]<UL><LI><a href="#[d16a68]">&gt;&gt;</a>&nbsp;&nbsp;&nbsp;uart_Debug_init
<LI><a href="#[d16db0]">&gt;&gt;</a>&nbsp;&nbsp;&nbsp;BSP_CPU_PclkFreq
<LI><a href="#[d16dec]">&gt;&gt;</a>&nbsp;&nbsp;&nbsp;BSP_CPU_ClkFreq
<LI><a href="#[d16e28]">&gt;&gt;</a>&nbsp;&nbsp;&nbsp;BSP_IntDisAll
<LI><a href="#[d16fcc]">&gt;&gt;</a>&nbsp;&nbsp;&nbsp;VIC_Init
<LI><a href="#[d1729c]">&gt;&gt;</a>&nbsp;&nbsp;&nbsp;PLL_Init
<LI><a href="#[d172d8]">&gt;&gt;</a>&nbsp;&nbsp;&nbsp;MAM_Init
<LI><a href="#[d17bc0]">&gt;&gt;</a>&nbsp;&nbsp;&nbsp;UART_printf
</UL>
<BR>[Called By]<UL><LI><a href="#[d17f80]">&gt;&gt;</a>&nbsp;&nbsp;&nbsp;main
</UL>

<P><STRONG><a name="[d16d74]"></a>_ttywrch</STRONG> (ARM, 8 bytes, Stack size 0 bytes, target.o(.text), UNUSED)

<P><STRONG><a name="[d16d38]"></a>OS_CPU_ExceptHndlr</STRONG> (ARM, 64 bytes, Stack size 16 bytes, target.o(.text))
<BR><BR>[Stack]<UL><LI>Max Depth = 16<LI>Call Chain = OS_CPU_ExceptHndlr
</UL>
<BR>[Address Reference Count : 1]<UL><LI> os_cpu_a.o(CODE)
</UL>
<P><STRONG><a name="[d165f4]"></a>On_MSG_OPTION_HW_END</STRONG> (ARM, 4 bytes, Stack size 0 bytes, hw.o(.text), UNUSED)
<BR><BR>[Called By]<UL><LI><a href="#[d17b84]">&gt;&gt;</a>&nbsp;&nbsp;&nbsp;User_Option
</UL>

<P><STRONG><a name="[d165b8]"></a>HW_XM_start</STRONG> (ARM, 1136 bytes, Stack size 48 bytes, hw.o(.text), UNUSED)
<BR><BR>[Calls]<UL><LI><a href="#[d1639c]">&gt;&gt;</a>&nbsp;&nbsp;&nbsp;User_mem_free
<LI><a href="#[d163d8]">&gt;&gt;</a>&nbsp;&nbsp;&nbsp;User_mem_allco
<LI><a href="#[d16414]">&gt;&gt;</a>&nbsp;&nbsp;&nbsp;UDP_Send_CMD
<LI><a href="#[d16450]">&gt;&gt;</a>&nbsp;&nbsp;&nbsp;OS_CPU_SR_Save
<LI><a href="#[d1648c]">&gt;&gt;</a>&nbsp;&nbsp;&nbsp;OS_CPU_SR_Restore
<LI><a href="#[d164c8]">&gt;&gt;</a>&nbsp;&nbsp;&nbsp;Get_Debug
<LI><a href="#[d17e90]">&gt;&gt;</a>&nbsp;&nbsp;&nbsp;IP_printf
<LI><a href="#[d17ecc]">&gt;&gt;</a>&nbsp;&nbsp;&nbsp;IO_FlagLingt_Flash
</UL>
<BR>[Called By]<UL><LI><a href="#[d17b84]">&gt;&gt;</a>&nbsp;&nbsp;&nbsp;User_Option
</UL>

<P><STRONG><a name="[d1657c]"></a>HW_send</STRONG> (ARM, 640 bytes, Stack size 40 bytes, hw.o(.text), UNUSED)
<BR><BR>[Calls]<UL><LI><a href="#[d16450]">&gt;&gt;</a>&nbsp;&nbsp;&nbsp;OS_CPU_SR_Save
<LI><a href="#[d1648c]">&gt;&gt;</a>&nbsp;&nbsp;&nbsp;OS_CPU_SR_Restore
<LI><a href="#[d680c4]">&gt;&gt;</a>&nbsp;&nbsp;&nbsp;__aeabi_idivmod
</UL>
<BR>[Called By]<UL><LI><a href="#[d6c840]">&gt;&gt;</a>&nbsp;&nbsp;&nbsp;On_MSG_OPTION
<LI><a href="#[d6c87c]">&gt;&gt;</a>&nbsp;&nbsp;&nbsp;On_MSG_Power_OPTION
<LI><a href="#[d6c8b8]">&gt;&gt;</a>&nbsp;&nbsp;&nbsp;On_MSG_RepeatPower_OPTION
</UL>

<P><STRONG><a name="[d16540]"></a>Time1_Exception</STRONG> (ARM, 4 bytes, Stack size 0 bytes, hw.o(.text), UNUSED)

<P><STRONG><a name="[d16504]"></a>Time0_Exception</STRONG> (ARM, 4 bytes, Stack size 0 bytes, hw.o(.text), UNUSED)

<P><STRONG><a name="[d17f08]"></a>HW_init</STRONG> (ARM, 44 bytes, Stack size 8 bytes, hw.o(.text), UNUSED)
<BR><BR>[Calls]<UL><LI><a href="#[d683d0]">&gt;&gt;</a>&nbsp;&nbsp;&nbsp;__aeabi_memclr4
</UL>
<BR>[Called By]<UL><LI><a href="#[d17fbc]">&gt;&gt;</a>&nbsp;&nbsp;&nbsp;TASK_START
</UL>

<P><STRONG><a name="[d15d48]"></a>ISendByte0</STRONG> (ARM, 152 bytes, Stack size 24 bytes, i2c0int.o(.text), UNUSED)
<BR><BR>[Calls]<UL><LI><a href="#[d17ecc]">&gt;&gt;</a>&nbsp;&nbsp;&nbsp;IO_FlagLingt_Flash
</UL>

<P><STRONG><a name="[d15d0c]"></a>IRcvByte0</STRONG> (ARM, 156 bytes, Stack size 16 bytes, i2c0int.o(.text), UNUSED)
<BR><BR>[Calls]<UL><LI><a href="#[d17ecc]">&gt;&gt;</a>&nbsp;&nbsp;&nbsp;IO_FlagLingt_Flash
</UL>

<P><STRONG><a name="[d15cd0]"></a>I2C0_ReadNByte</STRONG> (ARM, 308 bytes, Stack size 32 bytes, i2c0int.o(.text), UNUSED)
<BR><BR>[Calls]<UL><LI><a href="#[d17ecc]">&gt;&gt;</a>&nbsp;&nbsp;&nbsp;IO_FlagLingt_Flash
</UL>

<P><STRONG><a name="[d15c94]"></a>I2C0_WriteNByte</STRONG> (ARM, 292 bytes, Stack size 32 bytes, i2c0int.o(.text), UNUSED)
<BR><BR>[Calls]<UL><LI><a href="#[d17ecc]">&gt;&gt;</a>&nbsp;&nbsp;&nbsp;IO_FlagLingt_Flash
</UL>
<BR>[Called By]<UL><LI><a href="#[d12bd4]">&gt;&gt;</a>&nbsp;&nbsp;&nbsp;SoundVolumeControl
<LI><a href="#[d17cb0]">&gt;&gt;</a>&nbsp;&nbsp;&nbsp;PT2258Init
</UL>

<P><STRONG><a name="[d15c58]"></a>I2C0_Exception</STRONG> (ARM, 1092 bytes, Stack size 0 bytes, i2c0int.o(.text))
<BR>[Address Reference Count : 1]<UL><LI> i2c0int.o(.text)
</UL>
<P><STRONG><a name="[d16c0c]"></a>I2c0Init</STRONG> (ARM, 116 bytes, Stack size 8 bytes, i2c0int.o(.text), UNUSED)
<BR><BR>[Calls]<UL><LI><a href="#[d16f54]">&gt;&gt;</a>&nbsp;&nbsp;&nbsp;SetVICIRQ
<LI><a href="#[d6804c]">&gt;&gt;</a>&nbsp;&nbsp;&nbsp;__aeabi_uidivmod
</UL>
<BR>[Called By]<UL><LI><a href="#[d17c38]">&gt;&gt;</a>&nbsp;&nbsp;&nbsp;TargetInit
</UL>

<P><STRONG><a name="[d1567c]"></a>ISendByte1</STRONG> (ARM, 164 bytes, Stack size 8 bytes, i2c1int.o(.text), UNUSED)

<P><STRONG><a name="[d15640]"></a>IRcvByte1</STRONG> (ARM, 136 bytes, Stack size 0 bytes, i2c1int.o(.text), UNUSED)

<P><STRONG><a name="[d15604]"></a>I2C1_ReadNByte</STRONG> (ARM, 312 bytes, Stack size 32 bytes, i2c1int.o(.text), UNUSED)
<BR><BR>[Calls]<UL><LI><a href="#[d17ecc]">&gt;&gt;</a>&nbsp;&nbsp;&nbsp;IO_FlagLingt_Flash
</UL>
<BR>[Called By]<UL><LI><a href="#[d15514]">&gt;&gt;</a>&nbsp;&nbsp;&nbsp;AT24C16_Write
<LI><a href="#[d15550]">&gt;&gt;</a>&nbsp;&nbsp;&nbsp;AT24C16_Read
</UL>

<P><STRONG><a name="[d155c8]"></a>I2C1_WriteNByte</STRONG> (ARM, 300 bytes, Stack size 32 bytes, i2c1int.o(.text), UNUSED)
<BR><BR>[Calls]<UL><LI><a href="#[d17ecc]">&gt;&gt;</a>&nbsp;&nbsp;&nbsp;IO_FlagLingt_Flash
</UL>
<BR>[Called By]<UL><LI><a href="#[d15514]">&gt;&gt;</a>&nbsp;&nbsp;&nbsp;AT24C16_Write
</UL>

<P><STRONG><a name="[d1558c]"></a>I2C1_Exception</STRONG> (ARM, 1092 bytes, Stack size 0 bytes, i2c1int.o(.text))
<BR>[Address Reference Count : 1]<UL><LI> i2c1int.o(.text)
</UL>
<P><STRONG><a name="[d15550]"></a>AT24C16_Read</STRONG> (ARM, 68 bytes, Stack size 32 bytes, i2c1int.o(.text), UNUSED)
<BR><BR>[Calls]<UL><LI><a href="#[d15604]">&gt;&gt;</a>&nbsp;&nbsp;&nbsp;I2C1_ReadNByte
</UL>
<BR>[Called By]<UL><LI><a href="#[d6b418]">&gt;&gt;</a>&nbsp;&nbsp;&nbsp;Device_Use_Stat_Read
<LI><a href="#[d6b544]">&gt;&gt;</a>&nbsp;&nbsp;&nbsp;User_ID_Read
<LI><a href="#[d6c138]">&gt;&gt;</a>&nbsp;&nbsp;&nbsp;File_Table_Read
<LI><a href="#[d6c1ec]">&gt;&gt;</a>&nbsp;&nbsp;&nbsp;File_ClassTable_Read_CurDay
<LI><a href="#[d6c228]">&gt;&gt;</a>&nbsp;&nbsp;&nbsp;File_ClassTable_Read
</UL>

<P><STRONG><a name="[d15514]"></a>AT24C16_Write</STRONG> (ARM, 376 bytes, Stack size 56 bytes, i2c1int.o(.text), UNUSED)
<BR><BR>[Calls]<UL><LI><a href="#[d155c8]">&gt;&gt;</a>&nbsp;&nbsp;&nbsp;I2C1_WriteNByte
<LI><a href="#[d15604]">&gt;&gt;</a>&nbsp;&nbsp;&nbsp;I2C1_ReadNByte
<LI><a href="#[d17ecc]">&gt;&gt;</a>&nbsp;&nbsp;&nbsp;IO_FlagLingt_Flash
</UL>
<BR>[Called By]<UL><LI><a href="#[d6b544]">&gt;&gt;</a>&nbsp;&nbsp;&nbsp;User_ID_Read
<LI><a href="#[d6c0fc]">&gt;&gt;</a>&nbsp;&nbsp;&nbsp;File_Table_Write
<LI><a href="#[d6c174]">&gt;&gt;</a>&nbsp;&nbsp;&nbsp;File_ClassTable_Write_OneDay
<LI><a href="#[d6c1b0]">&gt;&gt;</a>&nbsp;&nbsp;&nbsp;File_ClassTable_Write
<LI><a href="#[d6c264]">&gt;&gt;</a>&nbsp;&nbsp;&nbsp;Device_Stat_Save
</UL>

<P><STRONG><a name="[d16bd0]"></a>I2c1Init</STRONG> (ARM, 116 bytes, Stack size 8 bytes, i2c1int.o(.text), UNUSED)
<BR><BR>[Calls]<UL><LI><a href="#[d16f54]">&gt;&gt;</a>&nbsp;&nbsp;&nbsp;SetVICIRQ
<LI><a href="#[d6804c]">&gt;&gt;</a>&nbsp;&nbsp;&nbsp;__aeabi_uidivmod
</UL>
<BR>[Called By]<UL><LI><a href="#[d17c38]">&gt;&gt;</a>&nbsp;&nbsp;&nbsp;TargetInit
</UL>

<P><STRONG><a name="[d15190]"></a>DMA_Get_Play_Pointer</STRONG> (ARM, 52 bytes, Stack size 8 bytes, dma.o(.text), UNUSED)
<BR><BR>[Calls]<UL><LI><a href="#[d6804c]">&gt;&gt;</a>&nbsp;&nbsp;&nbsp;__aeabi_uidivmod
</UL>
<BR>[Called By]<UL><LI><a href="#[d15064]">&gt;&gt;</a>&nbsp;&nbsp;&nbsp;Sound_Play_Int
</UL>

<P><STRONG><a name="[d15154]"></a>DMA_Get_MICaddress</STRONG> (ARM, 64 bytes, Stack size 0 bytes, dma.o(.text), UNUSED)
<BR><BR>[Called By]<UL><LI><a href="#[d150a0]">&gt;&gt;</a>&nbsp;&nbsp;&nbsp;Sound_Input_Int
</UL>

<P><STRONG><a name="[d15118]"></a>DMAHandler</STRONG> (ARM, 112 bytes, Stack size 16 bytes, dma.o(.text), UNUSED)
<BR><BR>[Calls]<UL><LI><a href="#[d15064]">&gt;&gt;</a>&nbsp;&nbsp;&nbsp;Sound_Play_Int
<LI><a href="#[d150a0]">&gt;&gt;</a>&nbsp;&nbsp;&nbsp;Sound_Input_Int
</UL>

<P><STRONG><a name="[d150dc]"></a>DMA_Init</STRONG> (ARM, 420 bytes, Stack size 16 bytes, dma.o(.text), UNUSED)
<BR><BR>[Calls]<UL><LI><a href="#[d16f54]">&gt;&gt;</a>&nbsp;&nbsp;&nbsp;SetVICIRQ
<LI><a href="#[d6804c]">&gt;&gt;</a>&nbsp;&nbsp;&nbsp;__aeabi_uidivmod
<LI><a href="#[d683d0]">&gt;&gt;</a>&nbsp;&nbsp;&nbsp;__aeabi_memclr4
</UL>
<BR>[Called By]<UL><LI><a href="#[d141a0]">&gt;&gt;</a>&nbsp;&nbsp;&nbsp;Sound_init
</UL>

<P><STRONG><a name="[d14ce0]"></a>I2SStart</STRONG> (ARM, 36 bytes, Stack size 0 bytes, i2s.o(.text), UNUSED)
<BR><BR>[Called By]<UL><LI><a href="#[d141a0]">&gt;&gt;</a>&nbsp;&nbsp;&nbsp;Sound_init
</UL>

<P><STRONG><a name="[d14ca4]"></a>I2SStop</STRONG> (ARM, 40 bytes, Stack size 0 bytes, i2s.o(.text), UNUSED)
<BR><BR>[Called By]<UL><LI><a href="#[d14c68]">&gt;&gt;</a>&nbsp;&nbsp;&nbsp;I2SInit
</UL>

<P><STRONG><a name="[d14c68]"></a>I2SInit</STRONG> (ARM, 152 bytes, Stack size 4 bytes, i2s.o(.text), UNUSED)
<BR><BR>[Calls]<UL><LI><a href="#[d14ca4]">&gt;&gt;</a>&nbsp;&nbsp;&nbsp;I2SStop
</UL>
<BR>[Called By]<UL><LI><a href="#[d141a0]">&gt;&gt;</a>&nbsp;&nbsp;&nbsp;Sound_init
</UL>

<P><STRONG><a name="[d148e4]"></a>aic23_delay</STRONG> (ARM, 28 bytes, Stack size 0 bytes, tms320aic23.o(.text), UNUSED)
<BR><BR>[Called By]<UL><LI><a href="#[d148a8]">&gt;&gt;</a>&nbsp;&nbsp;&nbsp;TMS320AIC23_Reg_Write
</UL>

<P><STRONG><a name="[d148a8]"></a>TMS320AIC23_Reg_Write</STRONG> (ARM, 144 bytes, Stack size 32 bytes, tms320aic23.o(.text), UNUSED)
<BR><BR>[Calls]<UL><LI><a href="#[d147b8]">&gt;&gt;</a>&nbsp;&nbsp;&nbsp;SPI_send
<LI><a href="#[d147f4]">&gt;&gt;</a>&nbsp;&nbsp;&nbsp;IO_Out
<LI><a href="#[d148e4]">&gt;&gt;</a>&nbsp;&nbsp;&nbsp;aic23_delay
<LI><a href="#[d16450]">&gt;&gt;</a>&nbsp;&nbsp;&nbsp;OS_CPU_SR_Save
<LI><a href="#[d1648c]">&gt;&gt;</a>&nbsp;&nbsp;&nbsp;OS_CPU_SR_Restore
</UL>
<BR>[Called By]<UL><LI><a href="#[d14830]">&gt;&gt;</a>&nbsp;&nbsp;&nbsp;TMS320AIC23_init
<LI><a href="#[d1486c]">&gt;&gt;</a>&nbsp;&nbsp;&nbsp;TMS320AIC23_Set_Vol
</UL>

<P><STRONG><a name="[d1486c]"></a>TMS320AIC23_Set_Vol</STRONG> (ARM, 156 bytes, Stack size 24 bytes, tms320aic23.o(.text), UNUSED)
<BR><BR>[Calls]<UL><LI><a href="#[d148a8]">&gt;&gt;</a>&nbsp;&nbsp;&nbsp;TMS320AIC23_Reg_Write
<LI><a href="#[d680c4]">&gt;&gt;</a>&nbsp;&nbsp;&nbsp;__aeabi_idivmod
</UL>
<BR>[Called By]<UL><LI><a href="#[d14830]">&gt;&gt;</a>&nbsp;&nbsp;&nbsp;TMS320AIC23_init
</UL>

<P><STRONG><a name="[d14830]"></a>TMS320AIC23_init</STRONG> (ARM, 148 bytes, Stack size 8 bytes, tms320aic23.o(.text), UNUSED)
<BR><BR>[Calls]<UL><LI><a href="#[d147f4]">&gt;&gt;</a>&nbsp;&nbsp;&nbsp;IO_Out
<LI><a href="#[d1486c]">&gt;&gt;</a>&nbsp;&nbsp;&nbsp;TMS320AIC23_Set_Vol
<LI><a href="#[d148a8]">&gt;&gt;</a>&nbsp;&nbsp;&nbsp;TMS320AIC23_Reg_Write
</UL>
<BR>[Called By]<UL><LI><a href="#[d141a0]">&gt;&gt;</a>&nbsp;&nbsp;&nbsp;Sound_init
</UL>

<P><STRONG><a name="[d14308]"></a>Sound_Echo_Contrl</STRONG> (ARM, 120 bytes, Stack size 0 bytes, use_sound.o(.text), UNUSED)
<BR><BR>[Called By]<UL><LI><a href="#[d0fc04]">&gt;&gt;</a>&nbsp;&nbsp;&nbsp;UDP_ReceivePacket
</UL>

<P><STRONG><a name="[d142cc]"></a>Sound_Open</STRONG> (ARM, 280 bytes, Stack size 40 bytes, use_sound.o(.text), UNUSED)
<BR><BR>[Calls]<UL><LI><a href="#[d17e90]">&gt;&gt;</a>&nbsp;&nbsp;&nbsp;IP_printf
<LI><a href="#[d68880]">&gt;&gt;</a>&nbsp;&nbsp;&nbsp;__aeabi_memcpy
</UL>
<BR>[Called By]<UL><LI><a href="#[d6cf0c]">&gt;&gt;</a>&nbsp;&nbsp;&nbsp;On_MSG_OPTION_HELP_LINK
<LI><a href="#[d6cf48]">&gt;&gt;</a>&nbsp;&nbsp;&nbsp;On_MSG_OPTION_HELP_TEST
</UL>

<P><STRONG><a name="[d14290]"></a>Sound_Close</STRONG> (ARM, 708 bytes, Stack size 24 bytes, use_sound.o(.text), UNUSED)
<BR><BR>[Calls]<UL><LI><a href="#[d14128]">&gt;&gt;</a>&nbsp;&nbsp;&nbsp;IP_Compare
<LI><a href="#[d17e90]">&gt;&gt;</a>&nbsp;&nbsp;&nbsp;IP_printf
</UL>
<BR>[Called By]<UL><LI><a href="#[d6ced0]">&gt;&gt;</a>&nbsp;&nbsp;&nbsp;On_MSG_OPTION_HELP_BREAK
<LI><a href="#[d6cf0c]">&gt;&gt;</a>&nbsp;&nbsp;&nbsp;On_MSG_OPTION_HELP_LINK
<LI><a href="#[d6cf84]">&gt;&gt;</a>&nbsp;&nbsp;&nbsp;On_MSG_OPTION_HELP_OFF
</UL>

<P><STRONG><a name="[d14254]"></a>Sound_Get_Play_No</STRONG> (ARM, 180 bytes, Stack size 16 bytes, use_sound.o(.text), UNUSED)
<BR><BR>[Calls]<UL><LI><a href="#[d14128]">&gt;&gt;</a>&nbsp;&nbsp;&nbsp;IP_Compare
</UL>
<BR>[Called By]<UL><LI><a href="#[d14218]">&gt;&gt;</a>&nbsp;&nbsp;&nbsp;Sound_Save_PlayData
</UL>

<P><STRONG><a name="[d14218]"></a>Sound_Save_PlayData</STRONG> (ARM, 224 bytes, Stack size 24 bytes, use_sound.o(.text), UNUSED)
<BR><BR>[Calls]<UL><LI><a href="#[d14254]">&gt;&gt;</a>&nbsp;&nbsp;&nbsp;Sound_Get_Play_No
<LI><a href="#[d680c4]">&gt;&gt;</a>&nbsp;&nbsp;&nbsp;__aeabi_idivmod
<LI><a href="#[d68880]">&gt;&gt;</a>&nbsp;&nbsp;&nbsp;__aeabi_memcpy
</UL>
<BR>[Called By]<UL><LI><a href="#[d0fc04]">&gt;&gt;</a>&nbsp;&nbsp;&nbsp;UDP_ReceivePacket
</UL>

<P><STRONG><a name="[d141dc]"></a>Sound_Pointer_Scan</STRONG> (ARM, 208 bytes, Stack size 16 bytes, use_sound.o(.text), UNUSED)
<BR><BR>[Calls]<UL><LI><a href="#[d680c4]">&gt;&gt;</a>&nbsp;&nbsp;&nbsp;__aeabi_idivmod
</UL>
<BR>[Called By]<UL><LI><a href="#[d15064]">&gt;&gt;</a>&nbsp;&nbsp;&nbsp;Sound_Play_Int
</UL>

<P><STRONG><a name="[d15064]"></a>Sound_Play_Int</STRONG> (ARM, 172 bytes, Stack size 16 bytes, use_sound.o(.text), UNUSED)
<BR><BR>[Calls]<UL><LI><a href="#[d141dc]">&gt;&gt;</a>&nbsp;&nbsp;&nbsp;Sound_Pointer_Scan
<LI><a href="#[d15190]">&gt;&gt;</a>&nbsp;&nbsp;&nbsp;DMA_Get_Play_Pointer
<LI><a href="#[d680c4]">&gt;&gt;</a>&nbsp;&nbsp;&nbsp;__aeabi_idivmod
</UL>
<BR>[Called By]<UL><LI><a href="#[d15118]">&gt;&gt;</a>&nbsp;&nbsp;&nbsp;DMAHandler
</UL>

<P><STRONG><a name="[d150a0]"></a>Sound_Input_Int</STRONG> (ARM, 260 bytes, Stack size 48 bytes, use_sound.o(.text), UNUSED)
<BR><BR>[Calls]<UL><LI><a href="#[d140ec]">&gt;&gt;</a>&nbsp;&nbsp;&nbsp;Udp_SendPacked
<LI><a href="#[d14164]">&gt;&gt;</a>&nbsp;&nbsp;&nbsp;Get_NetPort
<LI><a href="#[d15154]">&gt;&gt;</a>&nbsp;&nbsp;&nbsp;DMA_Get_MICaddress
<LI><a href="#[d68880]">&gt;&gt;</a>&nbsp;&nbsp;&nbsp;__aeabi_memcpy
</UL>
<BR>[Called By]<UL><LI><a href="#[d15118]">&gt;&gt;</a>&nbsp;&nbsp;&nbsp;DMAHandler
</UL>

<P><STRONG><a name="[d141a0]"></a>Sound_init</STRONG> (ARM, 256 bytes, Stack size 16 bytes, use_sound.o(.text), UNUSED)
<BR><BR>[Calls]<UL><LI><a href="#[d14164]">&gt;&gt;</a>&nbsp;&nbsp;&nbsp;Get_NetPort
<LI><a href="#[d14830]">&gt;&gt;</a>&nbsp;&nbsp;&nbsp;TMS320AIC23_init
<LI><a href="#[d14c68]">&gt;&gt;</a>&nbsp;&nbsp;&nbsp;I2SInit
<LI><a href="#[d14ce0]">&gt;&gt;</a>&nbsp;&nbsp;&nbsp;I2SStart
<LI><a href="#[d150dc]">&gt;&gt;</a>&nbsp;&nbsp;&nbsp;DMA_Init
<LI><a href="#[d17e90]">&gt;&gt;</a>&nbsp;&nbsp;&nbsp;IP_printf
<LI><a href="#[d17ecc]">&gt;&gt;</a>&nbsp;&nbsp;&nbsp;IO_FlagLingt_Flash
<LI><a href="#[d68718]">&gt;&gt;</a>&nbsp;&nbsp;&nbsp;__aeabi_memclr
</UL>
<BR>[Called By]<UL><LI><a href="#[d17b84]">&gt;&gt;</a>&nbsp;&nbsp;&nbsp;User_Option
</UL>

<P><STRONG><a name="[d16b1c]"></a>PINInit</STRONG> (ARM, 64 bytes, Stack size 0 bytes, io.o(.text), UNUSED)
<BR><BR>[Called By]<UL><LI><a href="#[d17c38]">&gt;&gt;</a>&nbsp;&nbsp;&nbsp;TargetInit
</UL>

<P><STRONG><a name="[d16b94]"></a>Io_Init</STRONG> (ARM, 256 bytes, Stack size 0 bytes, io.o(.text), UNUSED)
<BR><BR>[Called By]<UL><LI><a href="#[d17c38]">&gt;&gt;</a>&nbsp;&nbsp;&nbsp;TargetInit
</UL>

<P><STRONG><a name="[d147f4]"></a>IO_Out</STRONG> (ARM, 284 bytes, Stack size 4 bytes, io.o(.text))
<BR><BR>[Stack]<UL><LI>Max Depth = 4<LI>Call Chain = IO_Out
</UL>
<BR>[Called By]<UL><LI><a href="#[d13a98]">&gt;&gt;</a>&nbsp;&nbsp;&nbsp;Device_DCS_open
<LI><a href="#[d13b10]">&gt;&gt;</a>&nbsp;&nbsp;&nbsp;IO_Contrl
<LI><a href="#[d14830]">&gt;&gt;</a>&nbsp;&nbsp;&nbsp;TMS320AIC23_init
<LI><a href="#[d148a8]">&gt;&gt;</a>&nbsp;&nbsp;&nbsp;TMS320AIC23_Reg_Write
<LI><a href="#[d16c48]">&gt;&gt;</a>&nbsp;&nbsp;&nbsp;Device_KZ_Reset
<LI><a href="#[d16c84]">&gt;&gt;</a>&nbsp;&nbsp;&nbsp;Device_IC_Reset
<LI><a href="#[d17cec]">&gt;&gt;</a>&nbsp;&nbsp;&nbsp;POWER_init
<LI><a href="#[d17ecc]">&gt;&gt;</a>&nbsp;&nbsp;&nbsp;IO_FlagLingt_Flash
<LI><a href="#[d6ac20]">&gt;&gt;</a>&nbsp;&nbsp;&nbsp;IO_PC_Power
<LI><a href="#[d6b4cc]">&gt;&gt;</a>&nbsp;&nbsp;&nbsp;Alarm_Link
<LI><a href="#[d6c3cc]">&gt;&gt;</a>&nbsp;&nbsp;&nbsp;On_MSG_OPTION_IO_TEST
<LI><a href="#[d6c408]">&gt;&gt;</a>&nbsp;&nbsp;&nbsp;On_MSG_OPTION_TEST_IO
</UL>

<P><STRONG><a name="[d13b4c]"></a>IO_in</STRONG> (ARM, 180 bytes, Stack size 4 bytes, io.o(.text))
<BR><BR>[Stack]<UL><LI>Max Depth = 4<LI>Call Chain = IO_in
</UL>
<BR>[Called By]<UL><LI><a href="#[d13ad4]">&gt;&gt;</a>&nbsp;&nbsp;&nbsp;IO_Scan
<LI><a href="#[d17ecc]">&gt;&gt;</a>&nbsp;&nbsp;&nbsp;IO_FlagLingt_Flash
<LI><a href="#[d6b364]">&gt;&gt;</a>&nbsp;&nbsp;&nbsp;On_MSG_OPTION_POWERCARD_ONOFF
<LI><a href="#[d6b3dc]">&gt;&gt;</a>&nbsp;&nbsp;&nbsp;ON_POWER_option
<LI><a href="#[d6c3cc]">&gt;&gt;</a>&nbsp;&nbsp;&nbsp;On_MSG_OPTION_IO_TEST
<LI><a href="#[d6c408]">&gt;&gt;</a>&nbsp;&nbsp;&nbsp;On_MSG_OPTION_TEST_IO
</UL>

<P><STRONG><a name="[d17ecc]"></a>IO_FlagLingt_Flash</STRONG> (ARM, 84 bytes, Stack size 8 bytes, io.o(.text))
<BR><BR>[Stack]<UL><LI>Max Depth = 12<LI>Call Chain = IO_FlagLingt_Flash &rArr; IO_in
</UL>
<BR>[Calls]<UL><LI><a href="#[d13b4c]">&gt;&gt;</a>&nbsp;&nbsp;&nbsp;IO_in
<LI><a href="#[d147f4]">&gt;&gt;</a>&nbsp;&nbsp;&nbsp;IO_Out
</UL>
<BR>[Called By]<UL><LI><a href="#[d139e4]">&gt;&gt;</a>&nbsp;&nbsp;&nbsp;LED_SendFLASH
<LI><a href="#[d13ad4]">&gt;&gt;</a>&nbsp;&nbsp;&nbsp;IO_Scan
<LI><a href="#[d141a0]">&gt;&gt;</a>&nbsp;&nbsp;&nbsp;Sound_init
<LI><a href="#[d15514]">&gt;&gt;</a>&nbsp;&nbsp;&nbsp;AT24C16_Write
<LI><a href="#[d155c8]">&gt;&gt;</a>&nbsp;&nbsp;&nbsp;I2C1_WriteNByte
<LI><a href="#[d15604]">&gt;&gt;</a>&nbsp;&nbsp;&nbsp;I2C1_ReadNByte
<LI><a href="#[d15c94]">&gt;&gt;</a>&nbsp;&nbsp;&nbsp;I2C0_WriteNByte
<LI><a href="#[d15cd0]">&gt;&gt;</a>&nbsp;&nbsp;&nbsp;I2C0_ReadNByte
<LI><a href="#[d15d0c]">&gt;&gt;</a>&nbsp;&nbsp;&nbsp;IRcvByte0
<LI><a href="#[d15d48]">&gt;&gt;</a>&nbsp;&nbsp;&nbsp;ISendByte0
<LI><a href="#[d165b8]">&gt;&gt;</a>&nbsp;&nbsp;&nbsp;HW_XM_start
<LI><a href="#[d17fbc]">&gt;&gt;</a>&nbsp;&nbsp;&nbsp;TASK_START
<LI><a href="#[d6b418]">&gt;&gt;</a>&nbsp;&nbsp;&nbsp;Device_Use_Stat_Read
<LI><a href="#[d6b544]">&gt;&gt;</a>&nbsp;&nbsp;&nbsp;User_ID_Read
<LI><a href="#[d6c1ec]">&gt;&gt;</a>&nbsp;&nbsp;&nbsp;File_ClassTable_Read_CurDay
</UL>

<P><STRONG><a name="[d13b10]"></a>IO_Contrl</STRONG> (ARM, 212 bytes, Stack size 16 bytes, io.o(.text), UNUSED)
<BR><BR>[Calls]<UL><LI><a href="#[d147f4]">&gt;&gt;</a>&nbsp;&nbsp;&nbsp;IO_Out
</UL>
<BR>[Called By]<UL><LI><a href="#[d6b3dc]">&gt;&gt;</a>&nbsp;&nbsp;&nbsp;ON_POWER_option
</UL>

<P><STRONG><a name="[d13ad4]"></a>IO_Scan</STRONG> (ARM, 1188 bytes, Stack size 16 bytes, io.o(.text), UNUSED)
<BR><BR>[Calls]<UL><LI><a href="#[d139a8]">&gt;&gt;</a>&nbsp;&nbsp;&nbsp;LED_Set
<LI><a href="#[d139e4]">&gt;&gt;</a>&nbsp;&nbsp;&nbsp;LED_SendFLASH
<LI><a href="#[d13a20]">&gt;&gt;</a>&nbsp;&nbsp;&nbsp;Key_TB_state
<LI><a href="#[d13a5c]">&gt;&gt;</a>&nbsp;&nbsp;&nbsp;Get_Device_Status
<LI><a href="#[d13b4c]">&gt;&gt;</a>&nbsp;&nbsp;&nbsp;IO_in
<LI><a href="#[d17ecc]">&gt;&gt;</a>&nbsp;&nbsp;&nbsp;IO_FlagLingt_Flash
</UL>
<BR>[Called By]<UL><LI><a href="#[d17b84]">&gt;&gt;</a>&nbsp;&nbsp;&nbsp;User_Option
</UL>

<P><STRONG><a name="[d16c84]"></a>Device_IC_Reset</STRONG> (ARM, 56 bytes, Stack size 8 bytes, io.o(.text), UNUSED)
<BR><BR>[Calls]<UL><LI><a href="#[d147f4]">&gt;&gt;</a>&nbsp;&nbsp;&nbsp;IO_Out
</UL>
<BR>[Called By]<UL><LI><a href="#[d17c38]">&gt;&gt;</a>&nbsp;&nbsp;&nbsp;TargetInit
<LI><a href="#[d17e54]">&gt;&gt;</a>&nbsp;&nbsp;&nbsp;InitNet
</UL>

<P><STRONG><a name="[d16c48]"></a>Device_KZ_Reset</STRONG> (ARM, 56 bytes, Stack size 8 bytes, io.o(.text), UNUSED)
<BR><BR>[Calls]<UL><LI><a href="#[d147f4]">&gt;&gt;</a>&nbsp;&nbsp;&nbsp;IO_Out
</UL>
<BR>[Called By]<UL><LI><a href="#[d17c38]">&gt;&gt;</a>&nbsp;&nbsp;&nbsp;TargetInit
</UL>

<P><STRONG><a name="[d13a98]"></a>Device_DCS_open</STRONG> (ARM, 44 bytes, Stack size 8 bytes, io.o(.text), UNUSED)
<BR><BR>[Calls]<UL><LI><a href="#[d1396c]">&gt;&gt;</a>&nbsp;&nbsp;&nbsp;OSTimeDly
<LI><a href="#[d147f4]">&gt;&gt;</a>&nbsp;&nbsp;&nbsp;IO_Out
</UL>
<BR>[Called By]<UL><LI><a href="#[d6b3dc]">&gt;&gt;</a>&nbsp;&nbsp;&nbsp;ON_POWER_option
</UL>

<P><STRONG><a name="[d13354]"></a>ChangeY</STRONG> (ARM, 60 bytes, Stack size 4 bytes, cd22m3494.o(.text), UNUSED)
<BR><BR>[Called By]<UL><LI><a href="#[d13228]">&gt;&gt;</a>&nbsp;&nbsp;&nbsp;VGA0Sel
<LI><a href="#[d13264]">&gt;&gt;</a>&nbsp;&nbsp;&nbsp;VGA1Sel
<LI><a href="#[d132dc]">&gt;&gt;</a>&nbsp;&nbsp;&nbsp;AV_Select
</UL>

<P><STRONG><a name="[d13318]"></a>ChangeX</STRONG> (ARM, 296 bytes, Stack size 0 bytes, cd22m3494.o(.text), UNUSED)
<BR><BR>[Called By]<UL><LI><a href="#[d13228]">&gt;&gt;</a>&nbsp;&nbsp;&nbsp;VGA0Sel
<LI><a href="#[d13264]">&gt;&gt;</a>&nbsp;&nbsp;&nbsp;VGA1Sel
<LI><a href="#[d132dc]">&gt;&gt;</a>&nbsp;&nbsp;&nbsp;AV_Select
</UL>

<P><STRONG><a name="[d132dc]"></a>AV_Select</STRONG> (ARM, 744 bytes, Stack size 32 bytes, cd22m3494.o(.text), UNUSED)
<BR><BR>[Calls]<UL><LI><a href="#[d13048]">&gt;&gt;</a>&nbsp;&nbsp;&nbsp;SpiSendData
<LI><a href="#[d130c0]">&gt;&gt;</a>&nbsp;&nbsp;&nbsp;Delay
<LI><a href="#[d13318]">&gt;&gt;</a>&nbsp;&nbsp;&nbsp;ChangeX
<LI><a href="#[d13354]">&gt;&gt;</a>&nbsp;&nbsp;&nbsp;ChangeY
</UL>
<BR>[Called By]<UL><LI><a href="#[d130fc]">&gt;&gt;</a>&nbsp;&nbsp;&nbsp;Device_Link_Scan
<LI><a href="#[d132a0]">&gt;&gt;</a>&nbsp;&nbsp;&nbsp;Device_Video_Select
</UL>

<P><STRONG><a name="[d132a0]"></a>Device_Video_Select</STRONG> (ARM, 140 bytes, Stack size 16 bytes, cd22m3494.o(.text), UNUSED)
<BR><BR>[Calls]<UL><LI><a href="#[d132dc]">&gt;&gt;</a>&nbsp;&nbsp;&nbsp;AV_Select
</UL>
<BR>[Called By]<UL><LI><a href="#[d17f44]">&gt;&gt;</a>&nbsp;&nbsp;&nbsp;AVCD22M3494Reset
<LI><a href="#[d6b490]">&gt;&gt;</a>&nbsp;&nbsp;&nbsp;Device_Rec_Scan
<LI><a href="#[d6bfd0]">&gt;&gt;</a>&nbsp;&nbsp;&nbsp;TB_Select
<LI><a href="#[d6c534]">&gt;&gt;</a>&nbsp;&nbsp;&nbsp;On_MSG_OPTION_VIDEO_SELECT
<LI><a href="#[d6c804]">&gt;&gt;</a>&nbsp;&nbsp;&nbsp;ON_Device_select
</UL>

<P><STRONG><a name="[d17f44]"></a>AVCD22M3494Reset</STRONG> (ARM, 332 bytes, Stack size 8 bytes, cd22m3494.o(.text), UNUSED)
<BR><BR>[Calls]<UL><LI><a href="#[d13048]">&gt;&gt;</a>&nbsp;&nbsp;&nbsp;SpiSendData
<LI><a href="#[d130c0]">&gt;&gt;</a>&nbsp;&nbsp;&nbsp;Delay
<LI><a href="#[d132a0]">&gt;&gt;</a>&nbsp;&nbsp;&nbsp;Device_Video_Select
</UL>
<BR>[Called By]<UL><LI><a href="#[d17fbc]">&gt;&gt;</a>&nbsp;&nbsp;&nbsp;TASK_START
</UL>

<P><STRONG><a name="[d13264]"></a>VGA1Sel</STRONG> (ARM, 348 bytes, Stack size 24 bytes, cd22m3494.o(.text), UNUSED)
<BR><BR>[Calls]<UL><LI><a href="#[d13048]">&gt;&gt;</a>&nbsp;&nbsp;&nbsp;SpiSendData
<LI><a href="#[d130c0]">&gt;&gt;</a>&nbsp;&nbsp;&nbsp;Delay
<LI><a href="#[d13318]">&gt;&gt;</a>&nbsp;&nbsp;&nbsp;ChangeX
<LI><a href="#[d13354]">&gt;&gt;</a>&nbsp;&nbsp;&nbsp;ChangeY
</UL>
<BR>[Called By]<UL><LI><a href="#[d131ec]">&gt;&gt;</a>&nbsp;&nbsp;&nbsp;VGA_Select
</UL>

<P><STRONG><a name="[d13228]"></a>VGA0Sel</STRONG> (ARM, 348 bytes, Stack size 24 bytes, cd22m3494.o(.text), UNUSED)
<BR><BR>[Calls]<UL><LI><a href="#[d13048]">&gt;&gt;</a>&nbsp;&nbsp;&nbsp;SpiSendData
<LI><a href="#[d130c0]">&gt;&gt;</a>&nbsp;&nbsp;&nbsp;Delay
<LI><a href="#[d13318]">&gt;&gt;</a>&nbsp;&nbsp;&nbsp;ChangeX
<LI><a href="#[d13354]">&gt;&gt;</a>&nbsp;&nbsp;&nbsp;ChangeY
</UL>
<BR>[Called By]<UL><LI><a href="#[d131ec]">&gt;&gt;</a>&nbsp;&nbsp;&nbsp;VGA_Select
</UL>

<P><STRONG><a name="[d131ec]"></a>VGA_Select</STRONG> (ARM, 1136 bytes, Stack size 16 bytes, cd22m3494.o(.text), UNUSED)
<BR><BR>[Calls]<UL><LI><a href="#[d13228]">&gt;&gt;</a>&nbsp;&nbsp;&nbsp;VGA0Sel
<LI><a href="#[d13264]">&gt;&gt;</a>&nbsp;&nbsp;&nbsp;VGA1Sel
</UL>
<BR>[Called By]<UL><LI><a href="#[d130fc]">&gt;&gt;</a>&nbsp;&nbsp;&nbsp;Device_Link_Scan
<LI><a href="#[d131b0]">&gt;&gt;</a>&nbsp;&nbsp;&nbsp;Device_VGA_Select
</UL>

<P><STRONG><a name="[d131b0]"></a>Device_VGA_Select</STRONG> (ARM, 152 bytes, Stack size 16 bytes, cd22m3494.o(.text), UNUSED)
<BR><BR>[Calls]<UL><LI><a href="#[d131ec]">&gt;&gt;</a>&nbsp;&nbsp;&nbsp;VGA_Select
</UL>
<BR>[Called By]<UL><LI><a href="#[d17b0c]">&gt;&gt;</a>&nbsp;&nbsp;&nbsp;VGACD22M3494Reset
<LI><a href="#[d6b490]">&gt;&gt;</a>&nbsp;&nbsp;&nbsp;Device_Rec_Scan
<LI><a href="#[d6bfd0]">&gt;&gt;</a>&nbsp;&nbsp;&nbsp;TB_Select
<LI><a href="#[d6c4f8]">&gt;&gt;</a>&nbsp;&nbsp;&nbsp;On_MSG_OPTION_VGA_SELECT
<LI><a href="#[d6c804]">&gt;&gt;</a>&nbsp;&nbsp;&nbsp;ON_Device_select
</UL>

<P><STRONG><a name="[d17b0c]"></a>VGACD22M3494Reset</STRONG> (ARM, 320 bytes, Stack size 8 bytes, cd22m3494.o(.text), UNUSED)
<BR><BR>[Calls]<UL><LI><a href="#[d13048]">&gt;&gt;</a>&nbsp;&nbsp;&nbsp;SpiSendData
<LI><a href="#[d130c0]">&gt;&gt;</a>&nbsp;&nbsp;&nbsp;Delay
<LI><a href="#[d131b0]">&gt;&gt;</a>&nbsp;&nbsp;&nbsp;Device_VGA_Select
</UL>
<BR>[Called By]<UL><LI><a href="#[d17fbc]">&gt;&gt;</a>&nbsp;&nbsp;&nbsp;TASK_START
</UL>

<P><STRONG><a name="[d13174]"></a>AV_Get_chanle</STRONG> (ARM, 12 bytes, Stack size 0 bytes, cd22m3494.o(.text), UNUSED)

<P><STRONG><a name="[d13138]"></a>VGA_Get_chanle</STRONG> (ARM, 12 bytes, Stack size 0 bytes, cd22m3494.o(.text), UNUSED)

<P><STRONG><a name="[d130fc]"></a>Device_Link_Scan</STRONG> (ARM, 160 bytes, Stack size 8 bytes, cd22m3494.o(.text), UNUSED)
<BR><BR>[Calls]<UL><LI><a href="#[d131ec]">&gt;&gt;</a>&nbsp;&nbsp;&nbsp;VGA_Select
<LI><a href="#[d132dc]">&gt;&gt;</a>&nbsp;&nbsp;&nbsp;AV_Select
</UL>
<BR>[Called By]<UL><LI><a href="#[d17b84]">&gt;&gt;</a>&nbsp;&nbsp;&nbsp;User_Option
</UL>

<P><STRONG><a name="[d130c0]"></a>Delay</STRONG> (ARM, 28 bytes, Stack size 0 bytes, pt2258.o(.text), UNUSED)
<BR><BR>[Called By]<UL><LI><a href="#[d13048]">&gt;&gt;</a>&nbsp;&nbsp;&nbsp;SpiSendData
<LI><a href="#[d13228]">&gt;&gt;</a>&nbsp;&nbsp;&nbsp;VGA0Sel
<LI><a href="#[d13264]">&gt;&gt;</a>&nbsp;&nbsp;&nbsp;VGA1Sel
<LI><a href="#[d132dc]">&gt;&gt;</a>&nbsp;&nbsp;&nbsp;AV_Select
<LI><a href="#[d17b0c]">&gt;&gt;</a>&nbsp;&nbsp;&nbsp;VGACD22M3494Reset
<LI><a href="#[d17f44]">&gt;&gt;</a>&nbsp;&nbsp;&nbsp;AVCD22M3494Reset
</UL>

<P><STRONG><a name="[d12bd4]"></a>SoundVolumeControl</STRONG> (ARM, 1128 bytes, Stack size 32 bytes, pt2258.o(.text), UNUSED)
<BR><BR>[Calls]<UL><LI><a href="#[d15c94]">&gt;&gt;</a>&nbsp;&nbsp;&nbsp;I2C0_WriteNByte
<LI><a href="#[d680c4]">&gt;&gt;</a>&nbsp;&nbsp;&nbsp;__aeabi_idivmod
</UL>
<BR>[Called By]<UL><LI><a href="#[d129f4]">&gt;&gt;</a>&nbsp;&nbsp;&nbsp;Device_OutVol
<LI><a href="#[d12aa8]">&gt;&gt;</a>&nbsp;&nbsp;&nbsp;Device_InVol
<LI><a href="#[d6c804]">&gt;&gt;</a>&nbsp;&nbsp;&nbsp;ON_Device_select
<LI><a href="#[d6d128]">&gt;&gt;</a>&nbsp;&nbsp;&nbsp;ON_Sound_Mute
</UL>

<P><STRONG><a name="[d13048]"></a>SpiSendData</STRONG> (ARM, 152 bytes, Stack size 16 bytes, pt2258.o(.text), UNUSED)
<BR><BR>[Calls]<UL><LI><a href="#[d130c0]">&gt;&gt;</a>&nbsp;&nbsp;&nbsp;Delay
<LI><a href="#[d147b8]">&gt;&gt;</a>&nbsp;&nbsp;&nbsp;SPI_send
<LI><a href="#[d16450]">&gt;&gt;</a>&nbsp;&nbsp;&nbsp;OS_CPU_SR_Save
<LI><a href="#[d1648c]">&gt;&gt;</a>&nbsp;&nbsp;&nbsp;OS_CPU_SR_Restore
</UL>
<BR>[Called By]<UL><LI><a href="#[d12904]">&gt;&gt;</a>&nbsp;&nbsp;&nbsp;Device_Sound_Select
<LI><a href="#[d12940]">&gt;&gt;</a>&nbsp;&nbsp;&nbsp;Device_Sound_Contrl
<LI><a href="#[d12ae4]">&gt;&gt;</a>&nbsp;&nbsp;&nbsp;LAN_Sound_OUT
<LI><a href="#[d12b20]">&gt;&gt;</a>&nbsp;&nbsp;&nbsp;LAN_Sound_Select
<LI><a href="#[d12b5c]">&gt;&gt;</a>&nbsp;&nbsp;&nbsp;BMK_Sound_Select
<LI><a href="#[d12b98]">&gt;&gt;</a>&nbsp;&nbsp;&nbsp;SOUND_DEVICE_Mute
<LI><a href="#[d13228]">&gt;&gt;</a>&nbsp;&nbsp;&nbsp;VGA0Sel
<LI><a href="#[d13264]">&gt;&gt;</a>&nbsp;&nbsp;&nbsp;VGA1Sel
<LI><a href="#[d132dc]">&gt;&gt;</a>&nbsp;&nbsp;&nbsp;AV_Select
<LI><a href="#[d17b0c]">&gt;&gt;</a>&nbsp;&nbsp;&nbsp;VGACD22M3494Reset
<LI><a href="#[d17f44]">&gt;&gt;</a>&nbsp;&nbsp;&nbsp;AVCD22M3494Reset
</UL>

<P><STRONG><a name="[d12b98]"></a>SOUND_DEVICE_Mute</STRONG> (ARM, 436 bytes, Stack size 16 bytes, pt2258.o(.text), UNUSED)
<BR><BR>[Calls]<UL><LI><a href="#[d13048]">&gt;&gt;</a>&nbsp;&nbsp;&nbsp;SpiSendData
</UL>
<BR>[Called By]<UL><LI><a href="#[d1297c]">&gt;&gt;</a>&nbsp;&nbsp;&nbsp;Device_SoundMute
<LI><a href="#[d12a6c]">&gt;&gt;</a>&nbsp;&nbsp;&nbsp;Device_Set_MIX
<LI><a href="#[d6c804]">&gt;&gt;</a>&nbsp;&nbsp;&nbsp;ON_Device_select
</UL>

<P><STRONG><a name="[d12b5c]"></a>BMK_Sound_Select</STRONG> (ARM, 112 bytes, Stack size 8 bytes, pt2258.o(.text), UNUSED)
<BR><BR>[Calls]<UL><LI><a href="#[d13048]">&gt;&gt;</a>&nbsp;&nbsp;&nbsp;SpiSendData
</UL>
<BR>[Called By]<UL><LI><a href="#[d12a6c]">&gt;&gt;</a>&nbsp;&nbsp;&nbsp;Device_Set_MIX
</UL>

<P><STRONG><a name="[d12b20]"></a>LAN_Sound_Select</STRONG> (ARM, 244 bytes, Stack size 8 bytes, pt2258.o(.text), UNUSED)
<BR><BR>[Calls]<UL><LI><a href="#[d13048]">&gt;&gt;</a>&nbsp;&nbsp;&nbsp;SpiSendData
</UL>
<BR>[Called By]<UL><LI><a href="#[d12a6c]">&gt;&gt;</a>&nbsp;&nbsp;&nbsp;Device_Set_MIX
</UL>

<P><STRONG><a name="[d12ae4]"></a>LAN_Sound_OUT</STRONG> (ARM, 112 bytes, Stack size 8 bytes, pt2258.o(.text), UNUSED)
<BR><BR>[Calls]<UL><LI><a href="#[d13048]">&gt;&gt;</a>&nbsp;&nbsp;&nbsp;SpiSendData
</UL>
<BR>[Called By]<UL><LI><a href="#[d12a6c]">&gt;&gt;</a>&nbsp;&nbsp;&nbsp;Device_Set_MIX
</UL>

<P><STRONG><a name="[d12aa8]"></a>Device_InVol</STRONG> (ARM, 396 bytes, Stack size 16 bytes, pt2258.o(.text), UNUSED)
<BR><BR>[Calls]<UL><LI><a href="#[d12bd4]">&gt;&gt;</a>&nbsp;&nbsp;&nbsp;SoundVolumeControl
</UL>
<BR>[Called By]<UL><LI><a href="#[d12904]">&gt;&gt;</a>&nbsp;&nbsp;&nbsp;Device_Sound_Select
<LI><a href="#[d17cb0]">&gt;&gt;</a>&nbsp;&nbsp;&nbsp;PT2258Init
<LI><a href="#[d6b490]">&gt;&gt;</a>&nbsp;&nbsp;&nbsp;Device_Rec_Scan
<LI><a href="#[d6c804]">&gt;&gt;</a>&nbsp;&nbsp;&nbsp;ON_Device_select
<LI><a href="#[d6d128]">&gt;&gt;</a>&nbsp;&nbsp;&nbsp;ON_Sound_Mute
</UL>

<P><STRONG><a name="[d12a6c]"></a>Device_Set_MIX</STRONG> (ARM, 416 bytes, Stack size 16 bytes, pt2258.o(.text), UNUSED)
<BR><BR>[Calls]<UL><LI><a href="#[d12ae4]">&gt;&gt;</a>&nbsp;&nbsp;&nbsp;LAN_Sound_OUT
<LI><a href="#[d12b20]">&gt;&gt;</a>&nbsp;&nbsp;&nbsp;LAN_Sound_Select
<LI><a href="#[d12b5c]">&gt;&gt;</a>&nbsp;&nbsp;&nbsp;BMK_Sound_Select
<LI><a href="#[d12b98]">&gt;&gt;</a>&nbsp;&nbsp;&nbsp;SOUND_DEVICE_Mute
</UL>
<BR>[Called By]<UL><LI><a href="#[d129f4]">&gt;&gt;</a>&nbsp;&nbsp;&nbsp;Device_OutVol
<LI><a href="#[d6b490]">&gt;&gt;</a>&nbsp;&nbsp;&nbsp;Device_Rec_Scan
<LI><a href="#[d6cf0c]">&gt;&gt;</a>&nbsp;&nbsp;&nbsp;On_MSG_OPTION_HELP_LINK
<LI><a href="#[d6cfc0]">&gt;&gt;</a>&nbsp;&nbsp;&nbsp;On_MSG_OPTION_HELP_ON
<LI><a href="#[d6d128]">&gt;&gt;</a>&nbsp;&nbsp;&nbsp;ON_Sound_Mute
</UL>

<P><STRONG><a name="[d12a30]"></a>Device_Get_MIX</STRONG> (ARM, 12 bytes, Stack size 0 bytes, pt2258.o(.text), UNUSED)
<BR><BR>[Called By]<UL><LI><a href="#[d129f4]">&gt;&gt;</a>&nbsp;&nbsp;&nbsp;Device_OutVol
<LI><a href="#[d6b490]">&gt;&gt;</a>&nbsp;&nbsp;&nbsp;Device_Rec_Scan
<LI><a href="#[d6cf0c]">&gt;&gt;</a>&nbsp;&nbsp;&nbsp;On_MSG_OPTION_HELP_LINK
<LI><a href="#[d6cfc0]">&gt;&gt;</a>&nbsp;&nbsp;&nbsp;On_MSG_OPTION_HELP_ON
<LI><a href="#[d6d128]">&gt;&gt;</a>&nbsp;&nbsp;&nbsp;ON_Sound_Mute
</UL>

<P><STRONG><a name="[d129f4]"></a>Device_OutVol</STRONG> (ARM, 304 bytes, Stack size 24 bytes, pt2258.o(.text), UNUSED)
<BR><BR>[Calls]<UL><LI><a href="#[d12a30]">&gt;&gt;</a>&nbsp;&nbsp;&nbsp;Device_Get_MIX
<LI><a href="#[d12a6c]">&gt;&gt;</a>&nbsp;&nbsp;&nbsp;Device_Set_MIX
<LI><a href="#[d12bd4]">&gt;&gt;</a>&nbsp;&nbsp;&nbsp;SoundVolumeControl
<LI><a href="#[d139a8]">&gt;&gt;</a>&nbsp;&nbsp;&nbsp;LED_Set
<LI><a href="#[d139e4]">&gt;&gt;</a>&nbsp;&nbsp;&nbsp;LED_SendFLASH
<LI><a href="#[d13a20]">&gt;&gt;</a>&nbsp;&nbsp;&nbsp;Key_TB_state
<LI><a href="#[d17e90]">&gt;&gt;</a>&nbsp;&nbsp;&nbsp;IP_printf
</UL>
<BR>[Called By]<UL><LI><a href="#[d17b84]">&gt;&gt;</a>&nbsp;&nbsp;&nbsp;User_Option
<LI><a href="#[d17cb0]">&gt;&gt;</a>&nbsp;&nbsp;&nbsp;PT2258Init
<LI><a href="#[d6b490]">&gt;&gt;</a>&nbsp;&nbsp;&nbsp;Device_Rec_Scan
<LI><a href="#[d6c570]">&gt;&gt;</a>&nbsp;&nbsp;&nbsp;On_MSG_OPTION_SOUND_VOL
</UL>

<P><STRONG><a name="[d129b8]"></a>Device_Get_Vol</STRONG> (ARM, 164 bytes, Stack size 0 bytes, pt2258.o(.text), UNUSED)
<BR><BR>[Called By]<UL><LI><a href="#[d12904]">&gt;&gt;</a>&nbsp;&nbsp;&nbsp;Device_Sound_Select
<LI><a href="#[d6c804]">&gt;&gt;</a>&nbsp;&nbsp;&nbsp;ON_Device_select
</UL>

<P><STRONG><a name="[d1297c]"></a>Device_SoundMute</STRONG> (ARM, 100 bytes, Stack size 8 bytes, pt2258.o(.text), UNUSED)
<BR><BR>[Calls]<UL><LI><a href="#[d12b98]">&gt;&gt;</a>&nbsp;&nbsp;&nbsp;SOUND_DEVICE_Mute
</UL>

<P><STRONG><a name="[d12940]"></a>Device_Sound_Contrl</STRONG> (ARM, 80 bytes, Stack size 8 bytes, pt2258.o(.text), UNUSED)
<BR><BR>[Calls]<UL><LI><a href="#[d13048]">&gt;&gt;</a>&nbsp;&nbsp;&nbsp;SpiSendData
</UL>
<BR>[Called By]<UL><LI><a href="#[d6c804]">&gt;&gt;</a>&nbsp;&nbsp;&nbsp;ON_Device_select
</UL>

<P><STRONG><a name="[d12904]"></a>Device_Sound_Select</STRONG> (ARM, 436 bytes, Stack size 16 bytes, pt2258.o(.text), UNUSED)
<BR><BR>[Calls]<UL><LI><a href="#[d129b8]">&gt;&gt;</a>&nbsp;&nbsp;&nbsp;Device_Get_Vol
<LI><a href="#[d12aa8]">&gt;&gt;</a>&nbsp;&nbsp;&nbsp;Device_InVol
<LI><a href="#[d13048]">&gt;&gt;</a>&nbsp;&nbsp;&nbsp;SpiSendData
</UL>
<BR>[Called By]<UL><LI><a href="#[d6c5ac]">&gt;&gt;</a>&nbsp;&nbsp;&nbsp;On_MSG_OPTION_SOUND_SELECT
<LI><a href="#[d6c804]">&gt;&gt;</a>&nbsp;&nbsp;&nbsp;ON_Device_select
</UL>

<P><STRONG><a name="[d17cb0]"></a>PT2258Init</STRONG> (ARM, 308 bytes, Stack size 16 bytes, pt2258.o(.text), UNUSED)
<BR><BR>[Calls]<UL><LI><a href="#[d129f4]">&gt;&gt;</a>&nbsp;&nbsp;&nbsp;Device_OutVol
<LI><a href="#[d12aa8]">&gt;&gt;</a>&nbsp;&nbsp;&nbsp;Device_InVol
<LI><a href="#[d15c94]">&gt;&gt;</a>&nbsp;&nbsp;&nbsp;I2C0_WriteNByte
</UL>
<BR>[Called By]<UL><LI><a href="#[d17fbc]">&gt;&gt;</a>&nbsp;&nbsp;&nbsp;TASK_START
</UL>

<P><STRONG><a name="[d12274]"></a>RealTime_Get</STRONG> (ARM, 104 bytes, Stack size 0 bytes, realtime.o(.text), UNUSED)
<BR><BR>[Called By]<UL><LI><a href="#[d12148]">&gt;&gt;</a>&nbsp;&nbsp;&nbsp;ClassTableWeekInit
<LI><a href="#[d12184]">&gt;&gt;</a>&nbsp;&nbsp;&nbsp;RealTime_init
<LI><a href="#[d121fc]">&gt;&gt;</a>&nbsp;&nbsp;&nbsp;Rtime_IRQFlag
<LI><a href="#[d12238]">&gt;&gt;</a>&nbsp;&nbsp;&nbsp;RealTime_Get_Minute
<LI><a href="#[d6c1ec]">&gt;&gt;</a>&nbsp;&nbsp;&nbsp;File_ClassTable_Read_CurDay
<LI><a href="#[d6c354]">&gt;&gt;</a>&nbsp;&nbsp;&nbsp;Class_Table_Check
<LI><a href="#[d6c8f4]">&gt;&gt;</a>&nbsp;&nbsp;&nbsp;On_MSG_OPTION_TIMEACTIVE
<LI><a href="#[d6d86c]">&gt;&gt;</a>&nbsp;&nbsp;&nbsp;LED_Time_Flash
</UL>

<P><STRONG><a name="[d12238]"></a>RealTime_Get_Minute</STRONG> (ARM, 44 bytes, Stack size 4 bytes, realtime.o(.text), UNUSED)
<BR><BR>[Calls]<UL><LI><a href="#[d12274]">&gt;&gt;</a>&nbsp;&nbsp;&nbsp;RealTime_Get
</UL>
<BR>[Called By]<UL><LI><a href="#[d6c2a0]">&gt;&gt;</a>&nbsp;&nbsp;&nbsp;Device_Stat_Option
</UL>

<P><STRONG><a name="[d121fc]"></a>Rtime_IRQFlag</STRONG> (ARM, 140 bytes, Stack size 16 bytes, realtime.o(.text), UNUSED)
<BR><BR>[Calls]<UL><LI><a href="#[d12274]">&gt;&gt;</a>&nbsp;&nbsp;&nbsp;RealTime_Get
<LI><a href="#[d68880]">&gt;&gt;</a>&nbsp;&nbsp;&nbsp;__aeabi_memcpy
</UL>
<BR>[Called By]<UL><LI><a href="#[d121c0]">&gt;&gt;</a>&nbsp;&nbsp;&nbsp;RealTime_IRQ
</UL>

<P><STRONG><a name="[d121c0]"></a>RealTime_IRQ</STRONG> (ARM, 276 bytes, Stack size 32 bytes, realtime.o(.text), UNUSED)
<BR><BR>[Calls]<UL><LI><a href="#[d11f2c]">&gt;&gt;</a>&nbsp;&nbsp;&nbsp;Msg_send
<LI><a href="#[d121fc]">&gt;&gt;</a>&nbsp;&nbsp;&nbsp;Rtime_IRQFlag
</UL>

<P><STRONG><a name="[d12184]"></a>RealTime_init</STRONG> (ARM, 156 bytes, Stack size 8 bytes, realtime.o(.text), UNUSED)
<BR><BR>[Calls]<UL><LI><a href="#[d12274]">&gt;&gt;</a>&nbsp;&nbsp;&nbsp;RealTime_Get
<LI><a href="#[d16f54]">&gt;&gt;</a>&nbsp;&nbsp;&nbsp;SetVICIRQ
<LI><a href="#[d68880]">&gt;&gt;</a>&nbsp;&nbsp;&nbsp;__aeabi_memcpy
</UL>
<BR>[Called By]<UL><LI><a href="#[d17b84]">&gt;&gt;</a>&nbsp;&nbsp;&nbsp;User_Option
</UL>

<P><STRONG><a name="[d12148]"></a>ClassTableWeekInit</STRONG> (ARM, 40 bytes, Stack size 4 bytes, realtime.o(.text), UNUSED)
<BR><BR>[Calls]<UL><LI><a href="#[d12274]">&gt;&gt;</a>&nbsp;&nbsp;&nbsp;RealTime_Get
</UL>
<BR>[Called By]<UL><LI><a href="#[d17b84]">&gt;&gt;</a>&nbsp;&nbsp;&nbsp;User_Option
</UL>

<P><STRONG><a name="[d1210c]"></a>RealTime_Set</STRONG> (ARM, 128 bytes, Stack size 0 bytes, realtime.o(.text), UNUSED)
<BR><BR>[Called By]<UL><LI><a href="#[d6c9e4]">&gt;&gt;</a>&nbsp;&nbsp;&nbsp;On_MSG_OPTION_SEVER_ACK
</UL>

<P><STRONG><a name="[d120d0]"></a>RealTime_Compare</STRONG> (ARM, 100 bytes, Stack size 8 bytes, realtime.o(.text), UNUSED)

<P><STRONG><a name="[d12094]"></a>RealTime_ALM_Set</STRONG> (ARM, 92 bytes, Stack size 0 bytes, realtime.o(.text), UNUSED)

<P><STRONG><a name="[d12058]"></a>RealTime_Msg_Set</STRONG> (ARM, 56 bytes, Stack size 0 bytes, realtime.o(.text), UNUSED)

<P><STRONG><a name="[d1201c]"></a>On_MSG_OPTION_CLASSTABLE_OFF</STRONG> (ARM, 4 bytes, Stack size 0 bytes, realtime.o(.text), UNUSED)
<BR><BR>[Called By]<UL><LI><a href="#[d17b84]">&gt;&gt;</a>&nbsp;&nbsp;&nbsp;User_Option
</UL>

<P><STRONG><a name="[d11fe0]"></a>RealTime_Check</STRONG> (ARM, 68 bytes, Stack size 0 bytes, realtime.o(.text), UNUSED)

<P><STRONG><a name="[d11fa4]"></a>On_MSG_OPTION_CLASSTABLE_ON</STRONG> (ARM, 4 bytes, Stack size 0 bytes, realtime.o(.text), UNUSED)
<BR><BR>[Called By]<UL><LI><a href="#[d17b84]">&gt;&gt;</a>&nbsp;&nbsp;&nbsp;User_Option
</UL>

<P><STRONG><a name="[d11f68]"></a>ON_MSG_OPTION_ALM_TIME</STRONG> (ARM, 4 bytes, Stack size 0 bytes, realtime.o(.text), UNUSED)
<BR><BR>[Called By]<UL><LI><a href="#[d17b84]">&gt;&gt;</a>&nbsp;&nbsp;&nbsp;User_Option
</UL>

<P><STRONG><a name="[d16ae0]"></a>SPI_Init</STRONG> (ARM, 24 bytes, Stack size 0 bytes, sc16is752.o(.text), UNUSED)
<BR><BR>[Called By]<UL><LI><a href="#[d17c38]">&gt;&gt;</a>&nbsp;&nbsp;&nbsp;TargetInit
</UL>

<P><STRONG><a name="[d147b8]"></a>SPI_send</STRONG> (ARM, 48 bytes, Stack size 0 bytes, sc16is752.o(.text))
<BR><BR>[Called By]<UL><LI><a href="#[d11af4]">&gt;&gt;</a>&nbsp;&nbsp;&nbsp;SPI_writeData
<LI><a href="#[d11b30]">&gt;&gt;</a>&nbsp;&nbsp;&nbsp;SPI_write
<LI><a href="#[d11b6c]">&gt;&gt;</a>&nbsp;&nbsp;&nbsp;SPI_read
<LI><a href="#[d13048]">&gt;&gt;</a>&nbsp;&nbsp;&nbsp;SpiSendData
<LI><a href="#[d148a8]">&gt;&gt;</a>&nbsp;&nbsp;&nbsp;TMS320AIC23_Reg_Write
</UL>

<P><STRONG><a name="[d11b6c]"></a>SPI_read</STRONG> (ARM, 144 bytes, Stack size 24 bytes, sc16is752.o(.text))
<BR><BR>[Stack]<UL><LI>Max Depth = 24 + Unknown Stack Size
<LI>Call Chain = SPI_read
</UL>
<BR>[Calls]<UL><LI><a href="#[d147b8]">&gt;&gt;</a>&nbsp;&nbsp;&nbsp;SPI_send
<LI><a href="#[d16450]">&gt;&gt;</a>&nbsp;&nbsp;&nbsp;OS_CPU_SR_Save
<LI><a href="#[d1648c]">&gt;&gt;</a>&nbsp;&nbsp;&nbsp;OS_CPU_SR_Restore
</UL>
<BR>[Called By]<UL><LI><a href="#[d11a7c]">&gt;&gt;</a>&nbsp;&nbsp;&nbsp;IS752_Scan
<LI><a href="#[d11ab8]">&gt;&gt;</a>&nbsp;&nbsp;&nbsp;ReadXuartBuff
</UL>

<P><STRONG><a name="[d11b30]"></a>SPI_write</STRONG> (ARM, 136 bytes, Stack size 24 bytes, sc16is752.o(.text))
<BR><BR>[Stack]<UL><LI>Max Depth = 24 + Unknown Stack Size
<LI>Call Chain = SPI_write
</UL>
<BR>[Calls]<UL><LI><a href="#[d147b8]">&gt;&gt;</a>&nbsp;&nbsp;&nbsp;SPI_send
<LI><a href="#[d16450]">&gt;&gt;</a>&nbsp;&nbsp;&nbsp;OS_CPU_SR_Save
<LI><a href="#[d1648c]">&gt;&gt;</a>&nbsp;&nbsp;&nbsp;OS_CPU_SR_Restore
</UL>
<BR>[Called By]<UL><LI><a href="#[d11a40]">&gt;&gt;</a>&nbsp;&nbsp;&nbsp;set_IS752_bps
</UL>

<P><STRONG><a name="[d11af4]"></a>SPI_writeData</STRONG> (ARM, 156 bytes, Stack size 24 bytes, sc16is752.o(.text))
<BR><BR>[Stack]<UL><LI>Max Depth = 24 + Unknown Stack Size
<LI>Call Chain = SPI_writeData
</UL>
<BR>[Calls]<UL><LI><a href="#[d147b8]">&gt;&gt;</a>&nbsp;&nbsp;&nbsp;SPI_send
<LI><a href="#[d16450]">&gt;&gt;</a>&nbsp;&nbsp;&nbsp;OS_CPU_SR_Save
<LI><a href="#[d1648c]">&gt;&gt;</a>&nbsp;&nbsp;&nbsp;OS_CPU_SR_Restore
</UL>
<BR>[Called By]<UL><LI><a href="#[d0edf4]">&gt;&gt;</a>&nbsp;&nbsp;&nbsp;UART_Send_Data
<LI><a href="#[d17b84]">&gt;&gt;</a>&nbsp;&nbsp;&nbsp;User_Option
</UL>

<P><STRONG><a name="[d11ab8]"></a>ReadXuartBuff</STRONG> (ARM, 124 bytes, Stack size 24 bytes, sc16is752.o(.text))
<BR><BR>[Stack]<UL><LI>Max Depth = 48 + Unknown Stack Size
<LI>Call Chain = ReadXuartBuff &rArr; SPI_read
</UL>
<BR>[Calls]<UL><LI><a href="#[d11b6c]">&gt;&gt;</a>&nbsp;&nbsp;&nbsp;SPI_read
</UL>
<BR>[Called By]<UL><LI><a href="#[d0edb8]">&gt;&gt;</a>&nbsp;&nbsp;&nbsp;EINT1_Exception
</UL>

<P><STRONG><a name="[d11a7c]"></a>IS752_Scan</STRONG> (ARM, 240 bytes, Stack size 8 bytes, sc16is752.o(.text))
<BR><BR>[Stack]<UL><LI>Max Depth = 96 + Unknown Stack Size
<LI>Call Chain = IS752_Scan &rArr; Xcom_set &rArr; UART_set_bps &rArr; set_IS752_bps &rArr; SPI_write
</UL>
<BR>[Calls]<UL><LI><a href="#[d1198c]">&gt;&gt;</a>&nbsp;&nbsp;&nbsp;Xcom_set
<LI><a href="#[d11b6c]">&gt;&gt;</a>&nbsp;&nbsp;&nbsp;SPI_read
</UL>
<BR>[Called By]<UL><LI><a href="#[d0edb8]">&gt;&gt;</a>&nbsp;&nbsp;&nbsp;EINT1_Exception
<LI><a href="#[d17b84]">&gt;&gt;</a>&nbsp;&nbsp;&nbsp;User_Option
</UL>

<P><STRONG><a name="[d11a40]"></a>set_IS752_bps</STRONG> (ARM, 256 bytes, Stack size 24 bytes, sc16is752.o(.text))
<BR><BR>[Stack]<UL><LI>Max Depth = 48 + Unknown Stack Size
<LI>Call Chain = set_IS752_bps &rArr; SPI_write
</UL>
<BR>[Calls]<UL><LI><a href="#[d11b30]">&gt;&gt;</a>&nbsp;&nbsp;&nbsp;SPI_write
<LI><a href="#[d6804c]">&gt;&gt;</a>&nbsp;&nbsp;&nbsp;__aeabi_uidivmod
</UL>
<BR>[Called By]<UL><LI><a href="#[d0eea8]">&gt;&gt;</a>&nbsp;&nbsp;&nbsp;UART_set_bps
</UL>

<P><STRONG><a name="[d11a04]"></a>init_SC16IS752</STRONG> (ARM, 4 bytes, Stack size 0 bytes, sc16is752.o(.text), UNUSED)

<P><STRONG><a name="[d11608]"></a>OSAPIBlockNew</STRONG> (ARM, 28 bytes, Stack size 16 bytes, os_api.o(.text), UNUSED)
<BR><BR>[Calls]<UL><LI><a href="#[d11590]">&gt;&gt;</a>&nbsp;&nbsp;&nbsp;OSMutexCreate
</UL>
<BR>[Called By]<UL><LI><a href="#[d17ad0]">&gt;&gt;</a>&nbsp;&nbsp;&nbsp;XCOM_init
</UL>

<P><STRONG><a name="[d115cc]"></a>OSAPIBlockEnter</STRONG> (ARM, 108 bytes, Stack size 24 bytes, os_api.o(.text))
<BR><BR>[Stack]<UL><LI>Max Depth = 80 + Unknown Stack Size
<LI>Call Chain = OSAPIBlockEnter &rArr; OSMutexPend &rArr; OS_Sched
</UL>
<BR>[Calls]<UL><LI><a href="#[d11554]">&gt;&gt;</a>&nbsp;&nbsp;&nbsp;OSMutexPend
<LI><a href="#[d680c4]">&gt;&gt;</a>&nbsp;&nbsp;&nbsp;__aeabi_idivmod
</UL>
<BR>[Called By]<UL><LI><a href="#[d6999c]">&gt;&gt;</a>&nbsp;&nbsp;&nbsp;XCOM_Send_ACK
<LI><a href="#[d69f3c]">&gt;&gt;</a>&nbsp;&nbsp;&nbsp;UDP_Send_ACK
<LI><a href="#[d6b3a0]">&gt;&gt;</a>&nbsp;&nbsp;&nbsp;On_MSG_OPTION_COMM
<LI><a href="#[d6d740]">&gt;&gt;</a>&nbsp;&nbsp;&nbsp;XCOM_Data_send
</UL>

<P><STRONG><a name="[d11068]"></a>Arp_Request</STRONG> (ARM, 188 bytes, Stack size 96 bytes, arp.o(.text))
<BR><BR>[Stack]<UL><LI>Max Depth = 192 + Unknown Stack Size
<LI>Call Chain = Arp_Request &rArr; Ethernet_SendFrame &rArr; Send_Packet
</UL>
<BR>[Calls]<UL><LI><a href="#[d10ce4]">&gt;&gt;</a>&nbsp;&nbsp;&nbsp;Ethernet_SendFrame
<LI><a href="#[d683d0]">&gt;&gt;</a>&nbsp;&nbsp;&nbsp;__aeabi_memclr4
<LI><a href="#[d68574]">&gt;&gt;</a>&nbsp;&nbsp;&nbsp;__aeabi_memcpy4
<LI><a href="#[d68718]">&gt;&gt;</a>&nbsp;&nbsp;&nbsp;__aeabi_memclr
<LI><a href="#[d68880]">&gt;&gt;</a>&nbsp;&nbsp;&nbsp;__aeabi_memcpy
</UL>
<BR>[Called By]<UL><LI><a href="#[d0fc7c]">&gt;&gt;</a>&nbsp;&nbsp;&nbsp;IP_SendFrame
<LI><a href="#[d17b84]">&gt;&gt;</a>&nbsp;&nbsp;&nbsp;User_Option
<LI><a href="#[d17e18]">&gt;&gt;</a>&nbsp;&nbsp;&nbsp;Initial_arp
<LI><a href="#[d6b490]">&gt;&gt;</a>&nbsp;&nbsp;&nbsp;Device_Rec_Scan
<LI><a href="#[d6c9a8]">&gt;&gt;</a>&nbsp;&nbsp;&nbsp;On_MSG_OPTION_STATUS_CHANGE
</UL>

<P><STRONG><a name="[d17e18]"></a>Initial_arp</STRONG> (ARM, 120 bytes, Stack size 8 bytes, arp.o(.text), UNUSED)
<BR><BR>[Calls]<UL><LI><a href="#[d10ca8]">&gt;&gt;</a>&nbsp;&nbsp;&nbsp;IP_Debug_init
<LI><a href="#[d11068]">&gt;&gt;</a>&nbsp;&nbsp;&nbsp;Arp_Request
<LI><a href="#[d17bc0]">&gt;&gt;</a>&nbsp;&nbsp;&nbsp;UART_printf
<LI><a href="#[d17e90]">&gt;&gt;</a>&nbsp;&nbsp;&nbsp;IP_printf
</UL>
<BR>[Called By]<UL><LI><a href="#[d17fbc]">&gt;&gt;</a>&nbsp;&nbsp;&nbsp;TASK_START
</UL>

<P><STRONG><a name="[d14164]"></a>Get_NetPort</STRONG> (ARM, 8 bytes, Stack size 0 bytes, arp.o(.text))
<BR><BR>[Called By]<UL><LI><a href="#[d0fc04]">&gt;&gt;</a>&nbsp;&nbsp;&nbsp;UDP_ReceivePacket
<LI><a href="#[d108ac]">&gt;&gt;</a>&nbsp;&nbsp;&nbsp;IP_ReceivePacket
<LI><a href="#[d10ca8]">&gt;&gt;</a>&nbsp;&nbsp;&nbsp;IP_Debug_init
<LI><a href="#[d141a0]">&gt;&gt;</a>&nbsp;&nbsp;&nbsp;Sound_init
<LI><a href="#[d150a0]">&gt;&gt;</a>&nbsp;&nbsp;&nbsp;Sound_Input_Int
<LI><a href="#[d16414]">&gt;&gt;</a>&nbsp;&nbsp;&nbsp;UDP_Send_CMD
<LI><a href="#[d17b84]">&gt;&gt;</a>&nbsp;&nbsp;&nbsp;User_Option
<LI><a href="#[d17e90]">&gt;&gt;</a>&nbsp;&nbsp;&nbsp;IP_printf
<LI><a href="#[d69f00]">&gt;&gt;</a>&nbsp;&nbsp;&nbsp;UDP_msg_rev
<LI><a href="#[d6b490]">&gt;&gt;</a>&nbsp;&nbsp;&nbsp;Device_Rec_Scan
<LI><a href="#[d6b508]">&gt;&gt;</a>&nbsp;&nbsp;&nbsp;ClassInfo_init
<LI><a href="#[d6c96c]">&gt;&gt;</a>&nbsp;&nbsp;&nbsp;On_MSG_OPTION_SVRLINK_REQ
<LI><a href="#[d6cb10]">&gt;&gt;</a>&nbsp;&nbsp;&nbsp;On_MSG_OPTION_DEBUG
</UL>

<P><STRONG><a name="[d1102c]"></a>Get_ClassID</STRONG> (ARM, 8 bytes, Stack size 0 bytes, arp.o(.text))
<BR><BR>[Called By]<UL><LI><a href="#[d16414]">&gt;&gt;</a>&nbsp;&nbsp;&nbsp;UDP_Send_CMD
<LI><a href="#[d69f3c]">&gt;&gt;</a>&nbsp;&nbsp;&nbsp;UDP_Send_ACK
</UL>

<P><STRONG><a name="[d10ff0]"></a>IPDword_TO_Byte</STRONG> (ARM, 40 bytes, Stack size 0 bytes, arp.o(.text))
<BR><BR>[Called By]<UL><LI><a href="#[d69f00]">&gt;&gt;</a>&nbsp;&nbsp;&nbsp;UDP_msg_rev
<LI><a href="#[d69f3c]">&gt;&gt;</a>&nbsp;&nbsp;&nbsp;UDP_Send_ACK
</UL>

<P><STRONG><a name="[d10fb4]"></a>IPByte_TO_Dword</STRONG> (ARM, 40 bytes, Stack size 0 bytes, arp.o(.text))
<BR><BR>[Called By]<UL><LI><a href="#[d16414]">&gt;&gt;</a>&nbsp;&nbsp;&nbsp;UDP_Send_CMD
<LI><a href="#[d69f3c]">&gt;&gt;</a>&nbsp;&nbsp;&nbsp;UDP_Send_ACK
</UL>

<P><STRONG><a name="[d10f78]"></a>Get_DesIp</STRONG> (ARM, 208 bytes, Stack size 0 bytes, arp.o(.text))
<BR><BR>[Called By]<UL><LI><a href="#[d0fc7c]">&gt;&gt;</a>&nbsp;&nbsp;&nbsp;IP_SendFrame
<LI><a href="#[d10ce4]">&gt;&gt;</a>&nbsp;&nbsp;&nbsp;Ethernet_SendFrame
<LI><a href="#[d140ec]">&gt;&gt;</a>&nbsp;&nbsp;&nbsp;Udp_SendPacked
<LI><a href="#[d16414]">&gt;&gt;</a>&nbsp;&nbsp;&nbsp;UDP_Send_CMD
<LI><a href="#[d17b84]">&gt;&gt;</a>&nbsp;&nbsp;&nbsp;User_Option
<LI><a href="#[d17e54]">&gt;&gt;</a>&nbsp;&nbsp;&nbsp;InitNet
<LI><a href="#[d17e90]">&gt;&gt;</a>&nbsp;&nbsp;&nbsp;IP_printf
<LI><a href="#[d69f3c]">&gt;&gt;</a>&nbsp;&nbsp;&nbsp;UDP_Send_ACK
<LI><a href="#[d6c7c8]">&gt;&gt;</a>&nbsp;&nbsp;&nbsp;Send_State
<LI><a href="#[d6c9a8]">&gt;&gt;</a>&nbsp;&nbsp;&nbsp;On_MSG_OPTION_STATUS_CHANGE
<LI><a href="#[d6ced0]">&gt;&gt;</a>&nbsp;&nbsp;&nbsp;On_MSG_OPTION_HELP_BREAK
<LI><a href="#[d6cf84]">&gt;&gt;</a>&nbsp;&nbsp;&nbsp;On_MSG_OPTION_HELP_OFF
<LI><a href="#[d6cfc0]">&gt;&gt;</a>&nbsp;&nbsp;&nbsp;On_MSG_OPTION_HELP_ON
</UL>

<P><STRONG><a name="[d14128]"></a>IP_Compare</STRONG> (ARM, 84 bytes, Stack size 0 bytes, arp.o(.text))
<BR><BR>[Called By]<UL><LI><a href="#[d0f3d0]">&gt;&gt;</a>&nbsp;&nbsp;&nbsp;LAN_Test_Ack
<LI><a href="#[d0fc7c]">&gt;&gt;</a>&nbsp;&nbsp;&nbsp;IP_SendFrame
<LI><a href="#[d10d20]">&gt;&gt;</a>&nbsp;&nbsp;&nbsp;UDP_MAC_Save
<LI><a href="#[d10d5c]">&gt;&gt;</a>&nbsp;&nbsp;&nbsp;IP_Check
<LI><a href="#[d10e10]">&gt;&gt;</a>&nbsp;&nbsp;&nbsp;REC_ARP_REQ
<LI><a href="#[d10e4c]">&gt;&gt;</a>&nbsp;&nbsp;&nbsp;Arp_Answer
<LI><a href="#[d10f00]">&gt;&gt;</a>&nbsp;&nbsp;&nbsp;ARP_Rec_Find
<LI><a href="#[d14254]">&gt;&gt;</a>&nbsp;&nbsp;&nbsp;Sound_Get_Play_No
<LI><a href="#[d14290]">&gt;&gt;</a>&nbsp;&nbsp;&nbsp;Sound_Close
<LI><a href="#[d16414]">&gt;&gt;</a>&nbsp;&nbsp;&nbsp;UDP_Send_CMD
<LI><a href="#[d6c9a8]">&gt;&gt;</a>&nbsp;&nbsp;&nbsp;On_MSG_OPTION_STATUS_CHANGE
</UL>

<P><STRONG><a name="[d10f3c]"></a>IPMASK_Compare</STRONG> (ARM, 280 bytes, Stack size 0 bytes, arp.o(.text))
<BR><BR>[Called By]<UL><LI><a href="#[d0fc7c]">&gt;&gt;</a>&nbsp;&nbsp;&nbsp;IP_SendFrame
<LI><a href="#[d10d20]">&gt;&gt;</a>&nbsp;&nbsp;&nbsp;UDP_MAC_Save
<LI><a href="#[d10d5c]">&gt;&gt;</a>&nbsp;&nbsp;&nbsp;IP_Check
<LI><a href="#[d10e10]">&gt;&gt;</a>&nbsp;&nbsp;&nbsp;REC_ARP_REQ
<LI><a href="#[d10e4c]">&gt;&gt;</a>&nbsp;&nbsp;&nbsp;Arp_Answer
<LI><a href="#[d10f00]">&gt;&gt;</a>&nbsp;&nbsp;&nbsp;ARP_Rec_Find
</UL>

<P><STRONG><a name="[d10f00]"></a>ARP_Rec_Find</STRONG> (ARM, 260 bytes, Stack size 12 bytes, arp.o(.text))
<BR><BR>[Stack]<UL><LI>Max Depth = 12<LI>Call Chain = ARP_Rec_Find
</UL>
<BR>[Calls]<UL><LI><a href="#[d10f3c]">&gt;&gt;</a>&nbsp;&nbsp;&nbsp;IPMASK_Compare
<LI><a href="#[d14128]">&gt;&gt;</a>&nbsp;&nbsp;&nbsp;IP_Compare
</UL>
<BR>[Called By]<UL><LI><a href="#[d0fc7c]">&gt;&gt;</a>&nbsp;&nbsp;&nbsp;IP_SendFrame
<LI><a href="#[d10ce4]">&gt;&gt;</a>&nbsp;&nbsp;&nbsp;Ethernet_SendFrame
<LI><a href="#[d10ec4]">&gt;&gt;</a>&nbsp;&nbsp;&nbsp;ARP_Rec_Save
<LI><a href="#[d17e54]">&gt;&gt;</a>&nbsp;&nbsp;&nbsp;InitNet
<LI><a href="#[d6c9a8]">&gt;&gt;</a>&nbsp;&nbsp;&nbsp;On_MSG_OPTION_STATUS_CHANGE
</UL>

<P><STRONG><a name="[d10ec4]"></a>ARP_Rec_Save</STRONG> (ARM, 188 bytes, Stack size 16 bytes, arp.o(.text), UNUSED)
<BR><BR>[Calls]<UL><LI><a href="#[d10f00]">&gt;&gt;</a>&nbsp;&nbsp;&nbsp;ARP_Rec_Find
<LI><a href="#[d68880]">&gt;&gt;</a>&nbsp;&nbsp;&nbsp;__aeabi_memcpy
</UL>
<BR>[Called By]<UL><LI><a href="#[d10d20]">&gt;&gt;</a>&nbsp;&nbsp;&nbsp;UDP_MAC_Save
<LI><a href="#[d10d5c]">&gt;&gt;</a>&nbsp;&nbsp;&nbsp;IP_Check
<LI><a href="#[d10e10]">&gt;&gt;</a>&nbsp;&nbsp;&nbsp;REC_ARP_REQ
<LI><a href="#[d10e4c]">&gt;&gt;</a>&nbsp;&nbsp;&nbsp;Arp_Answer
</UL>

<P><STRONG><a name="[d10e88]"></a>Arp_reg</STRONG> (ARM, 336 bytes, Stack size 128 bytes, arp.o(.text), UNUSED)
<BR><BR>[Calls]<UL><LI><a href="#[d10ce4]">&gt;&gt;</a>&nbsp;&nbsp;&nbsp;Ethernet_SendFrame
</UL>

<P><STRONG><a name="[d10e4c]"></a>Arp_Answer</STRONG> (ARM, 248 bytes, Stack size 32 bytes, arp.o(.text), UNUSED)
<BR><BR>[Calls]<UL><LI><a href="#[d10ce4]">&gt;&gt;</a>&nbsp;&nbsp;&nbsp;Ethernet_SendFrame
<LI><a href="#[d10ec4]">&gt;&gt;</a>&nbsp;&nbsp;&nbsp;ARP_Rec_Save
<LI><a href="#[d10f3c]">&gt;&gt;</a>&nbsp;&nbsp;&nbsp;IPMASK_Compare
<LI><a href="#[d14128]">&gt;&gt;</a>&nbsp;&nbsp;&nbsp;IP_Compare
</UL>
<BR>[Called By]<UL><LI><a href="#[d10dd4]">&gt;&gt;</a>&nbsp;&nbsp;&nbsp;ARP_ReceivePacket
</UL>

<P><STRONG><a name="[d10e10]"></a>REC_ARP_REQ</STRONG> (ARM, 144 bytes, Stack size 16 bytes, arp.o(.text), UNUSED)
<BR><BR>[Calls]<UL><LI><a href="#[d10ec4]">&gt;&gt;</a>&nbsp;&nbsp;&nbsp;ARP_Rec_Save
<LI><a href="#[d10f3c]">&gt;&gt;</a>&nbsp;&nbsp;&nbsp;IPMASK_Compare
<LI><a href="#[d14128]">&gt;&gt;</a>&nbsp;&nbsp;&nbsp;IP_Compare
</UL>
<BR>[Called By]<UL><LI><a href="#[d10dd4]">&gt;&gt;</a>&nbsp;&nbsp;&nbsp;ARP_ReceivePacket
</UL>

<P><STRONG><a name="[d10dd4]"></a>ARP_ReceivePacket</STRONG> (ARM, 60 bytes, Stack size 8 bytes, arp.o(.text), UNUSED)
<BR><BR>[Calls]<UL><LI><a href="#[d10e10]">&gt;&gt;</a>&nbsp;&nbsp;&nbsp;REC_ARP_REQ
<LI><a href="#[d10e4c]">&gt;&gt;</a>&nbsp;&nbsp;&nbsp;Arp_Answer
</UL>
<BR>[Called By]<UL><LI><a href="#[d108e8]">&gt;&gt;</a>&nbsp;&nbsp;&nbsp;Ethernet_ReceivePacket
</UL>

<P><STRONG><a name="[d10d98]"></a>crc_calc</STRONG> (ARM, 192 bytes, Stack size 24 bytes, arp.o(.text), UNUSED)

<P><STRONG><a name="[d10d5c]"></a>IP_Check</STRONG> (ARM, 140 bytes, Stack size 16 bytes, arp.o(.text), UNUSED)
<BR><BR>[Calls]<UL><LI><a href="#[d10ec4]">&gt;&gt;</a>&nbsp;&nbsp;&nbsp;ARP_Rec_Save
<LI><a href="#[d10f3c]">&gt;&gt;</a>&nbsp;&nbsp;&nbsp;IPMASK_Compare
<LI><a href="#[d14128]">&gt;&gt;</a>&nbsp;&nbsp;&nbsp;IP_Compare
</UL>
[...]
<LI><a href="#[d72240]">&gt;&gt;</a>&nbsp;&nbsp;&nbsp;OSFlagAccept
<LI><a href="#[d726f0]">&gt;&gt;</a>&nbsp;&nbsp;&nbsp;OSTaskStkChk
<LI><a href="#[d7272c]">&gt;&gt;</a>&nbsp;&nbsp;&nbsp;OSTaskNameSet
<LI><a href="#[d72768]">&gt;&gt;</a>&nbsp;&nbsp;&nbsp;OS_TCBInit
<LI><a href="#[d72948]">&gt;&gt;</a>&nbsp;&nbsp;&nbsp;OSStatInit
<LI><a href="#[d72984]">&gt;&gt;</a>&nbsp;&nbsp;&nbsp;OSSchedUnlock
<LI><a href="#[d729c0]">&gt;&gt;</a>&nbsp;&nbsp;&nbsp;OS_Sched
<LI><a href="#[d729fc]">&gt;&gt;</a>&nbsp;&nbsp;&nbsp;OSSchedLock
<LI><a href="#[d72ab0]">&gt;&gt;</a>&nbsp;&nbsp;&nbsp;OS_TaskIdle
<LI><a href="#[d72aec]">&gt;&gt;</a>&nbsp;&nbsp;&nbsp;OS_TaskStat
<LI><a href="#[d72b64]">&gt;&gt;</a>&nbsp;&nbsp;&nbsp;OSEventNameSet
<LI><a href="#[d72bdc]">&gt;&gt;</a>&nbsp;&nbsp;&nbsp;OSEventNameGet
</UL>

<P><STRONG><a name="[d1648c]"></a>OS_CPU_SR_Restore</STRONG> (ARM, 0 bytes, Stack size unknown bytes, os_cpu_a.o(CODE))
<BR><BR>[Called By]<UL><LI><a href="#[d0e890]">&gt;&gt;</a>&nbsp;&nbsp;&nbsp;OSIntExit
<LI><a href="#[d0ec14]">&gt;&gt;</a>&nbsp;&nbsp;&nbsp;Task_Rec_Del
<LI><a href="#[d0ec50]">&gt;&gt;</a>&nbsp;&nbsp;&nbsp;OSMboxPost
<LI><a href="#[d0edf4]">&gt;&gt;</a>&nbsp;&nbsp;&nbsp;UART_Send_Data
<LI><a href="#[d0f394]">&gt;&gt;</a>&nbsp;&nbsp;&nbsp;XCOM_Q_Send
<LI><a href="#[d10ce4]">&gt;&gt;</a>&nbsp;&nbsp;&nbsp;Ethernet_SendFrame
<LI><a href="#[d11554]">&gt;&gt;</a>&nbsp;&nbsp;&nbsp;OSMutexPend
<LI><a href="#[d11590]">&gt;&gt;</a>&nbsp;&nbsp;&nbsp;OSMutexCreate
<LI><a href="#[d11af4]">&gt;&gt;</a>&nbsp;&nbsp;&nbsp;SPI_writeData
<LI><a href="#[d11b30]">&gt;&gt;</a>&nbsp;&nbsp;&nbsp;SPI_write
<LI><a href="#[d11b6c]">&gt;&gt;</a>&nbsp;&nbsp;&nbsp;SPI_read
<LI><a href="#[d11f2c]">&gt;&gt;</a>&nbsp;&nbsp;&nbsp;Msg_send
<LI><a href="#[d13048]">&gt;&gt;</a>&nbsp;&nbsp;&nbsp;SpiSendData
<LI><a href="#[d1396c]">&gt;&gt;</a>&nbsp;&nbsp;&nbsp;OSTimeDly
<LI><a href="#[d148a8]">&gt;&gt;</a>&nbsp;&nbsp;&nbsp;TMS320AIC23_Reg_Write
<LI><a href="#[d1639c]">&gt;&gt;</a>&nbsp;&nbsp;&nbsp;User_mem_free
<LI><a href="#[d163d8]">&gt;&gt;</a>&nbsp;&nbsp;&nbsp;User_mem_allco
<LI><a href="#[d1657c]">&gt;&gt;</a>&nbsp;&nbsp;&nbsp;HW_send
<LI><a href="#[d165b8]">&gt;&gt;</a>&nbsp;&nbsp;&nbsp;HW_XM_start
<LI><a href="#[d16b58]">&gt;&gt;</a>&nbsp;&nbsp;&nbsp;OSTimeTick
<LI><a href="#[d17d64]">&gt;&gt;</a>&nbsp;&nbsp;&nbsp;OSTaskCreateExt
<LI><a href="#[d6b508]">&gt;&gt;</a>&nbsp;&nbsp;&nbsp;ClassInfo_init
<LI><a href="#[d6bf58]">&gt;&gt;</a>&nbsp;&nbsp;&nbsp;Task_Run_Delay
<LI><a href="#[d6c0fc]">&gt;&gt;</a>&nbsp;&nbsp;&nbsp;File_Table_Write
<LI><a href="#[d6c8f4]">&gt;&gt;</a>&nbsp;&nbsp;&nbsp;On_MSG_OPTION_TIMEACTIVE
<LI><a href="#[d6ca20]">&gt;&gt;</a>&nbsp;&nbsp;&nbsp;On_MSG_OPTION_SERVER_FILE_SEND
<LI><a href="#[d6fdb0]">&gt;&gt;</a>&nbsp;&nbsp;&nbsp;OSTimeSet
<LI><a href="#[d6fdec]">&gt;&gt;</a>&nbsp;&nbsp;&nbsp;OSTimeGet
<LI><a href="#[d6fe28]">&gt;&gt;</a>&nbsp;&nbsp;&nbsp;OSTimeDlyResume
<LI><a href="#[d701e8]">&gt;&gt;</a>&nbsp;&nbsp;&nbsp;OSTaskQuery
<LI><a href="#[d70224]">&gt;&gt;</a>&nbsp;&nbsp;&nbsp;OSTaskSuspend
<LI><a href="#[d70260]">&gt;&gt;</a>&nbsp;&nbsp;&nbsp;OSTaskResume
<LI><a href="#[d7029c]">&gt;&gt;</a>&nbsp;&nbsp;&nbsp;OSTaskNameGet
<LI><a href="#[d702d8]">&gt;&gt;</a>&nbsp;&nbsp;&nbsp;OSTaskDelReq
<LI><a href="#[d70314]">&gt;&gt;</a>&nbsp;&nbsp;&nbsp;OSTaskDel
<LI><a href="#[d7038c]">&gt;&gt;</a>&nbsp;&nbsp;&nbsp;OSTaskCreate
<LI><a href="#[d703c8]">&gt;&gt;</a>&nbsp;&nbsp;&nbsp;OSTaskChangePrio
<LI><a href="#[d70c74]">&gt;&gt;</a>&nbsp;&nbsp;&nbsp;OSQQuery
<LI><a href="#[d70cb0]">&gt;&gt;</a>&nbsp;&nbsp;&nbsp;OSQPostOpt
<LI><a href="#[d70cec]">&gt;&gt;</a>&nbsp;&nbsp;&nbsp;OSQPostFront
<LI><a href="#[d70d28]">&gt;&gt;</a>&nbsp;&nbsp;&nbsp;OSQPost
<LI><a href="#[d70d64]">&gt;&gt;</a>&nbsp;&nbsp;&nbsp;OSQPendAbort
<LI><a href="#[d70da0]">&gt;&gt;</a>&nbsp;&nbsp;&nbsp;OSQPend
<LI><a href="#[d70ddc]">&gt;&gt;</a>&nbsp;&nbsp;&nbsp;OSQFlush
<LI><a href="#[d70e18]">&gt;&gt;</a>&nbsp;&nbsp;&nbsp;OSQDel
<LI><a href="#[d70e54]">&gt;&gt;</a>&nbsp;&nbsp;&nbsp;OSQCreate
<LI><a href="#[d70e90]">&gt;&gt;</a>&nbsp;&nbsp;&nbsp;OSQAccept
<LI><a href="#[d71214]">&gt;&gt;</a>&nbsp;&nbsp;&nbsp;OSMutexQuery
<LI><a href="#[d71250]">&gt;&gt;</a>&nbsp;&nbsp;&nbsp;OSMutexPost
<LI><a href="#[d7128c]">&gt;&gt;</a>&nbsp;&nbsp;&nbsp;OSMutexDel
<LI><a href="#[d712c8]">&gt;&gt;</a>&nbsp;&nbsp;&nbsp;OSMutexAccept
<LI><a href="#[d71688]">&gt;&gt;</a>&nbsp;&nbsp;&nbsp;OSMemQuery
<LI><a href="#[d716c4]">&gt;&gt;</a>&nbsp;&nbsp;&nbsp;OSMemPut
<LI><a href="#[d71700]">&gt;&gt;</a>&nbsp;&nbsp;&nbsp;OSMemNameSet
<LI><a href="#[d7173c]">&gt;&gt;</a>&nbsp;&nbsp;&nbsp;OSMemNameGet
<LI><a href="#[d71778]">&gt;&gt;</a>&nbsp;&nbsp;&nbsp;OSMemGet
<LI><a href="#[d717b4]">&gt;&gt;</a>&nbsp;&nbsp;&nbsp;OSMemCreate
<LI><a href="#[d71b38]">&gt;&gt;</a>&nbsp;&nbsp;&nbsp;OSMboxQuery
<LI><a href="#[d71b74]">&gt;&gt;</a>&nbsp;&nbsp;&nbsp;OSMboxPostOpt
<LI><a href="#[d71bb0]">&gt;&gt;</a>&nbsp;&nbsp;&nbsp;OSMboxPendAbort
<LI><a href="#[d71bec]">&gt;&gt;</a>&nbsp;&nbsp;&nbsp;OSMboxPend
<LI><a href="#[d71c28]">&gt;&gt;</a>&nbsp;&nbsp;&nbsp;OSMboxDel
<LI><a href="#[d71c64]">&gt;&gt;</a>&nbsp;&nbsp;&nbsp;OSMboxCreate
<LI><a href="#[d71ca0]">&gt;&gt;</a>&nbsp;&nbsp;&nbsp;OSMboxAccept
<LI><a href="#[d72024]">&gt;&gt;</a>&nbsp;&nbsp;&nbsp;OSFlagQuery
<LI><a href="#[d72060]">&gt;&gt;</a>&nbsp;&nbsp;&nbsp;OSFlagPost
<LI><a href="#[d7209c]">&gt;&gt;</a>&nbsp;&nbsp;&nbsp;OSFlagPendGetFlagsRdy
<LI><a href="#[d720d8]">&gt;&gt;</a>&nbsp;&nbsp;&nbsp;OSFlagPend
<LI><a href="#[d72114]">&gt;&gt;</a>&nbsp;&nbsp;&nbsp;OSFlagNameSet
<LI><a href="#[d72150]">&gt;&gt;</a>&nbsp;&nbsp;&nbsp;OSFlagNameGet
<LI><a href="#[d7218c]">&gt;&gt;</a>&nbsp;&nbsp;&nbsp;OSFlagDel
<LI><a href="#[d72204]">&gt;&gt;</a>&nbsp;&nbsp;&nbsp;OSFlagCreate
<LI><a href="#[d72240]">&gt;&gt;</a>&nbsp;&nbsp;&nbsp;OSFlagAccept
<LI><a href="#[d726f0]">&gt;&gt;</a>&nbsp;&nbsp;&nbsp;OSTaskStkChk
<LI><a href="#[d7272c]">&gt;&gt;</a>&nbsp;&nbsp;&nbsp;OSTaskNameSet
<LI><a href="#[d72768]">&gt;&gt;</a>&nbsp;&nbsp;&nbsp;OS_TCBInit
<LI><a href="#[d72948]">&gt;&gt;</a>&nbsp;&nbsp;&nbsp;OSStatInit
<LI><a href="#[d72984]">&gt;&gt;</a>&nbsp;&nbsp;&nbsp;OSSchedUnlock
<LI><a href="#[d729c0]">&gt;&gt;</a>&nbsp;&nbsp;&nbsp;OS_Sched
<LI><a href="#[d729fc]">&gt;&gt;</a>&nbsp;&nbsp;&nbsp;OSSchedLock
<LI><a href="#[d72ab0]">&gt;&gt;</a>&nbsp;&nbsp;&nbsp;OS_TaskIdle
<LI><a href="#[d72aec]">&gt;&gt;</a>&nbsp;&nbsp;&nbsp;OS_TaskStat
<LI><a href="#[d72b64]">&gt;&gt;</a>&nbsp;&nbsp;&nbsp;OSEventNameSet
<LI><a href="#[d72bdc]">&gt;&gt;</a>&nbsp;&nbsp;&nbsp;OSEventNameGet
</UL>

<P><STRONG><a name="[d0e9bc]"></a>OSStartHighRdy</STRONG> (ARM, 0 bytes, Stack size unknown bytes, os_cpu_a.o(CODE))
<BR><BR>[Called By]<UL><LI><a href="#[d17da0]">&gt;&gt;</a>&nbsp;&nbsp;&nbsp;OSStart
</UL>

<P><STRONG><a name="[d0e980]"></a>OSCtxSw</STRONG> (ARM, 0 bytes, Stack size unknown bytes, os_cpu_a.o(CODE))
<BR><BR>[Called By]<UL><LI><a href="#[d729c0]">&gt;&gt;</a>&nbsp;&nbsp;&nbsp;OS_Sched
</UL>

<P><STRONG><a name="[d0e944]"></a>OSIntCtxSw</STRONG> (ARM, 0 bytes, Stack size unknown bytes, os_cpu_a.o(CODE))
<BR><BR>[Called By]<UL><LI><a href="#[d0e890]">&gt;&gt;</a>&nbsp;&nbsp;&nbsp;OSIntExit
</UL>

<P><STRONG><a name="[d0e908]"></a>OS_CPU_ARM_ExceptResetHndlr</STRONG> (ARM, 0 bytes, Stack size unknown bytes, os_cpu_a.o(CODE), UNUSED)

<P><STRONG><a name="[d177c4]"></a>OS_CPU_ARM_ExceptUndefInstrHndlr</STRONG> (ARM, 0 bytes, Stack size unknown bytes, os_cpu_a.o(CODE))
<BR>[Address Reference Count : 2]<UL><LI> os_cpu_c.o(.text)
<LI> vectors.o(VECT)
</UL>
<P><STRONG><a name="[d17800]"></a>OS_CPU_ARM_ExceptSwiHndlr</STRONG> (ARM, 0 bytes, Stack size unknown bytes, os_cpu_a.o(CODE))
<BR>[Address Reference Count : 2]<UL><LI> os_cpu_c.o(.text)
<LI> vectors.o(VECT)
</UL>
<P><STRONG><a name="[d1783c]"></a>OS_CPU_ARM_ExceptPrefetchAbortHndlr</STRONG> (ARM, 0 bytes, Stack size unknown bytes, os_cpu_a.o(CODE))
<BR>[Address Reference Count : 2]<UL><LI> os_cpu_c.o(.text)
<LI> vectors.o(VECT)
</UL>
<P><STRONG><a name="[d178f0]"></a>OS_CPU_ARM_ExceptDataAbortHndlr</STRONG> (ARM, 0 bytes, Stack size unknown bytes, os_cpu_a.o(CODE))
<BR>[Address Reference Count : 2]<UL><LI> os_cpu_c.o(.text)
<LI> vectors.o(VECT)
</UL>
<P><STRONG><a name="[d0e8cc]"></a>OS_CPU_ARM_ExceptAddrAbortHndlr</STRONG> (ARM, 0 bytes, Stack size unknown bytes, os_cpu_a.o(CODE))
<BR>[Address Reference Count : 1]<UL><LI> os_cpu_c.o(.text)
</UL>
<P><STRONG><a name="[d17878]"></a>OS_CPU_ARM_ExceptIrqHndlr</STRONG> (ARM, 0 bytes, Stack size unknown bytes, os_cpu_a.o(CODE))
<BR>[Address Reference Count : 2]<UL><LI> os_cpu_c.o(.text)
<LI> vectors.o(VECT)
</UL>
<P><STRONG><a name="[d178b4]"></a>OS_CPU_ARM_ExceptFiqHndlr</STRONG> (ARM, 0 bytes, Stack size unknown bytes, os_cpu_a.o(CODE))
<BR>[Address Reference Count : 2]<UL><LI> os_cpu_c.o(.text)
<LI> vectors.o(VECT)
</UL>
<P><STRONG><a name="[d17788]"></a>ResetHndlr</STRONG> (ARM, 0 bytes, Stack size unknown bytes, init.o(INIT))

<P><STRONG><a name="[d16cc0]"></a>CPU_SR_Save</STRONG> (ARM, 0 bytes, Stack size unknown bytes, cpu_a.o(_CPU_A_CODE_))
<BR><BR>[Called By]<UL><LI><a href="#[d1729c]">&gt;&gt;</a>&nbsp;&nbsp;&nbsp;PLL_Init
</UL>

<P><STRONG><a name="[d16cfc]"></a>CPU_SR_Restore</STRONG> (ARM, 0 bytes, Stack size unknown bytes, cpu_a.o(_CPU_A_CODE_))
<BR><BR>[Called By]<UL><LI><a href="#[d1729c]">&gt;&gt;</a>&nbsp;&nbsp;&nbsp;PLL_Init
</UL>

<P><STRONG><a name="[d670d4]"></a>__ARM_common_call_via_r1</STRONG> (Thumb, 2 bytes, Stack size 0 bytes, __printf.o(i.__ARM_common_call_via_r1))
<BR><BR>[Called By]<UL><LI><a href="#[16a02e4]">&gt;&gt;</a>&nbsp;&nbsp;&nbsp;__printf
</UL>

<P><STRONG><a name="[d66648]"></a>__ARM_common_call_via_r2</STRONG> (Thumb, 2 bytes, Stack size 0 bytes, _printf_wctomb.o(i.__ARM_common_call_via_r2))
<BR><BR>[Called By]<UL><LI><a href="#[d66684]">&gt;&gt;</a>&nbsp;&nbsp;&nbsp;_printf_wctomb
<LI><a href="#[d66d50]">&gt;&gt;</a>&nbsp;&nbsp;&nbsp;_printf_str
<LI><a href="#[d66f6c]">&gt;&gt;</a>&nbsp;&nbsp;&nbsp;_printf_post_padding
<LI><a href="#[d66fa8]">&gt;&gt;</a>&nbsp;&nbsp;&nbsp;_printf_pre_padding
<LI><a href="#[169d044]">&gt;&gt;</a>&nbsp;&nbsp;&nbsp;_printf_fp_infnan
<LI><a href="#[169e1d8]">&gt;&gt;</a>&nbsp;&nbsp;&nbsp;_printf_fp_dec_real
<LI><a href="#[169e340]">&gt;&gt;</a>&nbsp;&nbsp;&nbsp;_printf_int_common
<LI><a href="#[16a02e4]">&gt;&gt;</a>&nbsp;&nbsp;&nbsp;__printf
</UL>

<P><STRONG><a name="[169d788]"></a>__ARM_common_call_via_r3</STRONG> (Thumb, 2 bytes, Stack size 0 bytes, _wcrtomb.o(i.__ARM_common_call_via_r3))
<BR><BR>[Called By]<UL><LI><a href="#[169d7c4]">&gt;&gt;</a>&nbsp;&nbsp;&nbsp;_wcrtomb
</UL>

<P><STRONG><a name="[169b4d8]"></a>__ARM_fpclassify</STRONG> (ARM, 44 bytes, Stack size 0 bytes, fpclassify.o(i.__ARM_fpclassify))
<BR><BR>[Called By]<UL><LI><a href="#[169e1d8]">&gt;&gt;</a>&nbsp;&nbsp;&nbsp;_printf_fp_dec_real (via Veneer)
</UL>

<P><STRONG><a name="[169c414]"></a>_get_lc_numeric</STRONG> (ARM, 80 bytes, Stack size 8 bytes, lc_numeric_c.o(locale$$code))
<BR><BR>[Stack]<UL><LI>Max Depth = 12<LI>Call Chain = _get_lc_numeric &rArr; strcmp
</UL>
<BR>[Calls]<UL><LI><a href="#[169a8e4]">&gt;&gt;</a>&nbsp;&nbsp;&nbsp;strcmp
</UL>
<BR>[Called By]<UL><LI><a href="#[1699b4c]">&gt;&gt;</a>&nbsp;&nbsp;&nbsp;__rt_lib_init_lc_numeric_2 (via Veneer)
</UL>

<P><STRONG><a name="[169ac68]"></a>_get_lc_ctype</STRONG> (ARM, 80 bytes, Stack size 8 bytes, lc_ctype_c.o(locale$$code))
<BR><BR>[Stack]<UL><LI>Max Depth = 12<LI>Call Chain = _get_lc_ctype &rArr; strcmp
</UL>
<BR>[Calls]<UL><LI><a href="#[169a8e4]">&gt;&gt;</a>&nbsp;&nbsp;&nbsp;strcmp
</UL>
<BR>[Called By]<UL><LI><a href="#[1699c3c]">&gt;&gt;</a>&nbsp;&nbsp;&nbsp;__rt_lib_init_lc_ctype_2 (via Veneer)
</UL>
<BR>[Address Reference Count : 1]<UL><LI> rt_ctype_table.o(.text)
</UL>
<P><STRONG><a name="[1698d00]"></a>__fplib_config_pureend_doubles</STRONG> (ARM, 0 bytes, Stack size 0 bytes, fpinit.o(x$fpl$fpinit), UNUSED)

<P><STRONG><a name="[1698cc4]"></a>_fp_init</STRONG> (ARM, 4 bytes, Stack size 0 bytes, fpinit.o(x$fpl$fpinit))
<BR><BR>[Called By]<UL><LI><a href="#[169bc1c]">&gt;&gt;</a>&nbsp;&nbsp;&nbsp;__rt_lib_init (via Veneer)
</UL>

<P><STRONG><a name="[169b67c]"></a>__ieee_status</STRONG> (ARM, 8 bytes, Stack size 0 bytes, istatus.o(x$fpl$ieeestatus))
<BR><BR>[Called By]<UL><LI><a href="#[169e250]">&gt;&gt;</a>&nbsp;&nbsp;&nbsp;_fp_digits (via Veneer)
</UL>

<P><STRONG><a name="[169ee08]"></a>_printf_fp_dec</STRONG> (ARM, 4 bytes, Stack size 0 bytes, printf1.o(x$fpl$printf1))
<BR><BR>[Stack]<UL><LI>Max Depth = 320<LI>Call Chain = _printf_fp_dec &rArr; _printf_fp_dec_real &rArr; _fp_digits &rArr; _btod_etento &rArr; _btod_emul &rArr; _e2e
</UL>
<BR>[Calls]<UL><LI><a href="#[169e1d8]">&gt;&gt;</a>&nbsp;&nbsp;&nbsp;_printf_fp_dec_real (via Veneer)
</UL>
<BR>[Called By]<UL><LI><a href="#[169f948]">&gt;&gt;</a>&nbsp;&nbsp;&nbsp;_printf_g
<LI><a href="#[169f9fc]">&gt;&gt;</a>&nbsp;&nbsp;&nbsp;_printf_e
<LI><a href="#[169fab0]">&gt;&gt;</a>&nbsp;&nbsp;&nbsp;_printf_f
</UL>

<P><STRONG><a name="[169b5c8]"></a>__I$use$fp</STRONG> (ARM, 0 bytes, Stack size unknown bytes, usenofp.o(x$fpl$usenofp), UNUSED)
<P>
<H3>
Local Symbols
</H3>
<P><STRONG><a name="[d172d8]"></a>MAM_Init</STRONG> (ARM, 112 bytes, Stack size 8 bytes, target.o(.text))
<BR><BR>[Stack]<UL><LI>Max Depth = 40 + Unknown Stack Size
<LI>Call Chain = MAM_Init &rArr; BSP_CPU_ClkFreq
</UL>
<BR>[Calls]<UL><LI><a href="#[d16dec]">&gt;&gt;</a>&nbsp;&nbsp;&nbsp;BSP_CPU_ClkFreq
</UL>
<BR>[Called By]<UL><LI><a href="#[d17bfc]">&gt;&gt;</a>&nbsp;&nbsp;&nbsp;TargetResetInit
</UL>

<P><STRONG><a name="[d1729c]"></a>PLL_Init</STRONG> (ARM, 436 bytes, Stack size 24 bytes, target.o(.text))
<BR><BR>[Stack]<UL><LI>Max Depth = 24 + Unknown Stack Size
<LI>Call Chain = PLL_Init
</UL>
<BR>[Calls]<UL><LI><a href="#[d16cc0]">&gt;&gt;</a>&nbsp;&nbsp;&nbsp;CPU_SR_Save
<LI><a href="#[d16cfc]">&gt;&gt;</a>&nbsp;&nbsp;&nbsp;CPU_SR_Restore
</UL>
<BR>[Called By]<UL><LI><a href="#[d17bfc]">&gt;&gt;</a>&nbsp;&nbsp;&nbsp;TargetResetInit
</UL>

<P><STRONG><a name="[d735f0]"></a>OS_InitTaskStat</STRONG> (ARM, 84 bytes, Stack size 32 bytes, os_core.o(.text))
<BR><BR>[Stack]<UL><LI>Max Depth = 136 + Unknown Stack Size
<LI>Call Chain = OS_InitTaskStat &rArr; OSTaskCreateExt &rArr; OS_TCBInit
</UL>
<BR>[Calls]<UL><LI><a href="#[d17d64]">&gt;&gt;</a>&nbsp;&nbsp;&nbsp;OSTaskCreateExt
<LI><a href="#[d7272c]">&gt;&gt;</a>&nbsp;&nbsp;&nbsp;OSTaskNameSet
</UL>
<BR>[Called By]<UL><LI><a href="#[d17ddc]">&gt;&gt;</a>&nbsp;&nbsp;&nbsp;OSInit
</UL>

<P><STRONG><a name="[d735b4]"></a>OS_InitTaskIdle</STRONG> (ARM, 84 bytes, Stack size 32 bytes, os_core.o(.text))
<BR><BR>[Stack]<UL><LI>Max Depth = 136 + Unknown Stack Size
<LI>Call Chain = OS_InitTaskIdle &rArr; OSTaskCreateExt &rArr; OS_TCBInit
</UL>
<BR>[Calls]<UL><LI><a href="#[d17d64]">&gt;&gt;</a>&nbsp;&nbsp;&nbsp;OSTaskCreateExt
<LI><a href="#[d7272c]">&gt;&gt;</a>&nbsp;&nbsp;&nbsp;OSTaskNameSet
</UL>
<BR>[Called By]<UL><LI><a href="#[d17ddc]">&gt;&gt;</a>&nbsp;&nbsp;&nbsp;OSInit
</UL>

<P><STRONG><a name="[d73578]"></a>OS_InitEventList</STRONG> (ARM, 132 bytes, Stack size 12 bytes, os_core.o(.text))
<BR><BR>[Stack]<UL><LI>Max Depth = 12<LI>Call Chain = OS_InitEventList
</UL>
<BR>[Calls]<UL><LI><a href="#[d72a74]">&gt;&gt;</a>&nbsp;&nbsp;&nbsp;OS_MemClr
</UL>
<BR>[Called By]<UL><LI><a href="#[d17ddc]">&gt;&gt;</a>&nbsp;&nbsp;&nbsp;OSInit
</UL>

<P><STRONG><a name="[d7353c]"></a>OS_InitTCBList</STRONG> (ARM, 236 bytes, Stack size 12 bytes, os_core.o(.text))
<BR><BR>[Stack]<UL><LI>Max Depth = 12<LI>Call Chain = OS_InitTCBList
</UL>
<BR>[Calls]<UL><LI><a href="#[d72a74]">&gt;&gt;</a>&nbsp;&nbsp;&nbsp;OS_MemClr
</UL>
<BR>[Called By]<UL><LI><a href="#[d17ddc]">&gt;&gt;</a>&nbsp;&nbsp;&nbsp;OSInit
</UL>

<P><STRONG><a name="[d73500]"></a>OS_InitRdyList</STRONG> (ARM, 88 bytes, Stack size 0 bytes, os_core.o(.text))
<BR><BR>[Called By]<UL><LI><a href="#[d17ddc]">&gt;&gt;</a>&nbsp;&nbsp;&nbsp;OSInit
</UL>

<P><STRONG><a name="[d734c4]"></a>OS_InitMisc</STRONG> (ARM, 88 bytes, Stack size 0 bytes, os_core.o(.text))
<BR><BR>[Called By]<UL><LI><a href="#[d17ddc]">&gt;&gt;</a>&nbsp;&nbsp;&nbsp;OSInit
</UL>

<P><STRONG><a name="[d73488]"></a>OS_SchedNew</STRONG> (ARM, 48 bytes, Stack size 0 bytes, os_core.o(.text))
<BR><BR>[Called By]<UL><LI><a href="#[d0e890]">&gt;&gt;</a>&nbsp;&nbsp;&nbsp;OSIntExit
<LI><a href="#[d17da0]">&gt;&gt;</a>&nbsp;&nbsp;&nbsp;OSStart
<LI><a href="#[d729c0]">&gt;&gt;</a>&nbsp;&nbsp;&nbsp;OS_Sched
</UL>

<P><STRONG><a name="[d723a8]"></a>OS_FlagTaskRdy</STRONG> (ARM, 148 bytes, Stack size 20 bytes, os_flag.o(.text), UNUSED)
<BR><BR>[Calls]<UL><LI><a href="#[d721c8]">&gt;&gt;</a>&nbsp;&nbsp;&nbsp;OS_FlagUnlink
</UL>
<BR>[Called By]<UL><LI><a href="#[d72060]">&gt;&gt;</a>&nbsp;&nbsp;&nbsp;OSFlagPost
<LI><a href="#[d7218c]">&gt;&gt;</a>&nbsp;&nbsp;&nbsp;OSFlagDel
</UL>

<P><STRONG><a name="[d7236c]"></a>OS_FlagBlock</STRONG> (ARM, 236 bytes, Stack size 16 bytes, os_flag.o(.text), UNUSED)
<BR><BR>[Called By]<UL><LI><a href="#[d720d8]">&gt;&gt;</a>&nbsp;&nbsp;&nbsp;OSFlagPend
</UL>

<P><STRONG><a name="[d713f4]"></a>OSMutex_RdyAtPrio</STRONG> (ARM, 196 bytes, Stack size 4 bytes, os_mutex.o(.text))
<BR><BR>[Stack]<UL><LI>Max Depth = 4<LI>Call Chain = OSMutex_RdyAtPrio
</UL>
<BR>[Called By]<UL><LI><a href="#[d71250]">&gt;&gt;</a>&nbsp;&nbsp;&nbsp;OSMutexPost
<LI><a href="#[d7128c]">&gt;&gt;</a>&nbsp;&nbsp;&nbsp;OSMutexDel
</UL>

<P><STRONG><a name="[d681b4]"></a>__arm_div8</STRONG> (ARM, 0 bytes, Stack size unknown bytes, aeabi_sdiv.o(.text))
<BR><BR>[Called By]<UL><LI><a href="#[d6804c]">&gt;&gt;</a>&nbsp;&nbsp;&nbsp;__aeabi_uidivmod
</UL>

<P><STRONG><a name="[d68178]"></a>__arm_div4</STRONG> (ARM, 0 bytes, Stack size unknown bytes, aeabi_sdiv.o(.text))
<BR><BR>[Called By]<UL><LI><a href="#[d6804c]">&gt;&gt;</a>&nbsp;&nbsp;&nbsp;__aeabi_uidivmod
</UL>

<P><STRONG><a name="[d6813c]"></a>__arm_div_large</STRONG> (ARM, 0 bytes, Stack size unknown bytes, aeabi_sdiv.o(.text))
<BR><BR>[Called By]<UL><LI><a href="#[d6804c]">&gt;&gt;</a>&nbsp;&nbsp;&nbsp;__aeabi_uidivmod
</UL>

<P><STRONG><a name="[d669cc]"></a>_printf_input_char</STRONG> (Thumb, 10 bytes, Stack size 0 bytes, _printf_char_common.o(.text))
<BR>[Address Reference Count : 1]<UL><LI> _printf_char_common.o(.text)
</UL>
<P><STRONG><a name="[169e250]"></a>_fp_digits</STRONG> (Thumb, 482 bytes, Stack size 96 bytes, _printf_fp_dec.o(.text))
<BR><BR>[Stack]<UL><LI>Max Depth = 216<LI>Call Chain = _fp_digits &rArr; _btod_etento &rArr; _btod_emul &rArr; _e2e
</UL>
<BR>[Calls]<UL><LI><a href="#[169b67c]">&gt;&gt;</a>&nbsp;&nbsp;&nbsp;__ieee_status (via Veneer)
<LI><a href="#[169c720]">&gt;&gt;</a>&nbsp;&nbsp;&nbsp;_btod_emul (via Veneer)
<LI><a href="#[169c798]">&gt;&gt;</a>&nbsp;&nbsp;&nbsp;_btod_ediv (via Veneer)
<LI><a href="#[169c900]">&gt;&gt;</a>&nbsp;&nbsp;&nbsp;_btod_d2e (via Veneer)
<LI><a href="#[169cea0]">&gt;&gt;</a>&nbsp;&nbsp;&nbsp;_btod_etento
<LI><a href="#[169e430]">&gt;&gt;</a>&nbsp;&nbsp;&nbsp;_ll_udiv10 (via Veneer)
</UL>
<BR>[Called By]<UL><LI><a href="#[169e1d8]">&gt;&gt;</a>&nbsp;&nbsp;&nbsp;_printf_fp_dec_real
</UL>
<P>
<H3>
Undefined Global Symbols
</H3>
<P><STRONG><a name="[169c234]"></a>_call_atexit_fns</STRONG> (ARM, 0 bytes, Stack size 0 bytes, UNDEFINED)
<BR><BR>[Called By]<UL><LI><a href="#[169c2ac]">&gt;&gt;</a>&nbsp;&nbsp;&nbsp;exit
</UL>

<P><STRONG><a name="[169f858]"></a>_printf_fp_hex</STRONG> (Unknown, 0 bytes, Stack size 0 bytes, UNDEFINED)
<BR><BR>[Called By]<UL><LI><a href="#[169f894]">&gt;&gt;</a>&nbsp;&nbsp;&nbsp;_printf_a
</UL>

<P><STRONG><a name="[169db84]"></a>_printf_mbtowc</STRONG> (ARM, 0 bytes, Stack size 0 bytes, UNDEFINED)
<BR><BR>[Called By]<UL><LI><a href="#[169dc38]">&gt;&gt;</a>&nbsp;&nbsp;&nbsp;_printf_cs_common
</UL>

<P><STRONG><a name="[169d9e0]"></a>_printf_wc</STRONG> (ARM, 0 bytes, Stack size 0 bytes, UNDEFINED)
<BR><BR>[Called By]<UL><LI><a href="#[169da94]">&gt;&gt;</a>&nbsp;&nbsp;&nbsp;_printf_lcs_common
</UL>
<HR></body></html>
