###############################################################################
#                                                                             #
# IAR ELF Linker V6.30.1.53127/W32 for ARM              28/Feb/2013  14:47:51 #
# Copyright 2007-2011 IAR Systems AB.                                         #
#                                                                             #
#    Output file  =  E:\ABLE\YTJ\程序\一体机V3.05（标准)\bp\EvalBoards\NXP\MC #
#                    B2300\IAR\LSZHV20\Debug\Exe\LSZH_V20_FLASH.out.tmp       #
#    Map file     =  E:\ABLE\YTJ\程序\一体机V3.05（标准)\bp\EvalBoards\NXP\MC #
#                    B2300\IAR\LSZHV20\Debug\List\LSZH_V20_FLASH.map          #
#    Command line =  "E:\ABLE\YTJ\程序\一体机V3.05（标准)\bp\EvalBoards\NXP\M #
#                    CB2300\IAR\LSZHV20\Debug\Obj\ARP.o"                      #
#                    "E:\ABLE\YTJ\程序\一体机V3.05（标准)\bp\EvalBoards\NXP\M #
#                    CB2300\IAR\LSZHV20\Debug\Obj\CD22M3494.o"                #
#                    "E:\ABLE\YTJ\程序\一体机V3.05（标准)\bp\EvalBoards\NXP\M #
#                    CB2300\IAR\LSZHV20\Debug\Obj\Ethernet.o"                 #
#                    "E:\ABLE\YTJ\程序\一体机V3.05（标准)\bp\EvalBoards\NXP\M #
#                    CB2300\IAR\LSZHV20\Debug\Obj\Hardware_int.o"             #
#                    "E:\ABLE\YTJ\程序\一体机V3.05（标准)\bp\EvalBoards\NXP\M #
#                    CB2300\IAR\LSZHV20\Debug\Obj\I2C0INT.o"                  #
#                    "E:\ABLE\YTJ\程序\一体机V3.05（标准)\bp\EvalBoards\NXP\M #
#                    CB2300\IAR\LSZHV20\Debug\Obj\I2C1INT.o"                  #
#                    "E:\ABLE\YTJ\程序\一体机V3.05（标准)\bp\EvalBoards\NXP\M #
#                    CB2300\IAR\LSZHV20\Debug\Obj\ICMP.o"                     #
#                    "E:\ABLE\YTJ\程序\一体机V3.05（标准)\bp\EvalBoards\NXP\M #
#                    CB2300\IAR\LSZHV20\Debug\Obj\IP.o"                       #
#                    "E:\ABLE\YTJ\程序\一体机V3.05（标准)\bp\EvalBoards\NXP\M #
#                    CB2300\IAR\LSZHV20\Debug\Obj\LP2368_FLASH.o"             #
#                    "E:\ABLE\YTJ\程序\一体机V3.05（标准)\bp\EvalBoards\NXP\M #
#                    CB2300\IAR\LSZHV20\Debug\Obj\PT2258.o"                   #
#                    "E:\ABLE\YTJ\程序\一体机V3.05（标准)\bp\EvalBoards\NXP\M #
#                    CB2300\IAR\LSZHV20\Debug\Obj\PelcoD.o"                   #
#                    "E:\ABLE\YTJ\程序\一体机V3.05（标准)\bp\EvalBoards\NXP\M #
#                    CB2300\IAR\LSZHV20\Debug\Obj\RealTime.o"                 #
#                    "E:\ABLE\YTJ\程序\一体机V3.05（标准)\bp\EvalBoards\NXP\M #
#                    CB2300\IAR\LSZHV20\Debug\Obj\SC16IS752.o"                #
#                    "E:\ABLE\YTJ\程序\一体机V3.05（标准)\bp\EvalBoards\NXP\M #
#                    CB2300\IAR\LSZHV20\Debug\Obj\TMS320AIC23.o"              #
#                    "E:\ABLE\YTJ\程序\一体机V3.05（标准)\bp\EvalBoards\NXP\M #
#                    CB2300\IAR\LSZHV20\Debug\Obj\Udp.o"                      #
#                    "E:\ABLE\YTJ\程序\一体机V3.05（标准)\bp\EvalBoards\NXP\M #
#                    CB2300\IAR\LSZHV20\Debug\Obj\Use_Sound.o"                #
#                    "E:\ABLE\YTJ\程序\一体机V3.05（标准)\bp\EvalBoards\NXP\M #
#                    CB2300\IAR\LSZHV20\Debug\Obj\Use_key.o"                  #
#                    "E:\ABLE\YTJ\程序\一体机V3.05（标准)\bp\EvalBoards\NXP\M #
#                    CB2300\IAR\LSZHV20\Debug\Obj\User_DW.o"                  #
#                    "E:\ABLE\YTJ\程序\一体机V3.05（标准)\bp\EvalBoards\NXP\M #
#                    CB2300\IAR\LSZHV20\Debug\Obj\User_Run.o"                 #
#                    "E:\ABLE\YTJ\程序\一体机V3.05（标准)\bp\EvalBoards\NXP\M #
#                    CB2300\IAR\LSZHV20\Debug\Obj\User_TB.o"                  #
#                    "E:\ABLE\YTJ\程序\一体机V3.05（标准)\bp\EvalBoards\NXP\M #
#                    CB2300\IAR\LSZHV20\Debug\Obj\User_XCOM.o"                #
#                    "E:\ABLE\YTJ\程序\一体机V3.05（标准)\bp\EvalBoards\NXP\M #
#                    CB2300\IAR\LSZHV20\Debug\Obj\User_on_msg.o"              #
#                    "E:\ABLE\YTJ\程序\一体机V3.05（标准)\bp\EvalBoards\NXP\M #
#                    CB2300\IAR\LSZHV20\Debug\Obj\User_option.o"              #
#                    "E:\ABLE\YTJ\程序\一体机V3.05（标准)\bp\EvalBoards\NXP\M #
#                    CB2300\IAR\LSZHV20\Debug\Obj\User_power.o"               #
#                    "E:\ABLE\YTJ\程序\一体机V3.05（标准)\bp\EvalBoards\NXP\M #
#                    CB2300\IAR\LSZHV20\Debug\Obj\User_table.o"               #
#                    "E:\ABLE\YTJ\程序\一体机V3.05（标准)\bp\EvalBoards\NXP\M #
#                    CB2300\IAR\LSZHV20\Debug\Obj\User_udp.o"                 #
#                    "E:\ABLE\YTJ\程序\一体机V3.05（标准)\bp\EvalBoards\NXP\M #
#                    CB2300\IAR\LSZHV20\Debug\Obj\cpu_a.o"                    #
#                    "E:\ABLE\YTJ\程序\一体机V3.05（标准)\bp\EvalBoards\NXP\M #
#                    CB2300\IAR\LSZHV20\Debug\Obj\cstartup.o"                 #
#                    "E:\ABLE\YTJ\程序\一体机V3.05（标准)\bp\EvalBoards\NXP\M #
#                    CB2300\IAR\LSZHV20\Debug\Obj\dma.o"                      #
#                    "E:\ABLE\YTJ\程序\一体机V3.05（标准)\bp\EvalBoards\NXP\M #
#                    CB2300\IAR\LSZHV20\Debug\Obj\hw.o"                       #
#                    "E:\ABLE\YTJ\程序\一体机V3.05（标准)\bp\EvalBoards\NXP\M #
#                    CB2300\IAR\LSZHV20\Debug\Obj\i2s.o"                      #
#                    "E:\ABLE\YTJ\程序\一体机V3.05（标准)\bp\EvalBoards\NXP\M #
#                    CB2300\IAR\LSZHV20\Debug\Obj\io.o"                       #
#                    "E:\ABLE\YTJ\程序\一体机V3.05（标准)\bp\EvalBoards\NXP\M #
#                    CB2300\IAR\LSZHV20\Debug\Obj\lib_mem.o"                  #
#                    "E:\ABLE\YTJ\程序\一体机V3.05（标准)\bp\EvalBoards\NXP\M #
#                    CB2300\IAR\LSZHV20\Debug\Obj\lib_str.o"                  #
#                    "E:\ABLE\YTJ\程序\一体机V3.05（标准)\bp\EvalBoards\NXP\M #
#                    CB2300\IAR\LSZHV20\Debug\Obj\main.o"                     #
#                    "E:\ABLE\YTJ\程序\一体机V3.05（标准)\bp\EvalBoards\NXP\M #
#                    CB2300\IAR\LSZHV20\Debug\Obj\os_api.o"                   #
#                    "E:\ABLE\YTJ\程序\一体机V3.05（标准)\bp\EvalBoards\NXP\M #
#                    CB2300\IAR\LSZHV20\Debug\Obj\os_core.o"                  #
#                    "E:\ABLE\YTJ\程序\一体机V3.05（标准)\bp\EvalBoards\NXP\M #
#                    CB2300\IAR\LSZHV20\Debug\Obj\os_cpu_a.o"                 #
#                    "E:\ABLE\YTJ\程序\一体机V3.05（标准)\bp\EvalBoards\NXP\M #
#                    CB2300\IAR\LSZHV20\Debug\Obj\os_cpu_c.o"                 #
#                    "E:\ABLE\YTJ\程序\一体机V3.05（标准)\bp\EvalBoards\NXP\M #
#                    CB2300\IAR\LSZHV20\Debug\Obj\os_dbg.o"                   #
#                    "E:\ABLE\YTJ\程序\一体机V3.05（标准)\bp\EvalBoards\NXP\M #
#                    CB2300\IAR\LSZHV20\Debug\Obj\os_dcc.o"                   #
#                    "E:\ABLE\YTJ\程序\一体机V3.05（标准)\bp\EvalBoards\NXP\M #
#                    CB2300\IAR\LSZHV20\Debug\Obj\os_flag.o"                  #
#                    "E:\ABLE\YTJ\程序\一体机V3.05（标准)\bp\EvalBoards\NXP\M #
#                    CB2300\IAR\LSZHV20\Debug\Obj\os_mbox.o"                  #
#                    "E:\ABLE\YTJ\程序\一体机V3.05（标准)\bp\EvalBoards\NXP\M #
#                    CB2300\IAR\LSZHV20\Debug\Obj\os_mem.o"                   #
#                    "E:\ABLE\YTJ\程序\一体机V3.05（标准)\bp\EvalBoards\NXP\M #
#                    CB2300\IAR\LSZHV20\Debug\Obj\os_mutex.o"                 #
#                    "E:\ABLE\YTJ\程序\一体机V3.05（标准)\bp\EvalBoards\NXP\M #
#                    CB2300\IAR\LSZHV20\Debug\Obj\os_q.o"                     #
#                    "E:\ABLE\YTJ\程序\一体机V3.05（标准)\bp\EvalBoards\NXP\M #
#                    CB2300\IAR\LSZHV20\Debug\Obj\os_sem.o"                   #
#                    "E:\ABLE\YTJ\程序\一体机V3.05（标准)\bp\EvalBoards\NXP\M #
#                    CB2300\IAR\LSZHV20\Debug\Obj\os_task.o"                  #
#                    "E:\ABLE\YTJ\程序\一体机V3.05（标准)\bp\EvalBoards\NXP\M #
#                    CB2300\IAR\LSZHV20\Debug\Obj\os_time.o"                  #
#                    "E:\ABLE\YTJ\程序\一体机V3.05（标准)\bp\EvalBoards\NXP\M #
#                    CB2300\IAR\LSZHV20\Debug\Obj\os_tmr.o"                   #
#                    "E:\ABLE\YTJ\程序\一体机V3.05（标准)\bp\EvalBoards\NXP\M #
#                    CB2300\IAR\LSZHV20\Debug\Obj\target.o"                   #
#                    "E:\ABLE\YTJ\程序\一体机V3.05（标准)\bp\EvalBoards\NXP\M #
#                    CB2300\IAR\LSZHV20\Debug\Obj\uart.o"                     #
#                    "E:\ABLE\YTJ\程序\一体机V3.05（标准)\bp\EvalBoards\NXP\M #
#                    CB2300\IAR\LSZHV20\Debug\Obj\user_debug.o"               #
#                    "E:\ABLE\YTJ\程序\一体机V3.05（标准)\bp\EvalBoards\NXP\M #
#                    CB2300\IAR\LSZHV20\Debug\Obj\user_mem.o" --redirect      #
#                    _Printf=_PrintfFull --redirect _Scanf=_ScanfFull -o      #
#                    "E:\ABLE\YTJ\程序\一体机V3.05（标准)\bp\EvalBoards\NXP\M #
#                    CB2300\IAR\LSZHV20\Debug\Exe\LSZH_V20_FLASH.out.tmp"     #
#                    --map "E:\ABLE\YTJ\程序\一体机V3.05（标准)\bp\EvalBoards #
#                    \NXP\MCB2300\IAR\LSZHV20\Debug\List\LSZH_V20_FLASH.map"  #
#                    --log initialization,modules,sections,veneers            #
#                    --log_file "E:\ABLE\YTJ\程序\一体机V3.05（标准)\bp\EvalB #
#                    oards\NXP\MCB2300\IAR\LSZHV20\Debug\List\LSZH_V20_FLASH. #
#                    log" --config "E:\ABLE\YTJ\程序\一体机V3.05（标准)\bp\Ev #
#                    alBoards\NXP\MCB2300\IAR\LSZHV20\..\BSP\LPC2378_Flash.ic #
#                    f" --semihosting --entry __iar_program_start --vfe       #
#                                                                             #
#                                                                             #
###############################################################################

*******************************************************************************
*** RUNTIME MODEL ATTRIBUTES
***

CppFlavor       = *
__SystemLibrary = DLib


*******************************************************************************
*** PLACEMENT SUMMARY
***

"A1":  place at 0x00000000 { ro section .intvec };
"P1":  place in [from 0x00000044 to 0x0007ffff] { ro };
"P2":  place in [from 0x40000040 to 0x40007fff] {
          rw, block CSTACK, block SVC_STACK, block IRQ_STACK, block FIQ_STACK,
          block UND_STACK, block ABT_STACK, block HEAP };

  Section            Kind        Address     Size  Object
  -------            ----        -------     ----  ------
"A1":                                        0x40
  .intvec            ro code  0x00000000     0x40  cstartup.o [1]
                            - 0x00000040     0x40

"P1":                                     0x1ae9c
  .text              ro code  0x00000044   0x4564  User_on_msg.o [1]
  .text              ro code  0x000045a8   0x1194  PT2258.o [1]
  .text              ro code  0x0000573c   0x27ec  Use_key.o [1]
  .text              ro code  0x00007f28    0x150  lib_mem.o [1]
  .text              ro code  0x00008078    0x10c  LP2368_FLASH.o [1]
  .text              ro code  0x00008184     0x18  user_debug.o [1]
  .text              ro code  0x0000819c   0x1e70  User_option.o [1]
  .text              ro code  0x0000a00c    0x7cc  user_debug.o [1]
  .text              ro code  0x0000a7d8   0x1328  User_power.o [1]
  .text              ro code  0x0000bb00    0x6c0  ARP.o [1]
  .text              ro code  0x0000c1c0    0x49c  User_udp.o [1]
  .text              ro code  0x0000c65c    0xa5c  User_DW.o [1]
  .text              ro code  0x0000d0b8    0xa4c  User_table.o [1]
  .text              ro code  0x0000db04     0x28  user_debug.o [1]
  .text              ro code  0x0000db2c    0x890  Use_Sound.o [1]
  .text              ro code  0x0000e3bc    0x1e4  TMS320AIC23.o [1]
  .text              ro code  0x0000e5a0    0x98c  PelcoD.o [1]
  .text              ro code  0x0000ef2c   0x14c4  User_XCOM.o [1]
  .text              ro code  0x000103f0    0x104  os_time.o [1]
  .text              ro code  0x000104f4    0x7bc  User_Run.o [1]
  .text              ro code  0x00010cb0    0x9a0  io.o [1]
  .text              ro code  0x00011650    0x170  user_mem.o [1]
  CODE               ro code  0x000117c0    0x2dc  os_cpu_a.o [1]
  .text              ro code  0x00011a9c    0x320  RealTime.o [1]
  .text              ro code  0x00011dbc    0x55c  hw.o [1]
  .text              ro code  0x00012318    0x9f8  CD22M3494.o [1]
  .text              ro code  0x00012d10    0x3a0  User_TB.o [1]
  .text              ro code  0x000130b0      0x8  ABImemclr4.o [5]
  .text              ro code  0x000130b8    0x1d4  I32DivMod.o [5]
  .text              ro code  0x0001328c    0x4dc  I2C0INT.o [1]
  .text              ro code  0x00013768    0x388  SC16IS752.o [1]
  .text              ro code  0x00013af0     0xd4  ABImemcpy.o [5]
  .text              ro code  0x00013bc4    0x36c  os_q.o [1]
  .text              ro code  0x00013f30     0x6c  strcpy.o [5]
  .text              ro code  0x00013f9c    0x668  I2C1INT.o [1]
  .text              ro code  0x00014604    0x104  lib_str.o [1]
  .text              ro code  0x00014708    0x720  target.o [1]
  .text              ro code  0x00014e28    0x2b8  Udp.o [1]
  .text              ro code  0x000150e0     0x4c  vsprintf.o [3]
  .text              ro code  0x0001512c     0x54  strlen.o [5]
  .text              ro code  0x00015180     0xdc  Ethernet.o [1]
  .text              ro code  0x0001525c    0x244  os_sem.o [1]
  .text              ro code  0x000154a0     0x7c  ABImemset.o [5]
  .text              ro code  0x0001551c    0x250  dma.o [1]
  .text              ro code  0x0001576c     0xe8  i2s.o [1]
  .text              ro code  0x00015854    0xed4  uart.o [1]
  .text              ro code  0x00016728    0x9a4  os_core.o [1]
  .text              ro code  0x000170cc    0x1bc  os_mem.o [1]
  .text              ro code  0x00017288     0x3c  ABImemset48.o [5]
  .text              ro code  0x000172c4      0x4  IntDivZer.o [5]
  CODE               ro code  0x000172c8     0x28  cpu_a.o [1]
  .text              ro code  0x000172f0    0x5cc  Hardware_int.o [1]
  .text              ro code  0x000178bc    0x37c  IP.o [1]
  .text              ro code  0x00017c38   0x1642  xprintffull.o [3]
  .rodata            const    0x0001927a      0x2  os_dbg.o [1]
  .text              ro code  0x0001927c     0xe8  os_cpu_c.o [1]
  .text              ro code  0x00019364     0x70  os_flag.o [1]
  .text              ro code  0x000193d4      0x4  os_dbg.o [1]
  .text              ro code  0x000193d8    0x288  os_task.o [1]
  .text              ro code  0x00019660    0x13c  ICMP.o [1]
  .text              ro code  0x0001979c     0x20  strchr.o [5]
  .text              ro code  0x000197bc     0x94  memchr.o [5]
  .text              ro code  0x00019850     0xd4  I64DivMod.o [5]
  .text              ro code  0x00019924     0x7c  xdnorm.o [4]
  .text              ro code  0x000199a0     0x38  DblCmpLe.o [4]
  .text              ro code  0x000199d8     0x38  DblCmpGe.o [4]
  .text              ro code  0x00019a10    0x1cc  xdscale.o [4]
  .text              ro code  0x00019bdc     0x60  DblToS32.o [4]
  .text              ro code  0x00019c3c     0x60  S32ToDbl.o [4]
  .text              ro code  0x00019c9c    0x1f0  DblSub.o [4]
  .text              ro code  0x00019e8c    0x1f8  DblMul.o [4]
  .text              ro code  0x0001a084    0x338  DblDiv.o [4]
  .text              ro code  0x0001a3bc     0x3c  DblToU32.o [4]
  .text              ro code  0x0001a3f8     0x10  U32ToDbl.o [4]
  .text              ro code  0x0001a408     0x38  div.o [3]
  .text              ro code  0x0001a440      0x4  I64DivZer.o [5]
  .text              ro code  0x0001a444    0x130  DblAdd.o [4]
  .text              ro code  0x0001a574    0x554  main.o [1]
  .rodata            const    0x0001aac8    0x100  os_core.o [1]
  .text              ro code  0x0001abc8     0xb4  packbits_init3.o [5]
  text               ro code  0x0001ac7c     0x88  cstartup.o [1]
  .text              ro code  0x0001ad04     0x54  data_init3.o [5]
  .text              ro code  0x0001ad58     0x28  zero_init3.o [5]
  .text              ro code  0x0001ad80     0x24  cmain.o [5]
  .text              ro code  0x0001ada4      0x8  low_level_init.o [3]
  .text              ro code  0x0001adac      0x4  exit.o [3]
  .text              ro code  0x0001adb0     0x20  exit.o [6]
  .text              ro code  0x0001add0     0x10  cexit.o [5]
  .iar.init_table    const    0x0001ade0     0x2c  - Linker created -
  .text              ro code  0x0001ae0c     0x14  xsprout.o [3]
  .rodata            const    0x0001ae20     0x10  os_core.o [1]
  .rodata            const    0x0001ae30     0x10  os_core.o [1]
  .rodata            const    0x0001ae40      0x8  User_on_msg.o [1]
  .rodata            const    0x0001ae48      0x4  os_dbg.o [1]
  .text              ro code  0x0001ae4c      0x4  xreturnswi.o [6]
  .rodata            const    0x0001ae50      0x2  os_dbg.o [1]
  .rodata            const    0x0001ae52      0x2  os_dbg.o [1]
  .rodata            const    0x0001ae54      0x2  os_dbg.o [1]
  .rodata            const    0x0001ae56      0x2  os_dbg.o [1]
  .rodata            const    0x0001ae58      0x2  os_dbg.o [1]
  .rodata            const    0x0001ae5a      0x2  os_dbg.o [1]
  .rodata            const    0x0001ae5c      0x2  os_dbg.o [1]
  .rodata            const    0x0001ae5e      0x2  os_dbg.o [1]
  .rodata            const    0x0001ae60      0x2  os_dbg.o [1]
  .rodata            const    0x0001ae62      0x2  os_dbg.o [1]
  .rodata            const    0x0001ae64      0x2  os_dbg.o [1]
  .rodata            const    0x0001ae66      0x2  os_dbg.o [1]
  .rodata            const    0x0001ae68      0x2  os_dbg.o [1]
  .rodata            const    0x0001ae6a      0x2  os_dbg.o [1]
  .rodata            const    0x0001ae6c      0x2  os_dbg.o [1]
  .rodata            const    0x0001ae6e      0x2  os_dbg.o [1]
  .rodata            const    0x0001ae70      0x2  os_dbg.o [1]
  .rodata            const    0x0001ae72      0x2  os_dbg.o [1]
  .rodata            const    0x0001ae74      0x2  os_dbg.o [1]
  .rodata            const    0x0001ae76      0x2  os_dbg.o [1]
  .rodata            const    0x0001ae78      0x2  os_dbg.o [1]
  .rodata            const    0x0001ae7a      0x2  os_dbg.o [1]
  .rodata            const    0x0001ae7c      0x2  os_dbg.o [1]
  .rodata            const    0x0001ae7e      0x2  os_dbg.o [1]
  .rodata            const    0x0001ae80      0x2  os_dbg.o [1]
  .rodata            const    0x0001ae82      0x2  os_dbg.o [1]
  .rodata            const    0x0001ae84      0x2  os_dbg.o [1]
  .rodata            const    0x0001ae86      0x2  os_dbg.o [1]
  .rodata            const    0x0001ae88      0x2  os_dbg.o [1]
  .rodata            const    0x0001ae8a      0x2  os_dbg.o [1]
  .rodata            const    0x0001ae8c      0x2  os_dbg.o [1]
  .rodata            const    0x0001ae8e      0x2  os_dbg.o [1]
  .rodata            const    0x0001ae90      0x2  os_dbg.o [1]
  .rodata            const    0x0001ae92      0x2  os_dbg.o [1]
  .rodata            const    0x0001ae94      0x2  os_dbg.o [1]
  .rodata            const    0x0001ae96      0x2  os_dbg.o [1]
  .rodata            const    0x0001ae98      0x2  os_dbg.o [1]
  .rodata            const    0x0001ae9a      0x2  os_dbg.o [1]
  .rodata            const    0x0001ae9c      0x2  os_dbg.o [1]
  .rodata            const    0x0001ae9e      0x2  os_dbg.o [1]
  .rodata            const    0x0001aea0      0x2  os_dbg.o [1]
  .rodata            const    0x0001aea2      0x2  os_dbg.o [1]
  .rodata            const    0x0001aea4      0x2  os_dbg.o [1]
  .rodata            const    0x0001aea6      0x2  os_dbg.o [1]
  .rodata            const    0x0001aea8      0x2  os_dbg.o [1]
  .rodata            const    0x0001aeaa      0x2  os_dbg.o [1]
  .rodata            const    0x0001aeac      0x2  os_dbg.o [1]
  .rodata            const    0x0001aeae      0x2  os_dbg.o [1]
  .rodata            const    0x0001aeb0      0x2  os_dbg.o [1]
  .rodata            const    0x0001aeb2      0x2  os_dbg.o [1]
  .rodata            const    0x0001aeb4      0x2  os_dbg.o [1]
  .rodata            const    0x0001aeb6      0x2  os_dbg.o [1]
  .rodata            const    0x0001aeb8      0x0  bwt_init3c.o [5]
  Initializer bytes  ro data  0x0001aeb8     0x26  <for P2 s0>
                            - 0x0001aede  0x1ae9a

"P2", part 1 of 3:                          0x3d4
  P2 s0                       0x40000040    0x3d4  <Init block>
    .data            inited   0x40000040    0x238  User_option.o [1]
    .data            inited   0x40000278    0x190  ARP.o [1]
    .data            inited   0x40000408      0x8  PT2258.o [1]
    .data            inited   0x40000410      0x4  user_debug.o [1]
                            - 0x40000414    0x3d4

"P2", part 2 of 3:                         0x5c14
  .bss               zero     0x40000414   0x2b78  user_mem.o [1]
  .bss               zero     0x40002f8c   0x1a40  main.o [1]
  .bss               zero     0x400049cc    0x4d4  os_core.o [1]
  .bss               zero     0x40004ea0    0x3c4  os_core.o [1]
  .bss               zero     0x40005264    0x2f8  User_XCOM.o [1]
  .bss               zero     0x4000555c    0x200  os_core.o [1]
  .bss               zero     0x4000575c    0x200  os_core.o [1]
  .bss               zero     0x4000595c    0x114  RealTime.o [1]
  .bss               zero     0x40005a70     0xf4  User_option.o [1]
  .bss               zero     0x40005b64     0xf0  os_core.o [1]
  .bss               zero     0x40005c54     0xc8  os_core.o [1]
  .bss               zero     0x40005d1c     0x8c  os_core.o [1]
  .bss               zero     0x40005da8     0x78  Use_Sound.o [1]
  .bss               zero     0x40005e20     0x68  User_DW.o [1]
  .bss               zero     0x40005e88     0x48  CD22M3494.o [1]
  .bss               zero     0x40005ed0     0x44  LP2368_FLASH.o [1]
  .bss               zero     0x40005f14     0x34  Use_key.o [1]
  .bss               zero     0x40005f48     0x20  hw.o [1]
  .bss               zero     0x40005f68     0x1c  Use_key.o [1]
  .bss               zero     0x40005f84     0x14  PelcoD.o [1]
  .bss               zero     0x40005f98     0x14  User_Run.o [1]
  .bss               zero     0x40005fac     0x10  I2C0INT.o [1]
  .bss               zero     0x40005fbc     0x10  I2C1INT.o [1]
  .bss               zero     0x40005fcc      0xc  CD22M3494.o [1]
  .bss               zero     0x40005fd8      0xc  User_TB.o [1]
  .bss               zero     0x40005fe4      0xc  io.o [1]
  .bss               zero     0x40005ff0      0x8  User_XCOM.o [1]
  .bss               zero     0x40005ff8      0x8  User_power.o [1]
  .bss               zero     0x40006000      0x8  target.o [1]
  .bss               zero     0x40006008      0x4  io.o [1]
  .bss               zero     0x4000600c      0x4  os_core.o [1]
  .bss               zero     0x40006010      0x4  os_core.o [1]
  .bss               zero     0x40006014      0x4  os_core.o [1]
  .bss               zero     0x40006018      0x4  target.o [1]
  .bss               zero     0x4000601c      0x4  user_debug.o [1]
  .bss               zero     0x40006020      0x2  Hardware_int.o [1]
  .bss               zero     0x40006022      0x1  User_on_msg.o [1]
                            - 0x40006023   0x5c0f

"P2", part 3 of 3:                          0x7c0
  CSTACK                      0x40006028    0x300  <Block>
    CSTACK           uninit   0x40006028    0x300  <Block tail>
  IRQ_STACK                   0x40006328    0x300  <Block>
    IRQ_STACK        uninit   0x40006328    0x300  <Block tail>
  ABT_STACK                   0x40006628    0x180  <Block>
    ABT_STACK        uninit   0x40006628    0x180  <Block tail>
  SVC_STACK                   0x400067a8     0x20  <Block>
    SVC_STACK        uninit   0x400067a8     0x20  <Block tail>
  FIQ_STACK                   0x400067c8     0x10  <Block>
    FIQ_STACK        uninit   0x400067c8     0x10  <Block tail>
  UND_STACK                   0x400067d8     0x10  <Block>
    UND_STACK        uninit   0x400067d8     0x10  <Block tail>
                            - 0x400067e8    0x7c0


*******************************************************************************
*** INIT TABLE
***

          Address     Size
          -------     ----
Zero (__iar_zero_init3)
    1 destination range, total size 0x5c0f:
          0x40000414  0x5c0f

Copy/packbits (__iar_packbits_init3)
    1 source range, total size 0x26 (3% of destination):
          0x0001aeb8    0x26
    1 destination range, total size 0x3d4:
          0x40000040   0x3d4



*******************************************************************************
*** MODULE SUMMARY
***

    Module            ro code  ro data  rw data
    ------            -------  -------  -------
E:\ABLE\YTJ\程序\一体机V3.05（标准)\bp\EvalBoards\NXP\MCB2300\IAR\LSZHV20\Debug\Obj: [1]
    ARP.o               1 728       15      400
    CD22M3494.o         2 552                84
    Ethernet.o            220
    Hardware_int.o      1 484                 2
    I2C0INT.o           1 244                16
    I2C1INT.o           1 640                16
    ICMP.o                316
    IP.o                  892
    LP2368_FLASH.o        268                68
    PT2258.o            4 500                 8
    PelcoD.o            2 444                20
    RealTime.o            800               276
    SC16IS752.o           904
    TMS320AIC23.o         484
    Udp.o                 696
    Use_Sound.o         2 192               120
    Use_key.o          10 220                80
    User_DW.o           2 652               104
    User_Run.o          1 980                20
    User_TB.o             928                12
    User_XCOM.o         5 316               768
    User_on_msg.o      17 764        8        1
    User_option.o       7 792       22      812
    User_power.o        4 904                 8
    User_table.o        2 636
    User_udp.o          1 180
    cpu_a.o                40
    cstartup.o            200
    dma.o                 592
    hw.o                1 372                32
    i2s.o                 232
    io.o                2 464                16
    lib_mem.o             336
    lib_str.o             260
    main.o              1 364             6 720
    os_core.o           2 468      288    3 816
    os_cpu_a.o            732
    os_cpu_c.o            232
    os_dbg.o                4      110
    os_flag.o             112
    os_mem.o              444
    os_q.o                876
    os_sem.o              580
    os_task.o             648
    os_time.o             260
    target.o            1 824                12
    uart.o              3 796
    user_debug.o        2 060        1        8
    user_mem.o            368            11 128
    -------------------------------------------
    Total:             99 000      444   24 547

command line: [2]
    -------------------------------------------
    Total:

dl4t_aln.a: [3]
    div.o                  56
    exit.o                  4
    low_level_init.o        8
    vsprintf.o             76
    xprintffull.o       5 698
    xsprout.o              20
    -------------------------------------------
    Total:              5 862

m4t_al.a: [4]
    DblAdd.o              304
    DblCmpGe.o             56
    DblCmpLe.o             56
    DblDiv.o              824
    DblMul.o              504
    DblSub.o              496
    DblToS32.o             96
    DblToU32.o             60
    S32ToDbl.o             96
    U32ToDbl.o             16
    xdnorm.o              124
    xdscale.o             460
    -------------------------------------------
    Total:              3 092

rt4t_al.a: [5]
    ABImemclr4.o            8
    ABImemcpy.o           212
    ABImemset.o           124
    ABImemset48.o          60
    I32DivMod.o           468
    I64DivMod.o           212
    I64DivZer.o             4
    IntDivZer.o             4
    bwt_init3c.o
    cexit.o                16
    cmain.o                36
    data_init3.o           84
    memchr.o              148
    packbits_init3.o      180
    strchr.o               32
    strcpy.o              108
    strlen.o               84
    zero_init3.o           40
    -------------------------------------------
    Total:              1 820

shs_l.a: [6]
    exit.o                 32
    xreturnswi.o            4
    -------------------------------------------
    Total:                 36

    Linker created                  44    1 984
-----------------------------------------------
    Grand Total:      109 810      488   26 531


*******************************************************************************
*** ENTRY LIST
***

Entry                      Address    Size  Type      Object
-----                      -------    ----  ----      ------
?main                   0x0001ad80          Code  Gb  cmain.o [5]
ABT_STACK$$Base         0x40006628           --   Gb  - Linker created -
ABT_STACK$$Limit        0x400067a8           --   Gb  - Linker created -
ARP_REP_MAC             0x40000400     0x8  Data  Gb  ARP.o [1]
ARP_Rec_Find            0x0000bcc4    0xd0  Code  Gb  ARP.o [1]
ARP_Rec_Save            0x0000bd94    0x80  Code  Gb  ARP.o [1]
ARP_ReceivePacket       0x0000c008    0x20  Code  Gb  ARP.o [1]
AT24C16_Read            0x00014410    0x34  Code  Gb  I2C1INT.o [1]
AT24C16_Write           0x00014444   0x14c  Code  Gb  I2C1INT.o [1]
AVCD22M3494Reset        0x00012318    0xec  Code  Gb  CD22M3494.o [1]
AV_IN                   0x00012ce8    0x14  Data  Gb  CD22M3494.o [1]
AV_OUT                  0x00012cfc    0x14  Data  Gb  CD22M3494.o [1]
AV_Select               0x000124fc    0x44  Code  Gb  CD22M3494.o [1]
Able_CMD_TB             0x00015f58    0x7c  Code  Gb  uart.o [1]
Alarm_Link              0x00008a8c   0x13c  Code  Gb  User_option.o [1]
Alarmdev_id             0x400000c8     0xc  Data  Gb  User_option.o [1]
Arp_Answer              0x0000be98    0xe8  Code  Gb  ARP.o [1]
Arp_Request             0x0000c028    0xc8  Code  Gb  ARP.o [1]
BMK_Sound_Select        0x00004efc    0x30  Code  Gb  PT2258.o [1]
BSP_CPU_ClkFreq         0x00014894    0x8c  Code  Gb  target.o [1]
BSP_CPU_PclkFreq        0x00014920    0xc0  Code  Gb  target.o [1]
BSP_IntDisAll           0x00014864    0x30  Code  Gb  target.o [1]
BinToChar               0x00008388    0x20  Code  Gb  User_option.o [1]
BlankCHK                0x00008140    0x34  Code  Gb  LP2368_FLASH.o [1]
CPU_SR_Restore          0x000172e8          Code  Gb  cpu_a.o [1]
CPU_SR_Save             0x000172c8          Code  Gb  cpu_a.o [1]
CSTACK$$Base            0x40006028           --   Gb  - Linker created -
CSTACK$$Limit           0x40006328           --   Gb  - Linker created -
CameraInit              0x0000a8c0    0x8c  Code  Gb  User_power.o [1]
CameraPowerInit         0x0000945c    0xc4  Code  Gb  User_option.o [1]
Change_Encode_Num       0x00012aa4    0x6c  Code  Gb  CD22M3494.o [1]
CheckSum1               0x0000e5c8    0x34  Code  Gb  PelcoD.o [1]
Check_FunctionMode      0x000083a8    0xa4  Code  Gb  User_option.o [1]
Check_UDP_Paket         0x0000c570    0xe4  Code  Gb  User_udp.o [1]
ClassInfo_init          0x000084e4   0x270  Code  Gb  User_option.o [1]
ClassTableWeekInit      0x00011d24    0x18  Code  Gb  RealTime.o [1]
Class_Table_Check       0x0000d6cc   0x12c  Code  Gb  User_table.o [1]
Class_Task_Start        0x00008bc8    0xf4  Code  Gb  User_option.o [1]
Config_printf           0x000104f4   0x274  Code  Gb  User_Run.o [1]
CoordinateBuf           0x40005ff0     0x8  Data  Gb  User_XCOM.o [1]
CreateIcmpCrc           0x00019660    0x7c  Code  Gb  ICMP.o [1]
CreateIpHeadCrc         0x000178bc    0x78  Code  Gb  IP.o [1]
DBG_HexToChar           0x0000a0b0    0xa0  Code  Gb  user_debug.o [1]
DBG_Log_write           0x0000a00c    0x58  Code  Gb  user_debug.o [1]
DBG_Str_printf          0x0000a064    0x4c  Code  Gb  user_debug.o [1]
DBG_XCOM_Printf         0x0000a31c    0x90  Code  Gb  user_debug.o [1]
DCS_TYPE_Str            0x40000270     0x8  Data  Gb  User_option.o [1]
DEVICE_LINK             0x40005e88    0x48  Data  Gb  CD22M3494.o [1]
DMAHandler              0x00015584    0x54  Code  Gb  dma.o [1]
DMA_Get_MICaddress      0x00015548    0x3c  Code  Gb  dma.o [1]
DMA_Get_Play_Pointer    0x0001551c    0x2c  Code  Gb  dma.o [1]
DMA_Init                0x000155d8   0x174  Code  Gb  dma.o [1]
DWQ_Contrl              0x0000cd38    0x98  Code  Gb  User_DW.o [1]
DW_CMD_Contrl           0x0000cdd0   0x1ec  Code  Gb  User_DW.o [1]
DW_Read_WD              0x0000cc18    0x3c  Code  Gb  User_DW.o [1]
DW_Wite_CoreIP          0x0000cbc4    0x54  Code  Gb  User_DW.o [1]
DW_init                 0x0000cc54    0xe4  Code  Gb  User_DW.o [1]
Debug_SubCastIP         0x40000410     0x4  Data  Gb  user_debug.o [1]
DelPowerDeltimemsg      0x0000aac8    0x2c  Code  Gb  User_power.o [1]
Delay                   0x000045a8    0x14  Code  Gb  PT2258.o [1]
Device_DCS_Contrl       0x000081b8   0x17c  Code  Gb  User_option.o [1]
Device_DCS_open         0x000115e0    0x30  Code  Gb  io.o [1]
Device_Get_MIX          0x00005288     0xc  Code  Gb  PT2258.o [1]
Device_Get_Vol          0x00005210    0x78  Code  Gb  PT2258.o [1]
Device_IC_Reset         0x00011578    0x34  Code  Gb  io.o [1]
Device_InVol            0x00004fd8   0x148  Code  Gb  PT2258.o [1]
Device_KZ_Reset         0x000115ac    0x34  Code  Gb  io.o [1]
Device_Link_Scan        0x00012ca0    0x3c  Code  Gb  CD22M3494.o [1]
Device_OutVol           0x00005120    0xf0  Code  Gb  PT2258.o [1]
Device_Rec_Find         0x00008948   0x144  Code  Gb  User_option.o [1]
Device_Rec_Scan         0x00008cc0   0x4a4  Code  Gb  User_option.o [1]
Device_Set_MIX          0x00005294   0x108  Code  Gb  PT2258.o [1]
Device_Sound_Contrl     0x0000539c    0x30  Code  Gb  PT2258.o [1]
Device_Sound_Select     0x000053cc    0xf0  Code  Gb  PT2258.o [1]
Device_Stat_Option      0x0000d7f8    0xb4  Code  Gb  User_table.o [1]
Device_Stat_Save        0x0000d8ac    0x98  Code  Gb  User_table.o [1]
Device_Use_Stat_Read    0x0000d944   0x120  Code  Gb  User_table.o [1]
Device_VGA_Off          0x00012bd8    0x4c  Code  Gb  CD22M3494.o [1]
Device_VGA_Select       0x00012c24    0x7c  Code  Gb  CD22M3494.o [1]
Device_Video_Off        0x00012b8c    0x4c  Code  Gb  CD22M3494.o [1]
Device_Video_Select     0x00012b10    0x7c  Code  Gb  CD22M3494.o [1]
EINT1_Exception         0x00016450   0x12c  Code  Gb  uart.o [1]
EINT3_Exception         0x00010ea4    0xb8  Code  Gb  io.o [1]
EMACHandler             0x0001764c    0x10  Code  Gb  Hardware_int.o [1]
EMACRxDescriptorInit    0x00017474    0x84  Code  Gb  Hardware_int.o [1]
EMACTxDescriptorInit    0x000173f8    0x7c  Code  Gb  Hardware_int.o [1]
EMAC_RxDisable          0x0001733c    0x24  Code  Gb  Hardware_int.o [1]
EMAC_RxEnable           0x00017318    0x24  Code  Gb  Hardware_int.o [1]
EMAC_TxDisable          0x00017304    0x14  Code  Gb  Hardware_int.o [1]
EMAC_TxEnable           0x000172f0    0x14  Code  Gb  Hardware_int.o [1]
Encode_TAB              0x0001ae40     0x8  Data  Gb  User_on_msg.o [1]
EraseSector             0x00008100    0x40  Code  Gb  LP2368_FLASH.o [1]
Ethernet_Exception      0x000176d8    0x2c  Code  Gb  Hardware_int.o [1]
Ethernet_ReceivePacket  0x00015220    0x3c  Code  Gb  Ethernet.o [1]
Ethernet_SendFrame      0x00015180    0xa0  Code  Gb  Ethernet.o [1]
FIQ_STACK$$Base         0x400067c8           --   Gb  - Linker created -
FIQ_STACK$$Limit        0x400067d8           --   Gb  - Linker created -
FRun                    0x40005fa8     0x4  Data  Gb  User_Run.o [1]
File_ClassTable_Read    0x0000d534    0x9c  Code  Gb  User_table.o [1]
File_ClassTable_Read_CurDay
                        0x0000d5d0    0xfc  Code  Gb  User_table.o [1]
File_ClassTable_Write   0x0000d494    0x74  Code  Gb  User_table.o [1]
File_ClassTable_Write_OneDay
                        0x0000d508    0x2c  Code  Gb  User_table.o [1]
File_Req                0x0000d0b8    0x40  Code  Gb  User_table.o [1]
File_Table_Read         0x0000d31c   0x178  Code  Gb  User_table.o [1]
File_Table_Write        0x0000d0f8   0x224  Code  Gb  User_table.o [1]
File_UserProgram_Write  0x0000da64    0x44  Code  Gb  User_table.o [1]
FocusFarCmd             0x0000ee4c    0x84  Code  Gb  PelcoD.o [1]
FocusNearCmd            0x0000edc4    0x88  Code  Gb  PelcoD.o [1]
Get_ClassID             0x0000bb74     0x8  Code  Gb  ARP.o [1]
Get_ClassInfo_Table     0x00008174     0xc  Code  Gb  LP2368_FLASH.o [1]
Get_Class_Stauts        0x000081a8    0x10  Code  Gb  User_option.o [1]
Get_Debug               0x00009e58    0x20  Code  Gb  User_option.o [1]
Get_DesIp               0x0000bbc0    0xb4  Code  Gb  ARP.o [1]
Get_Device_Status       0x00009e78     0x8  Code  Gb  User_option.o [1]
Get_KeyData             0x0000573c     0x8  Code  Gb  Use_key.o [1]
Get_NetPort             0x0000bb6c     0x8  Code  Gb  ARP.o [1]
Get_TB_REC_State        0x00012e90     0x8  Code  Gb  User_TB.o [1]
Get_XCOM_Port           0x0000ef2c    0x10  Code  Gb  User_XCOM.o [1]
Get_ver                 0x0000819c     0xc  Code  Gb  User_option.o [1]
GotoPrepositionCmd      0x0000eca8    0x90  Code  Gb  PelcoD.o [1]
HW_DEVICE               0x40005f48    0x20  Data  Gb  hw.o [1]
HW_XM_start             0x00011dc0   0x2ec  Code  Gb  hw.o [1]
HW_init                 0x00012280    0x30  Code  Gb  hw.o [1]
HW_send                 0x000120ac   0x1d4  Code  Gb  hw.o [1]
I2C0_Exception          0x00013434   0x2c8  Code  Gb  I2C0INT.o [1]
I2C0_WriteNByte         0x0001328c    0xd0  Code  Gb  I2C0INT.o [1]
I2C0_WriteNByte1        0x0001335c    0xd8  Code  Gb  I2C0INT.o [1]
I2C1_Exception          0x00014148   0x2c8  Code  Gb  I2C1INT.o [1]
I2C1_ReadNByte          0x00013f9c    0xd4  Code  Gb  I2C1INT.o [1]
I2C1_WriteNByte         0x00014070    0xd8  Code  Gb  I2C1INT.o [1]
I2C1_buf                0x40005fc0     0x4  Data  Gb  I2C1INT.o [1]
I2C1_end                0x40005fca     0x1  Data  Gb  I2C1INT.o [1]
I2C1_num                0x40005fc4     0x4  Data  Gb  I2C1INT.o [1]
I2C1_sla                0x40005fc8     0x1  Data  Gb  I2C1INT.o [1]
I2C1_suba               0x40005fbc     0x4  Data  Gb  I2C1INT.o [1]
I2C1_suba_en            0x40005fcb     0x1  Data  Gb  I2C1INT.o [1]
I2C1_suba_num           0x40005fc9     0x1  Data  Gb  I2C1INT.o [1]
I2C_buf                 0x40005fb0     0x4  Data  Gb  I2C0INT.o [1]
I2C_end                 0x40005fba     0x1  Data  Gb  I2C0INT.o [1]
I2C_num                 0x40005fb4     0x4  Data  Gb  I2C0INT.o [1]
I2C_sla                 0x40005fb8     0x1  Data  Gb  I2C0INT.o [1]
I2C_suba                0x40005fac     0x4  Data  Gb  I2C0INT.o [1]
I2C_suba_en             0x40005fbb     0x1  Data  Gb  I2C0INT.o [1]
I2C_suba_num            0x40005fb9     0x1  Data  Gb  I2C0INT.o [1]
I2SInit                 0x000157b8    0x98  Code  Gb  i2s.o [1]
I2SStart                0x0001576c    0x24  Code  Gb  i2s.o [1]
I2SStop                 0x00015790    0x28  Code  Gb  i2s.o [1]
I2c0Init                0x000136fc    0x60  Code  Gb  I2C0INT.o [1]
I2c1Init                0x00014590    0x64  Code  Gb  I2C1INT.o [1]
IAP_Entry               0x40005ef0     0x4  Data  Gb  LP2368_FLASH.o [1]
ICMP_ReceivePacket      0x000196dc    0xc0  Code  Gb  ICMP.o [1]
ICReader_Power          0x00011610    0x40  Code  Gb  io.o [1]
IO_Contrl               0x00011170    0x80  Code  Gb  io.o [1]
IO_FlagLingt_Flash      0x0001111c    0x54  Code  Gb  io.o [1]
IO_IN_TAB               0x00009fe8    0x24  Data  Gb  User_option.o [1]
IO_Out                  0x00010f5c   0x138  Code  Gb  io.o [1]
IO_PC_Power             0x0000aaf4    0x98  Code  Gb  User_power.o [1]
IO_Scan                 0x000111f0   0x35c  Code  Gb  io.o [1]
IO_in                   0x00011094    0x88  Code  Gb  io.o [1]
IPByte_TO_Dword         0x0000bb9c    0x24  Code  Gb  ARP.o [1]
IPDword_TO_Byte         0x0000bb7c    0x20  Code  Gb  ARP.o [1]
IPMASK_Compare          0x0000be14    0x84  Code  Gb  ARP.o [1]
IP_Check                0x0000c0f0    0x84  Code  Gb  ARP.o [1]
IP_Compare              0x0000bc74    0x50  Code  Gb  ARP.o [1]
IP_Debug_init           0x0000a1ac    0x28  Code  Gb  user_debug.o [1]
IP_ReceivePacket        0x00017bd4    0x64  Code  Gb  IP.o [1]
IP_SendFrame            0x00017934   0x29c  Code  Gb  IP.o [1]
IP_printf               0x0000a254    0xc8  Code  Gb  user_debug.o [1]
IRQ_STACK$$Base         0x40006328           --   Gb  - Linker created -
IRQ_STACK$$Limit        0x40006628           --   Gb  - Linker created -
IS752_Scan              0x00013948    0xb4  Code  Gb  SC16IS752.o [1]
InitIAP                 0x00008078    0x10  Code  Gb  LP2368_FLASH.o [1]
InitNet                 0x00017704   0x174  Code  Gb  Hardware_int.o [1]
Initial_arp             0x0000bb00    0x6c  Code  Gb  ARP.o [1]
Io_Init                 0x00010d00   0x124  Code  Gb  io.o [1]
IsImageRecognition      0x0000eed4    0x54  Code  Gb  PelcoD.o [1]
KEY_CMD                 0x00006218  0x179c  Code  Gb  Use_key.o [1]
KEY_DATA                0x40005f14    0x34  Data  Gb  Use_key.o [1]
KEY_Set_Vol             0x00005744    0x44  Code  Gb  Use_key.o [1]
Key_TB_state            0x000061e0    0x28  Code  Gb  Use_key.o [1]
LAN_Sound_OUT           0x00004fa8    0x30  Code  Gb  PT2258.o [1]
LAN_Sound_Select        0x00004f2c    0x7c  Code  Gb  PT2258.o [1]
LAN_Test_Ack            0x0000c1c0    0x4c  Code  Gb  User_udp.o [1]
LED_Contrl              0x00005788    0xd0  Code  Gb  Use_key.o [1]
LED_DATA                0x40005f68    0x1c  Data  Gb  Use_key.o [1]
LED_SendFLASH           0x00005aa8   0x138  Code  Gb  Use_key.o [1]
LED_Set                 0x00005858   0x1b0  Code  Gb  Use_key.o [1]
LED_Time_Flash          0x00005a08    0xa0  Code  Gb  Use_key.o [1]
LED_device_set          0x00005eb4   0x32c  Code  Gb  Use_key.o [1]
LMT_Delay_Power         0x00010798    0x1c  Code  Gb  User_Run.o [1]
LMT_Power_Check         0x000107fc   0x1d8  Code  Gb  User_Run.o [1]
LMT_Power_contrl        0x000107b4    0x48  Code  Gb  User_Run.o [1]
LMT_init                0x00010768    0x30  Code  Gb  User_Run.o [1]
Lan_TestFlag            0x0000c658     0x4  Data  Gb  User_udp.o [1]
Log_Close               0x0000a6a8    0x18  Code  Gb  user_debug.o [1]
Log_Create              0x0000a3ac    0xd8  Code  Gb  user_debug.o [1]
MAM_Init                0x000149e0    0x58  Code  Lc  target.o [1]
MSG_PQ                  0x400000c0     0x4  Data  Gb  User_option.o [1]
MSG_Q                   0x400000d4    0x50  Data  Gb  User_option.o [1]
Mem_Clr                 0x00007f28     0xc  Code  Gb  lib_mem.o [1]
Mem_Copy                0x00007fc8    0xb0  Code  Gb  lib_mem.o [1]
Mem_Set                 0x00007f34    0x94  Code  Gb  lib_mem.o [1]
Msg_Option_Find         0x000088c8    0x80  Code  Gb  User_option.o [1]
Msg_send                0x00009164    0x9c  Code  Gb  User_option.o [1]
NetPort                 0x40000278   0x188  Data  Gb  ARP.o [1]
ON_Change_State         0x000027d8   0x25c  Code  Gb  User_on_msg.o [1]
ON_Device_select        0x000023dc   0x364  Code  Gb  User_on_msg.o [1]
ON_MSG_OPTION_ALM_TIME  0x00011db8     0x4  Code  Gb  RealTime.o [1]
ON_POWER_option         0x0000ab8c   0x80c  Code  Gb  User_power.o [1]
ON_Sound_Mute           0x00000044   0x180  Code  Gb  User_on_msg.o [1]
OSCPUUsage              0x40004a70     0x1  Data  Gb  os_core.o [1]
OSCtxSw                 0x00011870          Code  Gb  os_cpu_a.o [1]
OSCtxSwCtr              0x400049cc     0x4  Data  Gb  os_core.o [1]
OSDataSize              0x0001aeb6     0x2  Data  Gb  os_dbg.o [1]
OSDebugEn               0x0001927a     0x2  Data  Gb  os_dbg.o [1]
OSDebugInit             0x000193d4     0x4  Code  Gb  os_dbg.o [1]
OSEndiannessTest        0x0001ae48     0x4  Data  Gb  os_dbg.o [1]
OSEventEn               0x0001ae54     0x2  Data  Gb  os_dbg.o [1]
OSEventFreeList         0x40004ea0     0x4  Data  Gb  os_core.o [1]
OSEventMax              0x0001ae50     0x2  Data  Gb  os_dbg.o [1]
OSEventNameSize         0x0001ae52     0x2  Data  Gb  os_dbg.o [1]
OSEventSize             0x0001ae56     0x2  Data  Gb  os_dbg.o [1]
OSEventTbl              0x40004ea4   0x3c0  Data  Gb  os_core.o [1]
OSEventTblSize          0x0001ae58     0x2  Data  Gb  os_dbg.o [1]
OSFlagEn                0x0001ae5a     0x2  Data  Gb  os_dbg.o [1]
OSFlagFreeList          0x4000600c     0x4  Data  Gb  os_core.o [1]
OSFlagGrpSize           0x0001ae5c     0x2  Data  Gb  os_dbg.o [1]
OSFlagMax               0x0001ae62     0x2  Data  Gb  os_dbg.o [1]
OSFlagNameSize          0x0001ae64     0x2  Data  Gb  os_dbg.o [1]
OSFlagNodeSize          0x0001ae5e     0x2  Data  Gb  os_dbg.o [1]
OSFlagTbl               0x40005c54    0xc8  Data  Gb  os_core.o [1]
OSFlagWidth             0x0001ae60     0x2  Data  Gb  os_dbg.o [1]
OSIdleCtr               0x400049d8     0x4  Data  Gb  os_core.o [1]
OSIdleCtrMax            0x400049d0     0x4  Data  Gb  os_core.o [1]
OSIdleCtrRun            0x400049d4     0x4  Data  Gb  os_core.o [1]
OSInit                  0x00016728    0x38  Code  Gb  os_core.o [1]
OSInitHookBegin         0x0001927c     0x4  Code  Gb  os_cpu_c.o [1]
OSInitHookEnd           0x00019280     0x4  Code  Gb  os_cpu_c.o [1]
OSIntCtxSw              0x000118d4          Code  Gb  os_cpu_a.o [1]
OSIntExit               0x00016760    0x88  Code  Gb  os_core.o [1]
OSIntNesting            0x40004a72     0x1  Data  Gb  os_core.o [1]
OSLockNesting           0x40004a73     0x1  Data  Gb  os_core.o [1]
OSLowestPrio            0x0001ae66     0x2  Data  Gb  os_dbg.o [1]
OSMboxEn                0x0001ae68     0x2  Data  Gb  os_dbg.o [1]
OSMemCreate             0x000170cc    0xa0  Code  Gb  os_mem.o [1]
OSMemEn                 0x0001ae6a     0x2  Data  Gb  os_dbg.o [1]
OSMemFreeList           0x40006010     0x4  Data  Gb  os_core.o [1]
OSMemGet                0x0001716c    0x5c  Code  Gb  os_mem.o [1]
OSMemMax                0x0001ae6c     0x2  Data  Gb  os_dbg.o [1]
OSMemNameSize           0x0001ae6e     0x2  Data  Gb  os_dbg.o [1]
OSMemPut                0x000171c8    0x50  Code  Gb  os_mem.o [1]
OSMemSize               0x0001ae70     0x2  Data  Gb  os_dbg.o [1]
OSMemTbl                0x40005d1c    0x8c  Data  Gb  os_core.o [1]
OSMemTblSize            0x0001ae72     0x2  Data  Gb  os_dbg.o [1]
OSMutexEn               0x0001ae74     0x2  Data  Gb  os_dbg.o [1]
OSPrioCur               0x40004a74     0x1  Data  Gb  os_core.o [1]
OSPrioHighRdy           0x40004a75     0x1  Data  Gb  os_core.o [1]
OSPtrSize               0x0001ae76     0x2  Data  Gb  os_dbg.o [1]
OSQCreate               0x00013bc4    0xd8  Code  Gb  os_q.o [1]
OSQEn                   0x0001ae78     0x2  Data  Gb  os_dbg.o [1]
OSQFreeList             0x40006014     0x4  Data  Gb  os_core.o [1]
OSQMax                  0x0001ae7a     0x2  Data  Gb  os_dbg.o [1]
OSQPend                 0x00013c9c   0x174  Code  Gb  os_q.o [1]
OSQPost                 0x00013e14    0xc4  Code  Gb  os_q.o [1]
OSQSize                 0x0001ae7c     0x2  Data  Gb  os_dbg.o [1]
OSQTbl                  0x40005b64    0xf0  Data  Gb  os_core.o [1]
OSRdyGrp                0x40004a76     0x1  Data  Gb  os_core.o [1]
OSRdyTbl                0x40004a7c     0x4  Data  Gb  os_core.o [1]
OSRdyTblSize            0x0001ae7e     0x2  Data  Gb  os_dbg.o [1]
OSRunning               0x40004a77     0x1  Data  Gb  os_core.o [1]
OSSemCreate             0x0001525c    0x78  Code  Gb  os_sem.o [1]
OSSemEn                 0x0001ae80     0x2  Data  Gb  os_dbg.o [1]
OSSemPend               0x000152d8   0x130  Code  Gb  os_sem.o [1]
OSSemPost               0x0001540c    0x94  Code  Gb  os_sem.o [1]
OSStart                 0x000167e8    0x38  Code  Gb  os_core.o [1]
OSStartHighRdy          0x0001183c          Code  Gb  os_cpu_a.o [1]
OSStatRdy               0x40004a71     0x1  Data  Gb  os_core.o [1]
OSStkWidth              0x0001ae82     0x2  Data  Gb  os_dbg.o [1]
OSTCBCur                0x400049dc     0x4  Data  Gb  os_core.o [1]
OSTCBFreeList           0x400049e0     0x4  Data  Gb  os_core.o [1]
OSTCBHighRdy            0x400049e4     0x4  Data  Gb  os_core.o [1]
OSTCBInitHook           0x0001935c     0x4  Code  Gb  os_cpu_c.o [1]
OSTCBList               0x400049e8     0x4  Data  Gb  os_core.o [1]
OSTCBPrioTbl            0x400049ec    0x80  Data  Gb  os_core.o [1]
OSTCBPrioTblMax         0x0001ae9a     0x2  Data  Gb  os_dbg.o [1]
OSTCBSize               0x0001ae9c     0x2  Data  Gb  os_dbg.o [1]
OSTCBTbl                0x40004a80   0x420  Data  Gb  os_core.o [1]
OSTaskCreateEn          0x0001ae84     0x2  Data  Gb  os_dbg.o [1]
OSTaskCreateExt         0x000193d8    0xec  Code  Gb  os_task.o [1]
OSTaskCreateExtEn       0x0001ae86     0x2  Data  Gb  os_dbg.o [1]
OSTaskCreateHook        0x00019284     0x4  Code  Gb  os_cpu_c.o [1]
OSTaskCtr               0x40004a78     0x1  Data  Gb  os_core.o [1]
OSTaskDelEn             0x0001ae88     0x2  Data  Gb  os_dbg.o [1]
OSTaskIdleHook          0x00019288     0x4  Code  Gb  os_cpu_c.o [1]
OSTaskIdleStk           0x4000575c   0x200  Data  Gb  os_core.o [1]
OSTaskIdleStkSize       0x0001ae8a     0x2  Data  Gb  os_dbg.o [1]
OSTaskMax               0x0001ae8e     0x2  Data  Gb  os_dbg.o [1]
OSTaskNameSet           0x000194c4    0xb8  Code  Gb  os_task.o [1]
OSTaskNameSize          0x0001ae90     0x2  Data  Gb  os_dbg.o [1]
OSTaskProfileEn         0x0001ae8c     0x2  Data  Gb  os_dbg.o [1]
OSTaskStatEn            0x0001ae92     0x2  Data  Gb  os_dbg.o [1]
OSTaskStatHook          0x0001928c     0x4  Code  Gb  os_cpu_c.o [1]
OSTaskStatStk           0x4000555c   0x200  Data  Gb  os_core.o [1]
OSTaskStatStkChkEn      0x0001ae96     0x2  Data  Gb  os_dbg.o [1]
OSTaskStatStkSize       0x0001ae94     0x2  Data  Gb  os_dbg.o [1]
OSTaskStkChk            0x00019584    0xac  Code  Gb  os_task.o [1]
OSTaskStkInit           0x00019290    0xc8  Code  Gb  os_cpu_c.o [1]
OSTaskSwHook            0x00019358     0x4  Code  Gb  os_cpu_c.o [1]
OSTaskSwHookEn          0x0001ae98     0x2  Data  Gb  os_dbg.o [1]
OSTickStepState         0x40004a79     0x1  Data  Gb  os_core.o [1]
OSTicksPerSec           0x0001ae9e     0x2  Data  Gb  os_dbg.o [1]
OSTime                  0x40004a6c     0x4  Data  Gb  os_core.o [1]
OSTimeDly               0x000103f0    0x70  Code  Gb  os_time.o [1]
OSTimeDlyHMSM           0x00010460    0x88  Code  Gb  os_time.o [1]
OSTimeTick              0x00016820   0x124  Code  Gb  os_core.o [1]
OSTimeTickHook          0x00019360     0x4  Code  Gb  os_cpu_c.o [1]
OSTimeTickHookEn        0x0001aea0     0x2  Data  Gb  os_dbg.o [1]
OSTmrCfgMax             0x0001aea6     0x2  Data  Gb  os_dbg.o [1]
OSTmrCfgNameSize        0x0001aea8     0x2  Data  Gb  os_dbg.o [1]
OSTmrCfgTicksPerSec     0x0001aeac     0x2  Data  Gb  os_dbg.o [1]
OSTmrCfgWheelSize       0x0001aeaa     0x2  Data  Gb  os_dbg.o [1]
OSTmrEn                 0x0001aea4     0x2  Data  Gb  os_dbg.o [1]
OSTmrSize               0x0001aeae     0x2  Data  Gb  os_dbg.o [1]
OSTmrTblSize            0x0001aeb0     0x2  Data  Gb  os_dbg.o [1]
OSTmrWheelSize          0x0001aeb2     0x2  Data  Gb  os_dbg.o [1]
OSTmrWheelTblSize       0x0001aeb4     0x2  Data  Gb  os_dbg.o [1]
OSUnMapTbl              0x0001aac8   0x100  Data  Gb  os_core.o [1]
OSVersionNbr            0x0001aea2     0x2  Data  Gb  os_dbg.o [1]
OS_CPU_ARM_ExceptAddrAbortHndlr
                        0x00011968          Code  Gb  os_cpu_a.o [1]
OS_CPU_ARM_ExceptDataAbortHndlr
                        0x00011954          Code  Gb  os_cpu_a.o [1]
OS_CPU_ARM_ExceptFiqHndlr
                        0x00011990          Code  Gb  os_cpu_a.o [1]
OS_CPU_ARM_ExceptIrqHndlr
                        0x0001197c          Code  Gb  os_cpu_a.o [1]
OS_CPU_ARM_ExceptPrefetchAbortHndlr
                        0x00011940          Code  Gb  os_cpu_a.o [1]
OS_CPU_ARM_ExceptResetHndlr
                        0x00011910          Code  Gb  os_cpu_a.o [1]
OS_CPU_ARM_ExceptSwiHndlr
                        0x00011930          Code  Gb  os_cpu_a.o [1]
OS_CPU_ARM_ExceptUndefInstrHndlr
                        0x00011920          Code  Gb  os_cpu_a.o [1]
OS_CPU_ExceptHndlr      0x00014b80   0x130  Code  Gb  target.o [1]
OS_CPU_SR_FIQ_Dis       0x0001181c          Code  Gb  os_cpu_a.o [1]
OS_CPU_SR_FIQ_En        0x0001182c          Code  Gb  os_cpu_a.o [1]
OS_CPU_SR_INT_Dis       0x000117d8          Code  Gb  os_cpu_a.o [1]
OS_CPU_SR_INT_En        0x000117e8          Code  Gb  os_cpu_a.o [1]
OS_CPU_SR_IRQ_Dis       0x000117fc          Code  Gb  os_cpu_a.o [1]
OS_CPU_SR_IRQ_En        0x0001180c          Code  Gb  os_cpu_a.o [1]
OS_CPU_SR_Restore       0x000117d0          Code  Gb  os_cpu_a.o [1]
OS_CPU_SR_Save          0x000117c0          Code  Gb  os_cpu_a.o [1]
OS_EventTOAbort         0x00016a80    0x60  Code  Gb  os_core.o [1]
OS_EventTaskRdy         0x00016944    0xc4  Code  Gb  os_core.o [1]
OS_EventTaskWait        0x00016a08    0x78  Code  Gb  os_core.o [1]
OS_EventWaitListInit    0x00016ae0    0x28  Code  Gb  os_core.o [1]
OS_FlagInit             0x00019364    0x6c  Code  Gb  os_flag.o [1]
OS_InitEventList        0x00016b08    0x6c  Code  Lc  os_core.o [1]
OS_InitMisc             0x00016b74    0x30  Code  Lc  os_core.o [1]
OS_InitRdyList          0x00016ba4    0x38  Code  Lc  os_core.o [1]
OS_InitTCBList          0x00016cb4    0x78  Code  Lc  os_core.o [1]
OS_InitTaskIdle         0x00016bdc    0x6c  Code  Lc  os_core.o [1]
OS_InitTaskStat         0x00016c48    0x6c  Code  Lc  os_core.o [1]
OS_MemClr               0x00016d2c    0x20  Code  Gb  os_core.o [1]
OS_MemInit              0x00017218    0x6c  Code  Gb  os_mem.o [1]
OS_QInit                0x00013ed8    0x54  Code  Gb  os_q.o [1]
OS_Sched                0x00016d4c    0x68  Code  Gb  os_core.o [1]
OS_SchedNew             0x00016db4    0x28  Code  Lc  os_core.o [1]
OS_StrCopy              0x00016de0    0x34  Code  Gb  os_core.o [1]
OS_StrLen               0x00016e14    0x28  Code  Gb  os_core.o [1]
OS_TCBInit              0x00016f70   0x158  Code  Gb  os_core.o [1]
OS_TaskIdle             0x00016e3c    0x24  Code  Gb  os_core.o [1]
OS_TaskStat             0x00016e60    0xac  Code  Gb  os_core.o [1]
OS_TaskStatStkChk       0x00016f0c    0x64  Code  Gb  os_core.o [1]
OS_TaskStkClr           0x00019638    0x28  Code  Gb  os_task.o [1]
On_MSG_OPTION           0x00002370    0x6c  Code  Gb  User_on_msg.o [1]
On_MSG_OPTION_ARLM      0x000039d4     0x8  Code  Gb  User_on_msg.o [1]
On_MSG_OPTION_AUTOTRACK_OFF
                        0x00000ec8    0x18  Code  Gb  User_on_msg.o [1]
On_MSG_OPTION_AUTOTRACK_ON
                        0x00000eb0    0x18  Code  Gb  User_on_msg.o [1]
On_MSG_OPTION_AUTO_OFF  0x00000c24    0x6c  Code  Gb  User_on_msg.o [1]
On_MSG_OPTION_AUTO_ON   0x00000bb4    0x70  Code  Gb  User_on_msg.o [1]
On_MSG_OPTION_CLASSTABLE_OFF
                        0x00011db0     0x4  Code  Gb  RealTime.o [1]
On_MSG_OPTION_CLASSTABLE_ON
                        0x00011db4     0x4  Code  Gb  RealTime.o [1]
On_MSG_OPTION_CLASS_BEGIN
                        0x00000440   0x208  Code  Gb  User_on_msg.o [1]
On_MSG_OPTION_CLASS_OVER
                        0x00000648   0x1bc  Code  Gb  User_on_msg.o [1]
On_MSG_OPTION_CODE1_SPEED
                        0x00002db8   0x114  Code  Gb  User_on_msg.o [1]
On_MSG_OPTION_COMM      0x0000efb4    0x60  Code  Gb  User_XCOM.o [1]
On_MSG_OPTION_CardContrl
                        0x00003cc0   0x284  Code  Gb  User_on_msg.o [1]
On_MSG_OPTION_DEBUG     0x00001a50    0x6c  Code  Gb  User_on_msg.o [1]
On_MSG_OPTION_DEV_REMOTE_OFF
                        0x00000d88    0x94  Code  Gb  User_on_msg.o [1]
On_MSG_OPTION_DEV_REMOTE_ON
                        0x00000c90    0x7c  Code  Gb  User_on_msg.o [1]
On_MSG_OPTION_DEV_RESET
                        0x00001ac0    0x10  Code  Gb  User_on_msg.o [1]
On_MSG_OPTION_FILE_REQ  0x00001ad0    0x44  Code  Gb  User_on_msg.o [1]
On_MSG_OPTION_FILE_SEND
                        0x00001b14    0x68  Code  Gb  User_on_msg.o [1]
On_MSG_OPTION_FRAME     0x00002ca0   0x118  Code  Gb  User_on_msg.o [1]
On_MSG_OPTION_HD_OFF    0x00000f28    0x18  Code  Gb  User_on_msg.o [1]
On_MSG_OPTION_HD_ON     0x00000f10    0x18  Code  Gb  User_on_msg.o [1]
On_MSG_OPTION_HD_VAL    0x00000f54     0x8  Code  Gb  User_on_msg.o [1]
On_MSG_OPTION_HELP_BREAK
                        0x00000b24    0x90  Code  Gb  User_on_msg.o [1]
On_MSG_OPTION_HELP_LINK
                        0x00000ab0    0x74  Code  Gb  User_on_msg.o [1]
On_MSG_OPTION_HELP_OFF  0x000008a4    0x94  Code  Gb  User_on_msg.o [1]
On_MSG_OPTION_HELP_ON   0x0000080c    0x98  Code  Gb  User_on_msg.o [1]
On_MSG_OPTION_HELP_TEST
                        0x00000a08    0x2c  Code  Gb  User_on_msg.o [1]
On_MSG_OPTION_HW_END    0x00011dbc     0x4  Code  Gb  hw.o [1]
On_MSG_OPTION_HW_SEND   0x00001f48     0x8  Code  Gb  User_on_msg.o [1]
On_MSG_OPTION_IO_OUT    0x000039dc     0x8  Code  Gb  User_on_msg.o [1]
On_MSG_OPTION_IO_TEST   0x000039ec   0x22c  Code  Gb  User_on_msg.o [1]
On_MSG_OPTION_IPPlay    0x00000a34    0x7c  Code  Gb  User_on_msg.o [1]
On_MSG_OPTION_IP_DPlay  0x00000938    0x78  Code  Gb  User_on_msg.o [1]
On_MSG_OPTION_JT        0x000039e4     0x8  Code  Gb  User_on_msg.o [1]
On_MSG_OPTION_LEDContrl
                        0x00003c18    0x3c  Code  Gb  User_on_msg.o [1]
On_MSG_OPTION_LMT_ReqStatus
                        0x00003324    0xe8  Code  Gb  User_on_msg.o [1]
On_MSG_OPTION_METRIC    0x00002b84   0x118  Code  Gb  User_on_msg.o [1]
On_MSG_OPTION_MSG_RUN   0x000001c4   0x260  Code  Gb  User_on_msg.o [1]
On_MSG_OPTION_PERSONAL_TALL
                        0x00002ed0   0x13c  Code  Gb  User_on_msg.o [1]
On_MSG_OPTION_POWER     0x00000424    0x1c  Code  Gb  User_on_msg.o [1]
On_MSG_OPTION_POWERCARD_ONOFF
                        0x0000b39c   0x4e0  Code  Gb  User_power.o [1]
On_MSG_OPTION_RECORD    0x00002a34   0x14c  Code  Gb  User_on_msg.o [1]
On_MSG_OPTION_REC_Contrl
                        0x000031bc   0x168  Code  Gb  User_on_msg.o [1]
On_MSG_OPTION_REC_REMOTE_OFF
                        0x00000e1c    0x94  Code  Gb  User_on_msg.o [1]
On_MSG_OPTION_REC_REMOTE_ON
                        0x00000d0c    0x7c  Code  Gb  User_on_msg.o [1]
On_MSG_OPTION_REC_ReqStatus
                        0x000031b4     0x8  Code  Gb  User_on_msg.o [1]
On_MSG_OPTION_RF_ACTIVE
                        0x00000804     0x8  Code  Gb  User_on_msg.o [1]
On_MSG_OPTION_SCAMERA   0x00003410   0x4ac  Code  Gb  User_on_msg.o [1]
On_MSG_OPTION_SCAMERA_CONTRL
                        0x00000f5c   0xaec  Code  Gb  User_on_msg.o [1]
On_MSG_OPTION_SCAMERA_VAL
                        0x00001a48     0x8  Code  Gb  User_on_msg.o [1]
On_MSG_OPTION_SELECT_SCAMERA
                        0x0000300c   0x1a4  Code  Gb  User_on_msg.o [1]
On_MSG_OPTION_SERVER_FILE_SEND
                        0x00001b7c   0x168  Code  Gb  User_on_msg.o [1]
On_MSG_OPTION_SEVER_ACK
                        0x00001ce4    0x8c  Code  Gb  User_on_msg.o [1]
On_MSG_OPTION_SOUND_SELECT
                        0x000038d0    0x14  Code  Gb  User_on_msg.o [1]
On_MSG_OPTION_SOUND_VOL
                        0x000038e4    0x40  Code  Gb  User_on_msg.o [1]
On_MSG_OPTION_STATUS_CHANGE
                        0x00001d70   0x188  Code  Gb  User_on_msg.o [1]
On_MSG_OPTION_STRATEGY_OFF
                        0x00000ef8    0x18  Code  Gb  User_on_msg.o [1]
On_MSG_OPTION_STRATEGY_ON
                        0x00000ee0    0x18  Code  Gb  User_on_msg.o [1]
On_MSG_OPTION_SVRLINK_REQ
                        0x00001ef8    0x50  Code  Gb  User_on_msg.o [1]
On_MSG_OPTION_TIMEACTIVE
                        0x00001f50   0x150  Code  Gb  User_on_msg.o [1]
On_MSG_OPTION_TYJ_DIS_VGA
                        0x00003cb0    0x10  Code  Gb  User_on_msg.o [1]
On_MSG_OPTION_VGA_SELECT
                        0x0000397c    0x58  Code  Gb  User_on_msg.o [1]
On_MSG_OPTION_VIDEO_SELECT
                        0x00003924    0x58  Code  Gb  User_on_msg.o [1]
On_MSG_OPTION_YY_Teather
                        0x00003c54    0x5c  Code  Gb  User_on_msg.o [1]
On_MSG_Power_OPTION     0x000021f8   0x178  Code  Gb  User_on_msg.o [1]
On_MSG_RepeatPower_OPTION
                        0x000020a4   0x154  Code  Gb  User_on_msg.o [1]
Option_init             0x0000844c    0x98  Code  Gb  User_option.o [1]
PHYID                   0x40006020     0x2  Data  Gb  Hardware_int.o [1]
PINInit                 0x00010cb0    0x50  Code  Gb  io.o [1]
PLL_Init                0x00014a38   0x10c  Code  Lc  target.o [1]
POWER_FLAG              0x40005ff8     0x4  Data  Gb  User_power.o [1]
POWER_FLAG_STATE        0x40005ffc     0x4  Data  Gb  User_power.o [1]
POWER_Set               0x0000a94c   0x128  Code  Gb  User_power.o [1]
POWER_init              0x0000a7d8    0xe8  Code  Gb  User_power.o [1]
POWER_msg_rev           0x0000b888    0x2c  Code  Gb  User_power.o [1]
PT2258Init              0x000054c0   0x198  Code  Gb  PT2258.o [1]
Power_Beep              0x0000b8b4    0xb4  Code  Gb  User_power.o [1]
Print_MSG_info          0x0000a490   0x218  Code  Gb  user_debug.o [1]
QXCOM                   0x40005444    0x28  Data  Gb  User_XCOM.o [1]
QXCOM0_Sbuf             0x4000546c    0x28  Data  Gb  User_XCOM.o [1]
QXCOM1_Sbuf             0x40005494    0x28  Data  Gb  User_XCOM.o [1]
QXCOM2_Sbuf             0x400054bc    0x28  Data  Gb  User_XCOM.o [1]
QXCOM3_Sbuf             0x400054e4    0x28  Data  Gb  User_XCOM.o [1]
QXCOM4_Sbuf             0x4000550c    0x28  Data  Gb  User_XCOM.o [1]
QXCOM5_Sbuf             0x40005534    0x28  Data  Gb  User_XCOM.o [1]
QXCOM_rev               0x40005440     0x4  Data  Gb  User_XCOM.o [1]
REC_ARP_REQ             0x0000bf80    0x88  Code  Gb  ARP.o [1]
RFIC_K103_Mode          0x0000c708   0x3e0  Code  Gb  User_DW.o [1]
RF_CARD_Check           0x0000cae8    0xdc  Code  Gb  User_DW.o [1]
RF_card_times           0x40005e80     0x4  Data  Lc  User_DW.o [1]
RTime                   0x4000595c     0x8  Data  Gb  RealTime.o [1]
RamToFlash              0x000080bc    0x44  Code  Gb  LP2368_FLASH.o [1]
Random                  0x00008334    0x54  Code  Gb  User_option.o [1]
Read_PHY                0x000173a4    0x54  Code  Gb  Hardware_int.o [1]
RealTime_Get            0x00011a9c    0x64  Code  Gb  RealTime.o [1]
RealTime_Get_Minute     0x00011b00    0x20  Code  Gb  RealTime.o [1]
RealTime_IRQ            0x00011b98   0x108  Code  Gb  RealTime.o [1]
RealTime_Set            0x00011d3c    0x5c  Code  Gb  RealTime.o [1]
RealTime_init           0x00011ca0    0x84  Code  Gb  RealTime.o [1]
Rec_Packet              0x0001765c    0x7c  Code  Gb  Hardware_int.o [1]
Region$$Table$$Base     0x0001ade0           --   Gb  - Linker created -
Region$$Table$$Limit    0x0001ae0c           --   Gb  - Linker created -
Reset                   0x00014754    0x10  Code  Gb  target.o [1]
Reset_BootLoader        0x00014850    0x14  Code  Gb  target.o [1]
Reset_boot              0x40006018     0x4  Data  Gb  target.o [1]
Rev                     0x40005fe4     0x8  Data  Gb  io.o [1]
Rtime_IRQFlag           0x00011b20    0x78  Code  Gb  RealTime.o [1]
Run_Send_Flag           0x000109d4     0xc  Code  Gb  User_Run.o [1]
SEL                     0x40000408     0x8  Data  Gb  PT2258.o [1]
SOUND_DEVICE_Mute       0x00004c28   0x1e0  Code  Gb  PT2258.o [1]
SPI_Init                0x00013768    0x1c  Code  Gb  SC16IS752.o [1]
SPI_read                0x000137a8    0x8c  Code  Gb  SC16IS752.o [1]
SPI_send                0x00013784    0x24  Code  Gb  SC16IS752.o [1]
SPI_write               0x00013834    0x90  Code  Gb  SC16IS752.o [1]
SPI_writeData           0x000138c4    0x84  Code  Gb  SC16IS752.o [1]
SVC_STACK$$Base         0x400067a8           --   Gb  - Linker created -
SVC_STACK$$Limit        0x400067c8           --   Gb  - Linker created -
SelSector               0x00008088    0x34  Code  Gb  LP2368_FLASH.o [1]
Send_Packet             0x00017530   0x11c  Code  Gb  Hardware_int.o [1]
Send_State              0x00002744    0x94  Code  Gb  User_on_msg.o [1]
SetAddress              0x0000e5a0    0x28  Code  Gb  PelcoD.o [1]
SetMacID                0x000174f8    0x38  Code  Gb  Hardware_int.o [1]
SetPowerDeltimemsg      0x0000aa74    0x54  Code  Gb  User_power.o [1]
SetPrepositionCmd       0x0000ed38    0x8c  Code  Gb  PelcoD.o [1]
SetVICIRQ               0x00014764    0x38  Code  Gb  target.o [1]
SoundVolumeControl      0x000045bc   0x66c  Code  Gb  PT2258.o [1]
Sound_Close             0x0000dc58   0x19c  Code  Gb  Use_Sound.o [1]
Sound_Contrl            0x40005da8    0x78  Data  Gb  Use_Sound.o [1]
Sound_Echo_Contrl       0x0000db2c    0x64  Code  Gb  Use_Sound.o [1]
Sound_Get_Play_No       0x0000ddf4    0xa8  Code  Gb  Use_Sound.o [1]
Sound_Input_Int         0x0000e09c   0x110  Code  Gb  Use_Sound.o [1]
Sound_Open              0x0000db90    0xc8  Code  Gb  Use_Sound.o [1]
Sound_Play_Int          0x0000dfc8    0xac  Code  Gb  Use_Sound.o [1]
Sound_Pointer_Scan      0x0000df44    0x84  Code  Gb  Use_Sound.o [1]
Sound_Save_PlayData     0x0000de9c    0xa8  Code  Gb  Use_Sound.o [1]
Sound_init              0x0000e1ac   0x13c  Code  Gb  Use_Sound.o [1]
SpiSendData             0x00004e08    0x80  Code  Gb  PT2258.o [1]
SpiSendData1            0x00004e88    0x74  Code  Gb  PT2258.o [1]
StopCmd                 0x0000ec50    0x58  Code  Gb  PelcoD.o [1]
StopFocus               0x0000eb9c    0x3c  Code  Gb  PelcoD.o [1]
StopPanTilt             0x0000ec14    0x3c  Code  Gb  PelcoD.o [1]
StopZoom                0x0000ebd8    0x3c  Code  Gb  PelcoD.o [1]
Str_Cmp                 0x00014630    0xd8  Code  Gb  lib_str.o [1]
Str_Len                 0x00014604    0x2c  Code  Gb  lib_str.o [1]
TASK_RUN                0x000109e0    0xc0  Code  Gb  User_Run.o [1]
TASK_RUN_stack          0x40003a7c   0x4b0  Data  Gb  main.o [1]
TASK_START              0x0001a6a4   0x340  Code  Gb  main.o [1]
TASK_START_stack        0x40002f8c   0x640  Data  Gb  main.o [1]
TASK_TABLE              0x40005a70    0xf4  Data  Gb  User_option.o [1]
TASK_UART               0x00010218    0xf4  Code  Gb  User_XCOM.o [1]
TASK_UART0Send          0x0000ff28    0x60  Code  Gb  User_XCOM.o [1]
TASK_UART0Send_stack    0x40003f2c   0x190  Data  Gb  main.o [1]
TASK_UART1Send          0x0000ff88    0x60  Code  Gb  User_XCOM.o [1]
TASK_UART1Send_stack    0x400040bc   0x190  Data  Gb  main.o [1]
TASK_UART2Send          0x0000ffe8    0x60  Code  Gb  User_XCOM.o [1]
TASK_UART2Send_stack    0x4000424c   0x190  Data  Gb  main.o [1]
TASK_UART3Send          0x00010048    0x60  Code  Gb  User_XCOM.o [1]
TASK_UART3Send_stack    0x400043dc   0x190  Data  Gb  main.o [1]
TASK_UART4Send          0x000100a8    0xbc  Code  Gb  User_XCOM.o [1]
TASK_UART4Send_stack    0x4000456c   0x190  Data  Gb  main.o [1]
TASK_UART5Send          0x00010164    0xb4  Code  Gb  User_XCOM.o [1]
TASK_UART5Send_stack    0x400046fc   0x2d0  Data  Gb  main.o [1]
TASK_UART_stack         0x400035cc   0x4b0  Data  Gb  main.o [1]
TB_REC_UnFreez          0x00012e98    0x78  Code  Gb  User_TB.o [1]
TB_ReadVer              0x00012d38    0x3c  Code  Gb  User_TB.o [1]
TB_Read_Csingle         0x00012d74    0x44  Code  Gb  User_TB.o [1]
TB_Read_state           0x00012db8    0x44  Code  Gb  User_TB.o [1]
TB_SelectAV             0x00012e48    0x48  Code  Gb  User_TB.o [1]
TB_SelectVGA            0x00012dfc    0x4c  Code  Gb  User_TB.o [1]
TB_SingleChage          0x00012d10    0x28  Code  Gb  User_TB.o [1]
TB_init                 0x00012f14   0x158  Code  Gb  User_TB.o [1]
TMS320AIC23_Reg_Write   0x0000e3e0    0x8c  Code  Gb  TMS320AIC23.o [1]
TMS320AIC23_Set_Vol     0x0000e46c    0xa4  Code  Gb  TMS320AIC23.o [1]
TMS320AIC23_init        0x0000e510    0x90  Code  Gb  TMS320AIC23.o [1]
TargetInit              0x00014810    0x40  Code  Gb  target.o [1]
TargetResetInit         0x00014b44    0x3c  Code  Gb  target.o [1]
Task_Rec_Del            0x00009204    0xd4  Code  Gb  User_option.o [1]
Task_Rec_Find           0x000092d8    0x84  Code  Gb  User_option.o [1]
Task_Run_Delay          0x00009368    0xf4  Code  Gb  User_option.o [1]
Timer2Init              0x000147b0    0x60  Code  Gb  target.o [1]
Timer2_Exception        0x0001479c    0x14  Code  Gb  target.o [1]
Timer3Init              0x00010e24    0x48  Code  Gb  io.o [1]
Timer3_Exception        0x00010e6c    0x38  Code  Gb  io.o [1]
TurnDownCmd             0x0000e7a0    0x90  Code  Gb  PelcoD.o [1]
TurnLeftCmd             0x0000e688    0x8c  Code  Gb  PelcoD.o [1]
TurnLeftDownCmd         0x0000e9f8    0x8c  Code  Gb  PelcoD.o [1]
TurnLeftUpCmd           0x0000e970    0x88  Code  Gb  PelcoD.o [1]
TurnRightCmd            0x0000e5fc    0x8c  Code  Gb  PelcoD.o [1]
TurnRightDownCmd        0x0000eb10    0x8c  Code  Gb  PelcoD.o [1]
TurnRightUpCmd          0x0000ea84    0x8c  Code  Gb  PelcoD.o [1]
TurnUpCmd               0x0000e714    0x8c  Code  Gb  PelcoD.o [1]
UART0_Exception         0x0001657c    0x4c  Code  Gb  uart.o [1]
UART1_Exception         0x000165c8    0x4c  Code  Gb  uart.o [1]
UART2_Exception         0x00016614    0x4c  Code  Gb  uart.o [1]
UART3_Exception         0x00016660    0x4c  Code  Gb  uart.o [1]
UART_REV                0x000161d4   0x27c  Code  Gb  uart.o [1]
UART_Send_Data          0x000159a8   0x5b0  Code  Gb  uart.o [1]
UART_Write              0x0000fe6c    0xbc  Code  Gb  User_XCOM.o [1]
UART_init               0x000166ac    0x70  Code  Gb  uart.o [1]
UART_printf             0x0000a1d4    0x80  Code  Gb  user_debug.o [1]
UART_set_bps            0x00015854   0x154  Code  Gb  uart.o [1]
UDP_ReceivePacket       0x00014e28   0x1ac  Code  Gb  Udp.o [1]
UDP_Send_ACK            0x0000c3ec    0xb0  Code  Gb  User_udp.o [1]
UDP_Send_CMD            0x0000c20c   0x1e0  Code  Gb  User_udp.o [1]
UDP_msg_rev             0x0000c49c    0xd4  Code  Gb  User_udp.o [1]
UND_STACK$$Base         0x400067d8           --   Gb  - Linker created -
UND_STACK$$Limit        0x400067e8           --   Gb  - Linker created -
Udp_SendPacked          0x00014fd8   0x108  Code  Gb  Udp.o [1]
User_ID_Read            0x00008754   0x174  Code  Gb  User_option.o [1]
User_Option             0x00009520   0x938  Code  Gb  User_option.o [1]
User_mem_allco          0x00011698    0x90  Code  Gb  user_mem.o [1]
User_mem_free           0x00011728    0x94  Code  Gb  user_mem.o [1]
User_mem_init           0x00011650    0x48  Code  Gb  user_mem.o [1]
VGACD22M3494Reset       0x00012404    0xf8  Code  Gb  CD22M3494.o [1]
VGA_BUF                 0x40005fcc     0xc  Data  Gb  CD22M3494.o [1]
VGA_Select              0x00012540   0x564  Code  Gb  CD22M3494.o [1]
VIC_Init                0x00014708    0x4c  Code  Gb  target.o [1]
ViscaCount              0x40006022     0x1  Data  Lc  User_on_msg.o [1]
Write_PHY               0x00017360    0x44  Code  Gb  Hardware_int.o [1]
XCOM_DEV_Read           0x00015fd4   0x1cc  Code  Gb  uart.o [1]
XCOM_DW                 0x0000f46c    0x90  Code  Gb  User_XCOM.o [1]
XCOM_Data_Read          0x0000f168    0xd0  Code  Gb  User_XCOM.o [1]
XCOM_Data_send          0x0000f014   0x154  Code  Gb  User_XCOM.o [1]
XCOM_ICREADER           0x0000fde0     0x4  Code  Gb  User_XCOM.o [1]
XCOM_MB                 0x0000f4fc    0xc0  Code  Gb  User_XCOM.o [1]
XCOM_PORT               0x40005264   0x1dc  Data  Gb  User_XCOM.o [1]
XCOM_Q_Send             0x0000fde4    0x84  Code  Gb  User_XCOM.o [1]
XCOM_SCAMERA            0x0000f5bc   0x404  Code  Gb  User_XCOM.o [1]
XCOM_SCAMERA1           0x0000f9c0   0x420  Code  Gb  User_XCOM.o [1]
XCOM_Send_ACK           0x0000f404    0x68  Code  Gb  User_XCOM.o [1]
XCOM_Wait_Ack           0x0000ef3c    0x3c  Code  Gb  User_XCOM.o [1]
XCOM_init               0x0000f284   0x180  Code  Gb  User_XCOM.o [1]
Xcom_set                0x0000f238    0x4c  Code  Gb  User_XCOM.o [1]
Xcom_sum                0x0000ef78    0x3c  Code  Gb  User_XCOM.o [1]
ZoomInCmd               0x0000e830    0xa0  Code  Gb  PelcoD.o [1]
ZoomOutCmd              0x0000e8d0    0xa0  Code  Gb  PelcoD.o [1]
_GenldFull              0x00018e10   0x3f0  Code  Lc  xprintffull.o [3]
_K103_sum_check         0x0000c65c    0x34  Code  Lc  User_DW.o [1]
_LdtobFull              0x000186a0   0x764  Code  Lc  xprintffull.o [3]
_LitobFull              0x0001850c   0x194  Code  Lc  xprintffull.o [3]
_PrintfFull             0x00017c38   0x8d4  Code  Gb  xprintffull.o [3]
_PutcharsFull           0x00019200    0x60  Code  Lc  xprintffull.o [3]
_SProut                 0x0001ae0c    0x14  Code  Gb  xsprout.o [3]
__aeabi_cdcmple         0x000199a0          Code  Gb  DblCmpLe.o [4]
__aeabi_cdrcmple        0x000199d8          Code  Gb  DblCmpGe.o [4]
__aeabi_d2iz            0x00019bdc          Code  Gb  DblToS32.o [4]
__aeabi_d2uiz           0x0001a3bc          Code  Gb  DblToU32.o [4]
__aeabi_ddiv            0x0001a084          Code  Gb  DblDiv.o [4]
__aeabi_dmul            0x00019e8c          Code  Gb  DblMul.o [4]
__aeabi_dsub            0x00019c9c          Code  Gb  DblSub.o [4]
__aeabi_i2d             0x00019c3c          Code  Gb  S32ToDbl.o [4]
__aeabi_idiv            0x000130b8          Code  Gb  I32DivMod.o [5]
__aeabi_idiv0           0x000172c4          Code  Gb  IntDivZer.o [5]
__aeabi_idivmod         0x000130b8          Code  Gb  I32DivMod.o [5]
__aeabi_ldiv0           0x0001a440          Code  Gb  I64DivZer.o [5]
__aeabi_memclr4         0x000130b0          Code  Gb  ABImemclr4.o [5]
__aeabi_memcpy          0x00013af0          Code  Gb  ABImemcpy.o [5]
__aeabi_memcpy4         0x00013b14          Code  Gb  ABImemcpy.o [5]
__aeabi_memcpy8         0x00013b14          Code  Gb  ABImemcpy.o [5]
__aeabi_memset          0x000154a0          Code  Gb  ABImemset.o [5]
__aeabi_ui2d            0x0001a3f8          Code  Gb  U32ToDbl.o [4]
__aeabi_uidiv           0x000130e8          Code  Gb  I32DivMod.o [5]
__aeabi_uidivmod        0x000130e8          Code  Gb  I32DivMod.o [5]
__aeabi_uldivmod        0x00019850          Code  Gb  I64DivMod.o [5]
__cmain                 0x0001ad80          Code  Gb  cmain.o [5]
__exit                  0x0001adb0    0x20  Code  Gb  exit.o [6]
__iar_Dnorm             0x00019924    0x7c  Code  Gb  xdnorm.o [4]
__iar_Dscale            0x00019a10   0x1cc  Code  Gb  xdscale.o [4]
__iar_Memchr            0x000197bc          Code  Gb  memchr.o [5]
__iar_Memset            0x000154a0          Code  Gb  ABImemset.o [5]
__iar_Memset4_word      0x00017288          Code  Gb  ABImemset48.o [5]
__iar_Memset8_word      0x00017288          Code  Gb  ABImemset48.o [5]
__iar_Memset_word       0x000154ac          Code  Gb  ABImemset.o [5]
__iar_SB                0x0001aeb8          Data  Gb  bwt_init3c.o [5]
__iar_Strchr            0x0001979c          Code  Gb  strchr.o [5]
__iar_dadd              0x0001a444          Code  Gb  DblAdd.o [4]
__iar_data_init3        0x0001ad04    0x54  Code  Gb  data_init3.o [5]
__iar_default_requirements$$_Printf<unknown>vsprintf {Abs}
                        0x00000000           --   Gb  vsprintf.o [3]
__iar_dsub              0x00019cac          Code  Gb  DblSub.o [4]
__iar_dsubStart         0x00019ccc          Code  Gb  DblSub.o [4]
__iar_i2d               0x00019c50          Code  Gb  S32ToDbl.o [4]
__iar_packbits_init3    0x0001abc9    0xb4  Code  Gb  packbits_init3.o [5]
__iar_program_start     0x0001ac7c          Code  Gb  cstartup.o [1]
__iar_provide$$_Printf<flags,floats,hex_floats,int_specials,long_longs,n_formatters,qualifiers,widths>_PrintfFull {Abs}
                        0x00000000           --   Gb  xprintffull.o [3]
__iar_return_from_swi   0x0001ae4c     0x4  Code  Gb  xreturnswi.o [6]
__iar_zero_init3        0x0001ad59    0x28  Code  Gb  zero_init3.o [5]
__low_level_init        0x0001ada4     0x8  Code  Gb  low_level_init.o [3]
__mem256                0x4000041c  0x1400  Data  Gb  user_mem.o [1]
__mem512                0x4000181c  0x1770  Data  Gb  user_mem.o [1]
__pm256                 0x40000414     0x4  Data  Gb  user_mem.o [1]
__pm512                 0x40000418     0x4  Data  Gb  user_mem.o [1]
__vector                0x00000000          Code  Gb  cstartup.o [1]
_call_main              0x0001ad90          Code  Gb  cmain.o [5]
_exit                   0x0001add0          Code  Gb  cexit.o [5]
_ic_find_syn            0x0000c690    0x78  Code  Lc  User_DW.o [1]
_main                   0x0001ad98          Code  Gb  cmain.o [5]
aic23_delay             0x0000e3bc    0x24  Code  Gb  TMS320AIC23.o [1]
baktime                 0x40005964     0x8  Data  Gb  RealTime.o [1]
buf                     0x40005fec     0x4  Data  Gb  io.o [1]
def_classname           0x00009fac    0x10  Data  Gb  User_option.o [1]
def_gateip              0x00009fe4     0x4  Data  Gb  User_option.o [1]
def_housename           0x00009fd0     0xc  Data  Gb  User_option.o [1]
def_ip                  0x00009fdc     0x4  Data  Gb  User_option.o [1]
def_mark                0x00009fe0     0x4  Data  Gb  User_option.o [1]
def_schoolname          0x00009fbc    0x14  Data  Gb  User_option.o [1]
div                     0x0001a408    0x38  Code  Gb  div.o [3]
exit                    0x0001adac     0x4  Code  Gb  exit.o [3]
gClassT                 0x4000596c   0x104  Data  Gb  RealTime.o [1]
gDCS                    0x400000c4     0x4  Data  Gb  User_option.o [1]
gDeviceStatus           0x40000040    0x48  Data  Gb  User_option.o [1]
gDeviceTable            0x40000088    0x38  Data  Gb  User_option.o [1]
gLMT_Power              0x40005f98     0x8  Data  Gb  User_Run.o [1]
gPC_power               0x40005fa0     0x8  Data  Gb  User_Run.o [1]
gRF                     0x40005e20    0x1c  Data  Gb  User_DW.o [1]
gRFIC                   0x40005e3c    0x44  Data  Gb  User_DW.o [1]
gSYS_Fcclk              0x40006000     0x4  Data  Gb  target.o [1]
gSYS_Fpclk              0x40006004     0x4  Data  Gb  target.o [1]
gStat_Rec               0x40000124   0x14c  Data  Gb  User_option.o [1]
gTB_State               0x40005fd8     0xc  Data  Gb  User_TB.o [1]
gTB_VGAChage            0x000130a0     0x8  Data  Gb  User_TB.o [1]
gTB_VideoChage          0x000130a8     0x8  Data  Gb  User_TB.o [1]
gYXJ                    0x40005e84     0x4  Data  Gb  User_DW.o [1]
key_init                0x00005be0   0x2d4  Code  Gb  Use_key.o [1]
key_msg_rev             0x000079bc    0xa4  Code  Gb  Use_key.o [1]
main                    0x0001a574   0x130  Code  Gb  main.o [1]
memchr                  0x000197bc          Code  Gb  memchr.o [5]
memcpy                  0x00008184    0x18  Code  Gb  user_debug.o [1]
memset                  0x0000db04    0x28  Code  Gb  user_debug.o [1]
mic_play_add            0x0000e074    0x28  Code  Gb  Use_Sound.o [1]
on_MSG_OPTION_IP_HPVol  0x000009dc    0x2c  Code  Gb  User_on_msg.o [1]
on_MSG_OPTION_IP_MICVol
                        0x000009b0    0x2c  Code  Gb  User_on_msg.o [1]
on_MSG_OPTION_TB_ReqStatus
                        0x00003f44    0x14  Code  Gb  User_on_msg.o [1]
pDGB_XCOM               0x4000601c     0x4  Data  Gb  user_debug.o [1]
pPelcodData             0x40005f90     0x8  Data  Gb  PelcoD.o [1]
pViscaData              0x40005f84     0xc  Data  Gb  PelcoD.o [1]
paramin                 0x40005ed0    0x20  Data  Gb  LP2368_FLASH.o [1]
paramout                0x40005ef4    0x20  Data  Gb  LP2368_FLASH.o [1]
power_ostr              0x0000ba5c    0x20  Data  Gb  User_power.o [1]
power_str               0x0000ba7c    0x84  Data  Gb  User_power.o [1]
set_IS752_bps           0x00013a04    0xec  Code  Gb  SC16IS752.o [1]
strchr                  0x0001979c          Code  Gb  strchr.o [5]
strcpy                  0x00013f30          Code  Gb  strcpy.o [5]
strlen                  0x0001512c          Code  Gb  strlen.o [5]
sum_check               0x000161a0    0x34  Code  Gb  uart.o [1]
swap_int16              0x000178a8    0x14  Code  Gb  Hardware_int.o [1]
tyjcounterFlagOFF       0x4000600b     0x1  Data  Gb  io.o [1]
tyjcounterFlagON        0x4000600a     0x1  Data  Gb  io.o [1]
tyjcounterOFF           0x40006009     0x1  Data  Gb  io.o [1]
tyjcounterON            0x40006008     0x1  Data  Gb  io.o [1]
uart_Debug_init         0x0000a150    0x5c  Code  Gb  user_debug.o [1]
vsprintf                0x000150e0    0x4c  Code  Gb  vsprintf.o [3]


[1] = E:\ABLE\YTJ\程序\一体机V3.05（标准)\bp\EvalBoards\NXP\MCB2300\IAR\LSZHV20\Debug\Obj
[2] = command line
[3] = dl4t_aln.a
[4] = m4t_al.a
[5] = rt4t_al.a
[6] = shs_l.a

  109 810 bytes of readonly  code memory
      488 bytes of readonly  data memory
   26 531 bytes of readwrite data memory

Errors: none
Warnings: none
